[INFO] Scanning for projects...
[INFO] 
[INFO] ---------------------------< com.iot:aforo >----------------------------
[INFO] Building aforo 0.0.1-SNAPSHOT
[INFO]   from pom.xml
[INFO] --------------------------------[ jar ]---------------------------------
[INFO] 
[INFO] --- resources:3.3.1:resources (default-resources) @ aforo ---
[INFO] Copying 1 resource from src\main\resources to target\classes
[INFO] Copying 3 resources from src\main\resources to target\classes
[INFO] 
[INFO] --- compiler:3.14.1:compile (default-compile) @ aforo ---
[INFO] Nothing to compile - all classes are up to date.
[INFO] 
[INFO] --- resources:3.3.1:testResources (default-testResources) @ aforo ---
[INFO] skip non existing resourceDirectory C:\Users\ronyc\Desktop\inv\aforo-lot-2.0\src\test\resources
[INFO] 
[INFO] --- compiler:3.14.1:testCompile (default-testCompile) @ aforo ---
[INFO] Nothing to compile - all classes are up to date.
[INFO] 
[INFO] --- surefire:3.5.5:test (default-test) @ aforo ---
[INFO] Using auto detected provider org.apache.maven.surefire.junitplatform.JUnitPlatformProvider
[INFO] 
[INFO] -------------------------------------------------------
[INFO]  T E S T S
[INFO] -------------------------------------------------------
[INFO] Running com.iot.aforo.AforoApplicationTests
11:21:30.871 [main] INFO org.springframework.test.context.support.AnnotationConfigContextLoaderUtils -- Could not detect default configuration classes for test class [com.iot.aforo.AforoApplicationTests]: AforoApplicationTests does not declare any static, non-private, non-final, nested classes annotated with @Configuration.
11:21:31.031 [main] INFO org.springframework.boot.test.context.SpringBootTestContextBootstrapper -- Found @SpringBootConfiguration com.iot.aforo.AforoApplication for test class com.iot.aforo.AforoApplicationTests
11:21:31.156 [main] INFO org.springframework.test.context.support.AnnotationConfigContextLoaderUtils -- Could not detect default configuration classes for test class [com.iot.aforo.AforoApplicationTests]: AforoApplicationTests does not declare any static, non-private, non-final, nested classes annotated with @Configuration.
11:21:31.157 [main] INFO org.springframework.boot.test.context.SpringBootTestContextBootstrapper -- Found @SpringBootConfiguration com.iot.aforo.AforoApplication for test class com.iot.aforo.AforoApplicationTests

  .   ____          _            __ _ _
 /\\ / ___'_ __ _ _(_)_ __  __ _ \ \ \ \
( ( )\___ | '_ | '_| | '_ \/ _` | \ \ \ \
 \\/  ___)| |_)| | | | | || (_| |  ) ) ) )
  '  |____| .__|_| |_|_| |_\__, | / / / /
 =========|_|==============|___/=/_/_/_/

 :: Spring Boot ::                (v4.0.6)

2026-06-11T11:21:31.574-05:00  INFO 95372 --- [aforo] [           main] com.iot.aforo.AforoApplicationTests      : Starting AforoApplicationTests using Java 25.0.2 with PID 95372 (started by ronyc in C:\Users\ronyc\Desktop\inv\aforo-lot-2.0)
2026-06-11T11:21:31.578-05:00  INFO 95372 --- [aforo] [           main] com.iot.aforo.AforoApplicationTests      : No active profile set, falling back to 1 default profile: "default"
2026-06-11T11:21:32.502-05:00  INFO 95372 --- [aforo] [           main] .s.d.r.c.RepositoryConfigurationDelegate : Bootstrapping Spring Data JPA repositories in DEFAULT mode.
2026-06-11T11:21:32.591-05:00  INFO 95372 --- [aforo] [           main] .s.d.r.c.RepositoryConfigurationDelegate : Finished Spring Data repository scanning in 75 ms. Found 5 JPA repository interfaces.
2026-06-11T11:21:33.053-05:00  INFO 95372 --- [aforo] [           main] org.hibernate.orm.jpa                    : HHH008540: Processing PersistenceUnitInfo [name: default]
2026-06-11T11:21:33.112-05:00  INFO 95372 --- [aforo] [           main] org.hibernate.orm.core                   : HHH000001: Hibernate ORM core version 7.2.12.Final
2026-06-11T11:21:33.749-05:00  INFO 95372 --- [aforo] [           main] o.s.o.j.p.SpringPersistenceUnitInfo      : No LoadTimeWeaver setup: ignoring JPA class transformer
2026-06-11T11:21:33.787-05:00  INFO 95372 --- [aforo] [           main] com.zaxxer.hikari.HikariDataSource       : HikariPool-1 - Starting...
2026-06-11T11:21:34.032-05:00  INFO 95372 --- [aforo] [           main] com.zaxxer.hikari.pool.HikariPool        : HikariPool-1 - Added connection conn0: url=jdbc:h2:mem:aforodb user=SA
2026-06-11T11:21:34.036-05:00  INFO 95372 --- [aforo] [           main] com.zaxxer.hikari.HikariDataSource       : HikariPool-1 - Start completed.
2026-06-11T11:21:34.079-05:00  WARN 95372 --- [aforo] [           main] org.hibernate.orm.deprecation            : HHH90000025: H2Dialect does not need to be specified explicitly using 'hibernate.dialect' (remove the property setting and it will be selected by default)
2026-06-11T11:21:34.115-05:00  INFO 95372 --- [aforo] [           main] org.hibernate.orm.connections.pooling    : HHH10001005: Database info:
	Database JDBC URL [jdbc:h2:mem:aforodb]
	Database driver: H2 JDBC Driver
	Database dialect: H2Dialect
	Database version: 2.4.240
	Default catalog/schema: AFORODB/PUBLIC
	Autocommit mode: undefined/unknown
	Isolation level: READ_COMMITTED [default READ_COMMITTED]
	JDBC fetch size: 100
	Pool: DataSourceConnectionProvider
	Minimum pool size: undefined/unknown
	Maximum pool size: undefined/unknown
2026-06-11T11:21:35.106-05:00  INFO 95372 --- [aforo] [           main] org.hibernate.orm.core                   : HHH000489: No JTA platform available (set 'hibernate.transaction.jta.platform' to enable JTA platform integration)
Hibernate: create table aforo_registros (id bigint generated by default as identity, business_id bigint, fecha_hora timestamp(6), tipo enum ('ENTRADA','SALIDA'), primary key (id))
Hibernate: create table alertas_aforo (id bigint generated by default as identity, business_id bigint, fecha_hora timestamp(6), leida boolean not null, mensaje varchar(255), primary key (id))
Hibernate: create table alerts (id bigint generated by default as identity, business_id bigint, message varchar(255), resolved boolean not null, timestamp timestamp(6), primary key (id))
Hibernate: create table businesses (id bigint generated by default as identity, category varchar(255), current_count integer not null, location varchar(255), max_capacity integer not null, min_capacity_profit integer not null, name varchar(255), total_entries_today integer not null, total_exits_today integer not null, primary key (id))
Hibernate: create table users (id bigint generated by default as identity, business_id bigint, min_capacity_people integer not null, password varchar(255), role varchar(255), username varchar(255), primary key (id))
2026-06-11T11:21:35.196-05:00  INFO 95372 --- [aforo] [           main] j.LocalContainerEntityManagerFactoryBean : Initialized JPA EntityManagerFactory for persistence unit 'default'
2026-06-11T11:21:35.293-05:00  INFO 95372 --- [aforo] [           main] o.s.d.j.r.query.QueryEnhancerFactories   : Hibernate is in classpath; If applicable, HQL parser will be used.
2026-06-11T11:21:36.365-05:00  INFO 95372 --- [aforo] [           main] c.i.a.service.ArduinoListenerService     : Listener serial Arduino deshabilitado por configuración (arduino.enabled=false). El simulador web seguirá funcionando.
2026-06-11T11:21:36.442-05:00  WARN 95372 --- [aforo] [           main] JpaBaseConfiguration$JpaWebConfiguration : spring.jpa.open-in-view is enabled by default. Therefore, database queries may be performed during view rendering. Explicitly configure spring.jpa.open-in-view to disable this warning
2026-06-11T11:21:36.469-05:00  INFO 95372 --- [aforo] [           main] o.s.b.w.a.WelcomePageHandlerMapping      : Adding welcome page: class path resource [static/index.html]
2026-06-11T11:21:36.907-05:00  INFO 95372 --- [aforo] [           main] o.s.b.h.a.H2ConsoleAutoConfiguration     : H2 console available at '/h2-console'. Database available at 'jdbc:h2:mem:aforodb'
2026-06-11T11:21:37.003-05:00  INFO 95372 --- [aforo] [           main] com.iot.aforo.AforoApplicationTests      : Started AforoApplicationTests in 5.764 seconds (process running for 7.155)
Hibernate: select u1_0.id,u1_0.business_id,u1_0.min_capacity_people,u1_0.password,u1_0.role,u1_0.username from users u1_0 where u1_0.username=?
Hibernate: insert into users (business_id,min_capacity_people,password,role,username,id) values (?,?,?,?,?,default)
>>> Sembrador: Cuenta Maestra MASTER_ADMIN creada (aleyto)
Hibernate: select b1_0.id,b1_0.category,b1_0.current_count,b1_0.location,b1_0.max_capacity,b1_0.min_capacity_profit,b1_0.name,b1_0.total_entries_today,b1_0.total_exits_today from businesses b1_0 where b1_0.id=?
Hibernate: insert into businesses (category,current_count,location,max_capacity,min_capacity_profit,name,total_entries_today,total_exits_today,id) values (?,?,?,?,?,?,?,?,default)
Hibernate: select u1_0.id,u1_0.business_id,u1_0.min_capacity_people,u1_0.password,u1_0.role,u1_0.username from users u1_0 where u1_0.username=?
Hibernate: insert into users (business_id,min_capacity_people,password,role,username,id) values (?,?,?,?,?,default)
>>> Sembrador: Dueño de negocio creado por defecto (owner / owner123)
Hibernate: select count(*) from aforo_registros ar1_0
Hibernate: insert into aforo_registros (business_id,fecha_hora,tipo,id) values (?,?,?,default)
Hibernate: insert into aforo_registros (business_id,fecha_hora,tipo,id) values (?,?,?,default)
Hibernate: insert into aforo_registros (business_id,fecha_hora,tipo,id) values (?,?,?,default)
Hibernate: insert into aforo_registros (business_id,fecha_hora,tipo,id) values (?,?,?,default)
Hibernate: insert into aforo_registros (business_id,fecha_hora,tipo,id) values (?,?,?,default)
Hibernate: insert into aforo_registros (business_id,fecha_hora,tipo,id) values (?,?,?,default)
Hibernate: insert into aforo_registros (business_id,fecha_hora,tipo,id) values (?,?,?,default)
Hibernate: insert into aforo_registros (business_id,fecha_hora,tipo,id) values (?,?,?,default)
Hibernate: insert into aforo_registros (business_id,fecha_hora,tipo,id) values (?,?,?,default)
Hibernate: insert into aforo_registros (business_id,fecha_hora,tipo,id) values (?,?,?,default)
Hibernate: insert into aforo_registros (business_id,fecha_hora,tipo,id) values (?,?,?,default)
Hibernate: insert into aforo_registros (business_id,fecha_hora,tipo,id) values (?,?,?,default)
Hibernate: insert into aforo_registros (business_id,fecha_hora,tipo,id) values (?,?,?,default)
Hibernate: insert into aforo_registros (business_id,fecha_hora,tipo,id) values (?,?,?,default)
Hibernate: insert into aforo_registros (business_id,fecha_hora,tipo,id) values (?,?,?,default)
Hibernate: insert into aforo_registros (business_id,fecha_hora,tipo,id) values (?,?,?,default)
Hibernate: insert into aforo_registros (business_id,fecha_hora,tipo,id) values (?,?,?,default)
Hibernate: insert into aforo_registros (business_id,fecha_hora,tipo,id) values (?,?,?,default)
Hibernate: insert into aforo_registros (business_id,fecha_hora,tipo,id) values (?,?,?,default)
Hibernate: insert into aforo_registros (business_id,fecha_hora,tipo,id) values (?,?,?,default)
Hibernate: insert into aforo_registros (business_id,fecha_hora,tipo,id) values (?,?,?,default)
Hibernate: insert into aforo_registros (business_id,fecha_hora,tipo,id) values (?,?,?,default)
Hibernate: insert into aforo_registros (business_id,fecha_hora,tipo,id) values (?,?,?,default)
Hibernate: insert into aforo_registros (business_id,fecha_hora,tipo,id) values (?,?,?,default)
Hibernate: insert into aforo_registros (business_id,fecha_hora,tipo,id) values (?,?,?,default)
Hibernate: insert into aforo_registros (business_id,fecha_hora,tipo,id) values (?,?,?,default)
Hibernate: insert into aforo_registros (business_id,fecha_hora,tipo,id) values (?,?,?,default)
Hibernate: insert into aforo_registros (business_id,fecha_hora,tipo,id) values (?,?,?,default)
Hibernate: insert into aforo_registros (business_id,fecha_hora,tipo,id) values (?,?,?,default)
Hibernate: insert into aforo_registros (business_id,fecha_hora,tipo,id) values (?,?,?,default)
Hibernate: insert into aforo_registros (business_id,fecha_hora,tipo,id) values (?,?,?,default)
Hibernate: insert into aforo_registros (business_id,fecha_hora,tipo,id) values (?,?,?,default)
Hibernate: insert into aforo_registros (business_id,fecha_hora,tipo,id) values (?,?,?,default)
Hibernate: insert into aforo_registros (business_id,fecha_hora,tipo,id) values (?,?,?,default)
Hibernate: insert into aforo_registros (business_id,fecha_hora,tipo,id) values (?,?,?,default)
Hibernate: insert into aforo_registros (business_id,fecha_hora,tipo,id) values (?,?,?,default)
Hibernate: insert into aforo_registros (business_id,fecha_hora,tipo,id) values (?,?,?,default)
Hibernate: insert into aforo_registros (business_id,fecha_hora,tipo,id) values (?,?,?,default)
Hibernate: insert into aforo_registros (business_id,fecha_hora,tipo,id) values (?,?,?,default)
Hibernate: insert into aforo_registros (business_id,fecha_hora,tipo,id) values (?,?,?,default)
Hibernate: insert into aforo_registros (business_id,fecha_hora,tipo,id) values (?,?,?,default)
Hibernate: insert into aforo_registros (business_id,fecha_hora,tipo,id) values (?,?,?,default)
Hibernate: insert into aforo_registros (business_id,fecha_hora,tipo,id) values (?,?,?,default)
Hibernate: insert into aforo_registros (business_id,fecha_hora,tipo,id) values (?,?,?,default)
Hibernate: insert into aforo_registros (business_id,fecha_hora,tipo,id) values (?,?,?,default)
Hibernate: insert into aforo_registros (business_id,fecha_hora,tipo,id) values (?,?,?,default)
Hibernate: insert into aforo_registros (business_id,fecha_hora,tipo,id) values (?,?,?,default)
Hibernate: insert into aforo_registros (business_id,fecha_hora,tipo,id) values (?,?,?,default)
Hibernate: insert into aforo_registros (business_id,fecha_hora,tipo,id) values (?,?,?,default)
Hibernate: insert into aforo_registros (business_id,fecha_hora,tipo,id) values (?,?,?,default)
Hibernate: insert into aforo_registros (business_id,fecha_hora,tipo,id) values (?,?,?,default)
Hibernate: insert into aforo_registros (business_id,fecha_hora,tipo,id) values (?,?,?,default)
Hibernate: insert into aforo_registros (business_id,fecha_hora,tipo,id) values (?,?,?,default)
Hibernate: insert into aforo_registros (business_id,fecha_hora,tipo,id) values (?,?,?,default)
Hibernate: insert into aforo_registros (business_id,fecha_hora,tipo,id) values (?,?,?,default)
Hibernate: insert into aforo_registros (business_id,fecha_hora,tipo,id) values (?,?,?,default)
Hibernate: insert into aforo_registros (business_id,fecha_hora,tipo,id) values (?,?,?,default)
Hibernate: insert into aforo_registros (business_id,fecha_hora,tipo,id) values (?,?,?,default)
Hibernate: insert into aforo_registros (business_id,fecha_hora,tipo,id) values (?,?,?,default)
Hibernate: insert into aforo_registros (business_id,fecha_hora,tipo,id) values (?,?,?,default)
Hibernate: insert into aforo_registros (business_id,fecha_hora,tipo,id) values (?,?,?,default)
Hibernate: insert into aforo_registros (business_id,fecha_hora,tipo,id) values (?,?,?,default)
Hibernate: insert into aforo_registros (business_id,fecha_hora,tipo,id) values (?,?,?,default)
Hibernate: insert into aforo_registros (business_id,fecha_hora,tipo,id) values (?,?,?,default)
Hibernate: insert into aforo_registros (business_id,fecha_hora,tipo,id) values (?,?,?,default)
Hibernate: insert into aforo_registros (business_id,fecha_hora,tipo,id) values (?,?,?,default)
Hibernate: insert into aforo_registros (business_id,fecha_hora,tipo,id) values (?,?,?,default)
Hibernate: insert into aforo_registros (business_id,fecha_hora,tipo,id) values (?,?,?,default)
Hibernate: insert into aforo_registros (business_id,fecha_hora,tipo,id) values (?,?,?,default)
Hibernate: insert into aforo_registros (business_id,fecha_hora,tipo,id) values (?,?,?,default)
Hibernate: insert into aforo_registros (business_id,fecha_hora,tipo,id) values (?,?,?,default)
Hibernate: insert into aforo_registros (business_id,fecha_hora,tipo,id) values (?,?,?,default)
Hibernate: insert into aforo_registros (business_id,fecha_hora,tipo,id) values (?,?,?,default)
Hibernate: insert into aforo_registros (business_id,fecha_hora,tipo,id) values (?,?,?,default)
Hibernate: insert into aforo_registros (business_id,fecha_hora,tipo,id) values (?,?,?,default)
Hibernate: insert into aforo_registros (business_id,fecha_hora,tipo,id) values (?,?,?,default)
Hibernate: insert into aforo_registros (business_id,fecha_hora,tipo,id) values (?,?,?,default)
Hibernate: insert into aforo_registros (business_id,fecha_hora,tipo,id) values (?,?,?,default)
Hibernate: insert into aforo_registros (business_id,fecha_hora,tipo,id) values (?,?,?,default)
Hibernate: insert into aforo_registros (business_id,fecha_hora,tipo,id) values (?,?,?,default)
Hibernate: insert into aforo_registros (business_id,fecha_hora,tipo,id) values (?,?,?,default)
Hibernate: insert into aforo_registros (business_id,fecha_hora,tipo,id) values (?,?,?,default)
Hibernate: insert into aforo_registros (business_id,fecha_hora,tipo,id) values (?,?,?,default)
Hibernate: insert into aforo_registros (business_id,fecha_hora,tipo,id) values (?,?,?,default)
Hibernate: insert into aforo_registros (business_id,fecha_hora,tipo,id) values (?,?,?,default)
Hibernate: insert into aforo_registros (business_id,fecha_hora,tipo,id) values (?,?,?,default)
Hibernate: insert into aforo_registros (business_id,fecha_hora,tipo,id) values (?,?,?,default)
Hibernate: insert into aforo_registros (business_id,fecha_hora,tipo,id) values (?,?,?,default)
Hibernate: insert into aforo_registros (business_id,fecha_hora,tipo,id) values (?,?,?,default)
Hibernate: insert into aforo_registros (business_id,fecha_hora,tipo,id) values (?,?,?,default)
Hibernate: insert into aforo_registros (business_id,fecha_hora,tipo,id) values (?,?,?,default)
Hibernate: insert into aforo_registros (business_id,fecha_hora,tipo,id) values (?,?,?,default)
Hibernate: insert into aforo_registros (business_id,fecha_hora,tipo,id) values (?,?,?,default)
Hibernate: insert into aforo_registros (business_id,fecha_hora,tipo,id) values (?,?,?,default)
Hibernate: insert into aforo_registros (business_id,fecha_hora,tipo,id) values (?,?,?,default)
Hibernate: insert into aforo_registros (business_id,fecha_hora,tipo,id) values (?,?,?,default)
Hibernate: insert into aforo_registros (business_id,fecha_hora,tipo,id) values (?,?,?,default)
Hibernate: insert into aforo_registros (business_id,fecha_hora,tipo,id) values (?,?,?,default)
Hibernate: insert into aforo_registros (business_id,fecha_hora,tipo,id) values (?,?,?,default)
Hibernate: insert into aforo_registros (business_id,fecha_hora,tipo,id) values (?,?,?,default)
Hibernate: insert into aforo_registros (business_id,fecha_hora,tipo,id) values (?,?,?,default)
Hibernate: insert into aforo_registros (business_id,fecha_hora,tipo,id) values (?,?,?,default)
Hibernate: insert into aforo_registros (business_id,fecha_hora,tipo,id) values (?,?,?,default)
Hibernate: insert into aforo_registros (business_id,fecha_hora,tipo,id) values (?,?,?,default)
Hibernate: insert into aforo_registros (business_id,fecha_hora,tipo,id) values (?,?,?,default)
Hibernate: insert into aforo_registros (business_id,fecha_hora,tipo,id) values (?,?,?,default)
Hibernate: insert into aforo_registros (business_id,fecha_hora,tipo,id) values (?,?,?,default)
Hibernate: insert into aforo_registros (business_id,fecha_hora,tipo,id) values (?,?,?,default)
Hibernate: insert into aforo_registros (business_id,fecha_hora,tipo,id) values (?,?,?,default)
Hibernate: insert into aforo_registros (business_id,fecha_hora,tipo,id) values (?,?,?,default)
Hibernate: insert into aforo_registros (business_id,fecha_hora,tipo,id) values (?,?,?,default)
Hibernate: insert into aforo_registros (business_id,fecha_hora,tipo,id) values (?,?,?,default)
Hibernate: insert into aforo_registros (business_id,fecha_hora,tipo,id) values (?,?,?,default)
Hibernate: insert into aforo_registros (business_id,fecha_hora,tipo,id) values (?,?,?,default)
Hibernate: insert into aforo_registros (business_id,fecha_hora,tipo,id) values (?,?,?,default)
Hibernate: insert into aforo_registros (business_id,fecha_hora,tipo,id) values (?,?,?,default)
Hibernate: insert into aforo_registros (business_id,fecha_hora,tipo,id) values (?,?,?,default)
Hibernate: insert into aforo_registros (business_id,fecha_hora,tipo,id) values (?,?,?,default)
Hibernate: insert into aforo_registros (business_id,fecha_hora,tipo,id) values (?,?,?,default)
Hibernate: insert into aforo_registros (business_id,fecha_hora,tipo,id) values (?,?,?,default)
Hibernate: insert into aforo_registros (business_id,fecha_hora,tipo,id) values (?,?,?,default)
Hibernate: insert into aforo_registros (business_id,fecha_hora,tipo,id) values (?,?,?,default)
Hibernate: insert into aforo_registros (business_id,fecha_hora,tipo,id) values (?,?,?,default)
Hibernate: insert into aforo_registros (business_id,fecha_hora,tipo,id) values (?,?,?,default)
Hibernate: insert into aforo_registros (business_id,fecha_hora,tipo,id) values (?,?,?,default)
Hibernate: insert into aforo_registros (business_id,fecha_hora,tipo,id) values (?,?,?,default)
Hibernate: insert into aforo_registros (business_id,fecha_hora,tipo,id) values (?,?,?,default)
Hibernate: insert into aforo_registros (business_id,fecha_hora,tipo,id) values (?,?,?,default)
Hibernate: insert into aforo_registros (business_id,fecha_hora,tipo,id) values (?,?,?,default)
Hibernate: insert into aforo_registros (business_id,fecha_hora,tipo,id) values (?,?,?,default)
Hibernate: insert into aforo_registros (business_id,fecha_hora,tipo,id) values (?,?,?,default)
Hibernate: insert into aforo_registros (business_id,fecha_hora,tipo,id) values (?,?,?,default)
Hibernate: insert into aforo_registros (business_id,fecha_hora,tipo,id) values (?,?,?,default)
Hibernate: insert into aforo_registros (business_id,fecha_hora,tipo,id) values (?,?,?,default)
Hibernate: insert into aforo_registros (business_id,fecha_hora,tipo,id) values (?,?,?,default)
Hibernate: insert into aforo_registros (business_id,fecha_hora,tipo,id) values (?,?,?,default)
Hibernate: insert into aforo_registros (business_id,fecha_hora,tipo,id) values (?,?,?,default)
Hibernate: insert into aforo_registros (business_id,fecha_hora,tipo,id) values (?,?,?,default)
Hibernate: insert into aforo_registros (business_id,fecha_hora,tipo,id) values (?,?,?,default)
Hibernate: insert into aforo_registros (business_id,fecha_hora,tipo,id) values (?,?,?,default)
Hibernate: insert into aforo_registros (business_id,fecha_hora,tipo,id) values (?,?,?,default)
Hibernate: insert into aforo_registros (business_id,fecha_hora,tipo,id) values (?,?,?,default)
Hibernate: insert into aforo_registros (business_id,fecha_hora,tipo,id) values (?,?,?,default)
Hibernate: insert into aforo_registros (business_id,fecha_hora,tipo,id) values (?,?,?,default)
Hibernate: insert into aforo_registros (business_id,fecha_hora,tipo,id) values (?,?,?,default)
Hibernate: insert into aforo_registros (business_id,fecha_hora,tipo,id) values (?,?,?,default)
Hibernate: insert into aforo_registros (business_id,fecha_hora,tipo,id) values (?,?,?,default)
Hibernate: insert into aforo_registros (business_id,fecha_hora,tipo,id) values (?,?,?,default)
Hibernate: insert into aforo_registros (business_id,fecha_hora,tipo,id) values (?,?,?,default)
Hibernate: insert into aforo_registros (business_id,fecha_hora,tipo,id) values (?,?,?,default)
Hibernate: insert into aforo_registros (business_id,fecha_hora,tipo,id) values (?,?,?,default)
Hibernate: insert into aforo_registros (business_id,fecha_hora,tipo,id) values (?,?,?,default)
Hibernate: insert into aforo_registros (business_id,fecha_hora,tipo,id) values (?,?,?,default)
Hibernate: insert into aforo_registros (business_id,fecha_hora,tipo,id) values (?,?,?,default)
Hibernate: insert into aforo_registros (business_id,fecha_hora,tipo,id) values (?,?,?,default)
Hibernate: insert into aforo_registros (business_id,fecha_hora,tipo,id) values (?,?,?,default)
Hibernate: insert into aforo_registros (business_id,fecha_hora,tipo,id) values (?,?,?,default)
Hibernate: insert into aforo_registros (business_id,fecha_hora,tipo,id) values (?,?,?,default)
Hibernate: insert into aforo_registros (business_id,fecha_hora,tipo,id) values (?,?,?,default)
Hibernate: insert into aforo_registros (business_id,fecha_hora,tipo,id) values (?,?,?,default)
Hibernate: insert into aforo_registros (business_id,fecha_hora,tipo,id) values (?,?,?,default)
Hibernate: insert into aforo_registros (business_id,fecha_hora,tipo,id) values (?,?,?,default)
Hibernate: insert into aforo_registros (business_id,fecha_hora,tipo,id) values (?,?,?,default)
Hibernate: insert into aforo_registros (business_id,fecha_hora,tipo,id) values (?,?,?,default)
Hibernate: insert into aforo_registros (business_id,fecha_hora,tipo,id) values (?,?,?,default)
Hibernate: insert into aforo_registros (business_id,fecha_hora,tipo,id) values (?,?,?,default)
Hibernate: insert into aforo_registros (business_id,fecha_hora,tipo,id) values (?,?,?,default)
Hibernate: insert into aforo_registros (business_id,fecha_hora,tipo,id) values (?,?,?,default)
Hibernate: insert into aforo_registros (business_id,fecha_hora,tipo,id) values (?,?,?,default)
Hibernate: insert into aforo_registros (business_id,fecha_hora,tipo,id) values (?,?,?,default)
Hibernate: insert into aforo_registros (business_id,fecha_hora,tipo,id) values (?,?,?,default)
Hibernate: insert into aforo_registros (business_id,fecha_hora,tipo,id) values (?,?,?,default)
Hibernate: insert into aforo_registros (business_id,fecha_hora,tipo,id) values (?,?,?,default)
Hibernate: insert into aforo_registros (business_id,fecha_hora,tipo,id) values (?,?,?,default)
Hibernate: insert into aforo_registros (business_id,fecha_hora,tipo,id) values (?,?,?,default)
Hibernate: insert into aforo_registros (business_id,fecha_hora,tipo,id) values (?,?,?,default)
Hibernate: insert into aforo_registros (business_id,fecha_hora,tipo,id) values (?,?,?,default)
Hibernate: insert into aforo_registros (business_id,fecha_hora,tipo,id) values (?,?,?,default)
Hibernate: insert into aforo_registros (business_id,fecha_hora,tipo,id) values (?,?,?,default)
Hibernate: insert into aforo_registros (business_id,fecha_hora,tipo,id) values (?,?,?,default)
Hibernate: insert into aforo_registros (business_id,fecha_hora,tipo,id) values (?,?,?,default)
Hibernate: insert into aforo_registros (business_id,fecha_hora,tipo,id) values (?,?,?,default)
Hibernate: insert into aforo_registros (business_id,fecha_hora,tipo,id) values (?,?,?,default)
Hibernate: insert into aforo_registros (business_id,fecha_hora,tipo,id) values (?,?,?,default)
Hibernate: insert into aforo_registros (business_id,fecha_hora,tipo,id) values (?,?,?,default)
Hibernate: insert into aforo_registros (business_id,fecha_hora,tipo,id) values (?,?,?,default)
Hibernate: insert into aforo_registros (business_id,fecha_hora,tipo,id) values (?,?,?,default)
Hibernate: insert into aforo_registros (business_id,fecha_hora,tipo,id) values (?,?,?,default)
Hibernate: insert into aforo_registros (business_id,fecha_hora,tipo,id) values (?,?,?,default)
Hibernate: insert into aforo_registros (business_id,fecha_hora,tipo,id) values (?,?,?,default)
Hibernate: insert into aforo_registros (business_id,fecha_hora,tipo,id) values (?,?,?,default)
Hibernate: insert into aforo_registros (business_id,fecha_hora,tipo,id) values (?,?,?,default)
Hibernate: insert into aforo_registros (business_id,fecha_hora,tipo,id) values (?,?,?,default)
Hibernate: insert into aforo_registros (business_id,fecha_hora,tipo,id) values (?,?,?,default)
Hibernate: insert into aforo_registros (business_id,fecha_hora,tipo,id) values (?,?,?,default)
Hibernate: insert into aforo_registros (business_id,fecha_hora,tipo,id) values (?,?,?,default)
Hibernate: insert into aforo_registros (business_id,fecha_hora,tipo,id) values (?,?,?,default)
Hibernate: insert into aforo_registros (business_id,fecha_hora,tipo,id) values (?,?,?,default)
Hibernate: insert into aforo_registros (business_id,fecha_hora,tipo,id) values (?,?,?,default)
Hibernate: insert into aforo_registros (business_id,fecha_hora,tipo,id) values (?,?,?,default)
Hibernate: insert into aforo_registros (business_id,fecha_hora,tipo,id) values (?,?,?,default)
Hibernate: insert into aforo_registros (business_id,fecha_hora,tipo,id) values (?,?,?,default)
Hibernate: insert into aforo_registros (business_id,fecha_hora,tipo,id) values (?,?,?,default)
Hibernate: insert into aforo_registros (business_id,fecha_hora,tipo,id) values (?,?,?,default)
Hibernate: insert into aforo_registros (business_id,fecha_hora,tipo,id) values (?,?,?,default)
Hibernate: insert into aforo_registros (business_id,fecha_hora,tipo,id) values (?,?,?,default)
Hibernate: insert into aforo_registros (business_id,fecha_hora,tipo,id) values (?,?,?,default)
Hibernate: insert into aforo_registros (business_id,fecha_hora,tipo,id) values (?,?,?,default)
Hibernate: insert into aforo_registros (business_id,fecha_hora,tipo,id) values (?,?,?,default)
Hibernate: insert into aforo_registros (business_id,fecha_hora,tipo,id) values (?,?,?,default)
Hibernate: insert into aforo_registros (business_id,fecha_hora,tipo,id) values (?,?,?,default)
Hibernate: insert into aforo_registros (business_id,fecha_hora,tipo,id) values (?,?,?,default)
Hibernate: insert into aforo_registros (business_id,fecha_hora,tipo,id) values (?,?,?,default)
Hibernate: insert into aforo_registros (business_id,fecha_hora,tipo,id) values (?,?,?,default)
Hibernate: insert into aforo_registros (business_id,fecha_hora,tipo,id) values (?,?,?,default)
Hibernate: insert into aforo_registros (business_id,fecha_hora,tipo,id) values (?,?,?,default)
Hibernate: insert into aforo_registros (business_id,fecha_hora,tipo,id) values (?,?,?,default)
Hibernate: insert into aforo_registros (business_id,fecha_hora,tipo,id) values (?,?,?,default)
Hibernate: insert into aforo_registros (business_id,fecha_hora,tipo,id) values (?,?,?,default)
Hibernate: insert into aforo_registros (business_id,fecha_hora,tipo,id) values (?,?,?,default)
Hibernate: insert into aforo_registros (business_id,fecha_hora,tipo,id) values (?,?,?,default)
Hibernate: insert into aforo_registros (business_id,fecha_hora,tipo,id) values (?,?,?,default)
Hibernate: insert into aforo_registros (business_id,fecha_hora,tipo,id) values (?,?,?,default)
Hibernate: insert into aforo_registros (business_id,fecha_hora,tipo,id) values (?,?,?,default)
Hibernate: insert into aforo_registros (business_id,fecha_hora,tipo,id) values (?,?,?,default)
Hibernate: insert into aforo_registros (business_id,fecha_hora,tipo,id) values (?,?,?,default)
Hibernate: insert into aforo_registros (business_id,fecha_hora,tipo,id) values (?,?,?,default)
Hibernate: insert into aforo_registros (business_id,fecha_hora,tipo,id) values (?,?,?,default)
Hibernate: insert into aforo_registros (business_id,fecha_hora,tipo,id) values (?,?,?,default)
Hibernate: insert into aforo_registros (business_id,fecha_hora,tipo,id) values (?,?,?,default)
Hibernate: insert into aforo_registros (business_id,fecha_hora,tipo,id) values (?,?,?,default)
Hibernate: insert into aforo_registros (business_id,fecha_hora,tipo,id) values (?,?,?,default)
Hibernate: insert into aforo_registros (business_id,fecha_hora,tipo,id) values (?,?,?,default)
Hibernate: insert into aforo_registros (business_id,fecha_hora,tipo,id) values (?,?,?,default)
Hibernate: insert into aforo_registros (business_id,fecha_hora,tipo,id) values (?,?,?,default)
Hibernate: insert into aforo_registros (business_id,fecha_hora,tipo,id) values (?,?,?,default)
Hibernate: insert into aforo_registros (business_id,fecha_hora,tipo,id) values (?,?,?,default)
Hibernate: insert into aforo_registros (business_id,fecha_hora,tipo,id) values (?,?,?,default)
Hibernate: insert into aforo_registros (business_id,fecha_hora,tipo,id) values (?,?,?,default)
Hibernate: insert into aforo_registros (business_id,fecha_hora,tipo,id) values (?,?,?,default)
Hibernate: insert into aforo_registros (business_id,fecha_hora,tipo,id) values (?,?,?,default)
Hibernate: insert into aforo_registros (business_id,fecha_hora,tipo,id) values (?,?,?,default)
Hibernate: insert into aforo_registros (business_id,fecha_hora,tipo,id) values (?,?,?,default)
Hibernate: insert into aforo_registros (business_id,fecha_hora,tipo,id) values (?,?,?,default)
Hibernate: insert into aforo_registros (business_id,fecha_hora,tipo,id) values (?,?,?,default)
Hibernate: insert into aforo_registros (business_id,fecha_hora,tipo,id) values (?,?,?,default)
Hibernate: insert into aforo_registros (business_id,fecha_hora,tipo,id) values (?,?,?,default)
Hibernate: insert into aforo_registros (business_id,fecha_hora,tipo,id) values (?,?,?,default)
Hibernate: insert into aforo_registros (business_id,fecha_hora,tipo,id) values (?,?,?,default)
Hibernate: insert into aforo_registros (business_id,fecha_hora,tipo,id) values (?,?,?,default)
Hibernate: insert into aforo_registros (business_id,fecha_hora,tipo,id) values (?,?,?,default)
Hibernate: insert into aforo_registros (business_id,fecha_hora,tipo,id) values (?,?,?,default)
Hibernate: insert into aforo_registros (business_id,fecha_hora,tipo,id) values (?,?,?,default)
Hibernate: insert into aforo_registros (business_id,fecha_hora,tipo,id) values (?,?,?,default)
Hibernate: insert into aforo_registros (business_id,fecha_hora,tipo,id) values (?,?,?,default)
Hibernate: insert into aforo_registros (business_id,fecha_hora,tipo,id) values (?,?,?,default)
Hibernate: insert into aforo_registros (business_id,fecha_hora,tipo,id) values (?,?,?,default)
Hibernate: insert into aforo_registros (business_id,fecha_hora,tipo,id) values (?,?,?,default)
Hibernate: insert into aforo_registros (business_id,fecha_hora,tipo,id) values (?,?,?,default)
Hibernate: insert into aforo_registros (business_id,fecha_hora,tipo,id) values (?,?,?,default)
Hibernate: insert into aforo_registros (business_id,fecha_hora,tipo,id) values (?,?,?,default)
Hibernate: insert into aforo_registros (business_id,fecha_hora,tipo,id) values (?,?,?,default)
Hibernate: insert into aforo_registros (business_id,fecha_hora,tipo,id) values (?,?,?,default)
Hibernate: insert into aforo_registros (business_id,fecha_hora,tipo,id) values (?,?,?,default)
Hibernate: insert into aforo_registros (business_id,fecha_hora,tipo,id) values (?,?,?,default)
Hibernate: insert into aforo_registros (business_id,fecha_hora,tipo,id) values (?,?,?,default)
Hibernate: insert into aforo_registros (business_id,fecha_hora,tipo,id) values (?,?,?,default)
Hibernate: insert into aforo_registros (business_id,fecha_hora,tipo,id) values (?,?,?,default)
Hibernate: insert into aforo_registros (business_id,fecha_hora,tipo,id) values (?,?,?,default)
Hibernate: insert into aforo_registros (business_id,fecha_hora,tipo,id) values (?,?,?,default)
Hibernate: insert into aforo_registros (business_id,fecha_hora,tipo,id) values (?,?,?,default)
Hibernate: insert into aforo_registros (business_id,fecha_hora,tipo,id) values (?,?,?,default)
Hibernate: insert into aforo_registros (business_id,fecha_hora,tipo,id) values (?,?,?,default)
Hibernate: insert into aforo_registros (business_id,fecha_hora,tipo,id) values (?,?,?,default)
Hibernate: insert into aforo_registros (business_id,fecha_hora,tipo,id) values (?,?,?,default)
Hibernate: insert into aforo_registros (business_id,fecha_hora,tipo,id) values (?,?,?,default)
Hibernate: insert into aforo_registros (business_id,fecha_hora,tipo,id) values (?,?,?,default)
Hibernate: insert into aforo_registros (business_id,fecha_hora,tipo,id) values (?,?,?,default)
Hibernate: insert into aforo_registros (business_id,fecha_hora,tipo,id) values (?,?,?,default)
Hibernate: insert into aforo_registros (business_id,fecha_hora,tipo,id) values (?,?,?,default)
Hibernate: insert into aforo_registros (business_id,fecha_hora,tipo,id) values (?,?,?,default)
Hibernate: insert into aforo_registros (business_id,fecha_hora,tipo,id) values (?,?,?,default)
Hibernate: insert into aforo_registros (business_id,fecha_hora,tipo,id) values (?,?,?,default)
Hibernate: insert into aforo_registros (business_id,fecha_hora,tipo,id) values (?,?,?,default)
Hibernate: insert into aforo_registros (business_id,fecha_hora,tipo,id) values (?,?,?,default)
Hibernate: insert into aforo_registros (business_id,fecha_hora,tipo,id) values (?,?,?,default)
Hibernate: insert into aforo_registros (business_id,fecha_hora,tipo,id) values (?,?,?,default)
Hibernate: insert into aforo_registros (business_id,fecha_hora,tipo,id) values (?,?,?,default)
Hibernate: insert into aforo_registros (business_id,fecha_hora,tipo,id) values (?,?,?,default)
Hibernate: insert into aforo_registros (business_id,fecha_hora,tipo,id) values (?,?,?,default)
Hibernate: insert into aforo_registros (business_id,fecha_hora,tipo,id) values (?,?,?,default)
Hibernate: insert into aforo_registros (business_id,fecha_hora,tipo,id) values (?,?,?,default)
Hibernate: insert into aforo_registros (business_id,fecha_hora,tipo,id) values (?,?,?,default)
Hibernate: insert into aforo_registros (business_id,fecha_hora,tipo,id) values (?,?,?,default)
Hibernate: insert into aforo_registros (business_id,fecha_hora,tipo,id) values (?,?,?,default)
Hibernate: insert into aforo_registros (business_id,fecha_hora,tipo,id) values (?,?,?,default)
Hibernate: insert into aforo_registros (business_id,fecha_hora,tipo,id) values (?,?,?,default)
Hibernate: insert into aforo_registros (business_id,fecha_hora,tipo,id) values (?,?,?,default)
Hibernate: insert into aforo_registros (business_id,fecha_hora,tipo,id) values (?,?,?,default)
Hibernate: insert into aforo_registros (business_id,fecha_hora,tipo,id) values (?,?,?,default)
Hibernate: insert into aforo_registros (business_id,fecha_hora,tipo,id) values (?,?,?,default)
Hibernate: insert into aforo_registros (business_id,fecha_hora,tipo,id) values (?,?,?,default)
Hibernate: insert into aforo_registros (business_id,fecha_hora,tipo,id) values (?,?,?,default)
Hibernate: insert into aforo_registros (business_id,fecha_hora,tipo,id) values (?,?,?,default)
Hibernate: insert into aforo_registros (business_id,fecha_hora,tipo,id) values (?,?,?,default)
Hibernate: insert into aforo_registros (business_id,fecha_hora,tipo,id) values (?,?,?,default)
Hibernate: insert into aforo_registros (business_id,fecha_hora,tipo,id) values (?,?,?,default)
Hibernate: insert into aforo_registros (business_id,fecha_hora,tipo,id) values (?,?,?,default)
Hibernate: insert into aforo_registros (business_id,fecha_hora,tipo,id) values (?,?,?,default)
Hibernate: insert into aforo_registros (business_id,fecha_hora,tipo,id) values (?,?,?,default)
Hibernate: insert into aforo_registros (business_id,fecha_hora,tipo,id) values (?,?,?,default)
Hibernate: insert into aforo_registros (business_id,fecha_hora,tipo,id) values (?,?,?,default)
Hibernate: insert into aforo_registros (business_id,fecha_hora,tipo,id) values (?,?,?,default)
Hibernate: insert into aforo_registros (business_id,fecha_hora,tipo,id) values (?,?,?,default)
Hibernate: insert into aforo_registros (business_id,fecha_hora,tipo,id) values (?,?,?,default)
Hibernate: insert into aforo_registros (business_id,fecha_hora,tipo,id) values (?,?,?,default)
Hibernate: insert into aforo_registros (business_id,fecha_hora,tipo,id) values (?,?,?,default)
Hibernate: insert into aforo_registros (business_id,fecha_hora,tipo,id) values (?,?,?,default)
Hibernate: insert into aforo_registros (business_id,fecha_hora,tipo,id) values (?,?,?,default)
Hibernate: insert into aforo_registros (business_id,fecha_hora,tipo,id) values (?,?,?,default)
Hibernate: insert into aforo_registros (business_id,fecha_hora,tipo,id) values (?,?,?,default)
Hibernate: insert into aforo_registros (business_id,fecha_hora,tipo,id) values (?,?,?,default)
Hibernate: insert into aforo_registros (business_id,fecha_hora,tipo,id) values (?,?,?,default)
Hibernate: insert into aforo_registros (business_id,fecha_hora,tipo,id) values (?,?,?,default)
Hibernate: insert into aforo_registros (business_id,fecha_hora,tipo,id) values (?,?,?,default)
Hibernate: insert into aforo_registros (business_id,fecha_hora,tipo,id) values (?,?,?,default)
Hibernate: insert into aforo_registros (business_id,fecha_hora,tipo,id) values (?,?,?,default)
Hibernate: insert into aforo_registros (business_id,fecha_hora,tipo,id) values (?,?,?,default)
Hibernate: insert into aforo_registros (business_id,fecha_hora,tipo,id) values (?,?,?,default)
Hibernate: insert into aforo_registros (business_id,fecha_hora,tipo,id) values (?,?,?,default)
Hibernate: insert into aforo_registros (business_id,fecha_hora,tipo,id) values (?,?,?,default)
Hibernate: insert into aforo_registros (business_id,fecha_hora,tipo,id) values (?,?,?,default)
Hibernate: insert into aforo_registros (business_id,fecha_hora,tipo,id) values (?,?,?,default)
Hibernate: insert into aforo_registros (business_id,fecha_hora,tipo,id) values (?,?,?,default)
Hibernate: insert into aforo_registros (business_id,fecha_hora,tipo,id) values (?,?,?,default)
Hibernate: insert into aforo_registros (business_id,fecha_hora,tipo,id) values (?,?,?,default)
Hibernate: insert into aforo_registros (business_id,fecha_hora,tipo,id) values (?,?,?,default)
Hibernate: insert into aforo_registros (business_id,fecha_hora,tipo,id) values (?,?,?,default)
Hibernate: insert into aforo_registros (business_id,fecha_hora,tipo,id) values (?,?,?,default)
Hibernate: insert into aforo_registros (business_id,fecha_hora,tipo,id) values (?,?,?,default)
Hibernate: insert into aforo_registros (business_id,fecha_hora,tipo,id) values (?,?,?,default)
Hibernate: insert into aforo_registros (business_id,fecha_hora,tipo,id) values (?,?,?,default)
Hibernate: insert into aforo_registros (business_id,fecha_hora,tipo,id) values (?,?,?,default)
Hibernate: insert into aforo_registros (business_id,fecha_hora,tipo,id) values (?,?,?,default)
Hibernate: insert into aforo_registros (business_id,fecha_hora,tipo,id) values (?,?,?,default)
Hibernate: insert into aforo_registros (business_id,fecha_hora,tipo,id) values (?,?,?,default)
Hibernate: insert into aforo_registros (business_id,fecha_hora,tipo,id) values (?,?,?,default)
Hibernate: insert into aforo_registros (business_id,fecha_hora,tipo,id) values (?,?,?,default)
Hibernate: insert into aforo_registros (business_id,fecha_hora,tipo,id) values (?,?,?,default)
Hibernate: insert into aforo_registros (business_id,fecha_hora,tipo,id) values (?,?,?,default)
Hibernate: insert into aforo_registros (business_id,fecha_hora,tipo,id) values (?,?,?,default)
Hibernate: insert into aforo_registros (business_id,fecha_hora,tipo,id) values (?,?,?,default)
Hibernate: insert into aforo_registros (business_id,fecha_hora,tipo,id) values (?,?,?,default)
Hibernate: insert into aforo_registros (business_id,fecha_hora,tipo,id) values (?,?,?,default)
Hibernate: insert into aforo_registros (business_id,fecha_hora,tipo,id) values (?,?,?,default)
Hibernate: insert into aforo_registros (business_id,fecha_hora,tipo,id) values (?,?,?,default)
Hibernate: insert into aforo_registros (business_id,fecha_hora,tipo,id) values (?,?,?,default)
Hibernate: insert into aforo_registros (business_id,fecha_hora,tipo,id) values (?,?,?,default)
Hibernate: insert into aforo_registros (business_id,fecha_hora,tipo,id) values (?,?,?,default)
Hibernate: insert into aforo_registros (business_id,fecha_hora,tipo,id) values (?,?,?,default)
Hibernate: insert into aforo_registros (business_id,fecha_hora,tipo,id) values (?,?,?,default)
Hibernate: insert into aforo_registros (business_id,fecha_hora,tipo,id) values (?,?,?,default)
Hibernate: insert into aforo_registros (business_id,fecha_hora,tipo,id) values (?,?,?,default)
Hibernate: insert into aforo_registros (business_id,fecha_hora,tipo,id) values (?,?,?,default)
Hibernate: insert into aforo_registros (business_id,fecha_hora,tipo,id) values (?,?,?,default)
Hibernate: insert into aforo_registros (business_id,fecha_hora,tipo,id) values (?,?,?,default)
Hibernate: insert into aforo_registros (business_id,fecha_hora,tipo,id) values (?,?,?,default)
Hibernate: insert into aforo_registros (business_id,fecha_hora,tipo,id) values (?,?,?,default)
Hibernate: insert into aforo_registros (business_id,fecha_hora,tipo,id) values (?,?,?,default)
Hibernate: insert into aforo_registros (business_id,fecha_hora,tipo,id) values (?,?,?,default)
Hibernate: insert into aforo_registros (business_id,fecha_hora,tipo,id) values (?,?,?,default)
Hibernate: insert into aforo_registros (business_id,fecha_hora,tipo,id) values (?,?,?,default)
Hibernate: insert into aforo_registros (business_id,fecha_hora,tipo,id) values (?,?,?,default)
Hibernate: insert into aforo_registros (business_id,fecha_hora,tipo,id) values (?,?,?,default)
Hibernate: insert into aforo_registros (business_id,fecha_hora,tipo,id) values (?,?,?,default)
Hibernate: insert into aforo_registros (business_id,fecha_hora,tipo,id) values (?,?,?,default)
Hibernate: insert into aforo_registros (business_id,fecha_hora,tipo,id) values (?,?,?,default)
Hibernate: insert into aforo_registros (business_id,fecha_hora,tipo,id) values (?,?,?,default)
Hibernate: insert into aforo_registros (business_id,fecha_hora,tipo,id) values (?,?,?,default)
Hibernate: insert into aforo_registros (business_id,fecha_hora,tipo,id) values (?,?,?,default)
Hibernate: insert into aforo_registros (business_id,fecha_hora,tipo,id) values (?,?,?,default)
Hibernate: insert into aforo_registros (business_id,fecha_hora,tipo,id) values (?,?,?,default)
Hibernate: insert into aforo_registros (business_id,fecha_hora,tipo,id) values (?,?,?,default)
Hibernate: insert into aforo_registros (business_id,fecha_hora,tipo,id) values (?,?,?,default)
Hibernate: insert into aforo_registros (business_id,fecha_hora,tipo,id) values (?,?,?,default)
Hibernate: insert into aforo_registros (business_id,fecha_hora,tipo,id) values (?,?,?,default)
Hibernate: insert into aforo_registros (business_id,fecha_hora,tipo,id) values (?,?,?,default)
Hibernate: insert into aforo_registros (business_id,fecha_hora,tipo,id) values (?,?,?,default)
Hibernate: insert into aforo_registros (business_id,fecha_hora,tipo,id) values (?,?,?,default)
Hibernate: insert into aforo_registros (business_id,fecha_hora,tipo,id) values (?,?,?,default)
Hibernate: insert into aforo_registros (business_id,fecha_hora,tipo,id) values (?,?,?,default)
Hibernate: insert into aforo_registros (business_id,fecha_hora,tipo,id) values (?,?,?,default)
Hibernate: insert into aforo_registros (business_id,fecha_hora,tipo,id) values (?,?,?,default)
Hibernate: insert into aforo_registros (business_id,fecha_hora,tipo,id) values (?,?,?,default)
Hibernate: insert into aforo_registros (business_id,fecha_hora,tipo,id) values (?,?,?,default)
Hibernate: insert into aforo_registros (business_id,fecha_hora,tipo,id) values (?,?,?,default)
Hibernate: insert into aforo_registros (business_id,fecha_hora,tipo,id) values (?,?,?,default)
Hibernate: insert into aforo_registros (business_id,fecha_hora,tipo,id) values (?,?,?,default)
Hibernate: insert into aforo_registros (business_id,fecha_hora,tipo,id) values (?,?,?,default)
Hibernate: insert into aforo_registros (business_id,fecha_hora,tipo,id) values (?,?,?,default)
Hibernate: insert into aforo_registros (business_id,fecha_hora,tipo,id) values (?,?,?,default)
Hibernate: insert into aforo_registros (business_id,fecha_hora,tipo,id) values (?,?,?,default)
Hibernate: insert into aforo_registros (business_id,fecha_hora,tipo,id) values (?,?,?,default)
Hibernate: insert into aforo_registros (business_id,fecha_hora,tipo,id) values (?,?,?,default)
Hibernate: insert into aforo_registros (business_id,fecha_hora,tipo,id) values (?,?,?,default)
Hibernate: insert into aforo_registros (business_id,fecha_hora,tipo,id) values (?,?,?,default)
Hibernate: insert into aforo_registros (business_id,fecha_hora,tipo,id) values (?,?,?,default)
Hibernate: insert into aforo_registros (business_id,fecha_hora,tipo,id) values (?,?,?,default)
Hibernate: insert into aforo_registros (business_id,fecha_hora,tipo,id) values (?,?,?,default)
Hibernate: insert into aforo_registros (business_id,fecha_hora,tipo,id) values (?,?,?,default)
Hibernate: insert into aforo_registros (business_id,fecha_hora,tipo,id) values (?,?,?,default)
Hibernate: insert into aforo_registros (business_id,fecha_hora,tipo,id) values (?,?,?,default)
Hibernate: insert into aforo_registros (business_id,fecha_hora,tipo,id) values (?,?,?,default)
Hibernate: insert into aforo_registros (business_id,fecha_hora,tipo,id) values (?,?,?,default)
Hibernate: insert into aforo_registros (business_id,fecha_hora,tipo,id) values (?,?,?,default)
Hibernate: insert into aforo_registros (business_id,fecha_hora,tipo,id) values (?,?,?,default)
Hibernate: insert into aforo_registros (business_id,fecha_hora,tipo,id) values (?,?,?,default)
Hibernate: insert into aforo_registros (business_id,fecha_hora,tipo,id) values (?,?,?,default)
Hibernate: insert into aforo_registros (business_id,fecha_hora,tipo,id) values (?,?,?,default)
Hibernate: insert into aforo_registros (business_id,fecha_hora,tipo,id) values (?,?,?,default)
Hibernate: insert into aforo_registros (business_id,fecha_hora,tipo,id) values (?,?,?,default)
Hibernate: insert into aforo_registros (business_id,fecha_hora,tipo,id) values (?,?,?,default)
Hibernate: insert into aforo_registros (business_id,fecha_hora,tipo,id) values (?,?,?,default)
Hibernate: insert into aforo_registros (business_id,fecha_hora,tipo,id) values (?,?,?,default)
Hibernate: insert into aforo_registros (business_id,fecha_hora,tipo,id) values (?,?,?,default)
Hibernate: insert into aforo_registros (business_id,fecha_hora,tipo,id) values (?,?,?,default)
Hibernate: insert into aforo_registros (business_id,fecha_hora,tipo,id) values (?,?,?,default)
Hibernate: insert into aforo_registros (business_id,fecha_hora,tipo,id) values (?,?,?,default)
Hibernate: insert into aforo_registros (business_id,fecha_hora,tipo,id) values (?,?,?,default)
Hibernate: insert into aforo_registros (business_id,fecha_hora,tipo,id) values (?,?,?,default)
Hibernate: insert into aforo_registros (business_id,fecha_hora,tipo,id) values (?,?,?,default)
Hibernate: insert into aforo_registros (business_id,fecha_hora,tipo,id) values (?,?,?,default)
Hibernate: insert into aforo_registros (business_id,fecha_hora,tipo,id) values (?,?,?,default)
Hibernate: insert into aforo_registros (business_id,fecha_hora,tipo,id) values (?,?,?,default)
Hibernate: insert into aforo_registros (business_id,fecha_hora,tipo,id) values (?,?,?,default)
Hibernate: insert into aforo_registros (business_id,fecha_hora,tipo,id) values (?,?,?,default)
Hibernate: insert into aforo_registros (business_id,fecha_hora,tipo,id) values (?,?,?,default)
Hibernate: insert into aforo_registros (business_id,fecha_hora,tipo,id) values (?,?,?,default)
Hibernate: insert into aforo_registros (business_id,fecha_hora,tipo,id) values (?,?,?,default)
Hibernate: insert into aforo_registros (business_id,fecha_hora,tipo,id) values (?,?,?,default)
Hibernate: insert into aforo_registros (business_id,fecha_hora,tipo,id) values (?,?,?,default)
Hibernate: insert into aforo_registros (business_id,fecha_hora,tipo,id) values (?,?,?,default)
Hibernate: insert into aforo_registros (business_id,fecha_hora,tipo,id) values (?,?,?,default)
Hibernate: insert into aforo_registros (business_id,fecha_hora,tipo,id) values (?,?,?,default)
Hibernate: insert into aforo_registros (business_id,fecha_hora,tipo,id) values (?,?,?,default)
Hibernate: insert into aforo_registros (business_id,fecha_hora,tipo,id) values (?,?,?,default)
Hibernate: insert into aforo_registros (business_id,fecha_hora,tipo,id) values (?,?,?,default)
Hibernate: insert into aforo_registros (business_id,fecha_hora,tipo,id) values (?,?,?,default)
Hibernate: insert into aforo_registros (business_id,fecha_hora,tipo,id) values (?,?,?,default)
Hibernate: insert into aforo_registros (business_id,fecha_hora,tipo,id) values (?,?,?,default)
Hibernate: insert into aforo_registros (business_id,fecha_hora,tipo,id) values (?,?,?,default)
Hibernate: insert into aforo_registros (business_id,fecha_hora,tipo,id) values (?,?,?,default)
Hibernate: insert into aforo_registros (business_id,fecha_hora,tipo,id) values (?,?,?,default)
Hibernate: insert into aforo_registros (business_id,fecha_hora,tipo,id) values (?,?,?,default)
Hibernate: insert into aforo_registros (business_id,fecha_hora,tipo,id) values (?,?,?,default)
Hibernate: insert into aforo_registros (business_id,fecha_hora,tipo,id) values (?,?,?,default)
Hibernate: insert into aforo_registros (business_id,fecha_hora,tipo,id) values (?,?,?,default)
Hibernate: insert into aforo_registros (business_id,fecha_hora,tipo,id) values (?,?,?,default)
Hibernate: insert into aforo_registros (business_id,fecha_hora,tipo,id) values (?,?,?,default)
Hibernate: insert into aforo_registros (business_id,fecha_hora,tipo,id) values (?,?,?,default)
Hibernate: insert into aforo_registros (business_id,fecha_hora,tipo,id) values (?,?,?,default)
Hibernate: insert into aforo_registros (business_id,fecha_hora,tipo,id) values (?,?,?,default)
Hibernate: insert into aforo_registros (business_id,fecha_hora,tipo,id) values (?,?,?,default)
Hibernate: insert into aforo_registros (business_id,fecha_hora,tipo,id) values (?,?,?,default)
Hibernate: insert into aforo_registros (business_id,fecha_hora,tipo,id) values (?,?,?,default)
Hibernate: insert into aforo_registros (business_id,fecha_hora,tipo,id) values (?,?,?,default)
Hibernate: insert into aforo_registros (business_id,fecha_hora,tipo,id) values (?,?,?,default)
Hibernate: insert into aforo_registros (business_id,fecha_hora,tipo,id) values (?,?,?,default)
Hibernate: insert into aforo_registros (business_id,fecha_hora,tipo,id) values (?,?,?,default)
Hibernate: insert into aforo_registros (business_id,fecha_hora,tipo,id) values (?,?,?,default)
Hibernate: insert into aforo_registros (business_id,fecha_hora,tipo,id) values (?,?,?,default)
Hibernate: insert into aforo_registros (business_id,fecha_hora,tipo,id) values (?,?,?,default)
Hibernate: insert into aforo_registros (business_id,fecha_hora,tipo,id) values (?,?,?,default)
Hibernate: insert into aforo_registros (business_id,fecha_hora,tipo,id) values (?,?,?,default)
Hibernate: insert into aforo_registros (business_id,fecha_hora,tipo,id) values (?,?,?,default)
Hibernate: insert into aforo_registros (business_id,fecha_hora,tipo,id) values (?,?,?,default)
Hibernate: insert into aforo_registros (business_id,fecha_hora,tipo,id) values (?,?,?,default)
Hibernate: insert into aforo_registros (business_id,fecha_hora,tipo,id) values (?,?,?,default)
Hibernate: insert into aforo_registros (business_id,fecha_hora,tipo,id) values (?,?,?,default)
Hibernate: insert into aforo_registros (business_id,fecha_hora,tipo,id) values (?,?,?,default)
Hibernate: insert into aforo_registros (business_id,fecha_hora,tipo,id) values (?,?,?,default)
Hibernate: insert into aforo_registros (business_id,fecha_hora,tipo,id) values (?,?,?,default)
Hibernate: insert into aforo_registros (business_id,fecha_hora,tipo,id) values (?,?,?,default)
Hibernate: insert into aforo_registros (business_id,fecha_hora,tipo,id) values (?,?,?,default)
Hibernate: insert into aforo_registros (business_id,fecha_hora,tipo,id) values (?,?,?,default)
Hibernate: insert into aforo_registros (business_id,fecha_hora,tipo,id) values (?,?,?,default)
Hibernate: insert into aforo_registros (business_id,fecha_hora,tipo,id) values (?,?,?,default)
Hibernate: insert into aforo_registros (business_id,fecha_hora,tipo,id) values (?,?,?,default)
Hibernate: insert into aforo_registros (business_id,fecha_hora,tipo,id) values (?,?,?,default)
Hibernate: insert into aforo_registros (business_id,fecha_hora,tipo,id) values (?,?,?,default)
Hibernate: insert into aforo_registros (business_id,fecha_hora,tipo,id) values (?,?,?,default)
Hibernate: insert into aforo_registros (business_id,fecha_hora,tipo,id) values (?,?,?,default)
Hibernate: insert into aforo_registros (business_id,fecha_hora,tipo,id) values (?,?,?,default)
Hibernate: insert into aforo_registros (business_id,fecha_hora,tipo,id) values (?,?,?,default)
Hibernate: insert into aforo_registros (business_id,fecha_hora,tipo,id) values (?,?,?,default)
Hibernate: insert into aforo_registros (business_id,fecha_hora,tipo,id) values (?,?,?,default)
Hibernate: insert into aforo_registros (business_id,fecha_hora,tipo,id) values (?,?,?,default)
Hibernate: insert into aforo_registros (business_id,fecha_hora,tipo,id) values (?,?,?,default)
Hibernate: insert into aforo_registros (business_id,fecha_hora,tipo,id) values (?,?,?,default)
Hibernate: insert into aforo_registros (business_id,fecha_hora,tipo,id) values (?,?,?,default)
Hibernate: insert into aforo_registros (business_id,fecha_hora,tipo,id) values (?,?,?,default)
Hibernate: insert into aforo_registros (business_id,fecha_hora,tipo,id) values (?,?,?,default)
Hibernate: insert into aforo_registros (business_id,fecha_hora,tipo,id) values (?,?,?,default)
Hibernate: insert into aforo_registros (business_id,fecha_hora,tipo,id) values (?,?,?,default)
Hibernate: insert into aforo_registros (business_id,fecha_hora,tipo,id) values (?,?,?,default)
Hibernate: insert into aforo_registros (business_id,fecha_hora,tipo,id) values (?,?,?,default)
Hibernate: insert into aforo_registros (business_id,fecha_hora,tipo,id) values (?,?,?,default)
Hibernate: insert into aforo_registros (business_id,fecha_hora,tipo,id) values (?,?,?,default)
Hibernate: insert into aforo_registros (business_id,fecha_hora,tipo,id) values (?,?,?,default)
Hibernate: insert into aforo_registros (business_id,fecha_hora,tipo,id) values (?,?,?,default)
Hibernate: insert into aforo_registros (business_id,fecha_hora,tipo,id) values (?,?,?,default)
Hibernate: insert into aforo_registros (business_id,fecha_hora,tipo,id) values (?,?,?,default)
Hibernate: insert into aforo_registros (business_id,fecha_hora,tipo,id) values (?,?,?,default)
Hibernate: insert into aforo_registros (business_id,fecha_hora,tipo,id) values (?,?,?,default)
Hibernate: insert into aforo_registros (business_id,fecha_hora,tipo,id) values (?,?,?,default)
Hibernate: insert into aforo_registros (business_id,fecha_hora,tipo,id) values (?,?,?,default)
Hibernate: insert into aforo_registros (business_id,fecha_hora,tipo,id) values (?,?,?,default)
Hibernate: insert into aforo_registros (business_id,fecha_hora,tipo,id) values (?,?,?,default)
Hibernate: insert into aforo_registros (business_id,fecha_hora,tipo,id) values (?,?,?,default)
Hibernate: insert into aforo_registros (business_id,fecha_hora,tipo,id) values (?,?,?,default)
Hibernate: insert into aforo_registros (business_id,fecha_hora,tipo,id) values (?,?,?,default)
Hibernate: insert into aforo_registros (business_id,fecha_hora,tipo,id) values (?,?,?,default)
Hibernate: insert into aforo_registros (business_id,fecha_hora,tipo,id) values (?,?,?,default)
Hibernate: insert into aforo_registros (business_id,fecha_hora,tipo,id) values (?,?,?,default)
Hibernate: insert into aforo_registros (business_id,fecha_hora,tipo,id) values (?,?,?,default)
Hibernate: insert into aforo_registros (business_id,fecha_hora,tipo,id) values (?,?,?,default)
Hibernate: insert into aforo_registros (business_id,fecha_hora,tipo,id) values (?,?,?,default)
Hibernate: insert into aforo_registros (business_id,fecha_hora,tipo,id) values (?,?,?,default)
Hibernate: insert into aforo_registros (business_id,fecha_hora,tipo,id) values (?,?,?,default)
Hibernate: insert into aforo_registros (business_id,fecha_hora,tipo,id) values (?,?,?,default)
Hibernate: insert into aforo_registros (business_id,fecha_hora,tipo,id) values (?,?,?,default)
Hibernate: insert into aforo_registros (business_id,fecha_hora,tipo,id) values (?,?,?,default)
Hibernate: insert into aforo_registros (business_id,fecha_hora,tipo,id) values (?,?,?,default)
Hibernate: insert into aforo_registros (business_id,fecha_hora,tipo,id) values (?,?,?,default)
Hibernate: insert into aforo_registros (business_id,fecha_hora,tipo,id) values (?,?,?,default)
Hibernate: insert into aforo_registros (business_id,fecha_hora,tipo,id) values (?,?,?,default)
Hibernate: insert into aforo_registros (business_id,fecha_hora,tipo,id) values (?,?,?,default)
Hibernate: insert into aforo_registros (business_id,fecha_hora,tipo,id) values (?,?,?,default)
Hibernate: insert into aforo_registros (business_id,fecha_hora,tipo,id) values (?,?,?,default)
Hibernate: insert into aforo_registros (business_id,fecha_hora,tipo,id) values (?,?,?,default)
Hibernate: insert into aforo_registros (business_id,fecha_hora,tipo,id) values (?,?,?,default)
Hibernate: insert into aforo_registros (business_id,fecha_hora,tipo,id) values (?,?,?,default)
Hibernate: insert into aforo_registros (business_id,fecha_hora,tipo,id) values (?,?,?,default)
Hibernate: insert into aforo_registros (business_id,fecha_hora,tipo,id) values (?,?,?,default)
Hibernate: insert into aforo_registros (business_id,fecha_hora,tipo,id) values (?,?,?,default)
Hibernate: insert into aforo_registros (business_id,fecha_hora,tipo,id) values (?,?,?,default)
Hibernate: insert into aforo_registros (business_id,fecha_hora,tipo,id) values (?,?,?,default)
Hibernate: insert into aforo_registros (business_id,fecha_hora,tipo,id) values (?,?,?,default)
Hibernate: insert into aforo_registros (business_id,fecha_hora,tipo,id) values (?,?,?,default)
Hibernate: insert into aforo_registros (business_id,fecha_hora,tipo,id) values (?,?,?,default)
Hibernate: insert into aforo_registros (business_id,fecha_hora,tipo,id) values (?,?,?,default)
Hibernate: insert into aforo_registros (business_id,fecha_hora,tipo,id) values (?,?,?,default)
Hibernate: insert into aforo_registros (business_id,fecha_hora,tipo,id) values (?,?,?,default)
Hibernate: insert into aforo_registros (business_id,fecha_hora,tipo,id) values (?,?,?,default)
Hibernate: insert into aforo_registros (business_id,fecha_hora,tipo,id) values (?,?,?,default)
Hibernate: insert into aforo_registros (business_id,fecha_hora,tipo,id) values (?,?,?,default)
Hibernate: insert into aforo_registros (business_id,fecha_hora,tipo,id) values (?,?,?,default)
Hibernate: insert into aforo_registros (business_id,fecha_hora,tipo,id) values (?,?,?,default)
Hibernate: insert into aforo_registros (business_id,fecha_hora,tipo,id) values (?,?,?,default)
Hibernate: insert into aforo_registros (business_id,fecha_hora,tipo,id) values (?,?,?,default)
Hibernate: insert into aforo_registros (business_id,fecha_hora,tipo,id) values (?,?,?,default)
Hibernate: insert into aforo_registros (business_id,fecha_hora,tipo,id) values (?,?,?,default)
Hibernate: insert into aforo_registros (business_id,fecha_hora,tipo,id) values (?,?,?,default)
Hibernate: insert into aforo_registros (business_id,fecha_hora,tipo,id) values (?,?,?,default)
Hibernate: insert into aforo_registros (business_id,fecha_hora,tipo,id) values (?,?,?,default)
Hibernate: insert into aforo_registros (business_id,fecha_hora,tipo,id) values (?,?,?,default)
Hibernate: insert into aforo_registros (business_id,fecha_hora,tipo,id) values (?,?,?,default)
Hibernate: insert into aforo_registros (business_id,fecha_hora,tipo,id) values (?,?,?,default)
Hibernate: insert into aforo_registros (business_id,fecha_hora,tipo,id) values (?,?,?,default)
Hibernate: insert into aforo_registros (business_id,fecha_hora,tipo,id) values (?,?,?,default)
Hibernate: insert into aforo_registros (business_id,fecha_hora,tipo,id) values (?,?,?,default)
Hibernate: insert into aforo_registros (business_id,fecha_hora,tipo,id) values (?,?,?,default)
Hibernate: insert into aforo_registros (business_id,fecha_hora,tipo,id) values (?,?,?,default)
Hibernate: insert into aforo_registros (business_id,fecha_hora,tipo,id) values (?,?,?,default)
Hibernate: insert into aforo_registros (business_id,fecha_hora,tipo,id) values (?,?,?,default)
Hibernate: insert into aforo_registros (business_id,fecha_hora,tipo,id) values (?,?,?,default)
Hibernate: insert into aforo_registros (business_id,fecha_hora,tipo,id) values (?,?,?,default)
Hibernate: insert into aforo_registros (business_id,fecha_hora,tipo,id) values (?,?,?,default)
Hibernate: insert into aforo_registros (business_id,fecha_hora,tipo,id) values (?,?,?,default)
Hibernate: insert into aforo_registros (business_id,fecha_hora,tipo,id) values (?,?,?,default)
Hibernate: insert into aforo_registros (business_id,fecha_hora,tipo,id) values (?,?,?,default)
Hibernate: insert into aforo_registros (business_id,fecha_hora,tipo,id) values (?,?,?,default)
Hibernate: insert into aforo_registros (business_id,fecha_hora,tipo,id) values (?,?,?,default)
Hibernate: insert into aforo_registros (business_id,fecha_hora,tipo,id) values (?,?,?,default)
Hibernate: insert into aforo_registros (business_id,fecha_hora,tipo,id) values (?,?,?,default)
Hibernate: insert into aforo_registros (business_id,fecha_hora,tipo,id) values (?,?,?,default)
Hibernate: insert into aforo_registros (business_id,fecha_hora,tipo,id) values (?,?,?,default)
Hibernate: insert into aforo_registros (business_id,fecha_hora,tipo,id) values (?,?,?,default)
Hibernate: insert into aforo_registros (business_id,fecha_hora,tipo,id) values (?,?,?,default)
Hibernate: insert into aforo_registros (business_id,fecha_hora,tipo,id) values (?,?,?,default)
Hibernate: insert into aforo_registros (business_id,fecha_hora,tipo,id) values (?,?,?,default)
Hibernate: insert into aforo_registros (business_id,fecha_hora,tipo,id) values (?,?,?,default)
Hibernate: insert into aforo_registros (business_id,fecha_hora,tipo,id) values (?,?,?,default)
Hibernate: insert into aforo_registros (business_id,fecha_hora,tipo,id) values (?,?,?,default)
Hibernate: insert into aforo_registros (business_id,fecha_hora,tipo,id) values (?,?,?,default)
Hibernate: insert into aforo_registros (business_id,fecha_hora,tipo,id) values (?,?,?,default)
Hibernate: insert into aforo_registros (business_id,fecha_hora,tipo,id) values (?,?,?,default)
Hibernate: insert into aforo_registros (business_id,fecha_hora,tipo,id) values (?,?,?,default)
Hibernate: insert into aforo_registros (business_id,fecha_hora,tipo,id) values (?,?,?,default)
Hibernate: insert into aforo_registros (business_id,fecha_hora,tipo,id) values (?,?,?,default)
Hibernate: insert into aforo_registros (business_id,fecha_hora,tipo,id) values (?,?,?,default)
Hibernate: insert into aforo_registros (business_id,fecha_hora,tipo,id) values (?,?,?,default)
Hibernate: insert into aforo_registros (business_id,fecha_hora,tipo,id) values (?,?,?,default)
Hibernate: insert into aforo_registros (business_id,fecha_hora,tipo,id) values (?,?,?,default)
Hibernate: insert into aforo_registros (business_id,fecha_hora,tipo,id) values (?,?,?,default)
Hibernate: insert into aforo_registros (business_id,fecha_hora,tipo,id) values (?,?,?,default)
Hibernate: insert into aforo_registros (business_id,fecha_hora,tipo,id) values (?,?,?,default)
Hibernate: insert into aforo_registros (business_id,fecha_hora,tipo,id) values (?,?,?,default)
Hibernate: insert into aforo_registros (business_id,fecha_hora,tipo,id) values (?,?,?,default)
Hibernate: insert into aforo_registros (business_id,fecha_hora,tipo,id) values (?,?,?,default)
Hibernate: insert into aforo_registros (business_id,fecha_hora,tipo,id) values (?,?,?,default)
Hibernate: insert into aforo_registros (business_id,fecha_hora,tipo,id) values (?,?,?,default)
Hibernate: insert into aforo_registros (business_id,fecha_hora,tipo,id) values (?,?,?,default)
Hibernate: insert into aforo_registros (business_id,fecha_hora,tipo,id) values (?,?,?,default)
Hibernate: insert into aforo_registros (business_id,fecha_hora,tipo,id) values (?,?,?,default)
Hibernate: insert into aforo_registros (business_id,fecha_hora,tipo,id) values (?,?,?,default)
Hibernate: insert into aforo_registros (business_id,fecha_hora,tipo,id) values (?,?,?,default)
Hibernate: insert into aforo_registros (business_id,fecha_hora,tipo,id) values (?,?,?,default)
Hibernate: insert into aforo_registros (business_id,fecha_hora,tipo,id) values (?,?,?,default)
Hibernate: insert into aforo_registros (business_id,fecha_hora,tipo,id) values (?,?,?,default)
Hibernate: insert into aforo_registros (business_id,fecha_hora,tipo,id) values (?,?,?,default)
Hibernate: insert into aforo_registros (business_id,fecha_hora,tipo,id) values (?,?,?,default)
Hibernate: insert into aforo_registros (business_id,fecha_hora,tipo,id) values (?,?,?,default)
Hibernate: insert into aforo_registros (business_id,fecha_hora,tipo,id) values (?,?,?,default)
Hibernate: insert into aforo_registros (business_id,fecha_hora,tipo,id) values (?,?,?,default)
Hibernate: insert into aforo_registros (business_id,fecha_hora,tipo,id) values (?,?,?,default)
Hibernate: insert into aforo_registros (business_id,fecha_hora,tipo,id) values (?,?,?,default)
Hibernate: insert into aforo_registros (business_id,fecha_hora,tipo,id) values (?,?,?,default)
Hibernate: insert into aforo_registros (business_id,fecha_hora,tipo,id) values (?,?,?,default)
Hibernate: insert into aforo_registros (business_id,fecha_hora,tipo,id) values (?,?,?,default)
Hibernate: insert into aforo_registros (business_id,fecha_hora,tipo,id) values (?,?,?,default)
Hibernate: insert into aforo_registros (business_id,fecha_hora,tipo,id) values (?,?,?,default)
Hibernate: insert into aforo_registros (business_id,fecha_hora,tipo,id) values (?,?,?,default)
Hibernate: insert into aforo_registros (business_id,fecha_hora,tipo,id) values (?,?,?,default)
Hibernate: insert into aforo_registros (business_id,fecha_hora,tipo,id) values (?,?,?,default)
Hibernate: insert into aforo_registros (business_id,fecha_hora,tipo,id) values (?,?,?,default)
Hibernate: insert into aforo_registros (business_id,fecha_hora,tipo,id) values (?,?,?,default)
Hibernate: insert into aforo_registros (business_id,fecha_hora,tipo,id) values (?,?,?,default)
Hibernate: insert into aforo_registros (business_id,fecha_hora,tipo,id) values (?,?,?,default)
Hibernate: insert into aforo_registros (business_id,fecha_hora,tipo,id) values (?,?,?,default)
Hibernate: insert into aforo_registros (business_id,fecha_hora,tipo,id) values (?,?,?,default)
Hibernate: insert into aforo_registros (business_id,fecha_hora,tipo,id) values (?,?,?,default)
Hibernate: insert into aforo_registros (business_id,fecha_hora,tipo,id) values (?,?,?,default)
Hibernate: insert into aforo_registros (business_id,fecha_hora,tipo,id) values (?,?,?,default)
Hibernate: insert into aforo_registros (business_id,fecha_hora,tipo,id) values (?,?,?,default)
Hibernate: insert into aforo_registros (business_id,fecha_hora,tipo,id) values (?,?,?,default)
Hibernate: insert into aforo_registros (business_id,fecha_hora,tipo,id) values (?,?,?,default)
Hibernate: insert into aforo_registros (business_id,fecha_hora,tipo,id) values (?,?,?,default)
Hibernate: insert into aforo_registros (business_id,fecha_hora,tipo,id) values (?,?,?,default)
Hibernate: insert into aforo_registros (business_id,fecha_hora,tipo,id) values (?,?,?,default)
Hibernate: insert into aforo_registros (business_id,fecha_hora,tipo,id) values (?,?,?,default)
Hibernate: insert into aforo_registros (business_id,fecha_hora,tipo,id) values (?,?,?,default)
Hibernate: insert into aforo_registros (business_id,fecha_hora,tipo,id) values (?,?,?,default)
Hibernate: insert into aforo_registros (business_id,fecha_hora,tipo,id) values (?,?,?,default)
Hibernate: insert into aforo_registros (business_id,fecha_hora,tipo,id) values (?,?,?,default)
Hibernate: insert into aforo_registros (business_id,fecha_hora,tipo,id) values (?,?,?,default)
Hibernate: insert into aforo_registros (business_id,fecha_hora,tipo,id) values (?,?,?,default)
Hibernate: insert into aforo_registros (business_id,fecha_hora,tipo,id) values (?,?,?,default)
Hibernate: insert into aforo_registros (business_id,fecha_hora,tipo,id) values (?,?,?,default)
Hibernate: insert into aforo_registros (business_id,fecha_hora,tipo,id) values (?,?,?,default)
Hibernate: insert into aforo_registros (business_id,fecha_hora,tipo,id) values (?,?,?,default)
Hibernate: insert into aforo_registros (business_id,fecha_hora,tipo,id) values (?,?,?,default)
Hibernate: insert into aforo_registros (business_id,fecha_hora,tipo,id) values (?,?,?,default)
Hibernate: insert into aforo_registros (business_id,fecha_hora,tipo,id) values (?,?,?,default)
Hibernate: insert into aforo_registros (business_id,fecha_hora,tipo,id) values (?,?,?,default)
Hibernate: insert into aforo_registros (business_id,fecha_hora,tipo,id) values (?,?,?,default)
Hibernate: insert into aforo_registros (business_id,fecha_hora,tipo,id) values (?,?,?,default)
Hibernate: insert into aforo_registros (business_id,fecha_hora,tipo,id) values (?,?,?,default)
Hibernate: insert into aforo_registros (business_id,fecha_hora,tipo,id) values (?,?,?,default)
Hibernate: insert into aforo_registros (business_id,fecha_hora,tipo,id) values (?,?,?,default)
Hibernate: insert into aforo_registros (business_id,fecha_hora,tipo,id) values (?,?,?,default)
Hibernate: insert into aforo_registros (business_id,fecha_hora,tipo,id) values (?,?,?,default)
Hibernate: insert into aforo_registros (business_id,fecha_hora,tipo,id) values (?,?,?,default)
Hibernate: insert into aforo_registros (business_id,fecha_hora,tipo,id) values (?,?,?,default)
Hibernate: insert into aforo_registros (business_id,fecha_hora,tipo,id) values (?,?,?,default)
Hibernate: insert into aforo_registros (business_id,fecha_hora,tipo,id) values (?,?,?,default)
Hibernate: insert into aforo_registros (business_id,fecha_hora,tipo,id) values (?,?,?,default)
Hibernate: insert into aforo_registros (business_id,fecha_hora,tipo,id) values (?,?,?,default)
Hibernate: insert into aforo_registros (business_id,fecha_hora,tipo,id) values (?,?,?,default)
Hibernate: insert into aforo_registros (business_id,fecha_hora,tipo,id) values (?,?,?,default)
Hibernate: insert into aforo_registros (business_id,fecha_hora,tipo,id) values (?,?,?,default)
Hibernate: insert into aforo_registros (business_id,fecha_hora,tipo,id) values (?,?,?,default)
Hibernate: insert into aforo_registros (business_id,fecha_hora,tipo,id) values (?,?,?,default)
Hibernate: insert into aforo_registros (business_id,fecha_hora,tipo,id) values (?,?,?,default)
Hibernate: insert into aforo_registros (business_id,fecha_hora,tipo,id) values (?,?,?,default)
Hibernate: insert into aforo_registros (business_id,fecha_hora,tipo,id) values (?,?,?,default)
Hibernate: insert into aforo_registros (business_id,fecha_hora,tipo,id) values (?,?,?,default)
Hibernate: insert into aforo_registros (business_id,fecha_hora,tipo,id) values (?,?,?,default)
Hibernate: insert into aforo_registros (business_id,fecha_hora,tipo,id) values (?,?,?,default)
Hibernate: insert into aforo_registros (business_id,fecha_hora,tipo,id) values (?,?,?,default)
Hibernate: insert into aforo_registros (business_id,fecha_hora,tipo,id) values (?,?,?,default)
Hibernate: insert into aforo_registros (business_id,fecha_hora,tipo,id) values (?,?,?,default)
Hibernate: insert into aforo_registros (business_id,fecha_hora,tipo,id) values (?,?,?,default)
Hibernate: insert into aforo_registros (business_id,fecha_hora,tipo,id) values (?,?,?,default)
Hibernate: insert into aforo_registros (business_id,fecha_hora,tipo,id) values (?,?,?,default)
Hibernate: insert into aforo_registros (business_id,fecha_hora,tipo,id) values (?,?,?,default)
Hibernate: insert into aforo_registros (business_id,fecha_hora,tipo,id) values (?,?,?,default)
Hibernate: insert into aforo_registros (business_id,fecha_hora,tipo,id) values (?,?,?,default)
Hibernate: insert into aforo_registros (business_id,fecha_hora,tipo,id) values (?,?,?,default)
Hibernate: insert into aforo_registros (business_id,fecha_hora,tipo,id) values (?,?,?,default)
Hibernate: insert into aforo_registros (business_id,fecha_hora,tipo,id) values (?,?,?,default)
Hibernate: insert into aforo_registros (business_id,fecha_hora,tipo,id) values (?,?,?,default)
Hibernate: insert into aforo_registros (business_id,fecha_hora,tipo,id) values (?,?,?,default)
Hibernate: insert into aforo_registros (business_id,fecha_hora,tipo,id) values (?,?,?,default)
Hibernate: insert into aforo_registros (business_id,fecha_hora,tipo,id) values (?,?,?,default)
Hibernate: insert into aforo_registros (business_id,fecha_hora,tipo,id) values (?,?,?,default)
Hibernate: insert into aforo_registros (business_id,fecha_hora,tipo,id) values (?,?,?,default)
Hibernate: insert into aforo_registros (business_id,fecha_hora,tipo,id) values (?,?,?,default)
Hibernate: insert into aforo_registros (business_id,fecha_hora,tipo,id) values (?,?,?,default)
Hibernate: insert into aforo_registros (business_id,fecha_hora,tipo,id) values (?,?,?,default)
Hibernate: insert into aforo_registros (business_id,fecha_hora,tipo,id) values (?,?,?,default)
Hibernate: insert into aforo_registros (business_id,fecha_hora,tipo,id) values (?,?,?,default)
Hibernate: insert into aforo_registros (business_id,fecha_hora,tipo,id) values (?,?,?,default)
Hibernate: insert into aforo_registros (business_id,fecha_hora,tipo,id) values (?,?,?,default)
Hibernate: insert into aforo_registros (business_id,fecha_hora,tipo,id) values (?,?,?,default)
Hibernate: insert into aforo_registros (business_id,fecha_hora,tipo,id) values (?,?,?,default)
Hibernate: insert into aforo_registros (business_id,fecha_hora,tipo,id) values (?,?,?,default)
Hibernate: insert into aforo_registros (business_id,fecha_hora,tipo,id) values (?,?,?,default)
Hibernate: insert into aforo_registros (business_id,fecha_hora,tipo,id) values (?,?,?,default)
Hibernate: insert into aforo_registros (business_id,fecha_hora,tipo,id) values (?,?,?,default)
Hibernate: insert into aforo_registros (business_id,fecha_hora,tipo,id) values (?,?,?,default)
Hibernate: insert into aforo_registros (business_id,fecha_hora,tipo,id) values (?,?,?,default)
Hibernate: insert into aforo_registros (business_id,fecha_hora,tipo,id) values (?,?,?,default)
Hibernate: insert into aforo_registros (business_id,fecha_hora,tipo,id) values (?,?,?,default)
Hibernate: insert into aforo_registros (business_id,fecha_hora,tipo,id) values (?,?,?,default)
Hibernate: insert into aforo_registros (business_id,fecha_hora,tipo,id) values (?,?,?,default)
Hibernate: insert into aforo_registros (business_id,fecha_hora,tipo,id) values (?,?,?,default)
Hibernate: insert into aforo_registros (business_id,fecha_hora,tipo,id) values (?,?,?,default)
Hibernate: insert into aforo_registros (business_id,fecha_hora,tipo,id) values (?,?,?,default)
Hibernate: insert into aforo_registros (business_id,fecha_hora,tipo,id) values (?,?,?,default)
Hibernate: insert into aforo_registros (business_id,fecha_hora,tipo,id) values (?,?,?,default)
Hibernate: insert into aforo_registros (business_id,fecha_hora,tipo,id) values (?,?,?,default)
Hibernate: insert into aforo_registros (business_id,fecha_hora,tipo,id) values (?,?,?,default)
Hibernate: insert into aforo_registros (business_id,fecha_hora,tipo,id) values (?,?,?,default)
Hibernate: insert into aforo_registros (business_id,fecha_hora,tipo,id) values (?,?,?,default)
Hibernate: insert into aforo_registros (business_id,fecha_hora,tipo,id) values (?,?,?,default)
Hibernate: insert into aforo_registros (business_id,fecha_hora,tipo,id) values (?,?,?,default)
Hibernate: insert into aforo_registros (business_id,fecha_hora,tipo,id) values (?,?,?,default)
Hibernate: insert into aforo_registros (business_id,fecha_hora,tipo,id) values (?,?,?,default)
Hibernate: insert into aforo_registros (business_id,fecha_hora,tipo,id) values (?,?,?,default)
Hibernate: insert into aforo_registros (business_id,fecha_hora,tipo,id) values (?,?,?,default)
Hibernate: insert into aforo_registros (business_id,fecha_hora,tipo,id) values (?,?,?,default)
Hibernate: insert into aforo_registros (business_id,fecha_hora,tipo,id) values (?,?,?,default)
Hibernate: insert into aforo_registros (business_id,fecha_hora,tipo,id) values (?,?,?,default)
Hibernate: insert into aforo_registros (business_id,fecha_hora,tipo,id) values (?,?,?,default)
Hibernate: insert into aforo_registros (business_id,fecha_hora,tipo,id) values (?,?,?,default)
Hibernate: insert into aforo_registros (business_id,fecha_hora,tipo,id) values (?,?,?,default)
Hibernate: insert into aforo_registros (business_id,fecha_hora,tipo,id) values (?,?,?,default)
Hibernate: insert into aforo_registros (business_id,fecha_hora,tipo,id) values (?,?,?,default)
Hibernate: insert into aforo_registros (business_id,fecha_hora,tipo,id) values (?,?,?,default)
Hibernate: insert into aforo_registros (business_id,fecha_hora,tipo,id) values (?,?,?,default)
Hibernate: insert into aforo_registros (business_id,fecha_hora,tipo,id) values (?,?,?,default)
Hibernate: insert into aforo_registros (business_id,fecha_hora,tipo,id) values (?,?,?,default)
Hibernate: insert into aforo_registros (business_id,fecha_hora,tipo,id) values (?,?,?,default)
Hibernate: insert into aforo_registros (business_id,fecha_hora,tipo,id) values (?,?,?,default)
Hibernate: insert into aforo_registros (business_id,fecha_hora,tipo,id) values (?,?,?,default)
Hibernate: insert into aforo_registros (business_id,fecha_hora,tipo,id) values (?,?,?,default)
Hibernate: insert into aforo_registros (business_id,fecha_hora,tipo,id) values (?,?,?,default)
Hibernate: insert into aforo_registros (business_id,fecha_hora,tipo,id) values (?,?,?,default)
Hibernate: insert into aforo_registros (business_id,fecha_hora,tipo,id) values (?,?,?,default)
Hibernate: insert into aforo_registros (business_id,fecha_hora,tipo,id) values (?,?,?,default)
Hibernate: insert into aforo_registros (business_id,fecha_hora,tipo,id) values (?,?,?,default)
Hibernate: insert into aforo_registros (business_id,fecha_hora,tipo,id) values (?,?,?,default)
Hibernate: insert into aforo_registros (business_id,fecha_hora,tipo,id) values (?,?,?,default)
Hibernate: insert into aforo_registros (business_id,fecha_hora,tipo,id) values (?,?,?,default)
Hibernate: insert into aforo_registros (business_id,fecha_hora,tipo,id) values (?,?,?,default)
Hibernate: insert into aforo_registros (business_id,fecha_hora,tipo,id) values (?,?,?,default)
Hibernate: insert into aforo_registros (business_id,fecha_hora,tipo,id) values (?,?,?,default)
Hibernate: insert into aforo_registros (business_id,fecha_hora,tipo,id) values (?,?,?,default)
Hibernate: insert into aforo_registros (business_id,fecha_hora,tipo,id) values (?,?,?,default)
Hibernate: insert into aforo_registros (business_id,fecha_hora,tipo,id) values (?,?,?,default)
Hibernate: insert into aforo_registros (business_id,fecha_hora,tipo,id) values (?,?,?,default)
Hibernate: insert into aforo_registros (business_id,fecha_hora,tipo,id) values (?,?,?,default)
Hibernate: insert into aforo_registros (business_id,fecha_hora,tipo,id) values (?,?,?,default)
Hibernate: insert into aforo_registros (business_id,fecha_hora,tipo,id) values (?,?,?,default)
Hibernate: insert into aforo_registros (business_id,fecha_hora,tipo,id) values (?,?,?,default)
Hibernate: insert into aforo_registros (business_id,fecha_hora,tipo,id) values (?,?,?,default)
Hibernate: insert into aforo_registros (business_id,fecha_hora,tipo,id) values (?,?,?,default)
Hibernate: insert into aforo_registros (business_id,fecha_hora,tipo,id) values (?,?,?,default)
Hibernate: insert into aforo_registros (business_id,fecha_hora,tipo,id) values (?,?,?,default)
Hibernate: insert into aforo_registros (business_id,fecha_hora,tipo,id) values (?,?,?,default)
Hibernate: insert into aforo_registros (business_id,fecha_hora,tipo,id) values (?,?,?,default)
Hibernate: insert into aforo_registros (business_id,fecha_hora,tipo,id) values (?,?,?,default)
Hibernate: insert into aforo_registros (business_id,fecha_hora,tipo,id) values (?,?,?,default)
Hibernate: insert into aforo_registros (business_id,fecha_hora,tipo,id) values (?,?,?,default)
Hibernate: insert into aforo_registros (business_id,fecha_hora,tipo,id) values (?,?,?,default)
Hibernate: insert into aforo_registros (business_id,fecha_hora,tipo,id) values (?,?,?,default)
Hibernate: insert into aforo_registros (business_id,fecha_hora,tipo,id) values (?,?,?,default)
Hibernate: insert into aforo_registros (business_id,fecha_hora,tipo,id) values (?,?,?,default)
Hibernate: insert into aforo_registros (business_id,fecha_hora,tipo,id) values (?,?,?,default)
Hibernate: insert into aforo_registros (business_id,fecha_hora,tipo,id) values (?,?,?,default)
Hibernate: insert into aforo_registros (business_id,fecha_hora,tipo,id) values (?,?,?,default)
Hibernate: insert into aforo_registros (business_id,fecha_hora,tipo,id) values (?,?,?,default)
Hibernate: insert into aforo_registros (business_id,fecha_hora,tipo,id) values (?,?,?,default)
Hibernate: insert into aforo_registros (business_id,fecha_hora,tipo,id) values (?,?,?,default)
Hibernate: insert into aforo_registros (business_id,fecha_hora,tipo,id) values (?,?,?,default)
Hibernate: insert into aforo_registros (business_id,fecha_hora,tipo,id) values (?,?,?,default)
Hibernate: insert into aforo_registros (business_id,fecha_hora,tipo,id) values (?,?,?,default)
Hibernate: insert into aforo_registros (business_id,fecha_hora,tipo,id) values (?,?,?,default)
Hibernate: insert into aforo_registros (business_id,fecha_hora,tipo,id) values (?,?,?,default)
Hibernate: insert into aforo_registros (business_id,fecha_hora,tipo,id) values (?,?,?,default)
Hibernate: insert into aforo_registros (business_id,fecha_hora,tipo,id) values (?,?,?,default)
Hibernate: insert into aforo_registros (business_id,fecha_hora,tipo,id) values (?,?,?,default)
Hibernate: insert into aforo_registros (business_id,fecha_hora,tipo,id) values (?,?,?,default)
Hibernate: insert into aforo_registros (business_id,fecha_hora,tipo,id) values (?,?,?,default)
Hibernate: insert into aforo_registros (business_id,fecha_hora,tipo,id) values (?,?,?,default)
Hibernate: insert into aforo_registros (business_id,fecha_hora,tipo,id) values (?,?,?,default)
Hibernate: insert into aforo_registros (business_id,fecha_hora,tipo,id) values (?,?,?,default)
Hibernate: insert into aforo_registros (business_id,fecha_hora,tipo,id) values (?,?,?,default)
Hibernate: insert into aforo_registros (business_id,fecha_hora,tipo,id) values (?,?,?,default)
Hibernate: insert into aforo_registros (business_id,fecha_hora,tipo,id) values (?,?,?,default)
Hibernate: insert into aforo_registros (business_id,fecha_hora,tipo,id) values (?,?,?,default)
Hibernate: insert into aforo_registros (business_id,fecha_hora,tipo,id) values (?,?,?,default)
Hibernate: insert into aforo_registros (business_id,fecha_hora,tipo,id) values (?,?,?,default)
Hibernate: insert into aforo_registros (business_id,fecha_hora,tipo,id) values (?,?,?,default)
Hibernate: insert into aforo_registros (business_id,fecha_hora,tipo,id) values (?,?,?,default)
Hibernate: insert into aforo_registros (business_id,fecha_hora,tipo,id) values (?,?,?,default)
Hibernate: insert into aforo_registros (business_id,fecha_hora,tipo,id) values (?,?,?,default)
Hibernate: insert into aforo_registros (business_id,fecha_hora,tipo,id) values (?,?,?,default)
Hibernate: insert into aforo_registros (business_id,fecha_hora,tipo,id) values (?,?,?,default)
Hibernate: insert into aforo_registros (business_id,fecha_hora,tipo,id) values (?,?,?,default)
Hibernate: insert into aforo_registros (business_id,fecha_hora,tipo,id) values (?,?,?,default)
Hibernate: insert into aforo_registros (business_id,fecha_hora,tipo,id) values (?,?,?,default)
Hibernate: insert into aforo_registros (business_id,fecha_hora,tipo,id) values (?,?,?,default)
Hibernate: insert into aforo_registros (business_id,fecha_hora,tipo,id) values (?,?,?,default)
Hibernate: insert into aforo_registros (business_id,fecha_hora,tipo,id) values (?,?,?,default)
Hibernate: insert into aforo_registros (business_id,fecha_hora,tipo,id) values (?,?,?,default)
Hibernate: insert into aforo_registros (business_id,fecha_hora,tipo,id) values (?,?,?,default)
Hibernate: insert into aforo_registros (business_id,fecha_hora,tipo,id) values (?,?,?,default)
Hibernate: insert into aforo_registros (business_id,fecha_hora,tipo,id) values (?,?,?,default)
Hibernate: insert into aforo_registros (business_id,fecha_hora,tipo,id) values (?,?,?,default)
Hibernate: insert into aforo_registros (business_id,fecha_hora,tipo,id) values (?,?,?,default)
Hibernate: insert into aforo_registros (business_id,fecha_hora,tipo,id) values (?,?,?,default)
Hibernate: insert into aforo_registros (business_id,fecha_hora,tipo,id) values (?,?,?,default)
Hibernate: insert into aforo_registros (business_id,fecha_hora,tipo,id) values (?,?,?,default)
Hibernate: insert into aforo_registros (business_id,fecha_hora,tipo,id) values (?,?,?,default)
Hibernate: insert into aforo_registros (business_id,fecha_hora,tipo,id) values (?,?,?,default)
Hibernate: insert into aforo_registros (business_id,fecha_hora,tipo,id) values (?,?,?,default)
Hibernate: insert into aforo_registros (business_id,fecha_hora,tipo,id) values (?,?,?,default)
Hibernate: insert into aforo_registros (business_id,fecha_hora,tipo,id) values (?,?,?,default)
Hibernate: insert into aforo_registros (business_id,fecha_hora,tipo,id) values (?,?,?,default)
Hibernate: insert into aforo_registros (business_id,fecha_hora,tipo,id) values (?,?,?,default)
Hibernate: insert into aforo_registros (business_id,fecha_hora,tipo,id) values (?,?,?,default)
Hibernate: insert into aforo_registros (business_id,fecha_hora,tipo,id) values (?,?,?,default)
Hibernate: insert into aforo_registros (business_id,fecha_hora,tipo,id) values (?,?,?,default)
Hibernate: insert into aforo_registros (business_id,fecha_hora,tipo,id) values (?,?,?,default)
Hibernate: insert into aforo_registros (business_id,fecha_hora,tipo,id) values (?,?,?,default)
Hibernate: insert into aforo_registros (business_id,fecha_hora,tipo,id) values (?,?,?,default)
Hibernate: insert into aforo_registros (business_id,fecha_hora,tipo,id) values (?,?,?,default)
Hibernate: insert into aforo_registros (business_id,fecha_hora,tipo,id) values (?,?,?,default)
Hibernate: insert into aforo_registros (business_id,fecha_hora,tipo,id) values (?,?,?,default)
Hibernate: insert into aforo_registros (business_id,fecha_hora,tipo,id) values (?,?,?,default)
Hibernate: insert into aforo_registros (business_id,fecha_hora,tipo,id) values (?,?,?,default)
Hibernate: insert into aforo_registros (business_id,fecha_hora,tipo,id) values (?,?,?,default)
Hibernate: insert into aforo_registros (business_id,fecha_hora,tipo,id) values (?,?,?,default)
Hibernate: insert into aforo_registros (business_id,fecha_hora,tipo,id) values (?,?,?,default)
Hibernate: insert into aforo_registros (business_id,fecha_hora,tipo,id) values (?,?,?,default)
Hibernate: insert into aforo_registros (business_id,fecha_hora,tipo,id) values (?,?,?,default)
Hibernate: insert into aforo_registros (business_id,fecha_hora,tipo,id) values (?,?,?,default)
Hibernate: insert into aforo_registros (business_id,fecha_hora,tipo,id) values (?,?,?,default)
Hibernate: insert into aforo_registros (business_id,fecha_hora,tipo,id) values (?,?,?,default)
Hibernate: insert into aforo_registros (business_id,fecha_hora,tipo,id) values (?,?,?,default)
Hibernate: insert into aforo_registros (business_id,fecha_hora,tipo,id) values (?,?,?,default)
Hibernate: insert into aforo_registros (business_id,fecha_hora,tipo,id) values (?,?,?,default)
Hibernate: insert into aforo_registros (business_id,fecha_hora,tipo,id) values (?,?,?,default)
Hibernate: insert into aforo_registros (business_id,fecha_hora,tipo,id) values (?,?,?,default)
Hibernate: insert into aforo_registros (business_id,fecha_hora,tipo,id) values (?,?,?,default)
Hibernate: insert into aforo_registros (business_id,fecha_hora,tipo,id) values (?,?,?,default)
Hibernate: insert into aforo_registros (business_id,fecha_hora,tipo,id) values (?,?,?,default)
Hibernate: insert into aforo_registros (business_id,fecha_hora,tipo,id) values (?,?,?,default)
Hibernate: insert into aforo_registros (business_id,fecha_hora,tipo,id) values (?,?,?,default)
Hibernate: insert into aforo_registros (business_id,fecha_hora,tipo,id) values (?,?,?,default)
Hibernate: insert into aforo_registros (business_id,fecha_hora,tipo,id) values (?,?,?,default)
Hibernate: insert into aforo_registros (business_id,fecha_hora,tipo,id) values (?,?,?,default)
Hibernate: insert into aforo_registros (business_id,fecha_hora,tipo,id) values (?,?,?,default)
Hibernate: insert into aforo_registros (business_id,fecha_hora,tipo,id) values (?,?,?,default)
Hibernate: insert into aforo_registros (business_id,fecha_hora,tipo,id) values (?,?,?,default)
Hibernate: insert into aforo_registros (business_id,fecha_hora,tipo,id) values (?,?,?,default)
Hibernate: insert into aforo_registros (business_id,fecha_hora,tipo,id) values (?,?,?,default)
Hibernate: insert into aforo_registros (business_id,fecha_hora,tipo,id) values (?,?,?,default)
Hibernate: insert into aforo_registros (business_id,fecha_hora,tipo,id) values (?,?,?,default)
Hibernate: insert into aforo_registros (business_id,fecha_hora,tipo,id) values (?,?,?,default)
Hibernate: insert into aforo_registros (business_id,fecha_hora,tipo,id) values (?,?,?,default)
Hibernate: insert into aforo_registros (business_id,fecha_hora,tipo,id) values (?,?,?,default)
Hibernate: insert into aforo_registros (business_id,fecha_hora,tipo,id) values (?,?,?,default)
Hibernate: insert into aforo_registros (business_id,fecha_hora,tipo,id) values (?,?,?,default)
Hibernate: insert into aforo_registros (business_id,fecha_hora,tipo,id) values (?,?,?,default)
Hibernate: insert into aforo_registros (business_id,fecha_hora,tipo,id) values (?,?,?,default)
Hibernate: insert into aforo_registros (business_id,fecha_hora,tipo,id) values (?,?,?,default)
Hibernate: insert into aforo_registros (business_id,fecha_hora,tipo,id) values (?,?,?,default)
Hibernate: insert into aforo_registros (business_id,fecha_hora,tipo,id) values (?,?,?,default)
Hibernate: insert into aforo_registros (business_id,fecha_hora,tipo,id) values (?,?,?,default)
Hibernate: insert into aforo_registros (business_id,fecha_hora,tipo,id) values (?,?,?,default)
Hibernate: insert into aforo_registros (business_id,fecha_hora,tipo,id) values (?,?,?,default)
Hibernate: insert into aforo_registros (business_id,fecha_hora,tipo,id) values (?,?,?,default)
Hibernate: insert into aforo_registros (business_id,fecha_hora,tipo,id) values (?,?,?,default)
Hibernate: insert into aforo_registros (business_id,fecha_hora,tipo,id) values (?,?,?,default)
Hibernate: insert into aforo_registros (business_id,fecha_hora,tipo,id) values (?,?,?,default)
Hibernate: insert into aforo_registros (business_id,fecha_hora,tipo,id) values (?,?,?,default)
Hibernate: insert into aforo_registros (business_id,fecha_hora,tipo,id) values (?,?,?,default)
Hibernate: insert into aforo_registros (business_id,fecha_hora,tipo,id) values (?,?,?,default)
Hibernate: insert into aforo_registros (business_id,fecha_hora,tipo,id) values (?,?,?,default)
Hibernate: insert into aforo_registros (business_id,fecha_hora,tipo,id) values (?,?,?,default)
Hibernate: insert into aforo_registros (business_id,fecha_hora,tipo,id) values (?,?,?,default)
Hibernate: insert into aforo_registros (business_id,fecha_hora,tipo,id) values (?,?,?,default)
Hibernate: insert into aforo_registros (business_id,fecha_hora,tipo,id) values (?,?,?,default)
Hibernate: insert into aforo_registros (business_id,fecha_hora,tipo,id) values (?,?,?,default)
Hibernate: insert into aforo_registros (business_id,fecha_hora,tipo,id) values (?,?,?,default)
Hibernate: insert into aforo_registros (business_id,fecha_hora,tipo,id) values (?,?,?,default)
Hibernate: insert into aforo_registros (business_id,fecha_hora,tipo,id) values (?,?,?,default)
Hibernate: insert into aforo_registros (business_id,fecha_hora,tipo,id) values (?,?,?,default)
Hibernate: insert into aforo_registros (business_id,fecha_hora,tipo,id) values (?,?,?,default)
Hibernate: insert into aforo_registros (business_id,fecha_hora,tipo,id) values (?,?,?,default)
Hibernate: insert into aforo_registros (business_id,fecha_hora,tipo,id) values (?,?,?,default)
Hibernate: insert into aforo_registros (business_id,fecha_hora,tipo,id) values (?,?,?,default)
Hibernate: insert into aforo_registros (business_id,fecha_hora,tipo,id) values (?,?,?,default)
Hibernate: insert into aforo_registros (business_id,fecha_hora,tipo,id) values (?,?,?,default)
Hibernate: insert into aforo_registros (business_id,fecha_hora,tipo,id) values (?,?,?,default)
Hibernate: insert into aforo_registros (business_id,fecha_hora,tipo,id) values (?,?,?,default)
Hibernate: insert into aforo_registros (business_id,fecha_hora,tipo,id) values (?,?,?,default)
Hibernate: insert into aforo_registros (business_id,fecha_hora,tipo,id) values (?,?,?,default)
Hibernate: insert into aforo_registros (business_id,fecha_hora,tipo,id) values (?,?,?,default)
Hibernate: insert into aforo_registros (business_id,fecha_hora,tipo,id) values (?,?,?,default)
Hibernate: insert into aforo_registros (business_id,fecha_hora,tipo,id) values (?,?,?,default)
Hibernate: insert into aforo_registros (business_id,fecha_hora,tipo,id) values (?,?,?,default)
Hibernate: insert into aforo_registros (business_id,fecha_hora,tipo,id) values (?,?,?,default)
Hibernate: insert into aforo_registros (business_id,fecha_hora,tipo,id) values (?,?,?,default)
Hibernate: insert into aforo_registros (business_id,fecha_hora,tipo,id) values (?,?,?,default)
Hibernate: insert into aforo_registros (business_id,fecha_hora,tipo,id) values (?,?,?,default)
Hibernate: insert into aforo_registros (business_id,fecha_hora,tipo,id) values (?,?,?,default)
Hibernate: insert into aforo_registros (business_id,fecha_hora,tipo,id) values (?,?,?,default)
Hibernate: insert into aforo_registros (business_id,fecha_hora,tipo,id) values (?,?,?,default)
Hibernate: insert into aforo_registros (business_id,fecha_hora,tipo,id) values (?,?,?,default)
Hibernate: insert into aforo_registros (business_id,fecha_hora,tipo,id) values (?,?,?,default)
Hibernate: insert into aforo_registros (business_id,fecha_hora,tipo,id) values (?,?,?,default)
Hibernate: insert into aforo_registros (business_id,fecha_hora,tipo,id) values (?,?,?,default)
Hibernate: insert into aforo_registros (business_id,fecha_hora,tipo,id) values (?,?,?,default)
Hibernate: insert into aforo_registros (business_id,fecha_hora,tipo,id) values (?,?,?,default)
Hibernate: insert into aforo_registros (business_id,fecha_hora,tipo,id) values (?,?,?,default)
Hibernate: insert into aforo_registros (business_id,fecha_hora,tipo,id) values (?,?,?,default)
Hibernate: insert into aforo_registros (business_id,fecha_hora,tipo,id) values (?,?,?,default)
Hibernate: insert into aforo_registros (business_id,fecha_hora,tipo,id) values (?,?,?,default)
Hibernate: insert into aforo_registros (business_id,fecha_hora,tipo,id) values (?,?,?,default)
Hibernate: insert into aforo_registros (business_id,fecha_hora,tipo,id) values (?,?,?,default)
Hibernate: insert into aforo_registros (business_id,fecha_hora,tipo,id) values (?,?,?,default)
Hibernate: insert into aforo_registros (business_id,fecha_hora,tipo,id) values (?,?,?,default)
Hibernate: insert into aforo_registros (business_id,fecha_hora,tipo,id) values (?,?,?,default)
Hibernate: insert into aforo_registros (business_id,fecha_hora,tipo,id) values (?,?,?,default)
Hibernate: insert into aforo_registros (business_id,fecha_hora,tipo,id) values (?,?,?,default)
Hibernate: insert into aforo_registros (business_id,fecha_hora,tipo,id) values (?,?,?,default)
Hibernate: insert into aforo_registros (business_id,fecha_hora,tipo,id) values (?,?,?,default)
Hibernate: insert into aforo_registros (business_id,fecha_hora,tipo,id) values (?,?,?,default)
Hibernate: insert into aforo_registros (business_id,fecha_hora,tipo,id) values (?,?,?,default)
Hibernate: insert into aforo_registros (business_id,fecha_hora,tipo,id) values (?,?,?,default)
Hibernate: insert into aforo_registros (business_id,fecha_hora,tipo,id) values (?,?,?,default)
Hibernate: insert into aforo_registros (business_id,fecha_hora,tipo,id) values (?,?,?,default)
Hibernate: insert into aforo_registros (business_id,fecha_hora,tipo,id) values (?,?,?,default)
Hibernate: insert into aforo_registros (business_id,fecha_hora,tipo,id) values (?,?,?,default)
Hibernate: insert into aforo_registros (business_id,fecha_hora,tipo,id) values (?,?,?,default)
Hibernate: insert into aforo_registros (business_id,fecha_hora,tipo,id) values (?,?,?,default)
Hibernate: insert into aforo_registros (business_id,fecha_hora,tipo,id) values (?,?,?,default)
Hibernate: insert into aforo_registros (business_id,fecha_hora,tipo,id) values (?,?,?,default)
Hibernate: insert into aforo_registros (business_id,fecha_hora,tipo,id) values (?,?,?,default)
Hibernate: insert into aforo_registros (business_id,fecha_hora,tipo,id) values (?,?,?,default)
Hibernate: insert into aforo_registros (business_id,fecha_hora,tipo,id) values (?,?,?,default)
Hibernate: insert into aforo_registros (business_id,fecha_hora,tipo,id) values (?,?,?,default)
Hibernate: insert into aforo_registros (business_id,fecha_hora,tipo,id) values (?,?,?,default)
Hibernate: insert into aforo_registros (business_id,fecha_hora,tipo,id) values (?,?,?,default)
Hibernate: insert into aforo_registros (business_id,fecha_hora,tipo,id) values (?,?,?,default)
Hibernate: insert into aforo_registros (business_id,fecha_hora,tipo,id) values (?,?,?,default)
Hibernate: insert into aforo_registros (business_id,fecha_hora,tipo,id) values (?,?,?,default)
Hibernate: insert into aforo_registros (business_id,fecha_hora,tipo,id) values (?,?,?,default)
Hibernate: insert into aforo_registros (business_id,fecha_hora,tipo,id) values (?,?,?,default)
Hibernate: insert into aforo_registros (business_id,fecha_hora,tipo,id) values (?,?,?,default)
Hibernate: insert into aforo_registros (business_id,fecha_hora,tipo,id) values (?,?,?,default)
Hibernate: insert into aforo_registros (business_id,fecha_hora,tipo,id) values (?,?,?,default)
Hibernate: insert into aforo_registros (business_id,fecha_hora,tipo,id) values (?,?,?,default)
Hibernate: insert into aforo_registros (business_id,fecha_hora,tipo,id) values (?,?,?,default)
Hibernate: insert into aforo_registros (business_id,fecha_hora,tipo,id) values (?,?,?,default)
Hibernate: insert into aforo_registros (business_id,fecha_hora,tipo,id) values (?,?,?,default)
Hibernate: insert into aforo_registros (business_id,fecha_hora,tipo,id) values (?,?,?,default)
Hibernate: insert into aforo_registros (business_id,fecha_hora,tipo,id) values (?,?,?,default)
Hibernate: insert into aforo_registros (business_id,fecha_hora,tipo,id) values (?,?,?,default)
Hibernate: insert into aforo_registros (business_id,fecha_hora,tipo,id) values (?,?,?,default)
Hibernate: insert into aforo_registros (business_id,fecha_hora,tipo,id) values (?,?,?,default)
Hibernate: insert into aforo_registros (business_id,fecha_hora,tipo,id) values (?,?,?,default)
Hibernate: insert into aforo_registros (business_id,fecha_hora,tipo,id) values (?,?,?,default)
Hibernate: insert into aforo_registros (business_id,fecha_hora,tipo,id) values (?,?,?,default)
Hibernate: insert into aforo_registros (business_id,fecha_hora,tipo,id) values (?,?,?,default)
Hibernate: insert into aforo_registros (business_id,fecha_hora,tipo,id) values (?,?,?,default)
Hibernate: insert into aforo_registros (business_id,fecha_hora,tipo,id) values (?,?,?,default)
Hibernate: insert into aforo_registros (business_id,fecha_hora,tipo,id) values (?,?,?,default)
Hibernate: insert into aforo_registros (business_id,fecha_hora,tipo,id) values (?,?,?,default)
Hibernate: insert into aforo_registros (business_id,fecha_hora,tipo,id) values (?,?,?,default)
Hibernate: insert into aforo_registros (business_id,fecha_hora,tipo,id) values (?,?,?,default)
Hibernate: insert into aforo_registros (business_id,fecha_hora,tipo,id) values (?,?,?,default)
Hibernate: insert into aforo_registros (business_id,fecha_hora,tipo,id) values (?,?,?,default)
Hibernate: insert into aforo_registros (business_id,fecha_hora,tipo,id) values (?,?,?,default)
Hibernate: insert into aforo_registros (business_id,fecha_hora,tipo,id) values (?,?,?,default)
Hibernate: insert into aforo_registros (business_id,fecha_hora,tipo,id) values (?,?,?,default)
Hibernate: insert into aforo_registros (business_id,fecha_hora,tipo,id) values (?,?,?,default)
Hibernate: insert into aforo_registros (business_id,fecha_hora,tipo,id) values (?,?,?,default)
Hibernate: insert into aforo_registros (business_id,fecha_hora,tipo,id) values (?,?,?,default)
Hibernate: insert into aforo_registros (business_id,fecha_hora,tipo,id) values (?,?,?,default)
Hibernate: insert into aforo_registros (business_id,fecha_hora,tipo,id) values (?,?,?,default)
Hibernate: insert into aforo_registros (business_id,fecha_hora,tipo,id) values (?,?,?,default)
Hibernate: insert into aforo_registros (business_id,fecha_hora,tipo,id) values (?,?,?,default)
Hibernate: insert into aforo_registros (business_id,fecha_hora,tipo,id) values (?,?,?,default)
Hibernate: insert into aforo_registros (business_id,fecha_hora,tipo,id) values (?,?,?,default)
Hibernate: insert into aforo_registros (business_id,fecha_hora,tipo,id) values (?,?,?,default)
Hibernate: insert into aforo_registros (business_id,fecha_hora,tipo,id) values (?,?,?,default)
Hibernate: insert into aforo_registros (business_id,fecha_hora,tipo,id) values (?,?,?,default)
Hibernate: insert into aforo_registros (business_id,fecha_hora,tipo,id) values (?,?,?,default)
Hibernate: insert into aforo_registros (business_id,fecha_hora,tipo,id) values (?,?,?,default)
Hibernate: insert into aforo_registros (business_id,fecha_hora,tipo,id) values (?,?,?,default)
Hibernate: insert into aforo_registros (business_id,fecha_hora,tipo,id) values (?,?,?,default)
Hibernate: insert into aforo_registros (business_id,fecha_hora,tipo,id) values (?,?,?,default)
Hibernate: insert into aforo_registros (business_id,fecha_hora,tipo,id) values (?,?,?,default)
Hibernate: insert into aforo_registros (business_id,fecha_hora,tipo,id) values (?,?,?,default)
Hibernate: insert into aforo_registros (business_id,fecha_hora,tipo,id) values (?,?,?,default)
Hibernate: insert into aforo_registros (business_id,fecha_hora,tipo,id) values (?,?,?,default)
Hibernate: insert into aforo_registros (business_id,fecha_hora,tipo,id) values (?,?,?,default)
Hibernate: insert into aforo_registros (business_id,fecha_hora,tipo,id) values (?,?,?,default)
Hibernate: insert into aforo_registros (business_id,fecha_hora,tipo,id) values (?,?,?,default)
Hibernate: insert into aforo_registros (business_id,fecha_hora,tipo,id) values (?,?,?,default)
Hibernate: insert into aforo_registros (business_id,fecha_hora,tipo,id) values (?,?,?,default)
Hibernate: insert into aforo_registros (business_id,fecha_hora,tipo,id) values (?,?,?,default)
Hibernate: insert into aforo_registros (business_id,fecha_hora,tipo,id) values (?,?,?,default)
Hibernate: insert into aforo_registros (business_id,fecha_hora,tipo,id) values (?,?,?,default)
Hibernate: insert into aforo_registros (business_id,fecha_hora,tipo,id) values (?,?,?,default)
Hibernate: insert into aforo_registros (business_id,fecha_hora,tipo,id) values (?,?,?,default)
Hibernate: insert into aforo_registros (business_id,fecha_hora,tipo,id) values (?,?,?,default)
Hibernate: insert into aforo_registros (business_id,fecha_hora,tipo,id) values (?,?,?,default)
Hibernate: insert into aforo_registros (business_id,fecha_hora,tipo,id) values (?,?,?,default)
Hibernate: insert into aforo_registros (business_id,fecha_hora,tipo,id) values (?,?,?,default)
Hibernate: insert into aforo_registros (business_id,fecha_hora,tipo,id) values (?,?,?,default)
Hibernate: insert into aforo_registros (business_id,fecha_hora,tipo,id) values (?,?,?,default)
Hibernate: insert into aforo_registros (business_id,fecha_hora,tipo,id) values (?,?,?,default)
Hibernate: insert into aforo_registros (business_id,fecha_hora,tipo,id) values (?,?,?,default)
Hibernate: insert into aforo_registros (business_id,fecha_hora,tipo,id) values (?,?,?,default)
Hibernate: insert into aforo_registros (business_id,fecha_hora,tipo,id) values (?,?,?,default)
Hibernate: insert into aforo_registros (business_id,fecha_hora,tipo,id) values (?,?,?,default)
Hibernate: insert into aforo_registros (business_id,fecha_hora,tipo,id) values (?,?,?,default)
Hibernate: insert into aforo_registros (business_id,fecha_hora,tipo,id) values (?,?,?,default)
Hibernate: insert into aforo_registros (business_id,fecha_hora,tipo,id) values (?,?,?,default)
Hibernate: insert into aforo_registros (business_id,fecha_hora,tipo,id) values (?,?,?,default)
Hibernate: insert into aforo_registros (business_id,fecha_hora,tipo,id) values (?,?,?,default)
Hibernate: insert into aforo_registros (business_id,fecha_hora,tipo,id) values (?,?,?,default)
Hibernate: insert into aforo_registros (business_id,fecha_hora,tipo,id) values (?,?,?,default)
Hibernate: insert into aforo_registros (business_id,fecha_hora,tipo,id) values (?,?,?,default)
Hibernate: insert into aforo_registros (business_id,fecha_hora,tipo,id) values (?,?,?,default)
Hibernate: insert into aforo_registros (business_id,fecha_hora,tipo,id) values (?,?,?,default)
Hibernate: insert into aforo_registros (business_id,fecha_hora,tipo,id) values (?,?,?,default)
Hibernate: insert into aforo_registros (business_id,fecha_hora,tipo,id) values (?,?,?,default)
Hibernate: insert into aforo_registros (business_id,fecha_hora,tipo,id) values (?,?,?,default)
Hibernate: insert into aforo_registros (business_id,fecha_hora,tipo,id) values (?,?,?,default)
Hibernate: insert into aforo_registros (business_id,fecha_hora,tipo,id) values (?,?,?,default)
Hibernate: insert into aforo_registros (business_id,fecha_hora,tipo,id) values (?,?,?,default)
Hibernate: insert into aforo_registros (business_id,fecha_hora,tipo,id) values (?,?,?,default)
Hibernate: insert into aforo_registros (business_id,fecha_hora,tipo,id) values (?,?,?,default)
Hibernate: insert into aforo_registros (business_id,fecha_hora,tipo,id) values (?,?,?,default)
Hibernate: insert into aforo_registros (business_id,fecha_hora,tipo,id) values (?,?,?,default)
Hibernate: insert into aforo_registros (business_id,fecha_hora,tipo,id) values (?,?,?,default)
Hibernate: insert into aforo_registros (business_id,fecha_hora,tipo,id) values (?,?,?,default)
Hibernate: insert into aforo_registros (business_id,fecha_hora,tipo,id) values (?,?,?,default)
Hibernate: insert into aforo_registros (business_id,fecha_hora,tipo,id) values (?,?,?,default)
Hibernate: insert into aforo_registros (business_id,fecha_hora,tipo,id) values (?,?,?,default)
Hibernate: insert into aforo_registros (business_id,fecha_hora,tipo,id) values (?,?,?,default)
Hibernate: insert into aforo_registros (business_id,fecha_hora,tipo,id) values (?,?,?,default)
Hibernate: insert into aforo_registros (business_id,fecha_hora,tipo,id) values (?,?,?,default)
Hibernate: insert into aforo_registros (business_id,fecha_hora,tipo,id) values (?,?,?,default)
Hibernate: insert into aforo_registros (business_id,fecha_hora,tipo,id) values (?,?,?,default)
Hibernate: insert into aforo_registros (business_id,fecha_hora,tipo,id) values (?,?,?,default)
Hibernate: insert into aforo_registros (business_id,fecha_hora,tipo,id) values (?,?,?,default)
Hibernate: insert into aforo_registros (business_id,fecha_hora,tipo,id) values (?,?,?,default)
Hibernate: insert into aforo_registros (business_id,fecha_hora,tipo,id) values (?,?,?,default)
Hibernate: insert into aforo_registros (business_id,fecha_hora,tipo,id) values (?,?,?,default)
Hibernate: insert into aforo_registros (business_id,fecha_hora,tipo,id) values (?,?,?,default)
Hibernate: insert into aforo_registros (business_id,fecha_hora,tipo,id) values (?,?,?,default)
Hibernate: insert into aforo_registros (business_id,fecha_hora,tipo,id) values (?,?,?,default)
Hibernate: insert into aforo_registros (business_id,fecha_hora,tipo,id) values (?,?,?,default)
Hibernate: insert into aforo_registros (business_id,fecha_hora,tipo,id) values (?,?,?,default)
Hibernate: insert into aforo_registros (business_id,fecha_hora,tipo,id) values (?,?,?,default)
Hibernate: insert into aforo_registros (business_id,fecha_hora,tipo,id) values (?,?,?,default)
Hibernate: insert into aforo_registros (business_id,fecha_hora,tipo,id) values (?,?,?,default)
Hibernate: insert into aforo_registros (business_id,fecha_hora,tipo,id) values (?,?,?,default)
Hibernate: insert into aforo_registros (business_id,fecha_hora,tipo,id) values (?,?,?,default)
Hibernate: insert into aforo_registros (business_id,fecha_hora,tipo,id) values (?,?,?,default)
Hibernate: insert into aforo_registros (business_id,fecha_hora,tipo,id) values (?,?,?,default)
Hibernate: insert into aforo_registros (business_id,fecha_hora,tipo,id) values (?,?,?,default)
Hibernate: insert into aforo_registros (business_id,fecha_hora,tipo,id) values (?,?,?,default)
Hibernate: insert into aforo_registros (business_id,fecha_hora,tipo,id) values (?,?,?,default)
Hibernate: insert into aforo_registros (business_id,fecha_hora,tipo,id) values (?,?,?,default)
Hibernate: insert into aforo_registros (business_id,fecha_hora,tipo,id) values (?,?,?,default)
Hibernate: insert into aforo_registros (business_id,fecha_hora,tipo,id) values (?,?,?,default)
Hibernate: insert into aforo_registros (business_id,fecha_hora,tipo,id) values (?,?,?,default)
Hibernate: insert into aforo_registros (business_id,fecha_hora,tipo,id) values (?,?,?,default)
Hibernate: insert into aforo_registros (business_id,fecha_hora,tipo,id) values (?,?,?,default)
Hibernate: insert into aforo_registros (business_id,fecha_hora,tipo,id) values (?,?,?,default)
Hibernate: insert into aforo_registros (business_id,fecha_hora,tipo,id) values (?,?,?,default)
Hibernate: insert into aforo_registros (business_id,fecha_hora,tipo,id) values (?,?,?,default)
Hibernate: insert into aforo_registros (business_id,fecha_hora,tipo,id) values (?,?,?,default)
Hibernate: insert into aforo_registros (business_id,fecha_hora,tipo,id) values (?,?,?,default)
Hibernate: insert into aforo_registros (business_id,fecha_hora,tipo,id) values (?,?,?,default)
Hibernate: insert into aforo_registros (business_id,fecha_hora,tipo,id) values (?,?,?,default)
Hibernate: insert into aforo_registros (business_id,fecha_hora,tipo,id) values (?,?,?,default)
Hibernate: insert into aforo_registros (business_id,fecha_hora,tipo,id) values (?,?,?,default)
Hibernate: insert into aforo_registros (business_id,fecha_hora,tipo,id) values (?,?,?,default)
Hibernate: insert into aforo_registros (business_id,fecha_hora,tipo,id) values (?,?,?,default)
Hibernate: insert into aforo_registros (business_id,fecha_hora,tipo,id) values (?,?,?,default)
Hibernate: insert into aforo_registros (business_id,fecha_hora,tipo,id) values (?,?,?,default)
Hibernate: insert into aforo_registros (business_id,fecha_hora,tipo,id) values (?,?,?,default)
Hibernate: insert into aforo_registros (business_id,fecha_hora,tipo,id) values (?,?,?,default)
Hibernate: insert into aforo_registros (business_id,fecha_hora,tipo,id) values (?,?,?,default)
Hibernate: insert into aforo_registros (business_id,fecha_hora,tipo,id) values (?,?,?,default)
Hibernate: insert into aforo_registros (business_id,fecha_hora,tipo,id) values (?,?,?,default)
Hibernate: insert into aforo_registros (business_id,fecha_hora,tipo,id) values (?,?,?,default)
Hibernate: insert into aforo_registros (business_id,fecha_hora,tipo,id) values (?,?,?,default)
Hibernate: insert into aforo_registros (business_id,fecha_hora,tipo,id) values (?,?,?,default)
Hibernate: insert into aforo_registros (business_id,fecha_hora,tipo,id) values (?,?,?,default)
Hibernate: insert into aforo_registros (business_id,fecha_hora,tipo,id) values (?,?,?,default)
Hibernate: insert into aforo_registros (business_id,fecha_hora,tipo,id) values (?,?,?,default)
Hibernate: insert into aforo_registros (business_id,fecha_hora,tipo,id) values (?,?,?,default)
Hibernate: insert into aforo_registros (business_id,fecha_hora,tipo,id) values (?,?,?,default)
Hibernate: insert into aforo_registros (business_id,fecha_hora,tipo,id) values (?,?,?,default)
Hibernate: insert into aforo_registros (business_id,fecha_hora,tipo,id) values (?,?,?,default)
Hibernate: insert into aforo_registros (business_id,fecha_hora,tipo,id) values (?,?,?,default)
Hibernate: insert into aforo_registros (business_id,fecha_hora,tipo,id) values (?,?,?,default)
Hibernate: insert into aforo_registros (business_id,fecha_hora,tipo,id) values (?,?,?,default)
Hibernate: insert into aforo_registros (business_id,fecha_hora,tipo,id) values (?,?,?,default)
Hibernate: insert into aforo_registros (business_id,fecha_hora,tipo,id) values (?,?,?,default)
Hibernate: insert into aforo_registros (business_id,fecha_hora,tipo,id) values (?,?,?,default)
Hibernate: insert into aforo_registros (business_id,fecha_hora,tipo,id) values (?,?,?,default)
Hibernate: insert into aforo_registros (business_id,fecha_hora,tipo,id) values (?,?,?,default)
Hibernate: insert into aforo_registros (business_id,fecha_hora,tipo,id) values (?,?,?,default)
Hibernate: insert into aforo_registros (business_id,fecha_hora,tipo,id) values (?,?,?,default)
Hibernate: insert into aforo_registros (business_id,fecha_hora,tipo,id) values (?,?,?,default)
Hibernate: insert into aforo_registros (business_id,fecha_hora,tipo,id) values (?,?,?,default)
Hibernate: insert into aforo_registros (business_id,fecha_hora,tipo,id) values (?,?,?,default)
Hibernate: insert into aforo_registros (business_id,fecha_hora,tipo,id) values (?,?,?,default)
Hibernate: insert into aforo_registros (business_id,fecha_hora,tipo,id) values (?,?,?,default)
Hibernate: insert into aforo_registros (business_id,fecha_hora,tipo,id) values (?,?,?,default)
Hibernate: insert into aforo_registros (business_id,fecha_hora,tipo,id) values (?,?,?,default)
Hibernate: insert into aforo_registros (business_id,fecha_hora,tipo,id) values (?,?,?,default)
Hibernate: insert into aforo_registros (business_id,fecha_hora,tipo,id) values (?,?,?,default)
Hibernate: insert into aforo_registros (business_id,fecha_hora,tipo,id) values (?,?,?,default)
Hibernate: insert into aforo_registros (business_id,fecha_hora,tipo,id) values (?,?,?,default)
Hibernate: insert into aforo_registros (business_id,fecha_hora,tipo,id) values (?,?,?,default)
Hibernate: insert into aforo_registros (business_id,fecha_hora,tipo,id) values (?,?,?,default)
Hibernate: insert into aforo_registros (business_id,fecha_hora,tipo,id) values (?,?,?,default)
Hibernate: insert into aforo_registros (business_id,fecha_hora,tipo,id) values (?,?,?,default)
Hibernate: insert into aforo_registros (business_id,fecha_hora,tipo,id) values (?,?,?,default)
Hibernate: insert into aforo_registros (business_id,fecha_hora,tipo,id) values (?,?,?,default)
Hibernate: insert into aforo_registros (business_id,fecha_hora,tipo,id) values (?,?,?,default)
Hibernate: insert into aforo_registros (business_id,fecha_hora,tipo,id) values (?,?,?,default)
Hibernate: insert into aforo_registros (business_id,fecha_hora,tipo,id) values (?,?,?,default)
Hibernate: insert into aforo_registros (business_id,fecha_hora,tipo,id) values (?,?,?,default)
Hibernate: insert into aforo_registros (business_id,fecha_hora,tipo,id) values (?,?,?,default)
Hibernate: insert into aforo_registros (business_id,fecha_hora,tipo,id) values (?,?,?,default)
Hibernate: insert into aforo_registros (business_id,fecha_hora,tipo,id) values (?,?,?,default)
Hibernate: insert into aforo_registros (business_id,fecha_hora,tipo,id) values (?,?,?,default)
Hibernate: insert into aforo_registros (business_id,fecha_hora,tipo,id) values (?,?,?,default)
Hibernate: insert into aforo_registros (business_id,fecha_hora,tipo,id) values (?,?,?,default)
Hibernate: insert into aforo_registros (business_id,fecha_hora,tipo,id) values (?,?,?,default)
Hibernate: insert into aforo_registros (business_id,fecha_hora,tipo,id) values (?,?,?,default)
Hibernate: insert into aforo_registros (business_id,fecha_hora,tipo,id) values (?,?,?,default)
Hibernate: insert into aforo_registros (business_id,fecha_hora,tipo,id) values (?,?,?,default)
Hibernate: insert into aforo_registros (business_id,fecha_hora,tipo,id) values (?,?,?,default)
Hibernate: insert into aforo_registros (business_id,fecha_hora,tipo,id) values (?,?,?,default)
Hibernate: insert into aforo_registros (business_id,fecha_hora,tipo,id) values (?,?,?,default)
Hibernate: insert into aforo_registros (business_id,fecha_hora,tipo,id) values (?,?,?,default)
Hibernate: insert into aforo_registros (business_id,fecha_hora,tipo,id) values (?,?,?,default)
Hibernate: insert into aforo_registros (business_id,fecha_hora,tipo,id) values (?,?,?,default)
Hibernate: insert into aforo_registros (business_id,fecha_hora,tipo,id) values (?,?,?,default)
Hibernate: insert into aforo_registros (business_id,fecha_hora,tipo,id) values (?,?,?,default)
Hibernate: insert into aforo_registros (business_id,fecha_hora,tipo,id) values (?,?,?,default)
Hibernate: insert into aforo_registros (business_id,fecha_hora,tipo,id) values (?,?,?,default)
Hibernate: insert into aforo_registros (business_id,fecha_hora,tipo,id) values (?,?,?,default)
Hibernate: insert into aforo_registros (business_id,fecha_hora,tipo,id) values (?,?,?,default)
Hibernate: insert into aforo_registros (business_id,fecha_hora,tipo,id) values (?,?,?,default)
Hibernate: insert into aforo_registros (business_id,fecha_hora,tipo,id) values (?,?,?,default)
Hibernate: insert into aforo_registros (business_id,fecha_hora,tipo,id) values (?,?,?,default)
Hibernate: insert into aforo_registros (business_id,fecha_hora,tipo,id) values (?,?,?,default)
Hibernate: insert into aforo_registros (business_id,fecha_hora,tipo,id) values (?,?,?,default)
Hibernate: insert into aforo_registros (business_id,fecha_hora,tipo,id) values (?,?,?,default)
Hibernate: insert into aforo_registros (business_id,fecha_hora,tipo,id) values (?,?,?,default)
Hibernate: insert into aforo_registros (business_id,fecha_hora,tipo,id) values (?,?,?,default)
Hibernate: insert into aforo_registros (business_id,fecha_hora,tipo,id) values (?,?,?,default)
Hibernate: insert into aforo_registros (business_id,fecha_hora,tipo,id) values (?,?,?,default)
Hibernate: insert into aforo_registros (business_id,fecha_hora,tipo,id) values (?,?,?,default)
Hibernate: insert into aforo_registros (business_id,fecha_hora,tipo,id) values (?,?,?,default)
Hibernate: insert into aforo_registros (business_id,fecha_hora,tipo,id) values (?,?,?,default)
Hibernate: insert into aforo_registros (business_id,fecha_hora,tipo,id) values (?,?,?,default)
Hibernate: insert into aforo_registros (business_id,fecha_hora,tipo,id) values (?,?,?,default)
Hibernate: insert into aforo_registros (business_id,fecha_hora,tipo,id) values (?,?,?,default)
Hibernate: insert into aforo_registros (business_id,fecha_hora,tipo,id) values (?,?,?,default)
Hibernate: insert into aforo_registros (business_id,fecha_hora,tipo,id) values (?,?,?,default)
Hibernate: insert into aforo_registros (business_id,fecha_hora,tipo,id) values (?,?,?,default)
Hibernate: insert into aforo_registros (business_id,fecha_hora,tipo,id) values (?,?,?,default)
Hibernate: insert into aforo_registros (business_id,fecha_hora,tipo,id) values (?,?,?,default)
Hibernate: insert into aforo_registros (business_id,fecha_hora,tipo,id) values (?,?,?,default)
Hibernate: insert into aforo_registros (business_id,fecha_hora,tipo,id) values (?,?,?,default)
Hibernate: insert into aforo_registros (business_id,fecha_hora,tipo,id) values (?,?,?,default)
Hibernate: insert into aforo_registros (business_id,fecha_hora,tipo,id) values (?,?,?,default)
Hibernate: insert into aforo_registros (business_id,fecha_hora,tipo,id) values (?,?,?,default)
Hibernate: insert into aforo_registros (business_id,fecha_hora,tipo,id) values (?,?,?,default)
Hibernate: insert into aforo_registros (business_id,fecha_hora,tipo,id) values (?,?,?,default)
Hibernate: insert into aforo_registros (business_id,fecha_hora,tipo,id) values (?,?,?,default)
Hibernate: insert into aforo_registros (business_id,fecha_hora,tipo,id) values (?,?,?,default)
Hibernate: insert into aforo_registros (business_id,fecha_hora,tipo,id) values (?,?,?,default)
Hibernate: insert into aforo_registros (business_id,fecha_hora,tipo,id) values (?,?,?,default)
Hibernate: insert into aforo_registros (business_id,fecha_hora,tipo,id) values (?,?,?,default)
Hibernate: insert into aforo_registros (business_id,fecha_hora,tipo,id) values (?,?,?,default)
Hibernate: insert into aforo_registros (business_id,fecha_hora,tipo,id) values (?,?,?,default)
Hibernate: insert into aforo_registros (business_id,fecha_hora,tipo,id) values (?,?,?,default)
Hibernate: insert into aforo_registros (business_id,fecha_hora,tipo,id) values (?,?,?,default)
Hibernate: insert into aforo_registros (business_id,fecha_hora,tipo,id) values (?,?,?,default)
Hibernate: insert into aforo_registros (business_id,fecha_hora,tipo,id) values (?,?,?,default)
Hibernate: insert into aforo_registros (business_id,fecha_hora,tipo,id) values (?,?,?,default)
Hibernate: insert into aforo_registros (business_id,fecha_hora,tipo,id) values (?,?,?,default)
Hibernate: insert into aforo_registros (business_id,fecha_hora,tipo,id) values (?,?,?,default)
Hibernate: insert into aforo_registros (business_id,fecha_hora,tipo,id) values (?,?,?,default)
Hibernate: insert into aforo_registros (business_id,fecha_hora,tipo,id) values (?,?,?,default)
Hibernate: insert into aforo_registros (business_id,fecha_hora,tipo,id) values (?,?,?,default)
Hibernate: insert into aforo_registros (business_id,fecha_hora,tipo,id) values (?,?,?,default)
Hibernate: insert into aforo_registros (business_id,fecha_hora,tipo,id) values (?,?,?,default)
Hibernate: insert into aforo_registros (business_id,fecha_hora,tipo,id) values (?,?,?,default)
Hibernate: insert into aforo_registros (business_id,fecha_hora,tipo,id) values (?,?,?,default)
Hibernate: insert into aforo_registros (business_id,fecha_hora,tipo,id) values (?,?,?,default)
Hibernate: insert into aforo_registros (business_id,fecha_hora,tipo,id) values (?,?,?,default)
Hibernate: insert into aforo_registros (business_id,fecha_hora,tipo,id) values (?,?,?,default)
Hibernate: insert into aforo_registros (business_id,fecha_hora,tipo,id) values (?,?,?,default)
Hibernate: insert into aforo_registros (business_id,fecha_hora,tipo,id) values (?,?,?,default)
Hibernate: insert into aforo_registros (business_id,fecha_hora,tipo,id) values (?,?,?,default)
Hibernate: insert into aforo_registros (business_id,fecha_hora,tipo,id) values (?,?,?,default)
Hibernate: insert into aforo_registros (business_id,fecha_hora,tipo,id) values (?,?,?,default)
Hibernate: insert into aforo_registros (business_id,fecha_hora,tipo,id) values (?,?,?,default)
Hibernate: insert into aforo_registros (business_id,fecha_hora,tipo,id) values (?,?,?,default)
Hibernate: insert into aforo_registros (business_id,fecha_hora,tipo,id) values (?,?,?,default)
Hibernate: insert into aforo_registros (business_id,fecha_hora,tipo,id) values (?,?,?,default)
Hibernate: insert into aforo_registros (business_id,fecha_hora,tipo,id) values (?,?,?,default)
Hibernate: insert into aforo_registros (business_id,fecha_hora,tipo,id) values (?,?,?,default)
Hibernate: insert into aforo_registros (business_id,fecha_hora,tipo,id) values (?,?,?,default)
Hibernate: insert into aforo_registros (business_id,fecha_hora,tipo,id) values (?,?,?,default)
Hibernate: insert into aforo_registros (business_id,fecha_hora,tipo,id) values (?,?,?,default)
Hibernate: insert into aforo_registros (business_id,fecha_hora,tipo,id) values (?,?,?,default)
Hibernate: insert into aforo_registros (business_id,fecha_hora,tipo,id) values (?,?,?,default)
Hibernate: insert into aforo_registros (business_id,fecha_hora,tipo,id) values (?,?,?,default)
Hibernate: insert into aforo_registros (business_id,fecha_hora,tipo,id) values (?,?,?,default)
Hibernate: insert into aforo_registros (business_id,fecha_hora,tipo,id) values (?,?,?,default)
Hibernate: insert into aforo_registros (business_id,fecha_hora,tipo,id) values (?,?,?,default)
Hibernate: insert into aforo_registros (business_id,fecha_hora,tipo,id) values (?,?,?,default)
Hibernate: insert into aforo_registros (business_id,fecha_hora,tipo,id) values (?,?,?,default)
Hibernate: insert into aforo_registros (business_id,fecha_hora,tipo,id) values (?,?,?,default)
Hibernate: insert into aforo_registros (business_id,fecha_hora,tipo,id) values (?,?,?,default)
Hibernate: insert into aforo_registros (business_id,fecha_hora,tipo,id) values (?,?,?,default)
Hibernate: insert into aforo_registros (business_id,fecha_hora,tipo,id) values (?,?,?,default)
Hibernate: insert into aforo_registros (business_id,fecha_hora,tipo,id) values (?,?,?,default)
Hibernate: insert into aforo_registros (business_id,fecha_hora,tipo,id) values (?,?,?,default)
Hibernate: insert into aforo_registros (business_id,fecha_hora,tipo,id) values (?,?,?,default)
Hibernate: insert into aforo_registros (business_id,fecha_hora,tipo,id) values (?,?,?,default)
Hibernate: insert into aforo_registros (business_id,fecha_hora,tipo,id) values (?,?,?,default)
Hibernate: insert into aforo_registros (business_id,fecha_hora,tipo,id) values (?,?,?,default)
Hibernate: insert into aforo_registros (business_id,fecha_hora,tipo,id) values (?,?,?,default)
Hibernate: insert into aforo_registros (business_id,fecha_hora,tipo,id) values (?,?,?,default)
Hibernate: insert into aforo_registros (business_id,fecha_hora,tipo,id) values (?,?,?,default)
Hibernate: insert into aforo_registros (business_id,fecha_hora,tipo,id) values (?,?,?,default)
Hibernate: insert into aforo_registros (business_id,fecha_hora,tipo,id) values (?,?,?,default)
Hibernate: insert into aforo_registros (business_id,fecha_hora,tipo,id) values (?,?,?,default)
Hibernate: insert into aforo_registros (business_id,fecha_hora,tipo,id) values (?,?,?,default)
Hibernate: insert into aforo_registros (business_id,fecha_hora,tipo,id) values (?,?,?,default)
Hibernate: insert into aforo_registros (business_id,fecha_hora,tipo,id) values (?,?,?,default)
Hibernate: insert into aforo_registros (business_id,fecha_hora,tipo,id) values (?,?,?,default)
Hibernate: insert into aforo_registros (business_id,fecha_hora,tipo,id) values (?,?,?,default)
Hibernate: insert into aforo_registros (business_id,fecha_hora,tipo,id) values (?,?,?,default)
Hibernate: insert into aforo_registros (business_id,fecha_hora,tipo,id) values (?,?,?,default)
Hibernate: insert into aforo_registros (business_id,fecha_hora,tipo,id) values (?,?,?,default)
Hibernate: insert into aforo_registros (business_id,fecha_hora,tipo,id) values (?,?,?,default)
Hibernate: insert into aforo_registros (business_id,fecha_hora,tipo,id) values (?,?,?,default)
Hibernate: insert into aforo_registros (business_id,fecha_hora,tipo,id) values (?,?,?,default)
Hibernate: insert into aforo_registros (business_id,fecha_hora,tipo,id) values (?,?,?,default)
Hibernate: insert into aforo_registros (business_id,fecha_hora,tipo,id) values (?,?,?,default)
Hibernate: insert into aforo_registros (business_id,fecha_hora,tipo,id) values (?,?,?,default)
Hibernate: insert into aforo_registros (business_id,fecha_hora,tipo,id) values (?,?,?,default)
Hibernate: insert into aforo_registros (business_id,fecha_hora,tipo,id) values (?,?,?,default)
Hibernate: insert into aforo_registros (business_id,fecha_hora,tipo,id) values (?,?,?,default)
Hibernate: insert into aforo_registros (business_id,fecha_hora,tipo,id) values (?,?,?,default)
Hibernate: insert into aforo_registros (business_id,fecha_hora,tipo,id) values (?,?,?,default)
Hibernate: insert into aforo_registros (business_id,fecha_hora,tipo,id) values (?,?,?,default)
Hibernate: insert into aforo_registros (business_id,fecha_hora,tipo,id) values (?,?,?,default)
Hibernate: insert into aforo_registros (business_id,fecha_hora,tipo,id) values (?,?,?,default)
Hibernate: insert into aforo_registros (business_id,fecha_hora,tipo,id) values (?,?,?,default)
Hibernate: insert into aforo_registros (business_id,fecha_hora,tipo,id) values (?,?,?,default)
Hibernate: insert into aforo_registros (business_id,fecha_hora,tipo,id) values (?,?,?,default)
Hibernate: insert into aforo_registros (business_id,fecha_hora,tipo,id) values (?,?,?,default)
Hibernate: insert into aforo_registros (business_id,fecha_hora,tipo,id) values (?,?,?,default)
Hibernate: insert into aforo_registros (business_id,fecha_hora,tipo,id) values (?,?,?,default)
Hibernate: insert into aforo_registros (business_id,fecha_hora,tipo,id) values (?,?,?,default)
Hibernate: insert into aforo_registros (business_id,fecha_hora,tipo,id) values (?,?,?,default)
Hibernate: insert into aforo_registros (business_id,fecha_hora,tipo,id) values (?,?,?,default)
Hibernate: insert into aforo_registros (business_id,fecha_hora,tipo,id) values (?,?,?,default)
Hibernate: insert into aforo_registros (business_id,fecha_hora,tipo,id) values (?,?,?,default)
Hibernate: insert into aforo_registros (business_id,fecha_hora,tipo,id) values (?,?,?,default)
Hibernate: insert into aforo_registros (business_id,fecha_hora,tipo,id) values (?,?,?,default)
Hibernate: insert into aforo_registros (business_id,fecha_hora,tipo,id) values (?,?,?,default)
Hibernate: insert into aforo_registros (business_id,fecha_hora,tipo,id) values (?,?,?,default)
Hibernate: insert into aforo_registros (business_id,fecha_hora,tipo,id) values (?,?,?,default)
Hibernate: insert into aforo_registros (business_id,fecha_hora,tipo,id) values (?,?,?,default)
Hibernate: insert into aforo_registros (business_id,fecha_hora,tipo,id) values (?,?,?,default)
Hibernate: insert into aforo_registros (business_id,fecha_hora,tipo,id) values (?,?,?,default)
Hibernate: insert into aforo_registros (business_id,fecha_hora,tipo,id) values (?,?,?,default)
Hibernate: insert into aforo_registros (business_id,fecha_hora,tipo,id) values (?,?,?,default)
Hibernate: insert into aforo_registros (business_id,fecha_hora,tipo,id) values (?,?,?,default)
Hibernate: insert into aforo_registros (business_id,fecha_hora,tipo,id) values (?,?,?,default)
Hibernate: insert into aforo_registros (business_id,fecha_hora,tipo,id) values (?,?,?,default)
Hibernate: insert into aforo_registros (business_id,fecha_hora,tipo,id) values (?,?,?,default)
Hibernate: insert into aforo_registros (business_id,fecha_hora,tipo,id) values (?,?,?,default)
Hibernate: insert into aforo_registros (business_id,fecha_hora,tipo,id) values (?,?,?,default)
Hibernate: insert into aforo_registros (business_id,fecha_hora,tipo,id) values (?,?,?,default)
Hibernate: insert into aforo_registros (business_id,fecha_hora,tipo,id) values (?,?,?,default)
Hibernate: insert into aforo_registros (business_id,fecha_hora,tipo,id) values (?,?,?,default)
Hibernate: insert into aforo_registros (business_id,fecha_hora,tipo,id) values (?,?,?,default)
Hibernate: insert into aforo_registros (business_id,fecha_hora,tipo,id) values (?,?,?,default)
Hibernate: insert into aforo_registros (business_id,fecha_hora,tipo,id) values (?,?,?,default)
Hibernate: insert into aforo_registros (business_id,fecha_hora,tipo,id) values (?,?,?,default)
Hibernate: insert into aforo_registros (business_id,fecha_hora,tipo,id) values (?,?,?,default)
Hibernate: insert into aforo_registros (business_id,fecha_hora,tipo,id) values (?,?,?,default)
Hibernate: insert into aforo_registros (business_id,fecha_hora,tipo,id) values (?,?,?,default)
Hibernate: insert into aforo_registros (business_id,fecha_hora,tipo,id) values (?,?,?,default)
Hibernate: insert into aforo_registros (business_id,fecha_hora,tipo,id) values (?,?,?,default)
Hibernate: insert into aforo_registros (business_id,fecha_hora,tipo,id) values (?,?,?,default)
Hibernate: insert into aforo_registros (business_id,fecha_hora,tipo,id) values (?,?,?,default)
Hibernate: insert into aforo_registros (business_id,fecha_hora,tipo,id) values (?,?,?,default)
Hibernate: insert into aforo_registros (business_id,fecha_hora,tipo,id) values (?,?,?,default)
Hibernate: insert into aforo_registros (business_id,fecha_hora,tipo,id) values (?,?,?,default)
Hibernate: insert into aforo_registros (business_id,fecha_hora,tipo,id) values (?,?,?,default)
Hibernate: insert into aforo_registros (business_id,fecha_hora,tipo,id) values (?,?,?,default)
Hibernate: insert into aforo_registros (business_id,fecha_hora,tipo,id) values (?,?,?,default)
Hibernate: insert into aforo_registros (business_id,fecha_hora,tipo,id) values (?,?,?,default)
Hibernate: insert into aforo_registros (business_id,fecha_hora,tipo,id) values (?,?,?,default)
Hibernate: insert into aforo_registros (business_id,fecha_hora,tipo,id) values (?,?,?,default)
Hibernate: insert into aforo_registros (business_id,fecha_hora,tipo,id) values (?,?,?,default)
Hibernate: insert into aforo_registros (business_id,fecha_hora,tipo,id) values (?,?,?,default)
Hibernate: insert into aforo_registros (business_id,fecha_hora,tipo,id) values (?,?,?,default)
Hibernate: insert into aforo_registros (business_id,fecha_hora,tipo,id) values (?,?,?,default)
Hibernate: insert into aforo_registros (business_id,fecha_hora,tipo,id) values (?,?,?,default)
Hibernate: insert into aforo_registros (business_id,fecha_hora,tipo,id) values (?,?,?,default)
Hibernate: insert into aforo_registros (business_id,fecha_hora,tipo,id) values (?,?,?,default)
Hibernate: insert into aforo_registros (business_id,fecha_hora,tipo,id) values (?,?,?,default)
Hibernate: insert into aforo_registros (business_id,fecha_hora,tipo,id) values (?,?,?,default)
Hibernate: insert into aforo_registros (business_id,fecha_hora,tipo,id) values (?,?,?,default)
Hibernate: insert into aforo_registros (business_id,fecha_hora,tipo,id) values (?,?,?,default)
Hibernate: insert into aforo_registros (business_id,fecha_hora,tipo,id) values (?,?,?,default)
Hibernate: insert into aforo_registros (business_id,fecha_hora,tipo,id) values (?,?,?,default)
Hibernate: insert into aforo_registros (business_id,fecha_hora,tipo,id) values (?,?,?,default)
Hibernate: insert into aforo_registros (business_id,fecha_hora,tipo,id) values (?,?,?,default)
Hibernate: insert into aforo_registros (business_id,fecha_hora,tipo,id) values (?,?,?,default)
Hibernate: insert into aforo_registros (business_id,fecha_hora,tipo,id) values (?,?,?,default)
Hibernate: insert into aforo_registros (business_id,fecha_hora,tipo,id) values (?,?,?,default)
Hibernate: insert into aforo_registros (business_id,fecha_hora,tipo,id) values (?,?,?,default)
Hibernate: insert into aforo_registros (business_id,fecha_hora,tipo,id) values (?,?,?,default)
Hibernate: insert into aforo_registros (business_id,fecha_hora,tipo,id) values (?,?,?,default)
Hibernate: insert into aforo_registros (business_id,fecha_hora,tipo,id) values (?,?,?,default)
Hibernate: insert into aforo_registros (business_id,fecha_hora,tipo,id) values (?,?,?,default)
Hibernate: insert into aforo_registros (business_id,fecha_hora,tipo,id) values (?,?,?,default)
Hibernate: insert into aforo_registros (business_id,fecha_hora,tipo,id) values (?,?,?,default)
Hibernate: insert into aforo_registros (business_id,fecha_hora,tipo,id) values (?,?,?,default)
Hibernate: insert into aforo_registros (business_id,fecha_hora,tipo,id) values (?,?,?,default)
Hibernate: insert into aforo_registros (business_id,fecha_hora,tipo,id) values (?,?,?,default)
Hibernate: insert into aforo_registros (business_id,fecha_hora,tipo,id) values (?,?,?,default)
Hibernate: insert into aforo_registros (business_id,fecha_hora,tipo,id) values (?,?,?,default)
Hibernate: insert into aforo_registros (business_id,fecha_hora,tipo,id) values (?,?,?,default)
Hibernate: insert into aforo_registros (business_id,fecha_hora,tipo,id) values (?,?,?,default)
Hibernate: insert into aforo_registros (business_id,fecha_hora,tipo,id) values (?,?,?,default)
Hibernate: insert into aforo_registros (business_id,fecha_hora,tipo,id) values (?,?,?,default)
Hibernate: insert into aforo_registros (business_id,fecha_hora,tipo,id) values (?,?,?,default)
Hibernate: insert into aforo_registros (business_id,fecha_hora,tipo,id) values (?,?,?,default)
Hibernate: insert into aforo_registros (business_id,fecha_hora,tipo,id) values (?,?,?,default)
Hibernate: insert into aforo_registros (business_id,fecha_hora,tipo,id) values (?,?,?,default)
Hibernate: insert into aforo_registros (business_id,fecha_hora,tipo,id) values (?,?,?,default)
Hibernate: insert into aforo_registros (business_id,fecha_hora,tipo,id) values (?,?,?,default)
Hibernate: insert into aforo_registros (business_id,fecha_hora,tipo,id) values (?,?,?,default)
Hibernate: insert into aforo_registros (business_id,fecha_hora,tipo,id) values (?,?,?,default)
Hibernate: insert into aforo_registros (business_id,fecha_hora,tipo,id) values (?,?,?,default)
Hibernate: insert into aforo_registros (business_id,fecha_hora,tipo,id) values (?,?,?,default)
Hibernate: insert into aforo_registros (business_id,fecha_hora,tipo,id) values (?,?,?,default)
Hibernate: insert into aforo_registros (business_id,fecha_hora,tipo,id) values (?,?,?,default)
Hibernate: insert into aforo_registros (business_id,fecha_hora,tipo,id) values (?,?,?,default)
Hibernate: insert into aforo_registros (business_id,fecha_hora,tipo,id) values (?,?,?,default)
Hibernate: insert into aforo_registros (business_id,fecha_hora,tipo,id) values (?,?,?,default)
Hibernate: insert into aforo_registros (business_id,fecha_hora,tipo,id) values (?,?,?,default)
Hibernate: insert into aforo_registros (business_id,fecha_hora,tipo,id) values (?,?,?,default)
Hibernate: insert into aforo_registros (business_id,fecha_hora,tipo,id) values (?,?,?,default)
Hibernate: insert into aforo_registros (business_id,fecha_hora,tipo,id) values (?,?,?,default)
Hibernate: insert into aforo_registros (business_id,fecha_hora,tipo,id) values (?,?,?,default)
Hibernate: insert into aforo_registros (business_id,fecha_hora,tipo,id) values (?,?,?,default)
Hibernate: insert into aforo_registros (business_id,fecha_hora,tipo,id) values (?,?,?,default)
Hibernate: insert into aforo_registros (business_id,fecha_hora,tipo,id) values (?,?,?,default)
Hibernate: insert into aforo_registros (business_id,fecha_hora,tipo,id) values (?,?,?,default)
Hibernate: insert into aforo_registros (business_id,fecha_hora,tipo,id) values (?,?,?,default)
Hibernate: insert into aforo_registros (business_id,fecha_hora,tipo,id) values (?,?,?,default)
Hibernate: insert into aforo_registros (business_id,fecha_hora,tipo,id) values (?,?,?,default)
Hibernate: insert into aforo_registros (business_id,fecha_hora,tipo,id) values (?,?,?,default)
Hibernate: insert into aforo_registros (business_id,fecha_hora,tipo,id) values (?,?,?,default)
Hibernate: insert into aforo_registros (business_id,fecha_hora,tipo,id) values (?,?,?,default)
Hibernate: insert into aforo_registros (business_id,fecha_hora,tipo,id) values (?,?,?,default)
Hibernate: insert into aforo_registros (business_id,fecha_hora,tipo,id) values (?,?,?,default)
Hibernate: insert into aforo_registros (business_id,fecha_hora,tipo,id) values (?,?,?,default)
Hibernate: insert into aforo_registros (business_id,fecha_hora,tipo,id) values (?,?,?,default)
Hibernate: insert into aforo_registros (business_id,fecha_hora,tipo,id) values (?,?,?,default)
Hibernate: insert into aforo_registros (business_id,fecha_hora,tipo,id) values (?,?,?,default)
Hibernate: insert into aforo_registros (business_id,fecha_hora,tipo,id) values (?,?,?,default)
Hibernate: insert into aforo_registros (business_id,fecha_hora,tipo,id) values (?,?,?,default)
Hibernate: insert into aforo_registros (business_id,fecha_hora,tipo,id) values (?,?,?,default)
Hibernate: insert into aforo_registros (business_id,fecha_hora,tipo,id) values (?,?,?,default)
Hibernate: insert into aforo_registros (business_id,fecha_hora,tipo,id) values (?,?,?,default)
Hibernate: insert into aforo_registros (business_id,fecha_hora,tipo,id) values (?,?,?,default)
Hibernate: insert into aforo_registros (business_id,fecha_hora,tipo,id) values (?,?,?,default)
Hibernate: insert into aforo_registros (business_id,fecha_hora,tipo,id) values (?,?,?,default)
Hibernate: insert into aforo_registros (business_id,fecha_hora,tipo,id) values (?,?,?,default)
Hibernate: insert into aforo_registros (business_id,fecha_hora,tipo,id) values (?,?,?,default)
Hibernate: insert into aforo_registros (business_id,fecha_hora,tipo,id) values (?,?,?,default)
Hibernate: insert into aforo_registros (business_id,fecha_hora,tipo,id) values (?,?,?,default)
Hibernate: insert into aforo_registros (business_id,fecha_hora,tipo,id) values (?,?,?,default)
Hibernate: insert into aforo_registros (business_id,fecha_hora,tipo,id) values (?,?,?,default)
Hibernate: insert into aforo_registros (business_id,fecha_hora,tipo,id) values (?,?,?,default)
Hibernate: insert into aforo_registros (business_id,fecha_hora,tipo,id) values (?,?,?,default)
Hibernate: insert into aforo_registros (business_id,fecha_hora,tipo,id) values (?,?,?,default)
Hibernate: insert into aforo_registros (business_id,fecha_hora,tipo,id) values (?,?,?,default)
Hibernate: insert into aforo_registros (business_id,fecha_hora,tipo,id) values (?,?,?,default)
Hibernate: insert into aforo_registros (business_id,fecha_hora,tipo,id) values (?,?,?,default)
Hibernate: insert into aforo_registros (business_id,fecha_hora,tipo,id) values (?,?,?,default)
Hibernate: insert into aforo_registros (business_id,fecha_hora,tipo,id) values (?,?,?,default)
Hibernate: insert into aforo_registros (business_id,fecha_hora,tipo,id) values (?,?,?,default)
Hibernate: insert into aforo_registros (business_id,fecha_hora,tipo,id) values (?,?,?,default)
Hibernate: insert into aforo_registros (business_id,fecha_hora,tipo,id) values (?,?,?,default)
Hibernate: insert into aforo_registros (business_id,fecha_hora,tipo,id) values (?,?,?,default)
Hibernate: insert into aforo_registros (business_id,fecha_hora,tipo,id) values (?,?,?,default)
Hibernate: insert into aforo_registros (business_id,fecha_hora,tipo,id) values (?,?,?,default)
Hibernate: insert into aforo_registros (business_id,fecha_hora,tipo,id) values (?,?,?,default)
Hibernate: insert into aforo_registros (business_id,fecha_hora,tipo,id) values (?,?,?,default)
Hibernate: insert into aforo_registros (business_id,fecha_hora,tipo,id) values (?,?,?,default)
Hibernate: insert into aforo_registros (business_id,fecha_hora,tipo,id) values (?,?,?,default)
Hibernate: insert into aforo_registros (business_id,fecha_hora,tipo,id) values (?,?,?,default)
Hibernate: insert into aforo_registros (business_id,fecha_hora,tipo,id) values (?,?,?,default)
Hibernate: insert into aforo_registros (business_id,fecha_hora,tipo,id) values (?,?,?,default)
Hibernate: insert into aforo_registros (business_id,fecha_hora,tipo,id) values (?,?,?,default)
Hibernate: insert into aforo_registros (business_id,fecha_hora,tipo,id) values (?,?,?,default)
Hibernate: insert into aforo_registros (business_id,fecha_hora,tipo,id) values (?,?,?,default)
Hibernate: insert into aforo_registros (business_id,fecha_hora,tipo,id) values (?,?,?,default)
Hibernate: insert into aforo_registros (business_id,fecha_hora,tipo,id) values (?,?,?,default)
Hibernate: insert into aforo_registros (business_id,fecha_hora,tipo,id) values (?,?,?,default)
Hibernate: insert into aforo_registros (business_id,fecha_hora,tipo,id) values (?,?,?,default)
Hibernate: insert into aforo_registros (business_id,fecha_hora,tipo,id) values (?,?,?,default)
Hibernate: insert into aforo_registros (business_id,fecha_hora,tipo,id) values (?,?,?,default)
Hibernate: insert into aforo_registros (business_id,fecha_hora,tipo,id) values (?,?,?,default)
Hibernate: insert into aforo_registros (business_id,fecha_hora,tipo,id) values (?,?,?,default)
Hibernate: insert into aforo_registros (business_id,fecha_hora,tipo,id) values (?,?,?,default)
Hibernate: insert into aforo_registros (business_id,fecha_hora,tipo,id) values (?,?,?,default)
Hibernate: insert into aforo_registros (business_id,fecha_hora,tipo,id) values (?,?,?,default)
Hibernate: insert into aforo_registros (business_id,fecha_hora,tipo,id) values (?,?,?,default)
Hibernate: insert into aforo_registros (business_id,fecha_hora,tipo,id) values (?,?,?,default)
Hibernate: insert into aforo_registros (business_id,fecha_hora,tipo,id) values (?,?,?,default)
Hibernate: insert into aforo_registros (business_id,fecha_hora,tipo,id) values (?,?,?,default)
Hibernate: insert into aforo_registros (business_id,fecha_hora,tipo,id) values (?,?,?,default)
Hibernate: insert into aforo_registros (business_id,fecha_hora,tipo,id) values (?,?,?,default)
Hibernate: insert into aforo_registros (business_id,fecha_hora,tipo,id) values (?,?,?,default)
Hibernate: insert into aforo_registros (business_id,fecha_hora,tipo,id) values (?,?,?,default)
Hibernate: insert into aforo_registros (business_id,fecha_hora,tipo,id) values (?,?,?,default)
Hibernate: insert into aforo_registros (business_id,fecha_hora,tipo,id) values (?,?,?,default)
Hibernate: insert into aforo_registros (business_id,fecha_hora,tipo,id) values (?,?,?,default)
Hibernate: insert into aforo_registros (business_id,fecha_hora,tipo,id) values (?,?,?,default)
Hibernate: insert into aforo_registros (business_id,fecha_hora,tipo,id) values (?,?,?,default)
Hibernate: insert into aforo_registros (business_id,fecha_hora,tipo,id) values (?,?,?,default)
Hibernate: insert into aforo_registros (business_id,fecha_hora,tipo,id) values (?,?,?,default)
Hibernate: insert into aforo_registros (business_id,fecha_hora,tipo,id) values (?,?,?,default)
Hibernate: insert into aforo_registros (business_id,fecha_hora,tipo,id) values (?,?,?,default)
Hibernate: insert into aforo_registros (business_id,fecha_hora,tipo,id) values (?,?,?,default)
Hibernate: insert into aforo_registros (business_id,fecha_hora,tipo,id) values (?,?,?,default)
Hibernate: insert into aforo_registros (business_id,fecha_hora,tipo,id) values (?,?,?,default)
Hibernate: insert into aforo_registros (business_id,fecha_hora,tipo,id) values (?,?,?,default)
Hibernate: insert into aforo_registros (business_id,fecha_hora,tipo,id) values (?,?,?,default)
Hibernate: insert into aforo_registros (business_id,fecha_hora,tipo,id) values (?,?,?,default)
Hibernate: insert into aforo_registros (business_id,fecha_hora,tipo,id) values (?,?,?,default)
Hibernate: insert into aforo_registros (business_id,fecha_hora,tipo,id) values (?,?,?,default)
Hibernate: insert into aforo_registros (business_id,fecha_hora,tipo,id) values (?,?,?,default)
Hibernate: insert into aforo_registros (business_id,fecha_hora,tipo,id) values (?,?,?,default)
Hibernate: insert into aforo_registros (business_id,fecha_hora,tipo,id) values (?,?,?,default)
Hibernate: insert into aforo_registros (business_id,fecha_hora,tipo,id) values (?,?,?,default)
Hibernate: insert into aforo_registros (business_id,fecha_hora,tipo,id) values (?,?,?,default)
Hibernate: insert into aforo_registros (business_id,fecha_hora,tipo,id) values (?,?,?,default)
Hibernate: insert into aforo_registros (business_id,fecha_hora,tipo,id) values (?,?,?,default)
Hibernate: insert into aforo_registros (business_id,fecha_hora,tipo,id) values (?,?,?,default)
Hibernate: insert into aforo_registros (business_id,fecha_hora,tipo,id) values (?,?,?,default)
Hibernate: insert into aforo_registros (business_id,fecha_hora,tipo,id) values (?,?,?,default)
Hibernate: insert into aforo_registros (business_id,fecha_hora,tipo,id) values (?,?,?,default)
Hibernate: insert into aforo_registros (business_id,fecha_hora,tipo,id) values (?,?,?,default)
Hibernate: insert into aforo_registros (business_id,fecha_hora,tipo,id) values (?,?,?,default)
Hibernate: insert into aforo_registros (business_id,fecha_hora,tipo,id) values (?,?,?,default)
Hibernate: insert into aforo_registros (business_id,fecha_hora,tipo,id) values (?,?,?,default)
Hibernate: insert into aforo_registros (business_id,fecha_hora,tipo,id) values (?,?,?,default)
Hibernate: insert into aforo_registros (business_id,fecha_hora,tipo,id) values (?,?,?,default)
Hibernate: insert into aforo_registros (business_id,fecha_hora,tipo,id) values (?,?,?,default)
Hibernate: insert into aforo_registros (business_id,fecha_hora,tipo,id) values (?,?,?,default)
Hibernate: insert into aforo_registros (business_id,fecha_hora,tipo,id) values (?,?,?,default)
Hibernate: insert into aforo_registros (business_id,fecha_hora,tipo,id) values (?,?,?,default)
Hibernate: insert into aforo_registros (business_id,fecha_hora,tipo,id) values (?,?,?,default)
Hibernate: insert into aforo_registros (business_id,fecha_hora,tipo,id) values (?,?,?,default)
Hibernate: insert into aforo_registros (business_id,fecha_hora,tipo,id) values (?,?,?,default)
Hibernate: insert into aforo_registros (business_id,fecha_hora,tipo,id) values (?,?,?,default)
Hibernate: insert into aforo_registros (business_id,fecha_hora,tipo,id) values (?,?,?,default)
Hibernate: insert into aforo_registros (business_id,fecha_hora,tipo,id) values (?,?,?,default)
Hibernate: insert into aforo_registros (business_id,fecha_hora,tipo,id) values (?,?,?,default)
Hibernate: insert into aforo_registros (business_id,fecha_hora,tipo,id) values (?,?,?,default)
Hibernate: insert into aforo_registros (business_id,fecha_hora,tipo,id) values (?,?,?,default)
Hibernate: insert into aforo_registros (business_id,fecha_hora,tipo,id) values (?,?,?,default)
Hibernate: insert into aforo_registros (business_id,fecha_hora,tipo,id) values (?,?,?,default)
Hibernate: insert into aforo_registros (business_id,fecha_hora,tipo,id) values (?,?,?,default)
Hibernate: insert into aforo_registros (business_id,fecha_hora,tipo,id) values (?,?,?,default)
Hibernate: insert into aforo_registros (business_id,fecha_hora,tipo,id) values (?,?,?,default)
Hibernate: insert into aforo_registros (business_id,fecha_hora,tipo,id) values (?,?,?,default)
Hibernate: insert into aforo_registros (business_id,fecha_hora,tipo,id) values (?,?,?,default)
Hibernate: insert into aforo_registros (business_id,fecha_hora,tipo,id) values (?,?,?,default)
Hibernate: insert into aforo_registros (business_id,fecha_hora,tipo,id) values (?,?,?,default)
Hibernate: insert into aforo_registros (business_id,fecha_hora,tipo,id) values (?,?,?,default)
Hibernate: insert into aforo_registros (business_id,fecha_hora,tipo,id) values (?,?,?,default)
Hibernate: insert into aforo_registros (business_id,fecha_hora,tipo,id) values (?,?,?,default)
Hibernate: insert into aforo_registros (business_id,fecha_hora,tipo,id) values (?,?,?,default)
Hibernate: insert into aforo_registros (business_id,fecha_hora,tipo,id) values (?,?,?,default)
Hibernate: insert into aforo_registros (business_id,fecha_hora,tipo,id) values (?,?,?,default)
Hibernate: insert into aforo_registros (business_id,fecha_hora,tipo,id) values (?,?,?,default)
Hibernate: insert into aforo_registros (business_id,fecha_hora,tipo,id) values (?,?,?,default)
Hibernate: insert into aforo_registros (business_id,fecha_hora,tipo,id) values (?,?,?,default)
Hibernate: insert into aforo_registros (business_id,fecha_hora,tipo,id) values (?,?,?,default)
Hibernate: insert into aforo_registros (business_id,fecha_hora,tipo,id) values (?,?,?,default)
Hibernate: insert into aforo_registros (business_id,fecha_hora,tipo,id) values (?,?,?,default)
Hibernate: insert into aforo_registros (business_id,fecha_hora,tipo,id) values (?,?,?,default)
Hibernate: insert into aforo_registros (business_id,fecha_hora,tipo,id) values (?,?,?,default)
Hibernate: insert into aforo_registros (business_id,fecha_hora,tipo,id) values (?,?,?,default)
Hibernate: insert into aforo_registros (business_id,fecha_hora,tipo,id) values (?,?,?,default)
Hibernate: insert into aforo_registros (business_id,fecha_hora,tipo,id) values (?,?,?,default)
Hibernate: insert into aforo_registros (business_id,fecha_hora,tipo,id) values (?,?,?,default)
Hibernate: insert into aforo_registros (business_id,fecha_hora,tipo,id) values (?,?,?,default)
Hibernate: insert into aforo_registros (business_id,fecha_hora,tipo,id) values (?,?,?,default)
Hibernate: insert into aforo_registros (business_id,fecha_hora,tipo,id) values (?,?,?,default)
Hibernate: insert into aforo_registros (business_id,fecha_hora,tipo,id) values (?,?,?,default)
Hibernate: insert into aforo_registros (business_id,fecha_hora,tipo,id) values (?,?,?,default)
Hibernate: insert into aforo_registros (business_id,fecha_hora,tipo,id) values (?,?,?,default)
Hibernate: insert into aforo_registros (business_id,fecha_hora,tipo,id) values (?,?,?,default)
Hibernate: insert into aforo_registros (business_id,fecha_hora,tipo,id) values (?,?,?,default)
Hibernate: insert into aforo_registros (business_id,fecha_hora,tipo,id) values (?,?,?,default)
Hibernate: insert into aforo_registros (business_id,fecha_hora,tipo,id) values (?,?,?,default)
Hibernate: insert into aforo_registros (business_id,fecha_hora,tipo,id) values (?,?,?,default)
Hibernate: insert into aforo_registros (business_id,fecha_hora,tipo,id) values (?,?,?,default)
Hibernate: insert into aforo_registros (business_id,fecha_hora,tipo,id) values (?,?,?,default)
Hibernate: insert into aforo_registros (business_id,fecha_hora,tipo,id) values (?,?,?,default)
Hibernate: insert into aforo_registros (business_id,fecha_hora,tipo,id) values (?,?,?,default)
Hibernate: insert into aforo_registros (business_id,fecha_hora,tipo,id) values (?,?,?,default)
Hibernate: insert into aforo_registros (business_id,fecha_hora,tipo,id) values (?,?,?,default)
Hibernate: insert into aforo_registros (business_id,fecha_hora,tipo,id) values (?,?,?,default)
Hibernate: insert into aforo_registros (business_id,fecha_hora,tipo,id) values (?,?,?,default)
Hibernate: insert into aforo_registros (business_id,fecha_hora,tipo,id) values (?,?,?,default)
Hibernate: insert into aforo_registros (business_id,fecha_hora,tipo,id) values (?,?,?,default)
Hibernate: insert into aforo_registros (business_id,fecha_hora,tipo,id) values (?,?,?,default)
Hibernate: insert into aforo_registros (business_id,fecha_hora,tipo,id) values (?,?,?,default)
Hibernate: insert into aforo_registros (business_id,fecha_hora,tipo,id) values (?,?,?,default)
Hibernate: insert into aforo_registros (business_id,fecha_hora,tipo,id) values (?,?,?,default)
Hibernate: insert into aforo_registros (business_id,fecha_hora,tipo,id) values (?,?,?,default)
Hibernate: insert into aforo_registros (business_id,fecha_hora,tipo,id) values (?,?,?,default)
Hibernate: insert into aforo_registros (business_id,fecha_hora,tipo,id) values (?,?,?,default)
Hibernate: insert into aforo_registros (business_id,fecha_hora,tipo,id) values (?,?,?,default)
Hibernate: insert into aforo_registros (business_id,fecha_hora,tipo,id) values (?,?,?,default)
Hibernate: insert into aforo_registros (business_id,fecha_hora,tipo,id) values (?,?,?,default)
Hibernate: insert into aforo_registros (business_id,fecha_hora,tipo,id) values (?,?,?,default)
Hibernate: insert into aforo_registros (business_id,fecha_hora,tipo,id) values (?,?,?,default)
Hibernate: insert into aforo_registros (business_id,fecha_hora,tipo,id) values (?,?,?,default)
Hibernate: insert into aforo_registros (business_id,fecha_hora,tipo,id) values (?,?,?,default)
Hibernate: insert into aforo_registros (business_id,fecha_hora,tipo,id) values (?,?,?,default)
Hibernate: insert into aforo_registros (business_id,fecha_hora,tipo,id) values (?,?,?,default)
Hibernate: insert into aforo_registros (business_id,fecha_hora,tipo,id) values (?,?,?,default)
Hibernate: insert into aforo_registros (business_id,fecha_hora,tipo,id) values (?,?,?,default)
Hibernate: insert into aforo_registros (business_id,fecha_hora,tipo,id) values (?,?,?,default)
Hibernate: insert into aforo_registros (business_id,fecha_hora,tipo,id) values (?,?,?,default)
Hibernate: insert into aforo_registros (business_id,fecha_hora,tipo,id) values (?,?,?,default)
Hibernate: insert into aforo_registros (business_id,fecha_hora,tipo,id) values (?,?,?,default)
Hibernate: insert into aforo_registros (business_id,fecha_hora,tipo,id) values (?,?,?,default)
Hibernate: insert into aforo_registros (business_id,fecha_hora,tipo,id) values (?,?,?,default)
Hibernate: insert into aforo_registros (business_id,fecha_hora,tipo,id) values (?,?,?,default)
Hibernate: insert into aforo_registros (business_id,fecha_hora,tipo,id) values (?,?,?,default)
Hibernate: insert into aforo_registros (business_id,fecha_hora,tipo,id) values (?,?,?,default)
Hibernate: insert into aforo_registros (business_id,fecha_hora,tipo,id) values (?,?,?,default)
Hibernate: insert into aforo_registros (business_id,fecha_hora,tipo,id) values (?,?,?,default)
Hibernate: insert into aforo_registros (business_id,fecha_hora,tipo,id) values (?,?,?,default)
Hibernate: insert into aforo_registros (business_id,fecha_hora,tipo,id) values (?,?,?,default)
Hibernate: insert into aforo_registros (business_id,fecha_hora,tipo,id) values (?,?,?,default)
Hibernate: insert into aforo_registros (business_id,fecha_hora,tipo,id) values (?,?,?,default)
Hibernate: insert into aforo_registros (business_id,fecha_hora,tipo,id) values (?,?,?,default)
Hibernate: insert into aforo_registros (business_id,fecha_hora,tipo,id) values (?,?,?,default)
Hibernate: insert into aforo_registros (business_id,fecha_hora,tipo,id) values (?,?,?,default)
Hibernate: insert into aforo_registros (business_id,fecha_hora,tipo,id) values (?,?,?,default)
Hibernate: insert into aforo_registros (business_id,fecha_hora,tipo,id) values (?,?,?,default)
Hibernate: insert into aforo_registros (business_id,fecha_hora,tipo,id) values (?,?,?,default)
Hibernate: insert into aforo_registros (business_id,fecha_hora,tipo,id) values (?,?,?,default)
Hibernate: insert into aforo_registros (business_id,fecha_hora,tipo,id) values (?,?,?,default)
Hibernate: insert into aforo_registros (business_id,fecha_hora,tipo,id) values (?,?,?,default)
Hibernate: insert into aforo_registros (business_id,fecha_hora,tipo,id) values (?,?,?,default)
Hibernate: insert into aforo_registros (business_id,fecha_hora,tipo,id) values (?,?,?,default)
Hibernate: insert into aforo_registros (business_id,fecha_hora,tipo,id) values (?,?,?,default)
Hibernate: insert into aforo_registros (business_id,fecha_hora,tipo,id) values (?,?,?,default)
Hibernate: insert into aforo_registros (business_id,fecha_hora,tipo,id) values (?,?,?,default)
Hibernate: insert into aforo_registros (business_id,fecha_hora,tipo,id) values (?,?,?,default)
Hibernate: insert into aforo_registros (business_id,fecha_hora,tipo,id) values (?,?,?,default)
Hibernate: insert into aforo_registros (business_id,fecha_hora,tipo,id) values (?,?,?,default)
Hibernate: insert into aforo_registros (business_id,fecha_hora,tipo,id) values (?,?,?,default)
Hibernate: insert into aforo_registros (business_id,fecha_hora,tipo,id) values (?,?,?,default)
Hibernate: insert into aforo_registros (business_id,fecha_hora,tipo,id) values (?,?,?,default)
Hibernate: insert into aforo_registros (business_id,fecha_hora,tipo,id) values (?,?,?,default)
Hibernate: insert into aforo_registros (business_id,fecha_hora,tipo,id) values (?,?,?,default)
Hibernate: insert into aforo_registros (business_id,fecha_hora,tipo,id) values (?,?,?,default)
Hibernate: insert into aforo_registros (business_id,fecha_hora,tipo,id) values (?,?,?,default)
Hibernate: insert into aforo_registros (business_id,fecha_hora,tipo,id) values (?,?,?,default)
Hibernate: insert into aforo_registros (business_id,fecha_hora,tipo,id) values (?,?,?,default)
Hibernate: insert into aforo_registros (business_id,fecha_hora,tipo,id) values (?,?,?,default)
Hibernate: insert into aforo_registros (business_id,fecha_hora,tipo,id) values (?,?,?,default)
Hibernate: insert into aforo_registros (business_id,fecha_hora,tipo,id) values (?,?,?,default)
Hibernate: insert into aforo_registros (business_id,fecha_hora,tipo,id) values (?,?,?,default)
Hibernate: insert into aforo_registros (business_id,fecha_hora,tipo,id) values (?,?,?,default)
Hibernate: insert into aforo_registros (business_id,fecha_hora,tipo,id) values (?,?,?,default)
Hibernate: insert into aforo_registros (business_id,fecha_hora,tipo,id) values (?,?,?,default)
Hibernate: insert into aforo_registros (business_id,fecha_hora,tipo,id) values (?,?,?,default)
Hibernate: insert into aforo_registros (business_id,fecha_hora,tipo,id) values (?,?,?,default)
Hibernate: insert into aforo_registros (business_id,fecha_hora,tipo,id) values (?,?,?,default)
Hibernate: insert into aforo_registros (business_id,fecha_hora,tipo,id) values (?,?,?,default)
Hibernate: insert into aforo_registros (business_id,fecha_hora,tipo,id) values (?,?,?,default)
Hibernate: insert into aforo_registros (business_id,fecha_hora,tipo,id) values (?,?,?,default)
Hibernate: insert into aforo_registros (business_id,fecha_hora,tipo,id) values (?,?,?,default)
Hibernate: insert into aforo_registros (business_id,fecha_hora,tipo,id) values (?,?,?,default)
Hibernate: insert into aforo_registros (business_id,fecha_hora,tipo,id) values (?,?,?,default)
Hibernate: insert into aforo_registros (business_id,fecha_hora,tipo,id) values (?,?,?,default)
Hibernate: insert into aforo_registros (business_id,fecha_hora,tipo,id) values (?,?,?,default)
Hibernate: insert into aforo_registros (business_id,fecha_hora,tipo,id) values (?,?,?,default)
Hibernate: insert into aforo_registros (business_id,fecha_hora,tipo,id) values (?,?,?,default)
Hibernate: insert into aforo_registros (business_id,fecha_hora,tipo,id) values (?,?,?,default)
Hibernate: insert into aforo_registros (business_id,fecha_hora,tipo,id) values (?,?,?,default)
Hibernate: insert into aforo_registros (business_id,fecha_hora,tipo,id) values (?,?,?,default)
Hibernate: insert into aforo_registros (business_id,fecha_hora,tipo,id) values (?,?,?,default)
Hibernate: insert into aforo_registros (business_id,fecha_hora,tipo,id) values (?,?,?,default)
Hibernate: insert into aforo_registros (business_id,fecha_hora,tipo,id) values (?,?,?,default)
Hibernate: insert into aforo_registros (business_id,fecha_hora,tipo,id) values (?,?,?,default)
Hibernate: insert into aforo_registros (business_id,fecha_hora,tipo,id) values (?,?,?,default)
Hibernate: insert into aforo_registros (business_id,fecha_hora,tipo,id) values (?,?,?,default)
Hibernate: insert into aforo_registros (business_id,fecha_hora,tipo,id) values (?,?,?,default)
Hibernate: insert into aforo_registros (business_id,fecha_hora,tipo,id) values (?,?,?,default)
Hibernate: insert into aforo_registros (business_id,fecha_hora,tipo,id) values (?,?,?,default)
Hibernate: insert into aforo_registros (business_id,fecha_hora,tipo,id) values (?,?,?,default)
Hibernate: insert into aforo_registros (business_id,fecha_hora,tipo,id) values (?,?,?,default)
Hibernate: insert into aforo_registros (business_id,fecha_hora,tipo,id) values (?,?,?,default)
Hibernate: insert into aforo_registros (business_id,fecha_hora,tipo,id) values (?,?,?,default)
Hibernate: insert into aforo_registros (business_id,fecha_hora,tipo,id) values (?,?,?,default)
Hibernate: insert into aforo_registros (business_id,fecha_hora,tipo,id) values (?,?,?,default)
Hibernate: insert into aforo_registros (business_id,fecha_hora,tipo,id) values (?,?,?,default)
Hibernate: insert into aforo_registros (business_id,fecha_hora,tipo,id) values (?,?,?,default)
Hibernate: insert into aforo_registros (business_id,fecha_hora,tipo,id) values (?,?,?,default)
Hibernate: insert into aforo_registros (business_id,fecha_hora,tipo,id) values (?,?,?,default)
Hibernate: insert into aforo_registros (business_id,fecha_hora,tipo,id) values (?,?,?,default)
Hibernate: insert into aforo_registros (business_id,fecha_hora,tipo,id) values (?,?,?,default)
Hibernate: insert into aforo_registros (business_id,fecha_hora,tipo,id) values (?,?,?,default)
Hibernate: insert into aforo_registros (business_id,fecha_hora,tipo,id) values (?,?,?,default)
Hibernate: insert into aforo_registros (business_id,fecha_hora,tipo,id) values (?,?,?,default)
Hibernate: insert into aforo_registros (business_id,fecha_hora,tipo,id) values (?,?,?,default)
Hibernate: insert into aforo_registros (business_id,fecha_hora,tipo,id) values (?,?,?,default)
Hibernate: insert into aforo_registros (business_id,fecha_hora,tipo,id) values (?,?,?,default)
Hibernate: insert into aforo_registros (business_id,fecha_hora,tipo,id) values (?,?,?,default)
Hibernate: insert into aforo_registros (business_id,fecha_hora,tipo,id) values (?,?,?,default)
Hibernate: insert into aforo_registros (business_id,fecha_hora,tipo,id) values (?,?,?,default)
Hibernate: insert into aforo_registros (business_id,fecha_hora,tipo,id) values (?,?,?,default)
Hibernate: insert into aforo_registros (business_id,fecha_hora,tipo,id) values (?,?,?,default)
Hibernate: insert into aforo_registros (business_id,fecha_hora,tipo,id) values (?,?,?,default)
Hibernate: insert into aforo_registros (business_id,fecha_hora,tipo,id) values (?,?,?,default)
Hibernate: insert into aforo_registros (business_id,fecha_hora,tipo,id) values (?,?,?,default)
Hibernate: insert into aforo_registros (business_id,fecha_hora,tipo,id) values (?,?,?,default)
Hibernate: insert into aforo_registros (business_id,fecha_hora,tipo,id) values (?,?,?,default)
Hibernate: insert into aforo_registros (business_id,fecha_hora,tipo,id) values (?,?,?,default)
Hibernate: insert into aforo_registros (business_id,fecha_hora,tipo,id) values (?,?,?,default)
Hibernate: insert into aforo_registros (business_id,fecha_hora,tipo,id) values (?,?,?,default)
Hibernate: insert into aforo_registros (business_id,fecha_hora,tipo,id) values (?,?,?,default)
Hibernate: insert into aforo_registros (business_id,fecha_hora,tipo,id) values (?,?,?,default)
Hibernate: insert into aforo_registros (business_id,fecha_hora,tipo,id) values (?,?,?,default)
Hibernate: insert into aforo_registros (business_id,fecha_hora,tipo,id) values (?,?,?,default)
Hibernate: insert into aforo_registros (business_id,fecha_hora,tipo,id) values (?,?,?,default)
Hibernate: insert into aforo_registros (business_id,fecha_hora,tipo,id) values (?,?,?,default)
Hibernate: insert into aforo_registros (business_id,fecha_hora,tipo,id) values (?,?,?,default)
Hibernate: insert into aforo_registros (business_id,fecha_hora,tipo,id) values (?,?,?,default)
Hibernate: insert into aforo_registros (business_id,fecha_hora,tipo,id) values (?,?,?,default)
Hibernate: insert into aforo_registros (business_id,fecha_hora,tipo,id) values (?,?,?,default)
Hibernate: insert into aforo_registros (business_id,fecha_hora,tipo,id) values (?,?,?,default)
Hibernate: insert into aforo_registros (business_id,fecha_hora,tipo,id) values (?,?,?,default)
Hibernate: insert into aforo_registros (business_id,fecha_hora,tipo,id) values (?,?,?,default)
Hibernate: insert into aforo_registros (business_id,fecha_hora,tipo,id) values (?,?,?,default)
Hibernate: insert into aforo_registros (business_id,fecha_hora,tipo,id) values (?,?,?,default)
Hibernate: insert into aforo_registros (business_id,fecha_hora,tipo,id) values (?,?,?,default)
Hibernate: insert into aforo_registros (business_id,fecha_hora,tipo,id) values (?,?,?,default)
Hibernate: insert into aforo_registros (business_id,fecha_hora,tipo,id) values (?,?,?,default)
Hibernate: insert into aforo_registros (business_id,fecha_hora,tipo,id) values (?,?,?,default)
Hibernate: insert into aforo_registros (business_id,fecha_hora,tipo,id) values (?,?,?,default)
Hibernate: insert into aforo_registros (business_id,fecha_hora,tipo,id) values (?,?,?,default)
Hibernate: insert into aforo_registros (business_id,fecha_hora,tipo,id) values (?,?,?,default)
Hibernate: insert into aforo_registros (business_id,fecha_hora,tipo,id) values (?,?,?,default)
Hibernate: insert into aforo_registros (business_id,fecha_hora,tipo,id) values (?,?,?,default)
Hibernate: insert into aforo_registros (business_id,fecha_hora,tipo,id) values (?,?,?,default)
Hibernate: insert into aforo_registros (business_id,fecha_hora,tipo,id) values (?,?,?,default)
Hibernate: insert into aforo_registros (business_id,fecha_hora,tipo,id) values (?,?,?,default)
Hibernate: insert into aforo_registros (business_id,fecha_hora,tipo,id) values (?,?,?,default)
Hibernate: insert into aforo_registros (business_id,fecha_hora,tipo,id) values (?,?,?,default)
Hibernate: insert into aforo_registros (business_id,fecha_hora,tipo,id) values (?,?,?,default)
Hibernate: insert into aforo_registros (business_id,fecha_hora,tipo,id) values (?,?,?,default)
Hibernate: insert into aforo_registros (business_id,fecha_hora,tipo,id) values (?,?,?,default)
Hibernate: insert into aforo_registros (business_id,fecha_hora,tipo,id) values (?,?,?,default)
Hibernate: insert into aforo_registros (business_id,fecha_hora,tipo,id) values (?,?,?,default)
Hibernate: insert into aforo_registros (business_id,fecha_hora,tipo,id) values (?,?,?,default)
Hibernate: insert into aforo_registros (business_id,fecha_hora,tipo,id) values (?,?,?,default)
Hibernate: insert into aforo_registros (business_id,fecha_hora,tipo,id) values (?,?,?,default)
Hibernate: insert into aforo_registros (business_id,fecha_hora,tipo,id) values (?,?,?,default)
Hibernate: insert into aforo_registros (business_id,fecha_hora,tipo,id) values (?,?,?,default)
Hibernate: insert into aforo_registros (business_id,fecha_hora,tipo,id) values (?,?,?,default)
Hibernate: insert into aforo_registros (business_id,fecha_hora,tipo,id) values (?,?,?,default)
Hibernate: insert into aforo_registros (business_id,fecha_hora,tipo,id) values (?,?,?,default)
Hibernate: insert into aforo_registros (business_id,fecha_hora,tipo,id) values (?,?,?,default)
Hibernate: insert into aforo_registros (business_id,fecha_hora,tipo,id) values (?,?,?,default)
Hibernate: insert into aforo_registros (business_id,fecha_hora,tipo,id) values (?,?,?,default)
Hibernate: insert into aforo_registros (business_id,fecha_hora,tipo,id) values (?,?,?,default)
Hibernate: insert into aforo_registros (business_id,fecha_hora,tipo,id) values (?,?,?,default)
Hibernate: insert into aforo_registros (business_id,fecha_hora,tipo,id) values (?,?,?,default)
Hibernate: insert into aforo_registros (business_id,fecha_hora,tipo,id) values (?,?,?,default)
Hibernate: insert into aforo_registros (business_id,fecha_hora,tipo,id) values (?,?,?,default)
Hibernate: insert into aforo_registros (business_id,fecha_hora,tipo,id) values (?,?,?,default)
Hibernate: insert into aforo_registros (business_id,fecha_hora,tipo,id) values (?,?,?,default)
Hibernate: insert into aforo_registros (business_id,fecha_hora,tipo,id) values (?,?,?,default)
Hibernate: insert into aforo_registros (business_id,fecha_hora,tipo,id) values (?,?,?,default)
Hibernate: insert into aforo_registros (business_id,fecha_hora,tipo,id) values (?,?,?,default)
Hibernate: insert into aforo_registros (business_id,fecha_hora,tipo,id) values (?,?,?,default)
Hibernate: insert into aforo_registros (business_id,fecha_hora,tipo,id) values (?,?,?,default)
Hibernate: insert into aforo_registros (business_id,fecha_hora,tipo,id) values (?,?,?,default)
Hibernate: insert into aforo_registros (business_id,fecha_hora,tipo,id) values (?,?,?,default)
Hibernate: insert into aforo_registros (business_id,fecha_hora,tipo,id) values (?,?,?,default)
Hibernate: insert into aforo_registros (business_id,fecha_hora,tipo,id) values (?,?,?,default)
Hibernate: insert into aforo_registros (business_id,fecha_hora,tipo,id) values (?,?,?,default)
Hibernate: insert into aforo_registros (business_id,fecha_hora,tipo,id) values (?,?,?,default)
Hibernate: insert into aforo_registros (business_id,fecha_hora,tipo,id) values (?,?,?,default)
Hibernate: insert into aforo_registros (business_id,fecha_hora,tipo,id) values (?,?,?,default)
Hibernate: insert into aforo_registros (business_id,fecha_hora,tipo,id) values (?,?,?,default)
Hibernate: insert into aforo_registros (business_id,fecha_hora,tipo,id) values (?,?,?,default)
Hibernate: insert into aforo_registros (business_id,fecha_hora,tipo,id) values (?,?,?,default)
Hibernate: insert into aforo_registros (business_id,fecha_hora,tipo,id) values (?,?,?,default)
Hibernate: insert into aforo_registros (business_id,fecha_hora,tipo,id) values (?,?,?,default)
Hibernate: insert into aforo_registros (business_id,fecha_hora,tipo,id) values (?,?,?,default)
Hibernate: insert into aforo_registros (business_id,fecha_hora,tipo,id) values (?,?,?,default)
Hibernate: insert into aforo_registros (business_id,fecha_hora,tipo,id) values (?,?,?,default)
Hibernate: insert into aforo_registros (business_id,fecha_hora,tipo,id) values (?,?,?,default)
Hibernate: insert into aforo_registros (business_id,fecha_hora,tipo,id) values (?,?,?,default)
Hibernate: insert into aforo_registros (business_id,fecha_hora,tipo,id) values (?,?,?,default)
Hibernate: insert into aforo_registros (business_id,fecha_hora,tipo,id) values (?,?,?,default)
Hibernate: insert into aforo_registros (business_id,fecha_hora,tipo,id) values (?,?,?,default)
Hibernate: insert into aforo_registros (business_id,fecha_hora,tipo,id) values (?,?,?,default)
Hibernate: insert into aforo_registros (business_id,fecha_hora,tipo,id) values (?,?,?,default)
Hibernate: insert into aforo_registros (business_id,fecha_hora,tipo,id) values (?,?,?,default)
Hibernate: insert into aforo_registros (business_id,fecha_hora,tipo,id) values (?,?,?,default)
Hibernate: insert into aforo_registros (business_id,fecha_hora,tipo,id) values (?,?,?,default)
Hibernate: insert into aforo_registros (business_id,fecha_hora,tipo,id) values (?,?,?,default)
Hibernate: insert into aforo_registros (business_id,fecha_hora,tipo,id) values (?,?,?,default)
Hibernate: insert into aforo_registros (business_id,fecha_hora,tipo,id) values (?,?,?,default)
Hibernate: insert into aforo_registros (business_id,fecha_hora,tipo,id) values (?,?,?,default)
Hibernate: insert into aforo_registros (business_id,fecha_hora,tipo,id) values (?,?,?,default)
Hibernate: insert into aforo_registros (business_id,fecha_hora,tipo,id) values (?,?,?,default)
Hibernate: insert into aforo_registros (business_id,fecha_hora,tipo,id) values (?,?,?,default)
Hibernate: insert into aforo_registros (business_id,fecha_hora,tipo,id) values (?,?,?,default)
Hibernate: insert into aforo_registros (business_id,fecha_hora,tipo,id) values (?,?,?,default)
Hibernate: insert into aforo_registros (business_id,fecha_hora,tipo,id) values (?,?,?,default)
Hibernate: insert into aforo_registros (business_id,fecha_hora,tipo,id) values (?,?,?,default)
Hibernate: insert into aforo_registros (business_id,fecha_hora,tipo,id) values (?,?,?,default)
Hibernate: insert into aforo_registros (business_id,fecha_hora,tipo,id) values (?,?,?,default)
Hibernate: insert into aforo_registros (business_id,fecha_hora,tipo,id) values (?,?,?,default)
Hibernate: insert into aforo_registros (business_id,fecha_hora,tipo,id) values (?,?,?,default)
Hibernate: insert into aforo_registros (business_id,fecha_hora,tipo,id) values (?,?,?,default)
Hibernate: insert into aforo_registros (business_id,fecha_hora,tipo,id) values (?,?,?,default)
Hibernate: insert into aforo_registros (business_id,fecha_hora,tipo,id) values (?,?,?,default)
Hibernate: insert into aforo_registros (business_id,fecha_hora,tipo,id) values (?,?,?,default)
Hibernate: insert into aforo_registros (business_id,fecha_hora,tipo,id) values (?,?,?,default)
Hibernate: insert into aforo_registros (business_id,fecha_hora,tipo,id) values (?,?,?,default)
Hibernate: insert into aforo_registros (business_id,fecha_hora,tipo,id) values (?,?,?,default)
Hibernate: insert into aforo_registros (business_id,fecha_hora,tipo,id) values (?,?,?,default)
Hibernate: insert into aforo_registros (business_id,fecha_hora,tipo,id) values (?,?,?,default)
Hibernate: insert into aforo_registros (business_id,fecha_hora,tipo,id) values (?,?,?,default)
Hibernate: insert into aforo_registros (business_id,fecha_hora,tipo,id) values (?,?,?,default)
Hibernate: insert into aforo_registros (business_id,fecha_hora,tipo,id) values (?,?,?,default)
Hibernate: insert into aforo_registros (business_id,fecha_hora,tipo,id) values (?,?,?,default)
Hibernate: insert into aforo_registros (business_id,fecha_hora,tipo,id) values (?,?,?,default)
Hibernate: insert into aforo_registros (business_id,fecha_hora,tipo,id) values (?,?,?,default)
Hibernate: insert into aforo_registros (business_id,fecha_hora,tipo,id) values (?,?,?,default)
Hibernate: insert into aforo_registros (business_id,fecha_hora,tipo,id) values (?,?,?,default)
Hibernate: insert into aforo_registros (business_id,fecha_hora,tipo,id) values (?,?,?,default)
Hibernate: insert into aforo_registros (business_id,fecha_hora,tipo,id) values (?,?,?,default)
Hibernate: insert into aforo_registros (business_id,fecha_hora,tipo,id) values (?,?,?,default)
Hibernate: insert into aforo_registros (business_id,fecha_hora,tipo,id) values (?,?,?,default)
Hibernate: insert into aforo_registros (business_id,fecha_hora,tipo,id) values (?,?,?,default)
Hibernate: insert into aforo_registros (business_id,fecha_hora,tipo,id) values (?,?,?,default)
Hibernate: insert into aforo_registros (business_id,fecha_hora,tipo,id) values (?,?,?,default)
Hibernate: insert into aforo_registros (business_id,fecha_hora,tipo,id) values (?,?,?,default)
Hibernate: insert into aforo_registros (business_id,fecha_hora,tipo,id) values (?,?,?,default)
Hibernate: insert into aforo_registros (business_id,fecha_hora,tipo,id) values (?,?,?,default)
Hibernate: insert into aforo_registros (business_id,fecha_hora,tipo,id) values (?,?,?,default)
Hibernate: insert into aforo_registros (business_id,fecha_hora,tipo,id) values (?,?,?,default)
Hibernate: insert into aforo_registros (business_id,fecha_hora,tipo,id) values (?,?,?,default)
Hibernate: insert into aforo_registros (business_id,fecha_hora,tipo,id) values (?,?,?,default)
Hibernate: insert into aforo_registros (business_id,fecha_hora,tipo,id) values (?,?,?,default)
Hibernate: insert into aforo_registros (business_id,fecha_hora,tipo,id) values (?,?,?,default)
Hibernate: insert into aforo_registros (business_id,fecha_hora,tipo,id) values (?,?,?,default)
Hibernate: insert into aforo_registros (business_id,fecha_hora,tipo,id) values (?,?,?,default)
Hibernate: insert into aforo_registros (business_id,fecha_hora,tipo,id) values (?,?,?,default)
Hibernate: insert into aforo_registros (business_id,fecha_hora,tipo,id) values (?,?,?,default)
Hibernate: insert into aforo_registros (business_id,fecha_hora,tipo,id) values (?,?,?,default)
Hibernate: insert into aforo_registros (business_id,fecha_hora,tipo,id) values (?,?,?,default)
Hibernate: insert into aforo_registros (business_id,fecha_hora,tipo,id) values (?,?,?,default)
Hibernate: insert into aforo_registros (business_id,fecha_hora,tipo,id) values (?,?,?,default)
Hibernate: insert into aforo_registros (business_id,fecha_hora,tipo,id) values (?,?,?,default)
Hibernate: insert into aforo_registros (business_id,fecha_hora,tipo,id) values (?,?,?,default)
Hibernate: insert into aforo_registros (business_id,fecha_hora,tipo,id) values (?,?,?,default)
Hibernate: insert into aforo_registros (business_id,fecha_hora,tipo,id) values (?,?,?,default)
Hibernate: insert into aforo_registros (business_id,fecha_hora,tipo,id) values (?,?,?,default)
Hibernate: insert into aforo_registros (business_id,fecha_hora,tipo,id) values (?,?,?,default)
Hibernate: insert into aforo_registros (business_id,fecha_hora,tipo,id) values (?,?,?,default)
Hibernate: insert into aforo_registros (business_id,fecha_hora,tipo,id) values (?,?,?,default)
Hibernate: insert into aforo_registros (business_id,fecha_hora,tipo,id) values (?,?,?,default)
Hibernate: insert into aforo_registros (business_id,fecha_hora,tipo,id) values (?,?,?,default)
Hibernate: insert into aforo_registros (business_id,fecha_hora,tipo,id) values (?,?,?,default)
Hibernate: insert into aforo_registros (business_id,fecha_hora,tipo,id) values (?,?,?,default)
Hibernate: insert into aforo_registros (business_id,fecha_hora,tipo,id) values (?,?,?,default)
Hibernate: insert into aforo_registros (business_id,fecha_hora,tipo,id) values (?,?,?,default)
Hibernate: insert into aforo_registros (business_id,fecha_hora,tipo,id) values (?,?,?,default)
Hibernate: insert into aforo_registros (business_id,fecha_hora,tipo,id) values (?,?,?,default)
Hibernate: insert into aforo_registros (business_id,fecha_hora,tipo,id) values (?,?,?,default)
Hibernate: insert into aforo_registros (business_id,fecha_hora,tipo,id) values (?,?,?,default)
Hibernate: insert into aforo_registros (business_id,fecha_hora,tipo,id) values (?,?,?,default)
Hibernate: insert into aforo_registros (business_id,fecha_hora,tipo,id) values (?,?,?,default)
Hibernate: insert into aforo_registros (business_id,fecha_hora,tipo,id) values (?,?,?,default)
Hibernate: insert into aforo_registros (business_id,fecha_hora,tipo,id) values (?,?,?,default)
Hibernate: insert into aforo_registros (business_id,fecha_hora,tipo,id) values (?,?,?,default)
Hibernate: insert into aforo_registros (business_id,fecha_hora,tipo,id) values (?,?,?,default)
Hibernate: insert into aforo_registros (business_id,fecha_hora,tipo,id) values (?,?,?,default)
Hibernate: insert into aforo_registros (business_id,fecha_hora,tipo,id) values (?,?,?,default)
Hibernate: insert into aforo_registros (business_id,fecha_hora,tipo,id) values (?,?,?,default)
Hibernate: insert into aforo_registros (business_id,fecha_hora,tipo,id) values (?,?,?,default)
Hibernate: insert into aforo_registros (business_id,fecha_hora,tipo,id) values (?,?,?,default)
Hibernate: insert into aforo_registros (business_id,fecha_hora,tipo,id) values (?,?,?,default)
Hibernate: insert into aforo_registros (business_id,fecha_hora,tipo,id) values (?,?,?,default)
Hibernate: insert into aforo_registros (business_id,fecha_hora,tipo,id) values (?,?,?,default)
Hibernate: insert into aforo_registros (business_id,fecha_hora,tipo,id) values (?,?,?,default)
Hibernate: insert into aforo_registros (business_id,fecha_hora,tipo,id) values (?,?,?,default)
Hibernate: insert into aforo_registros (business_id,fecha_hora,tipo,id) values (?,?,?,default)
Hibernate: insert into aforo_registros (business_id,fecha_hora,tipo,id) values (?,?,?,default)
Hibernate: insert into aforo_registros (business_id,fecha_hora,tipo,id) values (?,?,?,default)
Hibernate: insert into aforo_registros (business_id,fecha_hora,tipo,id) values (?,?,?,default)
Hibernate: insert into aforo_registros (business_id,fecha_hora,tipo,id) values (?,?,?,default)
Hibernate: insert into aforo_registros (business_id,fecha_hora,tipo,id) values (?,?,?,default)
Hibernate: insert into aforo_registros (business_id,fecha_hora,tipo,id) values (?,?,?,default)
Hibernate: insert into aforo_registros (business_id,fecha_hora,tipo,id) values (?,?,?,default)
Hibernate: insert into aforo_registros (business_id,fecha_hora,tipo,id) values (?,?,?,default)
Hibernate: insert into aforo_registros (business_id,fecha_hora,tipo,id) values (?,?,?,default)
Hibernate: insert into aforo_registros (business_id,fecha_hora,tipo,id) values (?,?,?,default)
Hibernate: insert into aforo_registros (business_id,fecha_hora,tipo,id) values (?,?,?,default)
Hibernate: insert into aforo_registros (business_id,fecha_hora,tipo,id) values (?,?,?,default)
Hibernate: insert into aforo_registros (business_id,fecha_hora,tipo,id) values (?,?,?,default)
Hibernate: insert into aforo_registros (business_id,fecha_hora,tipo,id) values (?,?,?,default)
Hibernate: insert into aforo_registros (business_id,fecha_hora,tipo,id) values (?,?,?,default)
Hibernate: insert into aforo_registros (business_id,fecha_hora,tipo,id) values (?,?,?,default)
Hibernate: insert into aforo_registros (business_id,fecha_hora,tipo,id) values (?,?,?,default)
Hibernate: insert into aforo_registros (business_id,fecha_hora,tipo,id) values (?,?,?,default)
Hibernate: insert into aforo_registros (business_id,fecha_hora,tipo,id) values (?,?,?,default)
Hibernate: insert into aforo_registros (business_id,fecha_hora,tipo,id) values (?,?,?,default)
Hibernate: insert into aforo_registros (business_id,fecha_hora,tipo,id) values (?,?,?,default)
Hibernate: insert into aforo_registros (business_id,fecha_hora,tipo,id) values (?,?,?,default)
Hibernate: insert into aforo_registros (business_id,fecha_hora,tipo,id) values (?,?,?,default)
Hibernate: insert into aforo_registros (business_id,fecha_hora,tipo,id) values (?,?,?,default)
Hibernate: insert into aforo_registros (business_id,fecha_hora,tipo,id) values (?,?,?,default)
Hibernate: insert into aforo_registros (business_id,fecha_hora,tipo,id) values (?,?,?,default)
Hibernate: insert into aforo_registros (business_id,fecha_hora,tipo,id) values (?,?,?,default)
Hibernate: insert into aforo_registros (business_id,fecha_hora,tipo,id) values (?,?,?,default)
Hibernate: insert into aforo_registros (business_id,fecha_hora,tipo,id) values (?,?,?,default)
Hibernate: insert into aforo_registros (business_id,fecha_hora,tipo,id) values (?,?,?,default)
Hibernate: insert into aforo_registros (business_id,fecha_hora,tipo,id) values (?,?,?,default)
Hibernate: insert into aforo_registros (business_id,fecha_hora,tipo,id) values (?,?,?,default)
Hibernate: insert into aforo_registros (business_id,fecha_hora,tipo,id) values (?,?,?,default)
Hibernate: insert into aforo_registros (business_id,fecha_hora,tipo,id) values (?,?,?,default)
Hibernate: insert into aforo_registros (business_id,fecha_hora,tipo,id) values (?,?,?,default)
Hibernate: insert into aforo_registros (business_id,fecha_hora,tipo,id) values (?,?,?,default)
Hibernate: insert into aforo_registros (business_id,fecha_hora,tipo,id) values (?,?,?,default)
Hibernate: insert into aforo_registros (business_id,fecha_hora,tipo,id) values (?,?,?,default)
Hibernate: insert into aforo_registros (business_id,fecha_hora,tipo,id) values (?,?,?,default)
Hibernate: insert into aforo_registros (business_id,fecha_hora,tipo,id) values (?,?,?,default)
Hibernate: insert into aforo_registros (business_id,fecha_hora,tipo,id) values (?,?,?,default)
Hibernate: insert into aforo_registros (business_id,fecha_hora,tipo,id) values (?,?,?,default)
Hibernate: insert into aforo_registros (business_id,fecha_hora,tipo,id) values (?,?,?,default)
Hibernate: insert into aforo_registros (business_id,fecha_hora,tipo,id) values (?,?,?,default)
Hibernate: insert into aforo_registros (business_id,fecha_hora,tipo,id) values (?,?,?,default)
Hibernate: insert into aforo_registros (business_id,fecha_hora,tipo,id) values (?,?,?,default)
Hibernate: insert into aforo_registros (business_id,fecha_hora,tipo,id) values (?,?,?,default)
Hibernate: insert into aforo_registros (business_id,fecha_hora,tipo,id) values (?,?,?,default)
Hibernate: insert into aforo_registros (business_id,fecha_hora,tipo,id) values (?,?,?,default)
Hibernate: insert into aforo_registros (business_id,fecha_hora,tipo,id) values (?,?,?,default)
Hibernate: insert into aforo_registros (business_id,fecha_hora,tipo,id) values (?,?,?,default)
Hibernate: insert into aforo_registros (business_id,fecha_hora,tipo,id) values (?,?,?,default)
Hibernate: insert into aforo_registros (business_id,fecha_hora,tipo,id) values (?,?,?,default)
Hibernate: insert into aforo_registros (business_id,fecha_hora,tipo,id) values (?,?,?,default)
Hibernate: insert into aforo_registros (business_id,fecha_hora,tipo,id) values (?,?,?,default)
Hibernate: insert into aforo_registros (business_id,fecha_hora,tipo,id) values (?,?,?,default)
Hibernate: insert into aforo_registros (business_id,fecha_hora,tipo,id) values (?,?,?,default)
Hibernate: insert into aforo_registros (business_id,fecha_hora,tipo,id) values (?,?,?,default)
Hibernate: insert into aforo_registros (business_id,fecha_hora,tipo,id) values (?,?,?,default)
Hibernate: insert into aforo_registros (business_id,fecha_hora,tipo,id) values (?,?,?,default)
Hibernate: insert into aforo_registros (business_id,fecha_hora,tipo,id) values (?,?,?,default)
Hibernate: insert into aforo_registros (business_id,fecha_hora,tipo,id) values (?,?,?,default)
Hibernate: insert into aforo_registros (business_id,fecha_hora,tipo,id) values (?,?,?,default)
Hibernate: insert into aforo_registros (business_id,fecha_hora,tipo,id) values (?,?,?,default)
Hibernate: insert into aforo_registros (business_id,fecha_hora,tipo,id) values (?,?,?,default)
Hibernate: insert into aforo_registros (business_id,fecha_hora,tipo,id) values (?,?,?,default)
Hibernate: insert into aforo_registros (business_id,fecha_hora,tipo,id) values (?,?,?,default)
Hibernate: insert into aforo_registros (business_id,fecha_hora,tipo,id) values (?,?,?,default)
Hibernate: insert into aforo_registros (business_id,fecha_hora,tipo,id) values (?,?,?,default)
Hibernate: insert into aforo_registros (business_id,fecha_hora,tipo,id) values (?,?,?,default)
Hibernate: insert into aforo_registros (business_id,fecha_hora,tipo,id) values (?,?,?,default)
Hibernate: insert into aforo_registros (business_id,fecha_hora,tipo,id) values (?,?,?,default)
Hibernate: insert into aforo_registros (business_id,fecha_hora,tipo,id) values (?,?,?,default)
Hibernate: insert into aforo_registros (business_id,fecha_hora,tipo,id) values (?,?,?,default)
Hibernate: insert into aforo_registros (business_id,fecha_hora,tipo,id) values (?,?,?,default)
Hibernate: insert into aforo_registros (business_id,fecha_hora,tipo,id) values (?,?,?,default)
Hibernate: insert into aforo_registros (business_id,fecha_hora,tipo,id) values (?,?,?,default)
Hibernate: insert into aforo_registros (business_id,fecha_hora,tipo,id) values (?,?,?,default)
Hibernate: insert into aforo_registros (business_id,fecha_hora,tipo,id) values (?,?,?,default)
Hibernate: insert into aforo_registros (business_id,fecha_hora,tipo,id) values (?,?,?,default)
Hibernate: insert into aforo_registros (business_id,fecha_hora,tipo,id) values (?,?,?,default)
Hibernate: insert into aforo_registros (business_id,fecha_hora,tipo,id) values (?,?,?,default)
Hibernate: insert into aforo_registros (business_id,fecha_hora,tipo,id) values (?,?,?,default)
Hibernate: insert into aforo_registros (business_id,fecha_hora,tipo,id) values (?,?,?,default)
Hibernate: insert into aforo_registros (business_id,fecha_hora,tipo,id) values (?,?,?,default)
Hibernate: insert into aforo_registros (business_id,fecha_hora,tipo,id) values (?,?,?,default)
Hibernate: insert into aforo_registros (business_id,fecha_hora,tipo,id) values (?,?,?,default)
Hibernate: insert into aforo_registros (business_id,fecha_hora,tipo,id) values (?,?,?,default)
Hibernate: insert into aforo_registros (business_id,fecha_hora,tipo,id) values (?,?,?,default)
Hibernate: insert into aforo_registros (business_id,fecha_hora,tipo,id) values (?,?,?,default)
Hibernate: insert into aforo_registros (business_id,fecha_hora,tipo,id) values (?,?,?,default)
Hibernate: insert into aforo_registros (business_id,fecha_hora,tipo,id) values (?,?,?,default)
Hibernate: insert into aforo_registros (business_id,fecha_hora,tipo,id) values (?,?,?,default)
Hibernate: insert into aforo_registros (business_id,fecha_hora,tipo,id) values (?,?,?,default)
Hibernate: insert into aforo_registros (business_id,fecha_hora,tipo,id) values (?,?,?,default)
Hibernate: insert into aforo_registros (business_id,fecha_hora,tipo,id) values (?,?,?,default)
Hibernate: insert into aforo_registros (business_id,fecha_hora,tipo,id) values (?,?,?,default)
Hibernate: insert into aforo_registros (business_id,fecha_hora,tipo,id) values (?,?,?,default)
Hibernate: insert into aforo_registros (business_id,fecha_hora,tipo,id) values (?,?,?,default)
Hibernate: insert into aforo_registros (business_id,fecha_hora,tipo,id) values (?,?,?,default)
Hibernate: insert into aforo_registros (business_id,fecha_hora,tipo,id) values (?,?,?,default)
Hibernate: insert into aforo_registros (business_id,fecha_hora,tipo,id) values (?,?,?,default)
Hibernate: insert into aforo_registros (business_id,fecha_hora,tipo,id) values (?,?,?,default)
Hibernate: insert into aforo_registros (business_id,fecha_hora,tipo,id) values (?,?,?,default)
Hibernate: insert into aforo_registros (business_id,fecha_hora,tipo,id) values (?,?,?,default)
Hibernate: insert into aforo_registros (business_id,fecha_hora,tipo,id) values (?,?,?,default)
Hibernate: insert into aforo_registros (business_id,fecha_hora,tipo,id) values (?,?,?,default)
Hibernate: insert into aforo_registros (business_id,fecha_hora,tipo,id) values (?,?,?,default)
Hibernate: insert into aforo_registros (business_id,fecha_hora,tipo,id) values (?,?,?,default)
Hibernate: insert into aforo_registros (business_id,fecha_hora,tipo,id) values (?,?,?,default)
Hibernate: insert into aforo_registros (business_id,fecha_hora,tipo,id) values (?,?,?,default)
Hibernate: insert into aforo_registros (business_id,fecha_hora,tipo,id) values (?,?,?,default)
Hibernate: insert into aforo_registros (business_id,fecha_hora,tipo,id) values (?,?,?,default)
Hibernate: insert into aforo_registros (business_id,fecha_hora,tipo,id) values (?,?,?,default)
Hibernate: insert into aforo_registros (business_id,fecha_hora,tipo,id) values (?,?,?,default)
Hibernate: insert into aforo_registros (business_id,fecha_hora,tipo,id) values (?,?,?,default)
Hibernate: insert into aforo_registros (business_id,fecha_hora,tipo,id) values (?,?,?,default)
Hibernate: insert into aforo_registros (business_id,fecha_hora,tipo,id) values (?,?,?,default)
Hibernate: insert into aforo_registros (business_id,fecha_hora,tipo,id) values (?,?,?,default)
Hibernate: insert into aforo_registros (business_id,fecha_hora,tipo,id) values (?,?,?,default)
Hibernate: insert into aforo_registros (business_id,fecha_hora,tipo,id) values (?,?,?,default)
Hibernate: insert into aforo_registros (business_id,fecha_hora,tipo,id) values (?,?,?,default)
Hibernate: insert into aforo_registros (business_id,fecha_hora,tipo,id) values (?,?,?,default)
Hibernate: insert into aforo_registros (business_id,fecha_hora,tipo,id) values (?,?,?,default)
Hibernate: insert into aforo_registros (business_id,fecha_hora,tipo,id) values (?,?,?,default)
Hibernate: insert into aforo_registros (business_id,fecha_hora,tipo,id) values (?,?,?,default)
Hibernate: insert into aforo_registros (business_id,fecha_hora,tipo,id) values (?,?,?,default)
Hibernate: insert into aforo_registros (business_id,fecha_hora,tipo,id) values (?,?,?,default)
Hibernate: insert into aforo_registros (business_id,fecha_hora,tipo,id) values (?,?,?,default)
Hibernate: insert into aforo_registros (business_id,fecha_hora,tipo,id) values (?,?,?,default)
Hibernate: insert into aforo_registros (business_id,fecha_hora,tipo,id) values (?,?,?,default)
Hibernate: insert into aforo_registros (business_id,fecha_hora,tipo,id) values (?,?,?,default)
Hibernate: insert into aforo_registros (business_id,fecha_hora,tipo,id) values (?,?,?,default)
Hibernate: insert into aforo_registros (business_id,fecha_hora,tipo,id) values (?,?,?,default)
Hibernate: insert into aforo_registros (business_id,fecha_hora,tipo,id) values (?,?,?,default)
Hibernate: insert into aforo_registros (business_id,fecha_hora,tipo,id) values (?,?,?,default)
Hibernate: insert into aforo_registros (business_id,fecha_hora,tipo,id) values (?,?,?,default)
Hibernate: insert into aforo_registros (business_id,fecha_hora,tipo,id) values (?,?,?,default)
Hibernate: insert into aforo_registros (business_id,fecha_hora,tipo,id) values (?,?,?,default)
Hibernate: insert into aforo_registros (business_id,fecha_hora,tipo,id) values (?,?,?,default)
Hibernate: insert into aforo_registros (business_id,fecha_hora,tipo,id) values (?,?,?,default)
Hibernate: insert into aforo_registros (business_id,fecha_hora,tipo,id) values (?,?,?,default)
Hibernate: insert into aforo_registros (business_id,fecha_hora,tipo,id) values (?,?,?,default)
Hibernate: insert into aforo_registros (business_id,fecha_hora,tipo,id) values (?,?,?,default)
Hibernate: insert into aforo_registros (business_id,fecha_hora,tipo,id) values (?,?,?,default)
Hibernate: insert into aforo_registros (business_id,fecha_hora,tipo,id) values (?,?,?,default)
Hibernate: insert into aforo_registros (business_id,fecha_hora,tipo,id) values (?,?,?,default)
Hibernate: insert into aforo_registros (business_id,fecha_hora,tipo,id) values (?,?,?,default)
Hibernate: insert into aforo_registros (business_id,fecha_hora,tipo,id) values (?,?,?,default)
Hibernate: insert into aforo_registros (business_id,fecha_hora,tipo,id) values (?,?,?,default)
Hibernate: insert into aforo_registros (business_id,fecha_hora,tipo,id) values (?,?,?,default)
Hibernate: insert into aforo_registros (business_id,fecha_hora,tipo,id) values (?,?,?,default)
Hibernate: insert into aforo_registros (business_id,fecha_hora,tipo,id) values (?,?,?,default)
Hibernate: insert into aforo_registros (business_id,fecha_hora,tipo,id) values (?,?,?,default)
Hibernate: insert into aforo_registros (business_id,fecha_hora,tipo,id) values (?,?,?,default)
Hibernate: insert into aforo_registros (business_id,fecha_hora,tipo,id) values (?,?,?,default)
Hibernate: insert into aforo_registros (business_id,fecha_hora,tipo,id) values (?,?,?,default)
Hibernate: insert into aforo_registros (business_id,fecha_hora,tipo,id) values (?,?,?,default)
Hibernate: insert into aforo_registros (business_id,fecha_hora,tipo,id) values (?,?,?,default)
Hibernate: insert into aforo_registros (business_id,fecha_hora,tipo,id) values (?,?,?,default)
Hibernate: insert into aforo_registros (business_id,fecha_hora,tipo,id) values (?,?,?,default)
Hibernate: insert into aforo_registros (business_id,fecha_hora,tipo,id) values (?,?,?,default)
Hibernate: insert into aforo_registros (business_id,fecha_hora,tipo,id) values (?,?,?,default)
Hibernate: insert into aforo_registros (business_id,fecha_hora,tipo,id) values (?,?,?,default)
Hibernate: insert into aforo_registros (business_id,fecha_hora,tipo,id) values (?,?,?,default)
Hibernate: insert into aforo_registros (business_id,fecha_hora,tipo,id) values (?,?,?,default)
Hibernate: insert into aforo_registros (business_id,fecha_hora,tipo,id) values (?,?,?,default)
Hibernate: insert into aforo_registros (business_id,fecha_hora,tipo,id) values (?,?,?,default)
Hibernate: insert into aforo_registros (business_id,fecha_hora,tipo,id) values (?,?,?,default)
Hibernate: insert into aforo_registros (business_id,fecha_hora,tipo,id) values (?,?,?,default)
Hibernate: insert into aforo_registros (business_id,fecha_hora,tipo,id) values (?,?,?,default)
Hibernate: insert into aforo_registros (business_id,fecha_hora,tipo,id) values (?,?,?,default)
Hibernate: insert into aforo_registros (business_id,fecha_hora,tipo,id) values (?,?,?,default)
Hibernate: insert into aforo_registros (business_id,fecha_hora,tipo,id) values (?,?,?,default)
Hibernate: insert into aforo_registros (business_id,fecha_hora,tipo,id) values (?,?,?,default)
Hibernate: insert into aforo_registros (business_id,fecha_hora,tipo,id) values (?,?,?,default)
Hibernate: insert into aforo_registros (business_id,fecha_hora,tipo,id) values (?,?,?,default)
Hibernate: insert into aforo_registros (business_id,fecha_hora,tipo,id) values (?,?,?,default)
Hibernate: insert into aforo_registros (business_id,fecha_hora,tipo,id) values (?,?,?,default)
Hibernate: insert into aforo_registros (business_id,fecha_hora,tipo,id) values (?,?,?,default)
Hibernate: insert into aforo_registros (business_id,fecha_hora,tipo,id) values (?,?,?,default)
Hibernate: insert into aforo_registros (business_id,fecha_hora,tipo,id) values (?,?,?,default)
Hibernate: insert into aforo_registros (business_id,fecha_hora,tipo,id) values (?,?,?,default)
Hibernate: insert into aforo_registros (business_id,fecha_hora,tipo,id) values (?,?,?,default)
Hibernate: insert into aforo_registros (business_id,fecha_hora,tipo,id) values (?,?,?,default)
Hibernate: insert into aforo_registros (business_id,fecha_hora,tipo,id) values (?,?,?,default)
Hibernate: insert into aforo_registros (business_id,fecha_hora,tipo,id) values (?,?,?,default)
Hibernate: insert into aforo_registros (business_id,fecha_hora,tipo,id) values (?,?,?,default)
Hibernate: insert into aforo_registros (business_id,fecha_hora,tipo,id) values (?,?,?,default)
Hibernate: insert into aforo_registros (business_id,fecha_hora,tipo,id) values (?,?,?,default)
Hibernate: insert into aforo_registros (business_id,fecha_hora,tipo,id) values (?,?,?,default)
Hibernate: insert into aforo_registros (business_id,fecha_hora,tipo,id) values (?,?,?,default)
Hibernate: insert into aforo_registros (business_id,fecha_hora,tipo,id) values (?,?,?,default)
Hibernate: insert into aforo_registros (business_id,fecha_hora,tipo,id) values (?,?,?,default)
Hibernate: insert into aforo_registros (business_id,fecha_hora,tipo,id) values (?,?,?,default)
Hibernate: insert into aforo_registros (business_id,fecha_hora,tipo,id) values (?,?,?,default)
Hibernate: insert into aforo_registros (business_id,fecha_hora,tipo,id) values (?,?,?,default)
Hibernate: insert into aforo_registros (business_id,fecha_hora,tipo,id) values (?,?,?,default)
Hibernate: insert into aforo_registros (business_id,fecha_hora,tipo,id) values (?,?,?,default)
Hibernate: insert into aforo_registros (business_id,fecha_hora,tipo,id) values (?,?,?,default)
Hibernate: insert into aforo_registros (business_id,fecha_hora,tipo,id) values (?,?,?,default)
Hibernate: insert into aforo_registros (business_id,fecha_hora,tipo,id) values (?,?,?,default)
Hibernate: insert into aforo_registros (business_id,fecha_hora,tipo,id) values (?,?,?,default)
Hibernate: insert into aforo_registros (business_id,fecha_hora,tipo,id) values (?,?,?,default)
Hibernate: insert into aforo_registros (business_id,fecha_hora,tipo,id) values (?,?,?,default)
Hibernate: insert into aforo_registros (business_id,fecha_hora,tipo,id) values (?,?,?,default)
Hibernate: insert into aforo_registros (business_id,fecha_hora,tipo,id) values (?,?,?,default)
Hibernate: insert into aforo_registros (business_id,fecha_hora,tipo,id) values (?,?,?,default)
Hibernate: insert into aforo_registros (business_id,fecha_hora,tipo,id) values (?,?,?,default)
Hibernate: insert into aforo_registros (business_id,fecha_hora,tipo,id) values (?,?,?,default)
Hibernate: insert into aforo_registros (business_id,fecha_hora,tipo,id) values (?,?,?,default)
Hibernate: insert into aforo_registros (business_id,fecha_hora,tipo,id) values (?,?,?,default)
Hibernate: insert into aforo_registros (business_id,fecha_hora,tipo,id) values (?,?,?,default)
Hibernate: insert into aforo_registros (business_id,fecha_hora,tipo,id) values (?,?,?,default)
Hibernate: insert into aforo_registros (business_id,fecha_hora,tipo,id) values (?,?,?,default)
Hibernate: insert into aforo_registros (business_id,fecha_hora,tipo,id) values (?,?,?,default)
Hibernate: insert into aforo_registros (business_id,fecha_hora,tipo,id) values (?,?,?,default)
Hibernate: insert into aforo_registros (business_id,fecha_hora,tipo,id) values (?,?,?,default)
Hibernate: insert into aforo_registros (business_id,fecha_hora,tipo,id) values (?,?,?,default)
Hibernate: insert into aforo_registros (business_id,fecha_hora,tipo,id) values (?,?,?,default)
Hibernate: insert into aforo_registros (business_id,fecha_hora,tipo,id) values (?,?,?,default)
Hibernate: insert into aforo_registros (business_id,fecha_hora,tipo,id) values (?,?,?,default)
Hibernate: insert into aforo_registros (business_id,fecha_hora,tipo,id) values (?,?,?,default)
Hibernate: insert into aforo_registros (business_id,fecha_hora,tipo,id) values (?,?,?,default)
Hibernate: insert into aforo_registros (business_id,fecha_hora,tipo,id) values (?,?,?,default)
Hibernate: insert into aforo_registros (business_id,fecha_hora,tipo,id) values (?,?,?,default)
Hibernate: insert into aforo_registros (business_id,fecha_hora,tipo,id) values (?,?,?,default)
Hibernate: insert into aforo_registros (business_id,fecha_hora,tipo,id) values (?,?,?,default)
Hibernate: insert into aforo_registros (business_id,fecha_hora,tipo,id) values (?,?,?,default)
Hibernate: insert into aforo_registros (business_id,fecha_hora,tipo,id) values (?,?,?,default)
Hibernate: insert into aforo_registros (business_id,fecha_hora,tipo,id) values (?,?,?,default)
Hibernate: insert into aforo_registros (business_id,fecha_hora,tipo,id) values (?,?,?,default)
Hibernate: insert into aforo_registros (business_id,fecha_hora,tipo,id) values (?,?,?,default)
Hibernate: insert into aforo_registros (business_id,fecha_hora,tipo,id) values (?,?,?,default)
Hibernate: insert into aforo_registros (business_id,fecha_hora,tipo,id) values (?,?,?,default)
Hibernate: insert into aforo_registros (business_id,fecha_hora,tipo,id) values (?,?,?,default)
Hibernate: insert into aforo_registros (business_id,fecha_hora,tipo,id) values (?,?,?,default)
Hibernate: insert into aforo_registros (business_id,fecha_hora,tipo,id) values (?,?,?,default)
Hibernate: insert into aforo_registros (business_id,fecha_hora,tipo,id) values (?,?,?,default)
Hibernate: insert into aforo_registros (business_id,fecha_hora,tipo,id) values (?,?,?,default)
Hibernate: insert into aforo_registros (business_id,fecha_hora,tipo,id) values (?,?,?,default)
Hibernate: insert into aforo_registros (business_id,fecha_hora,tipo,id) values (?,?,?,default)
Hibernate: insert into aforo_registros (business_id,fecha_hora,tipo,id) values (?,?,?,default)
Hibernate: insert into aforo_registros (business_id,fecha_hora,tipo,id) values (?,?,?,default)
Hibernate: insert into aforo_registros (business_id,fecha_hora,tipo,id) values (?,?,?,default)
Hibernate: insert into aforo_registros (business_id,fecha_hora,tipo,id) values (?,?,?,default)
Hibernate: insert into aforo_registros (business_id,fecha_hora,tipo,id) values (?,?,?,default)
Hibernate: insert into aforo_registros (business_id,fecha_hora,tipo,id) values (?,?,?,default)
Hibernate: insert into aforo_registros (business_id,fecha_hora,tipo,id) values (?,?,?,default)
Hibernate: insert into aforo_registros (business_id,fecha_hora,tipo,id) values (?,?,?,default)
Hibernate: insert into aforo_registros (business_id,fecha_hora,tipo,id) values (?,?,?,default)
Hibernate: insert into aforo_registros (business_id,fecha_hora,tipo,id) values (?,?,?,default)
Hibernate: insert into aforo_registros (business_id,fecha_hora,tipo,id) values (?,?,?,default)
Hibernate: insert into aforo_registros (business_id,fecha_hora,tipo,id) values (?,?,?,default)
Hibernate: insert into aforo_registros (business_id,fecha_hora,tipo,id) values (?,?,?,default)
Hibernate: insert into aforo_registros (business_id,fecha_hora,tipo,id) values (?,?,?,default)
Hibernate: insert into aforo_registros (business_id,fecha_hora,tipo,id) values (?,?,?,default)
Hibernate: insert into aforo_registros (business_id,fecha_hora,tipo,id) values (?,?,?,default)
Hibernate: insert into aforo_registros (business_id,fecha_hora,tipo,id) values (?,?,?,default)
Hibernate: insert into aforo_registros (business_id,fecha_hora,tipo,id) values (?,?,?,default)
Hibernate: insert into aforo_registros (business_id,fecha_hora,tipo,id) values (?,?,?,default)
Hibernate: insert into aforo_registros (business_id,fecha_hora,tipo,id) values (?,?,?,default)
Hibernate: insert into aforo_registros (business_id,fecha_hora,tipo,id) values (?,?,?,default)
Hibernate: insert into aforo_registros (business_id,fecha_hora,tipo,id) values (?,?,?,default)
Hibernate: insert into aforo_registros (business_id,fecha_hora,tipo,id) values (?,?,?,default)
Hibernate: insert into aforo_registros (business_id,fecha_hora,tipo,id) values (?,?,?,default)
Hibernate: insert into aforo_registros (business_id,fecha_hora,tipo,id) values (?,?,?,default)
Hibernate: insert into aforo_registros (business_id,fecha_hora,tipo,id) values (?,?,?,default)
Hibernate: insert into aforo_registros (business_id,fecha_hora,tipo,id) values (?,?,?,default)
Hibernate: insert into aforo_registros (business_id,fecha_hora,tipo,id) values (?,?,?,default)
Hibernate: insert into aforo_registros (business_id,fecha_hora,tipo,id) values (?,?,?,default)
Hibernate: insert into aforo_registros (business_id,fecha_hora,tipo,id) values (?,?,?,default)
Hibernate: insert into aforo_registros (business_id,fecha_hora,tipo,id) values (?,?,?,default)
Hibernate: insert into aforo_registros (business_id,fecha_hora,tipo,id) values (?,?,?,default)
Hibernate: insert into aforo_registros (business_id,fecha_hora,tipo,id) values (?,?,?,default)
Hibernate: insert into aforo_registros (business_id,fecha_hora,tipo,id) values (?,?,?,default)
Hibernate: insert into aforo_registros (business_id,fecha_hora,tipo,id) values (?,?,?,default)
Hibernate: insert into aforo_registros (business_id,fecha_hora,tipo,id) values (?,?,?,default)
Hibernate: insert into aforo_registros (business_id,fecha_hora,tipo,id) values (?,?,?,default)
Hibernate: insert into aforo_registros (business_id,fecha_hora,tipo,id) values (?,?,?,default)
Hibernate: insert into aforo_registros (business_id,fecha_hora,tipo,id) values (?,?,?,default)
Hibernate: insert into aforo_registros (business_id,fecha_hora,tipo,id) values (?,?,?,default)
Hibernate: insert into aforo_registros (business_id,fecha_hora,tipo,id) values (?,?,?,default)
Hibernate: insert into aforo_registros (business_id,fecha_hora,tipo,id) values (?,?,?,default)
Hibernate: insert into aforo_registros (business_id,fecha_hora,tipo,id) values (?,?,?,default)
Hibernate: insert into aforo_registros (business_id,fecha_hora,tipo,id) values (?,?,?,default)
Hibernate: insert into aforo_registros (business_id,fecha_hora,tipo,id) values (?,?,?,default)
Hibernate: insert into aforo_registros (business_id,fecha_hora,tipo,id) values (?,?,?,default)
Hibernate: insert into aforo_registros (business_id,fecha_hora,tipo,id) values (?,?,?,default)
Hibernate: insert into aforo_registros (business_id,fecha_hora,tipo,id) values (?,?,?,default)
Hibernate: insert into aforo_registros (business_id,fecha_hora,tipo,id) values (?,?,?,default)
Hibernate: insert into aforo_registros (business_id,fecha_hora,tipo,id) values (?,?,?,default)
Hibernate: insert into aforo_registros (business_id,fecha_hora,tipo,id) values (?,?,?,default)
Hibernate: insert into aforo_registros (business_id,fecha_hora,tipo,id) values (?,?,?,default)
Hibernate: insert into aforo_registros (business_id,fecha_hora,tipo,id) values (?,?,?,default)
Hibernate: insert into aforo_registros (business_id,fecha_hora,tipo,id) values (?,?,?,default)
Hibernate: insert into aforo_registros (business_id,fecha_hora,tipo,id) values (?,?,?,default)
Hibernate: insert into aforo_registros (business_id,fecha_hora,tipo,id) values (?,?,?,default)
Hibernate: insert into aforo_registros (business_id,fecha_hora,tipo,id) values (?,?,?,default)
Hibernate: insert into aforo_registros (business_id,fecha_hora,tipo,id) values (?,?,?,default)
Hibernate: insert into aforo_registros (business_id,fecha_hora,tipo,id) values (?,?,?,default)
Hibernate: insert into aforo_registros (business_id,fecha_hora,tipo,id) values (?,?,?,default)
Hibernate: insert into aforo_registros (business_id,fecha_hora,tipo,id) values (?,?,?,default)
Hibernate: insert into aforo_registros (business_id,fecha_hora,tipo,id) values (?,?,?,default)
Hibernate: insert into aforo_registros (business_id,fecha_hora,tipo,id) values (?,?,?,default)
Hibernate: insert into aforo_registros (business_id,fecha_hora,tipo,id) values (?,?,?,default)
Hibernate: insert into aforo_registros (business_id,fecha_hora,tipo,id) values (?,?,?,default)
Hibernate: insert into aforo_registros (business_id,fecha_hora,tipo,id) values (?,?,?,default)
Hibernate: insert into aforo_registros (business_id,fecha_hora,tipo,id) values (?,?,?,default)
Hibernate: insert into aforo_registros (business_id,fecha_hora,tipo,id) values (?,?,?,default)
Hibernate: insert into aforo_registros (business_id,fecha_hora,tipo,id) values (?,?,?,default)
Hibernate: insert into aforo_registros (business_id,fecha_hora,tipo,id) values (?,?,?,default)
Hibernate: insert into aforo_registros (business_id,fecha_hora,tipo,id) values (?,?,?,default)
Hibernate: insert into aforo_registros (business_id,fecha_hora,tipo,id) values (?,?,?,default)
Hibernate: insert into aforo_registros (business_id,fecha_hora,tipo,id) values (?,?,?,default)
Hibernate: insert into aforo_registros (business_id,fecha_hora,tipo,id) values (?,?,?,default)
Hibernate: insert into aforo_registros (business_id,fecha_hora,tipo,id) values (?,?,?,default)
Hibernate: insert into aforo_registros (business_id,fecha_hora,tipo,id) values (?,?,?,default)
Hibernate: insert into aforo_registros (business_id,fecha_hora,tipo,id) values (?,?,?,default)
Hibernate: insert into aforo_registros (business_id,fecha_hora,tipo,id) values (?,?,?,default)
Hibernate: insert into aforo_registros (business_id,fecha_hora,tipo,id) values (?,?,?,default)
Hibernate: insert into aforo_registros (business_id,fecha_hora,tipo,id) values (?,?,?,default)
Hibernate: insert into aforo_registros (business_id,fecha_hora,tipo,id) values (?,?,?,default)
Hibernate: insert into aforo_registros (business_id,fecha_hora,tipo,id) values (?,?,?,default)
Hibernate: insert into aforo_registros (business_id,fecha_hora,tipo,id) values (?,?,?,default)
Hibernate: insert into aforo_registros (business_id,fecha_hora,tipo,id) values (?,?,?,default)
Hibernate: insert into aforo_registros (business_id,fecha_hora,tipo,id) values (?,?,?,default)
Hibernate: insert into aforo_registros (business_id,fecha_hora,tipo,id) values (?,?,?,default)
Hibernate: insert into aforo_registros (business_id,fecha_hora,tipo,id) values (?,?,?,default)
Hibernate: insert into aforo_registros (business_id,fecha_hora,tipo,id) values (?,?,?,default)
Hibernate: insert into aforo_registros (business_id,fecha_hora,tipo,id) values (?,?,?,default)
Hibernate: insert into aforo_registros (business_id,fecha_hora,tipo,id) values (?,?,?,default)
Hibernate: insert into aforo_registros (business_id,fecha_hora,tipo,id) values (?,?,?,default)
Hibernate: insert into aforo_registros (business_id,fecha_hora,tipo,id) values (?,?,?,default)
Hibernate: insert into aforo_registros (business_id,fecha_hora,tipo,id) values (?,?,?,default)
Hibernate: insert into aforo_registros (business_id,fecha_hora,tipo,id) values (?,?,?,default)
Hibernate: insert into aforo_registros (business_id,fecha_hora,tipo,id) values (?,?,?,default)
Hibernate: insert into aforo_registros (business_id,fecha_hora,tipo,id) values (?,?,?,default)
Hibernate: insert into aforo_registros (business_id,fecha_hora,tipo,id) values (?,?,?,default)
Hibernate: insert into aforo_registros (business_id,fecha_hora,tipo,id) values (?,?,?,default)
Hibernate: insert into aforo_registros (business_id,fecha_hora,tipo,id) values (?,?,?,default)
Hibernate: insert into aforo_registros (business_id,fecha_hora,tipo,id) values (?,?,?,default)
Hibernate: insert into aforo_registros (business_id,fecha_hora,tipo,id) values (?,?,?,default)
Hibernate: insert into aforo_registros (business_id,fecha_hora,tipo,id) values (?,?,?,default)
Hibernate: insert into aforo_registros (business_id,fecha_hora,tipo,id) values (?,?,?,default)
Hibernate: insert into aforo_registros (business_id,fecha_hora,tipo,id) values (?,?,?,default)
Hibernate: insert into aforo_registros (business_id,fecha_hora,tipo,id) values (?,?,?,default)
Hibernate: insert into aforo_registros (business_id,fecha_hora,tipo,id) values (?,?,?,default)
Hibernate: insert into aforo_registros (business_id,fecha_hora,tipo,id) values (?,?,?,default)
Hibernate: insert into aforo_registros (business_id,fecha_hora,tipo,id) values (?,?,?,default)
Hibernate: insert into aforo_registros (business_id,fecha_hora,tipo,id) values (?,?,?,default)
Hibernate: insert into aforo_registros (business_id,fecha_hora,tipo,id) values (?,?,?,default)
Hibernate: insert into aforo_registros (business_id,fecha_hora,tipo,id) values (?,?,?,default)
Hibernate: insert into aforo_registros (business_id,fecha_hora,tipo,id) values (?,?,?,default)
Hibernate: insert into aforo_registros (business_id,fecha_hora,tipo,id) values (?,?,?,default)
Hibernate: insert into aforo_registros (business_id,fecha_hora,tipo,id) values (?,?,?,default)
Hibernate: insert into aforo_registros (business_id,fecha_hora,tipo,id) values (?,?,?,default)
Hibernate: insert into aforo_registros (business_id,fecha_hora,tipo,id) values (?,?,?,default)
Hibernate: insert into aforo_registros (business_id,fecha_hora,tipo,id) values (?,?,?,default)
Hibernate: insert into aforo_registros (business_id,fecha_hora,tipo,id) values (?,?,?,default)
Hibernate: insert into aforo_registros (business_id,fecha_hora,tipo,id) values (?,?,?,default)
Hibernate: insert into aforo_registros (business_id,fecha_hora,tipo,id) values (?,?,?,default)
Hibernate: insert into aforo_registros (business_id,fecha_hora,tipo,id) values (?,?,?,default)
Hibernate: insert into aforo_registros (business_id,fecha_hora,tipo,id) values (?,?,?,default)
Hibernate: insert into aforo_registros (business_id,fecha_hora,tipo,id) values (?,?,?,default)
Hibernate: insert into aforo_registros (business_id,fecha_hora,tipo,id) values (?,?,?,default)
Hibernate: insert into aforo_registros (business_id,fecha_hora,tipo,id) values (?,?,?,default)
Hibernate: insert into aforo_registros (business_id,fecha_hora,tipo,id) values (?,?,?,default)
Hibernate: insert into aforo_registros (business_id,fecha_hora,tipo,id) values (?,?,?,default)
Hibernate: insert into aforo_registros (business_id,fecha_hora,tipo,id) values (?,?,?,default)
Hibernate: insert into aforo_registros (business_id,fecha_hora,tipo,id) values (?,?,?,default)
Hibernate: insert into aforo_registros (business_id,fecha_hora,tipo,id) values (?,?,?,default)
Hibernate: insert into aforo_registros (business_id,fecha_hora,tipo,id) values (?,?,?,default)
Hibernate: insert into aforo_registros (business_id,fecha_hora,tipo,id) values (?,?,?,default)
Hibernate: insert into aforo_registros (business_id,fecha_hora,tipo,id) values (?,?,?,default)
Hibernate: insert into aforo_registros (business_id,fecha_hora,tipo,id) values (?,?,?,default)
Hibernate: insert into aforo_registros (business_id,fecha_hora,tipo,id) values (?,?,?,default)
Hibernate: insert into aforo_registros (business_id,fecha_hora,tipo,id) values (?,?,?,default)
Hibernate: insert into aforo_registros (business_id,fecha_hora,tipo,id) values (?,?,?,default)
Hibernate: insert into aforo_registros (business_id,fecha_hora,tipo,id) values (?,?,?,default)
Hibernate: insert into aforo_registros (business_id,fecha_hora,tipo,id) values (?,?,?,default)
Hibernate: insert into aforo_registros (business_id,fecha_hora,tipo,id) values (?,?,?,default)
Hibernate: insert into aforo_registros (business_id,fecha_hora,tipo,id) values (?,?,?,default)
Hibernate: insert into aforo_registros (business_id,fecha_hora,tipo,id) values (?,?,?,default)
Hibernate: insert into aforo_registros (business_id,fecha_hora,tipo,id) values (?,?,?,default)
Hibernate: insert into aforo_registros (business_id,fecha_hora,tipo,id) values (?,?,?,default)
Hibernate: insert into aforo_registros (business_id,fecha_hora,tipo,id) values (?,?,?,default)
Hibernate: insert into aforo_registros (business_id,fecha_hora,tipo,id) values (?,?,?,default)
Hibernate: insert into aforo_registros (business_id,fecha_hora,tipo,id) values (?,?,?,default)
Hibernate: insert into aforo_registros (business_id,fecha_hora,tipo,id) values (?,?,?,default)
Hibernate: insert into aforo_registros (business_id,fecha_hora,tipo,id) values (?,?,?,default)
Hibernate: insert into aforo_registros (business_id,fecha_hora,tipo,id) values (?,?,?,default)
Hibernate: insert into aforo_registros (business_id,fecha_hora,tipo,id) values (?,?,?,default)
Hibernate: insert into aforo_registros (business_id,fecha_hora,tipo,id) values (?,?,?,default)
Hibernate: insert into aforo_registros (business_id,fecha_hora,tipo,id) values (?,?,?,default)
Hibernate: insert into aforo_registros (business_id,fecha_hora,tipo,id) values (?,?,?,default)
Hibernate: insert into aforo_registros (business_id,fecha_hora,tipo,id) values (?,?,?,default)
Hibernate: insert into aforo_registros (business_id,fecha_hora,tipo,id) values (?,?,?,default)
Hibernate: insert into aforo_registros (business_id,fecha_hora,tipo,id) values (?,?,?,default)
Hibernate: insert into aforo_registros (business_id,fecha_hora,tipo,id) values (?,?,?,default)
Hibernate: insert into aforo_registros (business_id,fecha_hora,tipo,id) values (?,?,?,default)
Hibernate: insert into aforo_registros (business_id,fecha_hora,tipo,id) values (?,?,?,default)
Hibernate: insert into aforo_registros (business_id,fecha_hora,tipo,id) values (?,?,?,default)
Hibernate: insert into aforo_registros (business_id,fecha_hora,tipo,id) values (?,?,?,default)
Hibernate: insert into aforo_registros (business_id,fecha_hora,tipo,id) values (?,?,?,default)
Hibernate: insert into aforo_registros (business_id,fecha_hora,tipo,id) values (?,?,?,default)
Hibernate: insert into aforo_registros (business_id,fecha_hora,tipo,id) values (?,?,?,default)
Hibernate: insert into aforo_registros (business_id,fecha_hora,tipo,id) values (?,?,?,default)
Hibernate: insert into aforo_registros (business_id,fecha_hora,tipo,id) values (?,?,?,default)
Hibernate: insert into aforo_registros (business_id,fecha_hora,tipo,id) values (?,?,?,default)
Hibernate: insert into aforo_registros (business_id,fecha_hora,tipo,id) values (?,?,?,default)
Hibernate: insert into aforo_registros (business_id,fecha_hora,tipo,id) values (?,?,?,default)
Hibernate: insert into aforo_registros (business_id,fecha_hora,tipo,id) values (?,?,?,default)
Hibernate: insert into aforo_registros (business_id,fecha_hora,tipo,id) values (?,?,?,default)
Hibernate: insert into aforo_registros (business_id,fecha_hora,tipo,id) values (?,?,?,default)
Hibernate: insert into aforo_registros (business_id,fecha_hora,tipo,id) values (?,?,?,default)
Hibernate: insert into aforo_registros (business_id,fecha_hora,tipo,id) values (?,?,?,default)
Hibernate: insert into aforo_registros (business_id,fecha_hora,tipo,id) values (?,?,?,default)
Hibernate: insert into aforo_registros (business_id,fecha_hora,tipo,id) values (?,?,?,default)
Hibernate: insert into aforo_registros (business_id,fecha_hora,tipo,id) values (?,?,?,default)
Hibernate: insert into aforo_registros (business_id,fecha_hora,tipo,id) values (?,?,?,default)
Hibernate: insert into aforo_registros (business_id,fecha_hora,tipo,id) values (?,?,?,default)
Hibernate: insert into aforo_registros (business_id,fecha_hora,tipo,id) values (?,?,?,default)
Hibernate: insert into aforo_registros (business_id,fecha_hora,tipo,id) values (?,?,?,default)
Hibernate: insert into aforo_registros (business_id,fecha_hora,tipo,id) values (?,?,?,default)
Hibernate: insert into aforo_registros (business_id,fecha_hora,tipo,id) values (?,?,?,default)
Hibernate: insert into aforo_registros (business_id,fecha_hora,tipo,id) values (?,?,?,default)
Hibernate: insert into aforo_registros (business_id,fecha_hora,tipo,id) values (?,?,?,default)
Hibernate: insert into aforo_registros (business_id,fecha_hora,tipo,id) values (?,?,?,default)
Hibernate: insert into aforo_registros (business_id,fecha_hora,tipo,id) values (?,?,?,default)
Hibernate: insert into aforo_registros (business_id,fecha_hora,tipo,id) values (?,?,?,default)
Hibernate: insert into aforo_registros (business_id,fecha_hora,tipo,id) values (?,?,?,default)
Hibernate: insert into aforo_registros (business_id,fecha_hora,tipo,id) values (?,?,?,default)
Hibernate: insert into aforo_registros (business_id,fecha_hora,tipo,id) values (?,?,?,default)
Hibernate: insert into aforo_registros (business_id,fecha_hora,tipo,id) values (?,?,?,default)
Hibernate: insert into aforo_registros (business_id,fecha_hora,tipo,id) values (?,?,?,default)
Hibernate: insert into aforo_registros (business_id,fecha_hora,tipo,id) values (?,?,?,default)
Hibernate: insert into aforo_registros (business_id,fecha_hora,tipo,id) values (?,?,?,default)
Hibernate: insert into aforo_registros (business_id,fecha_hora,tipo,id) values (?,?,?,default)
Hibernate: insert into aforo_registros (business_id,fecha_hora,tipo,id) values (?,?,?,default)
Hibernate: insert into aforo_registros (business_id,fecha_hora,tipo,id) values (?,?,?,default)
Hibernate: insert into aforo_registros (business_id,fecha_hora,tipo,id) values (?,?,?,default)
Hibernate: insert into aforo_registros (business_id,fecha_hora,tipo,id) values (?,?,?,default)
Hibernate: insert into aforo_registros (business_id,fecha_hora,tipo,id) values (?,?,?,default)
Hibernate: insert into aforo_registros (business_id,fecha_hora,tipo,id) values (?,?,?,default)
Hibernate: insert into aforo_registros (business_id,fecha_hora,tipo,id) values (?,?,?,default)
Hibernate: insert into aforo_registros (business_id,fecha_hora,tipo,id) values (?,?,?,default)
Hibernate: insert into aforo_registros (business_id,fecha_hora,tipo,id) values (?,?,?,default)
Hibernate: insert into aforo_registros (business_id,fecha_hora,tipo,id) values (?,?,?,default)
Hibernate: insert into aforo_registros (business_id,fecha_hora,tipo,id) values (?,?,?,default)
Hibernate: insert into aforo_registros (business_id,fecha_hora,tipo,id) values (?,?,?,default)
Hibernate: insert into aforo_registros (business_id,fecha_hora,tipo,id) values (?,?,?,default)
Hibernate: insert into aforo_registros (business_id,fecha_hora,tipo,id) values (?,?,?,default)
Hibernate: insert into aforo_registros (business_id,fecha_hora,tipo,id) values (?,?,?,default)
Hibernate: insert into aforo_registros (business_id,fecha_hora,tipo,id) values (?,?,?,default)
Hibernate: insert into aforo_registros (business_id,fecha_hora,tipo,id) values (?,?,?,default)
Hibernate: insert into aforo_registros (business_id,fecha_hora,tipo,id) values (?,?,?,default)
Hibernate: insert into aforo_registros (business_id,fecha_hora,tipo,id) values (?,?,?,default)
Hibernate: insert into aforo_registros (business_id,fecha_hora,tipo,id) values (?,?,?,default)
Hibernate: insert into aforo_registros (business_id,fecha_hora,tipo,id) values (?,?,?,default)
Hibernate: insert into aforo_registros (business_id,fecha_hora,tipo,id) values (?,?,?,default)
Hibernate: insert into aforo_registros (business_id,fecha_hora,tipo,id) values (?,?,?,default)
Hibernate: insert into aforo_registros (business_id,fecha_hora,tipo,id) values (?,?,?,default)
Hibernate: insert into aforo_registros (business_id,fecha_hora,tipo,id) values (?,?,?,default)
Hibernate: insert into aforo_registros (business_id,fecha_hora,tipo,id) values (?,?,?,default)
Hibernate: insert into aforo_registros (business_id,fecha_hora,tipo,id) values (?,?,?,default)
Hibernate: insert into aforo_registros (business_id,fecha_hora,tipo,id) values (?,?,?,default)
Hibernate: insert into aforo_registros (business_id,fecha_hora,tipo,id) values (?,?,?,default)
Hibernate: insert into aforo_registros (business_id,fecha_hora,tipo,id) values (?,?,?,default)
Hibernate: insert into aforo_registros (business_id,fecha_hora,tipo,id) values (?,?,?,default)
Hibernate: insert into aforo_registros (business_id,fecha_hora,tipo,id) values (?,?,?,default)
Hibernate: insert into aforo_registros (business_id,fecha_hora,tipo,id) values (?,?,?,default)
Hibernate: insert into aforo_registros (business_id,fecha_hora,tipo,id) values (?,?,?,default)
Hibernate: insert into aforo_registros (business_id,fecha_hora,tipo,id) values (?,?,?,default)
Hibernate: insert into aforo_registros (business_id,fecha_hora,tipo,id) values (?,?,?,default)
Hibernate: insert into aforo_registros (business_id,fecha_hora,tipo,id) values (?,?,?,default)
Hibernate: insert into aforo_registros (business_id,fecha_hora,tipo,id) values (?,?,?,default)
Hibernate: insert into aforo_registros (business_id,fecha_hora,tipo,id) values (?,?,?,default)
Hibernate: insert into aforo_registros (business_id,fecha_hora,tipo,id) values (?,?,?,default)
Hibernate: insert into aforo_registros (business_id,fecha_hora,tipo,id) values (?,?,?,default)
Hibernate: insert into aforo_registros (business_id,fecha_hora,tipo,id) values (?,?,?,default)
Hibernate: insert into aforo_registros (business_id,fecha_hora,tipo,id) values (?,?,?,default)
Hibernate: insert into aforo_registros (business_id,fecha_hora,tipo,id) values (?,?,?,default)
Hibernate: insert into aforo_registros (business_id,fecha_hora,tipo,id) values (?,?,?,default)
Hibernate: insert into aforo_registros (business_id,fecha_hora,tipo,id) values (?,?,?,default)
Hibernate: insert into aforo_registros (business_id,fecha_hora,tipo,id) values (?,?,?,default)
Hibernate: insert into aforo_registros (business_id,fecha_hora,tipo,id) values (?,?,?,default)
Hibernate: insert into aforo_registros (business_id,fecha_hora,tipo,id) values (?,?,?,default)
Hibernate: insert into aforo_registros (business_id,fecha_hora,tipo,id) values (?,?,?,default)
Hibernate: insert into aforo_registros (business_id,fecha_hora,tipo,id) values (?,?,?,default)
Hibernate: insert into aforo_registros (business_id,fecha_hora,tipo,id) values (?,?,?,default)
Hibernate: insert into aforo_registros (business_id,fecha_hora,tipo,id) values (?,?,?,default)
Hibernate: insert into aforo_registros (business_id,fecha_hora,tipo,id) values (?,?,?,default)
Hibernate: insert into aforo_registros (business_id,fecha_hora,tipo,id) values (?,?,?,default)
Hibernate: insert into aforo_registros (business_id,fecha_hora,tipo,id) values (?,?,?,default)
Hibernate: insert into aforo_registros (business_id,fecha_hora,tipo,id) values (?,?,?,default)
Hibernate: insert into aforo_registros (business_id,fecha_hora,tipo,id) values (?,?,?,default)
Hibernate: insert into aforo_registros (business_id,fecha_hora,tipo,id) values (?,?,?,default)
Hibernate: insert into aforo_registros (business_id,fecha_hora,tipo,id) values (?,?,?,default)
Hibernate: insert into aforo_registros (business_id,fecha_hora,tipo,id) values (?,?,?,default)
Hibernate: insert into aforo_registros (business_id,fecha_hora,tipo,id) values (?,?,?,default)
Hibernate: insert into aforo_registros (business_id,fecha_hora,tipo,id) values (?,?,?,default)
Hibernate: insert into aforo_registros (business_id,fecha_hora,tipo,id) values (?,?,?,default)
Hibernate: insert into aforo_registros (business_id,fecha_hora,tipo,id) values (?,?,?,default)
Hibernate: insert into aforo_registros (business_id,fecha_hora,tipo,id) values (?,?,?,default)
Hibernate: insert into aforo_registros (business_id,fecha_hora,tipo,id) values (?,?,?,default)
Hibernate: insert into aforo_registros (business_id,fecha_hora,tipo,id) values (?,?,?,default)
Hibernate: insert into aforo_registros (business_id,fecha_hora,tipo,id) values (?,?,?,default)
Hibernate: insert into aforo_registros (business_id,fecha_hora,tipo,id) values (?,?,?,default)
Hibernate: insert into aforo_registros (business_id,fecha_hora,tipo,id) values (?,?,?,default)
Hibernate: insert into aforo_registros (business_id,fecha_hora,tipo,id) values (?,?,?,default)
Hibernate: insert into aforo_registros (business_id,fecha_hora,tipo,id) values (?,?,?,default)
Hibernate: insert into aforo_registros (business_id,fecha_hora,tipo,id) values (?,?,?,default)
Hibernate: insert into aforo_registros (business_id,fecha_hora,tipo,id) values (?,?,?,default)
Hibernate: insert into aforo_registros (business_id,fecha_hora,tipo,id) values (?,?,?,default)
Hibernate: insert into aforo_registros (business_id,fecha_hora,tipo,id) values (?,?,?,default)
Hibernate: insert into aforo_registros (business_id,fecha_hora,tipo,id) values (?,?,?,default)
Hibernate: insert into aforo_registros (business_id,fecha_hora,tipo,id) values (?,?,?,default)
Hibernate: insert into aforo_registros (business_id,fecha_hora,tipo,id) values (?,?,?,default)
Hibernate: insert into aforo_registros (business_id,fecha_hora,tipo,id) values (?,?,?,default)
Hibernate: insert into aforo_registros (business_id,fecha_hora,tipo,id) values (?,?,?,default)
Hibernate: insert into aforo_registros (business_id,fecha_hora,tipo,id) values (?,?,?,default)
Hibernate: insert into aforo_registros (business_id,fecha_hora,tipo,id) values (?,?,?,default)
Hibernate: insert into aforo_registros (business_id,fecha_hora,tipo,id) values (?,?,?,default)
Hibernate: insert into aforo_registros (business_id,fecha_hora,tipo,id) values (?,?,?,default)
Hibernate: insert into aforo_registros (business_id,fecha_hora,tipo,id) values (?,?,?,default)
Hibernate: insert into aforo_registros (business_id,fecha_hora,tipo,id) values (?,?,?,default)
Hibernate: insert into aforo_registros (business_id,fecha_hora,tipo,id) values (?,?,?,default)
Hibernate: insert into aforo_registros (business_id,fecha_hora,tipo,id) values (?,?,?,default)
Hibernate: insert into aforo_registros (business_id,fecha_hora,tipo,id) values (?,?,?,default)
Hibernate: insert into aforo_registros (business_id,fecha_hora,tipo,id) values (?,?,?,default)
Hibernate: insert into aforo_registros (business_id,fecha_hora,tipo,id) values (?,?,?,default)
Hibernate: insert into aforo_registros (business_id,fecha_hora,tipo,id) values (?,?,?,default)
Hibernate: insert into aforo_registros (business_id,fecha_hora,tipo,id) values (?,?,?,default)
Hibernate: insert into aforo_registros (business_id,fecha_hora,tipo,id) values (?,?,?,default)
Hibernate: insert into aforo_registros (business_id,fecha_hora,tipo,id) values (?,?,?,default)
Hibernate: insert into aforo_registros (business_id,fecha_hora,tipo,id) values (?,?,?,default)
Hibernate: insert into aforo_registros (business_id,fecha_hora,tipo,id) values (?,?,?,default)
Hibernate: insert into aforo_registros (business_id,fecha_hora,tipo,id) values (?,?,?,default)
Hibernate: insert into aforo_registros (business_id,fecha_hora,tipo,id) values (?,?,?,default)
Hibernate: insert into aforo_registros (business_id,fecha_hora,tipo,id) values (?,?,?,default)
Hibernate: insert into aforo_registros (business_id,fecha_hora,tipo,id) values (?,?,?,default)
Hibernate: insert into aforo_registros (business_id,fecha_hora,tipo,id) values (?,?,?,default)
Hibernate: insert into aforo_registros (business_id,fecha_hora,tipo,id) values (?,?,?,default)
Hibernate: insert into aforo_registros (business_id,fecha_hora,tipo,id) values (?,?,?,default)
Hibernate: insert into aforo_registros (business_id,fecha_hora,tipo,id) values (?,?,?,default)
Hibernate: insert into aforo_registros (business_id,fecha_hora,tipo,id) values (?,?,?,default)
Hibernate: insert into aforo_registros (business_id,fecha_hora,tipo,id) values (?,?,?,default)
Hibernate: insert into aforo_registros (business_id,fecha_hora,tipo,id) values (?,?,?,default)
Hibernate: insert into aforo_registros (business_id,fecha_hora,tipo,id) values (?,?,?,default)
Hibernate: insert into aforo_registros (business_id,fecha_hora,tipo,id) values (?,?,?,default)
Hibernate: insert into aforo_registros (business_id,fecha_hora,tipo,id) values (?,?,?,default)
Hibernate: insert into aforo_registros (business_id,fecha_hora,tipo,id) values (?,?,?,default)
Hibernate: insert into aforo_registros (business_id,fecha_hora,tipo,id) values (?,?,?,default)
Hibernate: insert into aforo_registros (business_id,fecha_hora,tipo,id) values (?,?,?,default)
Hibernate: insert into aforo_registros (business_id,fecha_hora,tipo,id) values (?,?,?,default)
Hibernate: insert into aforo_registros (business_id,fecha_hora,tipo,id) values (?,?,?,default)
Hibernate: insert into aforo_registros (business_id,fecha_hora,tipo,id) values (?,?,?,default)
Hibernate: insert into aforo_registros (business_id,fecha_hora,tipo,id) values (?,?,?,default)
Hibernate: insert into aforo_registros (business_id,fecha_hora,tipo,id) values (?,?,?,default)
Hibernate: insert into aforo_registros (business_id,fecha_hora,tipo,id) values (?,?,?,default)
Hibernate: insert into aforo_registros (business_id,fecha_hora,tipo,id) values (?,?,?,default)
Hibernate: insert into aforo_registros (business_id,fecha_hora,tipo,id) values (?,?,?,default)
Hibernate: insert into aforo_registros (business_id,fecha_hora,tipo,id) values (?,?,?,default)
Hibernate: insert into aforo_registros (business_id,fecha_hora,tipo,id) values (?,?,?,default)
Hibernate: insert into aforo_registros (business_id,fecha_hora,tipo,id) values (?,?,?,default)
Hibernate: insert into aforo_registros (business_id,fecha_hora,tipo,id) values (?,?,?,default)
Hibernate: insert into aforo_registros (business_id,fecha_hora,tipo,id) values (?,?,?,default)
Hibernate: insert into aforo_registros (business_id,fecha_hora,tipo,id) values (?,?,?,default)
Hibernate: insert into aforo_registros (business_id,fecha_hora,tipo,id) values (?,?,?,default)
Hibernate: insert into aforo_registros (business_id,fecha_hora,tipo,id) values (?,?,?,default)
Hibernate: insert into aforo_registros (business_id,fecha_hora,tipo,id) values (?,?,?,default)
Hibernate: insert into aforo_registros (business_id,fecha_hora,tipo,id) values (?,?,?,default)
Hibernate: insert into aforo_registros (business_id,fecha_hora,tipo,id) values (?,?,?,default)
Hibernate: insert into aforo_registros (business_id,fecha_hora,tipo,id) values (?,?,?,default)
Hibernate: insert into aforo_registros (business_id,fecha_hora,tipo,id) values (?,?,?,default)
Hibernate: insert into aforo_registros (business_id,fecha_hora,tipo,id) values (?,?,?,default)
Hibernate: insert into aforo_registros (business_id,fecha_hora,tipo,id) values (?,?,?,default)
Hibernate: insert into aforo_registros (business_id,fecha_hora,tipo,id) values (?,?,?,default)
Hibernate: insert into aforo_registros (business_id,fecha_hora,tipo,id) values (?,?,?,default)
Hibernate: insert into aforo_registros (business_id,fecha_hora,tipo,id) values (?,?,?,default)
Hibernate: insert into aforo_registros (business_id,fecha_hora,tipo,id) values (?,?,?,default)
Hibernate: insert into aforo_registros (business_id,fecha_hora,tipo,id) values (?,?,?,default)
Hibernate: insert into aforo_registros (business_id,fecha_hora,tipo,id) values (?,?,?,default)
Hibernate: insert into aforo_registros (business_id,fecha_hora,tipo,id) values (?,?,?,default)
Hibernate: insert into aforo_registros (business_id,fecha_hora,tipo,id) values (?,?,?,default)
Hibernate: insert into aforo_registros (business_id,fecha_hora,tipo,id) values (?,?,?,default)
Hibernate: insert into aforo_registros (business_id,fecha_hora,tipo,id) values (?,?,?,default)
Hibernate: insert into aforo_registros (business_id,fecha_hora,tipo,id) values (?,?,?,default)
Hibernate: insert into aforo_registros (business_id,fecha_hora,tipo,id) values (?,?,?,default)
Hibernate: insert into aforo_registros (business_id,fecha_hora,tipo,id) values (?,?,?,default)
Hibernate: insert into aforo_registros (business_id,fecha_hora,tipo,id) values (?,?,?,default)
Hibernate: insert into aforo_registros (business_id,fecha_hora,tipo,id) values (?,?,?,default)
Hibernate: insert into aforo_registros (business_id,fecha_hora,tipo,id) values (?,?,?,default)
Hibernate: insert into aforo_registros (business_id,fecha_hora,tipo,id) values (?,?,?,default)
Hibernate: insert into aforo_registros (business_id,fecha_hora,tipo,id) values (?,?,?,default)
Hibernate: insert into aforo_registros (business_id,fecha_hora,tipo,id) values (?,?,?,default)
Hibernate: insert into aforo_registros (business_id,fecha_hora,tipo,id) values (?,?,?,default)
Hibernate: insert into aforo_registros (business_id,fecha_hora,tipo,id) values (?,?,?,default)
Hibernate: insert into aforo_registros (business_id,fecha_hora,tipo,id) values (?,?,?,default)
Hibernate: insert into aforo_registros (business_id,fecha_hora,tipo,id) values (?,?,?,default)
Hibernate: insert into aforo_registros (business_id,fecha_hora,tipo,id) values (?,?,?,default)
Hibernate: insert into aforo_registros (business_id,fecha_hora,tipo,id) values (?,?,?,default)
Hibernate: insert into aforo_registros (business_id,fecha_hora,tipo,id) values (?,?,?,default)
Hibernate: insert into aforo_registros (business_id,fecha_hora,tipo,id) values (?,?,?,default)
Hibernate: insert into aforo_registros (business_id,fecha_hora,tipo,id) values (?,?,?,default)
Hibernate: insert into aforo_registros (business_id,fecha_hora,tipo,id) values (?,?,?,default)
Hibernate: insert into aforo_registros (business_id,fecha_hora,tipo,id) values (?,?,?,default)
Hibernate: insert into aforo_registros (business_id,fecha_hora,tipo,id) values (?,?,?,default)
Hibernate: insert into aforo_registros (business_id,fecha_hora,tipo,id) values (?,?,?,default)
Hibernate: insert into aforo_registros (business_id,fecha_hora,tipo,id) values (?,?,?,default)
Hibernate: insert into aforo_registros (business_id,fecha_hora,tipo,id) values (?,?,?,default)
Hibernate: insert into aforo_registros (business_id,fecha_hora,tipo,id) values (?,?,?,default)
Hibernate: insert into aforo_registros (business_id,fecha_hora,tipo,id) values (?,?,?,default)
Hibernate: insert into aforo_registros (business_id,fecha_hora,tipo,id) values (?,?,?,default)
Hibernate: insert into aforo_registros (business_id,fecha_hora,tipo,id) values (?,?,?,default)
Hibernate: insert into aforo_registros (business_id,fecha_hora,tipo,id) values (?,?,?,default)
Hibernate: insert into aforo_registros (business_id,fecha_hora,tipo,id) values (?,?,?,default)
Hibernate: insert into aforo_registros (business_id,fecha_hora,tipo,id) values (?,?,?,default)
Hibernate: insert into aforo_registros (business_id,fecha_hora,tipo,id) values (?,?,?,default)
Hibernate: insert into aforo_registros (business_id,fecha_hora,tipo,id) values (?,?,?,default)
Hibernate: insert into aforo_registros (business_id,fecha_hora,tipo,id) values (?,?,?,default)
Hibernate: insert into aforo_registros (business_id,fecha_hora,tipo,id) values (?,?,?,default)
Hibernate: insert into aforo_registros (business_id,fecha_hora,tipo,id) values (?,?,?,default)
Hibernate: insert into aforo_registros (business_id,fecha_hora,tipo,id) values (?,?,?,default)
Hibernate: insert into aforo_registros (business_id,fecha_hora,tipo,id) values (?,?,?,default)
Hibernate: insert into aforo_registros (business_id,fecha_hora,tipo,id) values (?,?,?,default)
Hibernate: insert into aforo_registros (business_id,fecha_hora,tipo,id) values (?,?,?,default)
Hibernate: insert into aforo_registros (business_id,fecha_hora,tipo,id) values (?,?,?,default)
Hibernate: insert into aforo_registros (business_id,fecha_hora,tipo,id) values (?,?,?,default)
Hibernate: insert into aforo_registros (business_id,fecha_hora,tipo,id) values (?,?,?,default)
Hibernate: insert into aforo_registros (business_id,fecha_hora,tipo,id) values (?,?,?,default)
Hibernate: insert into aforo_registros (business_id,fecha_hora,tipo,id) values (?,?,?,default)
Hibernate: insert into aforo_registros (business_id,fecha_hora,tipo,id) values (?,?,?,default)
Hibernate: insert into aforo_registros (business_id,fecha_hora,tipo,id) values (?,?,?,default)
Hibernate: insert into aforo_registros (business_id,fecha_hora,tipo,id) values (?,?,?,default)
Hibernate: insert into aforo_registros (business_id,fecha_hora,tipo,id) values (?,?,?,default)
Hibernate: insert into aforo_registros (business_id,fecha_hora,tipo,id) values (?,?,?,default)
Hibernate: insert into aforo_registros (business_id,fecha_hora,tipo,id) values (?,?,?,default)
Hibernate: insert into aforo_registros (business_id,fecha_hora,tipo,id) values (?,?,?,default)
Hibernate: insert into aforo_registros (business_id,fecha_hora,tipo,id) values (?,?,?,default)
Hibernate: insert into aforo_registros (business_id,fecha_hora,tipo,id) values (?,?,?,default)
Hibernate: insert into aforo_registros (business_id,fecha_hora,tipo,id) values (?,?,?,default)
Hibernate: insert into aforo_registros (business_id,fecha_hora,tipo,id) values (?,?,?,default)
Hibernate: insert into aforo_registros (business_id,fecha_hora,tipo,id) values (?,?,?,default)
Hibernate: insert into aforo_registros (business_id,fecha_hora,tipo,id) values (?,?,?,default)
Hibernate: insert into aforo_registros (business_id,fecha_hora,tipo,id) values (?,?,?,default)
Hibernate: insert into aforo_registros (business_id,fecha_hora,tipo,id) values (?,?,?,default)
Hibernate: insert into aforo_registros (business_id,fecha_hora,tipo,id) values (?,?,?,default)
Hibernate: insert into aforo_registros (business_id,fecha_hora,tipo,id) values (?,?,?,default)
Hibernate: insert into aforo_registros (business_id,fecha_hora,tipo,id) values (?,?,?,default)
Hibernate: insert into aforo_registros (business_id,fecha_hora,tipo,id) values (?,?,?,default)
Hibernate: insert into aforo_registros (business_id,fecha_hora,tipo,id) values (?,?,?,default)
Hibernate: insert into aforo_registros (business_id,fecha_hora,tipo,id) values (?,?,?,default)
Hibernate: insert into aforo_registros (business_id,fecha_hora,tipo,id) values (?,?,?,default)
Hibernate: insert into aforo_registros (business_id,fecha_hora,tipo,id) values (?,?,?,default)
Hibernate: insert into aforo_registros (business_id,fecha_hora,tipo,id) values (?,?,?,default)
Hibernate: insert into aforo_registros (business_id,fecha_hora,tipo,id) values (?,?,?,default)
Hibernate: insert into aforo_registros (business_id,fecha_hora,tipo,id) values (?,?,?,default)
Hibernate: insert into aforo_registros (business_id,fecha_hora,tipo,id) values (?,?,?,default)
Hibernate: insert into aforo_registros (business_id,fecha_hora,tipo,id) values (?,?,?,default)
Hibernate: insert into aforo_registros (business_id,fecha_hora,tipo,id) values (?,?,?,default)
Hibernate: insert into aforo_registros (business_id,fecha_hora,tipo,id) values (?,?,?,default)
Hibernate: insert into aforo_registros (business_id,fecha_hora,tipo,id) values (?,?,?,default)
Hibernate: insert into aforo_registros (business_id,fecha_hora,tipo,id) values (?,?,?,default)
Hibernate: insert into aforo_registros (business_id,fecha_hora,tipo,id) values (?,?,?,default)
Hibernate: insert into aforo_registros (business_id,fecha_hora,tipo,id) values (?,?,?,default)
Hibernate: insert into aforo_registros (business_id,fecha_hora,tipo,id) values (?,?,?,default)
Hibernate: insert into aforo_registros (business_id,fecha_hora,tipo,id) values (?,?,?,default)
Hibernate: insert into aforo_registros (business_id,fecha_hora,tipo,id) values (?,?,?,default)
Hibernate: insert into aforo_registros (business_id,fecha_hora,tipo,id) values (?,?,?,default)
Hibernate: insert into aforo_registros (business_id,fecha_hora,tipo,id) values (?,?,?,default)
Hibernate: insert into aforo_registros (business_id,fecha_hora,tipo,id) values (?,?,?,default)
Hibernate: insert into aforo_registros (business_id,fecha_hora,tipo,id) values (?,?,?,default)
Hibernate: insert into aforo_registros (business_id,fecha_hora,tipo,id) values (?,?,?,default)
Hibernate: insert into aforo_registros (business_id,fecha_hora,tipo,id) values (?,?,?,default)
Hibernate: insert into aforo_registros (business_id,fecha_hora,tipo,id) values (?,?,?,default)
Hibernate: insert into aforo_registros (business_id,fecha_hora,tipo,id) values (?,?,?,default)
Hibernate: insert into aforo_registros (business_id,fecha_hora,tipo,id) values (?,?,?,default)
Hibernate: insert into aforo_registros (business_id,fecha_hora,tipo,id) values (?,?,?,default)
Hibernate: insert into aforo_registros (business_id,fecha_hora,tipo,id) values (?,?,?,default)
Hibernate: insert into aforo_registros (business_id,fecha_hora,tipo,id) values (?,?,?,default)
Hibernate: insert into aforo_registros (business_id,fecha_hora,tipo,id) values (?,?,?,default)
Hibernate: insert into aforo_registros (business_id,fecha_hora,tipo,id) values (?,?,?,default)
Hibernate: insert into aforo_registros (business_id,fecha_hora,tipo,id) values (?,?,?,default)
Hibernate: insert into aforo_registros (business_id,fecha_hora,tipo,id) values (?,?,?,default)
Hibernate: insert into aforo_registros (business_id,fecha_hora,tipo,id) values (?,?,?,default)
Hibernate: insert into aforo_registros (business_id,fecha_hora,tipo,id) values (?,?,?,default)
Hibernate: insert into aforo_registros (business_id,fecha_hora,tipo,id) values (?,?,?,default)
Hibernate: insert into aforo_registros (business_id,fecha_hora,tipo,id) values (?,?,?,default)
Hibernate: insert into aforo_registros (business_id,fecha_hora,tipo,id) values (?,?,?,default)
Hibernate: insert into aforo_registros (business_id,fecha_hora,tipo,id) values (?,?,?,default)
Hibernate: insert into aforo_registros (business_id,fecha_hora,tipo,id) values (?,?,?,default)
Hibernate: insert into aforo_registros (business_id,fecha_hora,tipo,id) values (?,?,?,default)
Hibernate: insert into aforo_registros (business_id,fecha_hora,tipo,id) values (?,?,?,default)
Hibernate: insert into aforo_registros (business_id,fecha_hora,tipo,id) values (?,?,?,default)
Hibernate: insert into aforo_registros (business_id,fecha_hora,tipo,id) values (?,?,?,default)
Hibernate: insert into aforo_registros (business_id,fecha_hora,tipo,id) values (?,?,?,default)
Hibernate: insert into aforo_registros (business_id,fecha_hora,tipo,id) values (?,?,?,default)
Hibernate: insert into aforo_registros (business_id,fecha_hora,tipo,id) values (?,?,?,default)
Hibernate: insert into aforo_registros (business_id,fecha_hora,tipo,id) values (?,?,?,default)
Hibernate: insert into aforo_registros (business_id,fecha_hora,tipo,id) values (?,?,?,default)
Hibernate: insert into aforo_registros (business_id,fecha_hora,tipo,id) values (?,?,?,default)
Hibernate: insert into aforo_registros (business_id,fecha_hora,tipo,id) values (?,?,?,default)
Hibernate: insert into aforo_registros (business_id,fecha_hora,tipo,id) values (?,?,?,default)
Hibernate: insert into aforo_registros (business_id,fecha_hora,tipo,id) values (?,?,?,default)
Hibernate: insert into aforo_registros (business_id,fecha_hora,tipo,id) values (?,?,?,default)
Hibernate: insert into aforo_registros (business_id,fecha_hora,tipo,id) values (?,?,?,default)
Hibernate: insert into aforo_registros (business_id,fecha_hora,tipo,id) values (?,?,?,default)
Hibernate: insert into aforo_registros (business_id,fecha_hora,tipo,id) values (?,?,?,default)
Hibernate: insert into aforo_registros (business_id,fecha_hora,tipo,id) values (?,?,?,default)
Hibernate: insert into aforo_registros (business_id,fecha_hora,tipo,id) values (?,?,?,default)
Hibernate: insert into aforo_registros (business_id,fecha_hora,tipo,id) values (?,?,?,default)
Hibernate: insert into aforo_registros (business_id,fecha_hora,tipo,id) values (?,?,?,default)
Hibernate: insert into aforo_registros (business_id,fecha_hora,tipo,id) values (?,?,?,default)
Hibernate: insert into aforo_registros (business_id,fecha_hora,tipo,id) values (?,?,?,default)
Hibernate: insert into aforo_registros (business_id,fecha_hora,tipo,id) values (?,?,?,default)
Hibernate: insert into aforo_registros (business_id,fecha_hora,tipo,id) values (?,?,?,default)
Hibernate: insert into aforo_registros (business_id,fecha_hora,tipo,id) values (?,?,?,default)
Hibernate: insert into aforo_registros (business_id,fecha_hora,tipo,id) values (?,?,?,default)
Hibernate: insert into aforo_registros (business_id,fecha_hora,tipo,id) values (?,?,?,default)
Hibernate: insert into aforo_registros (business_id,fecha_hora,tipo,id) values (?,?,?,default)
Hibernate: insert into aforo_registros (business_id,fecha_hora,tipo,id) values (?,?,?,default)
Hibernate: insert into aforo_registros (business_id,fecha_hora,tipo,id) values (?,?,?,default)
Hibernate: insert into aforo_registros (business_id,fecha_hora,tipo,id) values (?,?,?,default)
Hibernate: insert into aforo_registros (business_id,fecha_hora,tipo,id) values (?,?,?,default)
Hibernate: insert into aforo_registros (business_id,fecha_hora,tipo,id) values (?,?,?,default)
Hibernate: insert into aforo_registros (business_id,fecha_hora,tipo,id) values (?,?,?,default)
Hibernate: insert into aforo_registros (business_id,fecha_hora,tipo,id) values (?,?,?,default)
Hibernate: insert into aforo_registros (business_id,fecha_hora,tipo,id) values (?,?,?,default)
Hibernate: insert into aforo_registros (business_id,fecha_hora,tipo,id) values (?,?,?,default)
Hibernate: insert into aforo_registros (business_id,fecha_hora,tipo,id) values (?,?,?,default)
Hibernate: insert into aforo_registros (business_id,fecha_hora,tipo,id) values (?,?,?,default)
Hibernate: insert into aforo_registros (business_id,fecha_hora,tipo,id) values (?,?,?,default)
Hibernate: insert into aforo_registros (business_id,fecha_hora,tipo,id) values (?,?,?,default)
Hibernate: insert into aforo_registros (business_id,fecha_hora,tipo,id) values (?,?,?,default)
Hibernate: insert into aforo_registros (business_id,fecha_hora,tipo,id) values (?,?,?,default)
Hibernate: insert into aforo_registros (business_id,fecha_hora,tipo,id) values (?,?,?,default)
Hibernate: insert into aforo_registros (business_id,fecha_hora,tipo,id) values (?,?,?,default)
Hibernate: insert into aforo_registros (business_id,fecha_hora,tipo,id) values (?,?,?,default)
Hibernate: insert into aforo_registros (business_id,fecha_hora,tipo,id) values (?,?,?,default)
Hibernate: insert into aforo_registros (business_id,fecha_hora,tipo,id) values (?,?,?,default)
Hibernate: insert into aforo_registros (business_id,fecha_hora,tipo,id) values (?,?,?,default)
Hibernate: insert into aforo_registros (business_id,fecha_hora,tipo,id) values (?,?,?,default)
Hibernate: insert into aforo_registros (business_id,fecha_hora,tipo,id) values (?,?,?,default)
Hibernate: insert into aforo_registros (business_id,fecha_hora,tipo,id) values (?,?,?,default)
Hibernate: insert into aforo_registros (business_id,fecha_hora,tipo,id) values (?,?,?,default)
Hibernate: insert into aforo_registros (business_id,fecha_hora,tipo,id) values (?,?,?,default)
Hibernate: insert into aforo_registros (business_id,fecha_hora,tipo,id) values (?,?,?,default)
Hibernate: insert into aforo_registros (business_id,fecha_hora,tipo,id) values (?,?,?,default)
Hibernate: insert into aforo_registros (business_id,fecha_hora,tipo,id) values (?,?,?,default)
Hibernate: insert into aforo_registros (business_id,fecha_hora,tipo,id) values (?,?,?,default)
Hibernate: insert into aforo_registros (business_id,fecha_hora,tipo,id) values (?,?,?,default)
Hibernate: insert into aforo_registros (business_id,fecha_hora,tipo,id) values (?,?,?,default)
Hibernate: insert into aforo_registros (business_id,fecha_hora,tipo,id) values (?,?,?,default)
Hibernate: insert into aforo_registros (business_id,fecha_hora,tipo,id) values (?,?,?,default)
Hibernate: insert into aforo_registros (business_id,fecha_hora,tipo,id) values (?,?,?,default)
Hibernate: insert into aforo_registros (business_id,fecha_hora,tipo,id) values (?,?,?,default)
Hibernate: insert into aforo_registros (business_id,fecha_hora,tipo,id) values (?,?,?,default)
Hibernate: insert into aforo_registros (business_id,fecha_hora,tipo,id) values (?,?,?,default)
Hibernate: insert into aforo_registros (business_id,fecha_hora,tipo,id) values (?,?,?,default)
Hibernate: insert into aforo_registros (business_id,fecha_hora,tipo,id) values (?,?,?,default)
Hibernate: insert into aforo_registros (business_id,fecha_hora,tipo,id) values (?,?,?,default)
Hibernate: insert into aforo_registros (business_id,fecha_hora,tipo,id) values (?,?,?,default)
Hibernate: insert into aforo_registros (business_id,fecha_hora,tipo,id) values (?,?,?,default)
Hibernate: insert into aforo_registros (business_id,fecha_hora,tipo,id) values (?,?,?,default)
Hibernate: insert into aforo_registros (business_id,fecha_hora,tipo,id) values (?,?,?,default)
Hibernate: insert into aforo_registros (business_id,fecha_hora,tipo,id) values (?,?,?,default)
Hibernate: insert into aforo_registros (business_id,fecha_hora,tipo,id) values (?,?,?,default)
Hibernate: insert into aforo_registros (business_id,fecha_hora,tipo,id) values (?,?,?,default)
Hibernate: insert into aforo_registros (business_id,fecha_hora,tipo,id) values (?,?,?,default)
Hibernate: insert into aforo_registros (business_id,fecha_hora,tipo,id) values (?,?,?,default)
Hibernate: insert into aforo_registros (business_id,fecha_hora,tipo,id) values (?,?,?,default)
Hibernate: insert into aforo_registros (business_id,fecha_hora,tipo,id) values (?,?,?,default)
Hibernate: insert into aforo_registros (business_id,fecha_hora,tipo,id) values (?,?,?,default)
Hibernate: insert into aforo_registros (business_id,fecha_hora,tipo,id) values (?,?,?,default)
Hibernate: insert into aforo_registros (business_id,fecha_hora,tipo,id) values (?,?,?,default)
Hibernate: insert into aforo_registros (business_id,fecha_hora,tipo,id) values (?,?,?,default)
Hibernate: insert into aforo_registros (business_id,fecha_hora,tipo,id) values (?,?,?,default)
Hibernate: insert into aforo_registros (business_id,fecha_hora,tipo,id) values (?,?,?,default)
Hibernate: insert into aforo_registros (business_id,fecha_hora,tipo,id) values (?,?,?,default)
Hibernate: insert into aforo_registros (business_id,fecha_hora,tipo,id) values (?,?,?,default)
Hibernate: insert into aforo_registros (business_id,fecha_hora,tipo,id) values (?,?,?,default)
Hibernate: insert into aforo_registros (business_id,fecha_hora,tipo,id) values (?,?,?,default)
Hibernate: insert into aforo_registros (business_id,fecha_hora,tipo,id) values (?,?,?,default)
Hibernate: insert into aforo_registros (business_id,fecha_hora,tipo,id) values (?,?,?,default)
Hibernate: insert into aforo_registros (business_id,fecha_hora,tipo,id) values (?,?,?,default)
Hibernate: insert into aforo_registros (business_id,fecha_hora,tipo,id) values (?,?,?,default)
Hibernate: insert into aforo_registros (business_id,fecha_hora,tipo,id) values (?,?,?,default)
Hibernate: insert into aforo_registros (business_id,fecha_hora,tipo,id) values (?,?,?,default)
Hibernate: insert into aforo_registros (business_id,fecha_hora,tipo,id) values (?,?,?,default)
Hibernate: insert into aforo_registros (business_id,fecha_hora,tipo,id) values (?,?,?,default)
Hibernate: insert into aforo_registros (business_id,fecha_hora,tipo,id) values (?,?,?,default)
Hibernate: insert into aforo_registros (business_id,fecha_hora,tipo,id) values (?,?,?,default)
Hibernate: insert into aforo_registros (business_id,fecha_hora,tipo,id) values (?,?,?,default)
Hibernate: insert into aforo_registros (business_id,fecha_hora,tipo,id) values (?,?,?,default)
Hibernate: insert into aforo_registros (business_id,fecha_hora,tipo,id) values (?,?,?,default)
Hibernate: insert into aforo_registros (business_id,fecha_hora,tipo,id) values (?,?,?,default)
Hibernate: insert into aforo_registros (business_id,fecha_hora,tipo,id) values (?,?,?,default)
Hibernate: insert into aforo_registros (business_id,fecha_hora,tipo,id) values (?,?,?,default)
Hibernate: insert into aforo_registros (business_id,fecha_hora,tipo,id) values (?,?,?,default)
Hibernate: insert into aforo_registros (business_id,fecha_hora,tipo,id) values (?,?,?,default)
Hibernate: insert into aforo_registros (business_id,fecha_hora,tipo,id) values (?,?,?,default)
Hibernate: insert into aforo_registros (business_id,fecha_hora,tipo,id) values (?,?,?,default)
Hibernate: insert into aforo_registros (business_id,fecha_hora,tipo,id) values (?,?,?,default)
Hibernate: insert into aforo_registros (business_id,fecha_hora,tipo,id) values (?,?,?,default)
Hibernate: insert into aforo_registros (business_id,fecha_hora,tipo,id) values (?,?,?,default)
Hibernate: insert into aforo_registros (business_id,fecha_hora,tipo,id) values (?,?,?,default)
Hibernate: insert into aforo_registros (business_id,fecha_hora,tipo,id) values (?,?,?,default)
Hibernate: insert into aforo_registros (business_id,fecha_hora,tipo,id) values (?,?,?,default)
Hibernate: insert into aforo_registros (business_id,fecha_hora,tipo,id) values (?,?,?,default)
Hibernate: insert into aforo_registros (business_id,fecha_hora,tipo,id) values (?,?,?,default)
Hibernate: insert into aforo_registros (business_id,fecha_hora,tipo,id) values (?,?,?,default)
Hibernate: insert into aforo_registros (business_id,fecha_hora,tipo,id) values (?,?,?,default)
Hibernate: insert into aforo_registros (business_id,fecha_hora,tipo,id) values (?,?,?,default)
Hibernate: insert into aforo_registros (business_id,fecha_hora,tipo,id) values (?,?,?,default)
Hibernate: insert into aforo_registros (business_id,fecha_hora,tipo,id) values (?,?,?,default)
Hibernate: insert into aforo_registros (business_id,fecha_hora,tipo,id) values (?,?,?,default)
Hibernate: insert into aforo_registros (business_id,fecha_hora,tipo,id) values (?,?,?,default)
Hibernate: insert into aforo_registros (business_id,fecha_hora,tipo,id) values (?,?,?,default)
Hibernate: insert into aforo_registros (business_id,fecha_hora,tipo,id) values (?,?,?,default)
Hibernate: insert into aforo_registros (business_id,fecha_hora,tipo,id) values (?,?,?,default)
Hibernate: insert into aforo_registros (business_id,fecha_hora,tipo,id) values (?,?,?,default)
Hibernate: insert into aforo_registros (business_id,fecha_hora,tipo,id) values (?,?,?,default)
Hibernate: insert into aforo_registros (business_id,fecha_hora,tipo,id) values (?,?,?,default)
Hibernate: insert into aforo_registros (business_id,fecha_hora,tipo,id) values (?,?,?,default)
Hibernate: insert into aforo_registros (business_id,fecha_hora,tipo,id) values (?,?,?,default)
Hibernate: insert into aforo_registros (business_id,fecha_hora,tipo,id) values (?,?,?,default)
Hibernate: insert into aforo_registros (business_id,fecha_hora,tipo,id) values (?,?,?,default)
Hibernate: insert into aforo_registros (business_id,fecha_hora,tipo,id) values (?,?,?,default)
Hibernate: insert into aforo_registros (business_id,fecha_hora,tipo,id) values (?,?,?,default)
Hibernate: insert into aforo_registros (business_id,fecha_hora,tipo,id) values (?,?,?,default)
Hibernate: insert into aforo_registros (business_id,fecha_hora,tipo,id) values (?,?,?,default)
Hibernate: insert into aforo_registros (business_id,fecha_hora,tipo,id) values (?,?,?,default)
Hibernate: insert into aforo_registros (business_id,fecha_hora,tipo,id) values (?,?,?,default)
Hibernate: insert into aforo_registros (business_id,fecha_hora,tipo,id) values (?,?,?,default)
Hibernate: insert into aforo_registros (business_id,fecha_hora,tipo,id) values (?,?,?,default)
Hibernate: insert into aforo_registros (business_id,fecha_hora,tipo,id) values (?,?,?,default)
Hibernate: insert into aforo_registros (business_id,fecha_hora,tipo,id) values (?,?,?,default)
Hibernate: insert into aforo_registros (business_id,fecha_hora,tipo,id) values (?,?,?,default)
Hibernate: insert into aforo_registros (business_id,fecha_hora,tipo,id) values (?,?,?,default)
Hibernate: insert into aforo_registros (business_id,fecha_hora,tipo,id) values (?,?,?,default)
Hibernate: insert into aforo_registros (business_id,fecha_hora,tipo,id) values (?,?,?,default)
Hibernate: insert into aforo_registros (business_id,fecha_hora,tipo,id) values (?,?,?,default)
Hibernate: insert into aforo_registros (business_id,fecha_hora,tipo,id) values (?,?,?,default)
Hibernate: insert into aforo_registros (business_id,fecha_hora,tipo,id) values (?,?,?,default)
Hibernate: insert into aforo_registros (business_id,fecha_hora,tipo,id) values (?,?,?,default)
Hibernate: insert into aforo_registros (business_id,fecha_hora,tipo,id) values (?,?,?,default)
Hibernate: insert into aforo_registros (business_id,fecha_hora,tipo,id) values (?,?,?,default)
Hibernate: insert into aforo_registros (business_id,fecha_hora,tipo,id) values (?,?,?,default)
Hibernate: insert into aforo_registros (business_id,fecha_hora,tipo,id) values (?,?,?,default)
Hibernate: insert into aforo_registros (business_id,fecha_hora,tipo,id) values (?,?,?,default)
Hibernate: insert into aforo_registros (business_id,fecha_hora,tipo,id) values (?,?,?,default)
Hibernate: insert into aforo_registros (business_id,fecha_hora,tipo,id) values (?,?,?,default)
Hibernate: insert into aforo_registros (business_id,fecha_hora,tipo,id) values (?,?,?,default)
Hibernate: insert into aforo_registros (business_id,fecha_hora,tipo,id) values (?,?,?,default)
Hibernate: insert into aforo_registros (business_id,fecha_hora,tipo,id) values (?,?,?,default)
Hibernate: insert into aforo_registros (business_id,fecha_hora,tipo,id) values (?,?,?,default)
Hibernate: insert into aforo_registros (business_id,fecha_hora,tipo,id) values (?,?,?,default)
Hibernate: insert into aforo_registros (business_id,fecha_hora,tipo,id) values (?,?,?,default)
Hibernate: insert into aforo_registros (business_id,fecha_hora,tipo,id) values (?,?,?,default)
Hibernate: insert into aforo_registros (business_id,fecha_hora,tipo,id) values (?,?,?,default)
Hibernate: insert into aforo_registros (business_id,fecha_hora,tipo,id) values (?,?,?,default)
Hibernate: insert into aforo_registros (business_id,fecha_hora,tipo,id) values (?,?,?,default)
Hibernate: insert into aforo_registros (business_id,fecha_hora,tipo,id) values (?,?,?,default)
Hibernate: insert into aforo_registros (business_id,fecha_hora,tipo,id) values (?,?,?,default)
Hibernate: insert into aforo_registros (business_id,fecha_hora,tipo,id) values (?,?,?,default)
Hibernate: insert into aforo_registros (business_id,fecha_hora,tipo,id) values (?,?,?,default)
Hibernate: insert into aforo_registros (business_id,fecha_hora,tipo,id) values (?,?,?,default)
Hibernate: insert into aforo_registros (business_id,fecha_hora,tipo,id) values (?,?,?,default)
Hibernate: insert into aforo_registros (business_id,fecha_hora,tipo,id) values (?,?,?,default)
Hibernate: insert into aforo_registros (business_id,fecha_hora,tipo,id) values (?,?,?,default)
Hibernate: insert into aforo_registros (business_id,fecha_hora,tipo,id) values (?,?,?,default)
Hibernate: insert into aforo_registros (business_id,fecha_hora,tipo,id) values (?,?,?,default)
Hibernate: insert into aforo_registros (business_id,fecha_hora,tipo,id) values (?,?,?,default)
Hibernate: insert into aforo_registros (business_id,fecha_hora,tipo,id) values (?,?,?,default)
Hibernate: insert into aforo_registros (business_id,fecha_hora,tipo,id) values (?,?,?,default)
Hibernate: insert into aforo_registros (business_id,fecha_hora,tipo,id) values (?,?,?,default)
Hibernate: insert into aforo_registros (business_id,fecha_hora,tipo,id) values (?,?,?,default)
Hibernate: insert into aforo_registros (business_id,fecha_hora,tipo,id) values (?,?,?,default)
Hibernate: insert into aforo_registros (business_id,fecha_hora,tipo,id) values (?,?,?,default)
Hibernate: insert into aforo_registros (business_id,fecha_hora,tipo,id) values (?,?,?,default)
Hibernate: insert into aforo_registros (business_id,fecha_hora,tipo,id) values (?,?,?,default)
Hibernate: insert into aforo_registros (business_id,fecha_hora,tipo,id) values (?,?,?,default)
Hibernate: insert into aforo_registros (business_id,fecha_hora,tipo,id) values (?,?,?,default)
Hibernate: insert into aforo_registros (business_id,fecha_hora,tipo,id) values (?,?,?,default)
Hibernate: insert into aforo_registros (business_id,fecha_hora,tipo,id) values (?,?,?,default)
Hibernate: insert into aforo_registros (business_id,fecha_hora,tipo,id) values (?,?,?,default)
Hibernate: insert into aforo_registros (business_id,fecha_hora,tipo,id) values (?,?,?,default)
Hibernate: insert into aforo_registros (business_id,fecha_hora,tipo,id) values (?,?,?,default)
Hibernate: insert into aforo_registros (business_id,fecha_hora,tipo,id) values (?,?,?,default)
Hibernate: insert into aforo_registros (business_id,fecha_hora,tipo,id) values (?,?,?,default)
Hibernate: insert into aforo_registros (business_id,fecha_hora,tipo,id) values (?,?,?,default)
Hibernate: insert into aforo_registros (business_id,fecha_hora,tipo,id) values (?,?,?,default)
Hibernate: insert into aforo_registros (business_id,fecha_hora,tipo,id) values (?,?,?,default)
Hibernate: insert into aforo_registros (business_id,fecha_hora,tipo,id) values (?,?,?,default)
Hibernate: insert into aforo_registros (business_id,fecha_hora,tipo,id) values (?,?,?,default)
Hibernate: insert into aforo_registros (business_id,fecha_hora,tipo,id) values (?,?,?,default)
Hibernate: insert into aforo_registros (business_id,fecha_hora,tipo,id) values (?,?,?,default)
Hibernate: insert into aforo_registros (business_id,fecha_hora,tipo,id) values (?,?,?,default)
Hibernate: insert into aforo_registros (business_id,fecha_hora,tipo,id) values (?,?,?,default)
Hibernate: insert into aforo_registros (business_id,fecha_hora,tipo,id) values (?,?,?,default)
Hibernate: insert into aforo_registros (business_id,fecha_hora,tipo,id) values (?,?,?,default)
Hibernate: insert into aforo_registros (business_id,fecha_hora,tipo,id) values (?,?,?,default)
Hibernate: insert into aforo_registros (business_id,fecha_hora,tipo,id) values (?,?,?,default)
Hibernate: insert into aforo_registros (business_id,fecha_hora,tipo,id) values (?,?,?,default)
Hibernate: insert into aforo_registros (business_id,fecha_hora,tipo,id) values (?,?,?,default)
Hibernate: insert into aforo_registros (business_id,fecha_hora,tipo,id) values (?,?,?,default)
Hibernate: insert into aforo_registros (business_id,fecha_hora,tipo,id) values (?,?,?,default)
Hibernate: insert into aforo_registros (business_id,fecha_hora,tipo,id) values (?,?,?,default)
Hibernate: insert into aforo_registros (business_id,fecha_hora,tipo,id) values (?,?,?,default)
Hibernate: insert into aforo_registros (business_id,fecha_hora,tipo,id) values (?,?,?,default)
Hibernate: insert into aforo_registros (business_id,fecha_hora,tipo,id) values (?,?,?,default)
Hibernate: insert into aforo_registros (business_id,fecha_hora,tipo,id) values (?,?,?,default)
Hibernate: insert into aforo_registros (business_id,fecha_hora,tipo,id) values (?,?,?,default)
Hibernate: insert into aforo_registros (business_id,fecha_hora,tipo,id) values (?,?,?,default)
Hibernate: insert into aforo_registros (business_id,fecha_hora,tipo,id) values (?,?,?,default)
Hibernate: insert into aforo_registros (business_id,fecha_hora,tipo,id) values (?,?,?,default)
Hibernate: insert into aforo_registros (business_id,fecha_hora,tipo,id) values (?,?,?,default)
Hibernate: insert into aforo_registros (business_id,fecha_hora,tipo,id) values (?,?,?,default)
Hibernate: insert into aforo_registros (business_id,fecha_hora,tipo,id) values (?,?,?,default)
Hibernate: insert into aforo_registros (business_id,fecha_hora,tipo,id) values (?,?,?,default)
Hibernate: insert into aforo_registros (business_id,fecha_hora,tipo,id) values (?,?,?,default)
Hibernate: insert into aforo_registros (business_id,fecha_hora,tipo,id) values (?,?,?,default)
Hibernate: insert into aforo_registros (business_id,fecha_hora,tipo,id) values (?,?,?,default)
Hibernate: insert into aforo_registros (business_id,fecha_hora,tipo,id) values (?,?,?,default)
Hibernate: insert into aforo_registros (business_id,fecha_hora,tipo,id) values (?,?,?,default)
Hibernate: insert into aforo_registros (business_id,fecha_hora,tipo,id) values (?,?,?,default)
Hibernate: insert into aforo_registros (business_id,fecha_hora,tipo,id) values (?,?,?,default)
Hibernate: insert into aforo_registros (business_id,fecha_hora,tipo,id) values (?,?,?,default)
Hibernate: insert into aforo_registros (business_id,fecha_hora,tipo,id) values (?,?,?,default)
Hibernate: insert into aforo_registros (business_id,fecha_hora,tipo,id) values (?,?,?,default)
Hibernate: insert into aforo_registros (business_id,fecha_hora,tipo,id) values (?,?,?,default)
Hibernate: insert into aforo_registros (business_id,fecha_hora,tipo,id) values (?,?,?,default)
Hibernate: insert into aforo_registros (business_id,fecha_hora,tipo,id) values (?,?,?,default)
Hibernate: insert into aforo_registros (business_id,fecha_hora,tipo,id) values (?,?,?,default)
Hibernate: insert into aforo_registros (business_id,fecha_hora,tipo,id) values (?,?,?,default)
Hibernate: insert into aforo_registros (business_id,fecha_hora,tipo,id) values (?,?,?,default)
Hibernate: insert into aforo_registros (business_id,fecha_hora,tipo,id) values (?,?,?,default)
Hibernate: insert into aforo_registros (business_id,fecha_hora,tipo,id) values (?,?,?,default)
Hibernate: insert into aforo_registros (business_id,fecha_hora,tipo,id) values (?,?,?,default)
Hibernate: insert into aforo_registros (business_id,fecha_hora,tipo,id) values (?,?,?,default)
Hibernate: insert into aforo_registros (business_id,fecha_hora,tipo,id) values (?,?,?,default)
Hibernate: insert into aforo_registros (business_id,fecha_hora,tipo,id) values (?,?,?,default)
Hibernate: insert into aforo_registros (business_id,fecha_hora,tipo,id) values (?,?,?,default)
Hibernate: insert into aforo_registros (business_id,fecha_hora,tipo,id) values (?,?,?,default)
Hibernate: insert into aforo_registros (business_id,fecha_hora,tipo,id) values (?,?,?,default)
Hibernate: insert into aforo_registros (business_id,fecha_hora,tipo,id) values (?,?,?,default)
Hibernate: insert into aforo_registros (business_id,fecha_hora,tipo,id) values (?,?,?,default)
Hibernate: insert into aforo_registros (business_id,fecha_hora,tipo,id) values (?,?,?,default)
Hibernate: insert into aforo_registros (business_id,fecha_hora,tipo,id) values (?,?,?,default)
Hibernate: insert into aforo_registros (business_id,fecha_hora,tipo,id) values (?,?,?,default)
Hibernate: insert into aforo_registros (business_id,fecha_hora,tipo,id) values (?,?,?,default)
Hibernate: insert into aforo_registros (business_id,fecha_hora,tipo,id) values (?,?,?,default)
Hibernate: insert into aforo_registros (business_id,fecha_hora,tipo,id) values (?,?,?,default)
Hibernate: insert into aforo_registros (business_id,fecha_hora,tipo,id) values (?,?,?,default)
Hibernate: insert into aforo_registros (business_id,fecha_hora,tipo,id) values (?,?,?,default)
Hibernate: insert into aforo_registros (business_id,fecha_hora,tipo,id) values (?,?,?,default)
Hibernate: insert into aforo_registros (business_id,fecha_hora,tipo,id) values (?,?,?,default)
Hibernate: insert into aforo_registros (business_id,fecha_hora,tipo,id) values (?,?,?,default)
Hibernate: insert into aforo_registros (business_id,fecha_hora,tipo,id) values (?,?,?,default)
Hibernate: insert into aforo_registros (business_id,fecha_hora,tipo,id) values (?,?,?,default)
Hibernate: insert into aforo_registros (business_id,fecha_hora,tipo,id) values (?,?,?,default)
Hibernate: insert into aforo_registros (business_id,fecha_hora,tipo,id) values (?,?,?,default)
Hibernate: insert into aforo_registros (business_id,fecha_hora,tipo,id) values (?,?,?,default)
Hibernate: insert into aforo_registros (business_id,fecha_hora,tipo,id) values (?,?,?,default)
Hibernate: insert into aforo_registros (business_id,fecha_hora,tipo,id) values (?,?,?,default)
Hibernate: insert into aforo_registros (business_id,fecha_hora,tipo,id) values (?,?,?,default)
Hibernate: insert into aforo_registros (business_id,fecha_hora,tipo,id) values (?,?,?,default)
Hibernate: insert into aforo_registros (business_id,fecha_hora,tipo,id) values (?,?,?,default)
Hibernate: insert into aforo_registros (business_id,fecha_hora,tipo,id) values (?,?,?,default)
Hibernate: insert into aforo_registros (business_id,fecha_hora,tipo,id) values (?,?,?,default)
Hibernate: insert into aforo_registros (business_id,fecha_hora,tipo,id) values (?,?,?,default)
Hibernate: insert into aforo_registros (business_id,fecha_hora,tipo,id) values (?,?,?,default)
Hibernate: insert into aforo_registros (business_id,fecha_hora,tipo,id) values (?,?,?,default)
Hibernate: insert into aforo_registros (business_id,fecha_hora,tipo,id) values (?,?,?,default)
Hibernate: insert into aforo_registros (business_id,fecha_hora,tipo,id) values (?,?,?,default)
Hibernate: insert into aforo_registros (business_id,fecha_hora,tipo,id) values (?,?,?,default)
Hibernate: insert into aforo_registros (business_id,fecha_hora,tipo,id) values (?,?,?,default)
Hibernate: insert into aforo_registros (business_id,fecha_hora,tipo,id) values (?,?,?,default)
Hibernate: insert into aforo_registros (business_id,fecha_hora,tipo,id) values (?,?,?,default)
Hibernate: insert into aforo_registros (business_id,fecha_hora,tipo,id) values (?,?,?,default)
Hibernate: insert into aforo_registros (business_id,fecha_hora,tipo,id) values (?,?,?,default)
Hibernate: insert into aforo_registros (business_id,fecha_hora,tipo,id) values (?,?,?,default)
Hibernate: insert into aforo_registros (business_id,fecha_hora,tipo,id) values (?,?,?,default)
Hibernate: insert into aforo_registros (business_id,fecha_hora,tipo,id) values (?,?,?,default)
Hibernate: insert into aforo_registros (business_id,fecha_hora,tipo,id) values (?,?,?,default)
Hibernate: insert into aforo_registros (business_id,fecha_hora,tipo,id) values (?,?,?,default)
Hibernate: insert into aforo_registros (business_id,fecha_hora,tipo,id) values (?,?,?,default)
Hibernate: insert into aforo_registros (business_id,fecha_hora,tipo,id) values (?,?,?,default)
Hibernate: insert into aforo_registros (business_id,fecha_hora,tipo,id) values (?,?,?,default)
Hibernate: insert into aforo_registros (business_id,fecha_hora,tipo,id) values (?,?,?,default)
Hibernate: insert into aforo_registros (business_id,fecha_hora,tipo,id) values (?,?,?,default)
Hibernate: insert into aforo_registros (business_id,fecha_hora,tipo,id) values (?,?,?,default)
Hibernate: insert into aforo_registros (business_id,fecha_hora,tipo,id) values (?,?,?,default)
Hibernate: insert into aforo_registros (business_id,fecha_hora,tipo,id) values (?,?,?,default)
Hibernate: insert into aforo_registros (business_id,fecha_hora,tipo,id) values (?,?,?,default)
Hibernate: insert into aforo_registros (business_id,fecha_hora,tipo,id) values (?,?,?,default)
Hibernate: insert into aforo_registros (business_id,fecha_hora,tipo,id) values (?,?,?,default)
Hibernate: insert into aforo_registros (business_id,fecha_hora,tipo,id) values (?,?,?,default)
Hibernate: insert into aforo_registros (business_id,fecha_hora,tipo,id) values (?,?,?,default)
Hibernate: insert into aforo_registros (business_id,fecha_hora,tipo,id) values (?,?,?,default)
Hibernate: insert into aforo_registros (business_id,fecha_hora,tipo,id) values (?,?,?,default)
Hibernate: insert into aforo_registros (business_id,fecha_hora,tipo,id) values (?,?,?,default)
Hibernate: insert into aforo_registros (business_id,fecha_hora,tipo,id) values (?,?,?,default)
Hibernate: insert into aforo_registros (business_id,fecha_hora,tipo,id) values (?,?,?,default)
Hibernate: insert into aforo_registros (business_id,fecha_hora,tipo,id) values (?,?,?,default)
Hibernate: insert into aforo_registros (business_id,fecha_hora,tipo,id) values (?,?,?,default)
Hibernate: insert into aforo_registros (business_id,fecha_hora,tipo,id) values (?,?,?,default)
Hibernate: insert into aforo_registros (business_id,fecha_hora,tipo,id) values (?,?,?,default)
Hibernate: insert into aforo_registros (business_id,fecha_hora,tipo,id) values (?,?,?,default)
Hibernate: insert into aforo_registros (business_id,fecha_hora,tipo,id) values (?,?,?,default)
Hibernate: insert into aforo_registros (business_id,fecha_hora,tipo,id) values (?,?,?,default)
Hibernate: insert into aforo_registros (business_id,fecha_hora,tipo,id) values (?,?,?,default)
Hibernate: insert into aforo_registros (business_id,fecha_hora,tipo,id) values (?,?,?,default)
Hibernate: insert into aforo_registros (business_id,fecha_hora,tipo,id) values (?,?,?,default)
Hibernate: insert into aforo_registros (business_id,fecha_hora,tipo,id) values (?,?,?,default)
Hibernate: insert into aforo_registros (business_id,fecha_hora,tipo,id) values (?,?,?,default)
Hibernate: insert into aforo_registros (business_id,fecha_hora,tipo,id) values (?,?,?,default)
Hibernate: insert into aforo_registros (business_id,fecha_hora,tipo,id) values (?,?,?,default)
Hibernate: insert into aforo_registros (business_id,fecha_hora,tipo,id) values (?,?,?,default)
Hibernate: insert into aforo_registros (business_id,fecha_hora,tipo,id) values (?,?,?,default)
Hibernate: insert into aforo_registros (business_id,fecha_hora,tipo,id) values (?,?,?,default)
Hibernate: insert into aforo_registros (business_id,fecha_hora,tipo,id) values (?,?,?,default)
Hibernate: insert into aforo_registros (business_id,fecha_hora,tipo,id) values (?,?,?,default)
Hibernate: insert into aforo_registros (business_id,fecha_hora,tipo,id) values (?,?,?,default)
Hibernate: insert into aforo_registros (business_id,fecha_hora,tipo,id) values (?,?,?,default)
Hibernate: insert into aforo_registros (business_id,fecha_hora,tipo,id) values (?,?,?,default)
Hibernate: insert into aforo_registros (business_id,fecha_hora,tipo,id) values (?,?,?,default)
Hibernate: insert into aforo_registros (business_id,fecha_hora,tipo,id) values (?,?,?,default)
Hibernate: insert into aforo_registros (business_id,fecha_hora,tipo,id) values (?,?,?,default)
Hibernate: insert into aforo_registros (business_id,fecha_hora,tipo,id) values (?,?,?,default)
Hibernate: insert into aforo_registros (business_id,fecha_hora,tipo,id) values (?,?,?,default)
Hibernate: insert into aforo_registros (business_id,fecha_hora,tipo,id) values (?,?,?,default)
Hibernate: insert into aforo_registros (business_id,fecha_hora,tipo,id) values (?,?,?,default)
Hibernate: insert into aforo_registros (business_id,fecha_hora,tipo,id) values (?,?,?,default)
Hibernate: insert into aforo_registros (business_id,fecha_hora,tipo,id) values (?,?,?,default)
Hibernate: insert into aforo_registros (business_id,fecha_hora,tipo,id) values (?,?,?,default)
Hibernate: insert into aforo_registros (business_id,fecha_hora,tipo,id) values (?,?,?,default)
Hibernate: insert into aforo_registros (business_id,fecha_hora,tipo,id) values (?,?,?,default)
Hibernate: insert into aforo_registros (business_id,fecha_hora,tipo,id) values (?,?,?,default)
Hibernate: insert into aforo_registros (business_id,fecha_hora,tipo,id) values (?,?,?,default)
Hibernate: insert into aforo_registros (business_id,fecha_hora,tipo,id) values (?,?,?,default)
Hibernate: insert into aforo_registros (business_id,fecha_hora,tipo,id) values (?,?,?,default)
Hibernate: insert into aforo_registros (business_id,fecha_hora,tipo,id) values (?,?,?,default)
Hibernate: insert into aforo_registros (business_id,fecha_hora,tipo,id) values (?,?,?,default)
Hibernate: insert into aforo_registros (business_id,fecha_hora,tipo,id) values (?,?,?,default)
Hibernate: insert into aforo_registros (business_id,fecha_hora,tipo,id) values (?,?,?,default)
Hibernate: insert into aforo_registros (business_id,fecha_hora,tipo,id) values (?,?,?,default)
Hibernate: insert into aforo_registros (business_id,fecha_hora,tipo,id) values (?,?,?,default)
Hibernate: insert into aforo_registros (business_id,fecha_hora,tipo,id) values (?,?,?,default)
Hibernate: insert into aforo_registros (business_id,fecha_hora,tipo,id) values (?,?,?,default)
Hibernate: insert into aforo_registros (business_id,fecha_hora,tipo,id) values (?,?,?,default)
Hibernate: insert into aforo_registros (business_id,fecha_hora,tipo,id) values (?,?,?,default)
Hibernate: insert into aforo_registros (business_id,fecha_hora,tipo,id) values (?,?,?,default)
Hibernate: insert into aforo_registros (business_id,fecha_hora,tipo,id) values (?,?,?,default)
Hibernate: insert into aforo_registros (business_id,fecha_hora,tipo,id) values (?,?,?,default)
Hibernate: insert into aforo_registros (business_id,fecha_hora,tipo,id) values (?,?,?,default)
Hibernate: insert into aforo_registros (business_id,fecha_hora,tipo,id) values (?,?,?,default)
Hibernate: insert into aforo_registros (business_id,fecha_hora,tipo,id) values (?,?,?,default)
Hibernate: insert into aforo_registros (business_id,fecha_hora,tipo,id) values (?,?,?,default)
Hibernate: insert into aforo_registros (business_id,fecha_hora,tipo,id) values (?,?,?,default)
Hibernate: insert into aforo_registros (business_id,fecha_hora,tipo,id) values (?,?,?,default)
Hibernate: insert into aforo_registros (business_id,fecha_hora,tipo,id) values (?,?,?,default)
Hibernate: insert into aforo_registros (business_id,fecha_hora,tipo,id) values (?,?,?,default)
Hibernate: insert into aforo_registros (business_id,fecha_hora,tipo,id) values (?,?,?,default)
Hibernate: insert into aforo_registros (business_id,fecha_hora,tipo,id) values (?,?,?,default)
Hibernate: insert into aforo_registros (business_id,fecha_hora,tipo,id) values (?,?,?,default)
Hibernate: insert into aforo_registros (business_id,fecha_hora,tipo,id) values (?,?,?,default)
Hibernate: insert into aforo_registros (business_id,fecha_hora,tipo,id) values (?,?,?,default)
Hibernate: insert into aforo_registros (business_id,fecha_hora,tipo,id) values (?,?,?,default)
Hibernate: insert into aforo_registros (business_id,fecha_hora,tipo,id) values (?,?,?,default)
Hibernate: insert into aforo_registros (business_id,fecha_hora,tipo,id) values (?,?,?,default)
Hibernate: insert into aforo_registros (business_id,fecha_hora,tipo,id) values (?,?,?,default)
Hibernate: insert into aforo_registros (business_id,fecha_hora,tipo,id) values (?,?,?,default)
Hibernate: insert into aforo_registros (business_id,fecha_hora,tipo,id) values (?,?,?,default)
Hibernate: insert into aforo_registros (business_id,fecha_hora,tipo,id) values (?,?,?,default)
Hibernate: insert into aforo_registros (business_id,fecha_hora,tipo,id) values (?,?,?,default)
Hibernate: insert into aforo_registros (business_id,fecha_hora,tipo,id) values (?,?,?,default)
Hibernate: insert into aforo_registros (business_id,fecha_hora,tipo,id) values (?,?,?,default)
Hibernate: insert into aforo_registros (business_id,fecha_hora,tipo,id) values (?,?,?,default)
Hibernate: insert into aforo_registros (business_id,fecha_hora,tipo,id) values (?,?,?,default)
Hibernate: insert into aforo_registros (business_id,fecha_hora,tipo,id) values (?,?,?,default)
Hibernate: insert into aforo_registros (business_id,fecha_hora,tipo,id) values (?,?,?,default)
Hibernate: insert into aforo_registros (business_id,fecha_hora,tipo,id) values (?,?,?,default)
Hibernate: insert into aforo_registros (business_id,fecha_hora,tipo,id) values (?,?,?,default)
Hibernate: insert into aforo_registros (business_id,fecha_hora,tipo,id) values (?,?,?,default)
Hibernate: insert into aforo_registros (business_id,fecha_hora,tipo,id) values (?,?,?,default)
Hibernate: insert into aforo_registros (business_id,fecha_hora,tipo,id) values (?,?,?,default)
Hibernate: insert into aforo_registros (business_id,fecha_hora,tipo,id) values (?,?,?,default)
Hibernate: insert into aforo_registros (business_id,fecha_hora,tipo,id) values (?,?,?,default)
Hibernate: insert into aforo_registros (business_id,fecha_hora,tipo,id) values (?,?,?,default)
Hibernate: insert into aforo_registros (business_id,fecha_hora,tipo,id) values (?,?,?,default)
Hibernate: insert into aforo_registros (business_id,fecha_hora,tipo,id) values (?,?,?,default)
Hibernate: insert into aforo_registros (business_id,fecha_hora,tipo,id) values (?,?,?,default)
Hibernate: insert into aforo_registros (business_id,fecha_hora,tipo,id) values (?,?,?,default)
Hibernate: insert into aforo_registros (business_id,fecha_hora,tipo,id) values (?,?,?,default)
Hibernate: insert into aforo_registros (business_id,fecha_hora,tipo,id) values (?,?,?,default)
Hibernate: insert into aforo_registros (business_id,fecha_hora,tipo,id) values (?,?,?,default)
Hibernate: insert into aforo_registros (business_id,fecha_hora,tipo,id) values (?,?,?,default)
Hibernate: insert into aforo_registros (business_id,fecha_hora,tipo,id) values (?,?,?,default)
Hibernate: insert into aforo_registros (business_id,fecha_hora,tipo,id) values (?,?,?,default)
Hibernate: insert into aforo_registros (business_id,fecha_hora,tipo,id) values (?,?,?,default)
Hibernate: insert into aforo_registros (business_id,fecha_hora,tipo,id) values (?,?,?,default)
Hibernate: insert into aforo_registros (business_id,fecha_hora,tipo,id) values (?,?,?,default)
Hibernate: insert into aforo_registros (business_id,fecha_hora,tipo,id) values (?,?,?,default)
Hibernate: insert into aforo_registros (business_id,fecha_hora,tipo,id) values (?,?,?,default)
Hibernate: insert into aforo_registros (business_id,fecha_hora,tipo,id) values (?,?,?,default)
Hibernate: insert into aforo_registros (business_id,fecha_hora,tipo,id) values (?,?,?,default)
Hibernate: insert into aforo_registros (business_id,fecha_hora,tipo,id) values (?,?,?,default)
Hibernate: insert into aforo_registros (business_id,fecha_hora,tipo,id) values (?,?,?,default)
Hibernate: insert into aforo_registros (business_id,fecha_hora,tipo,id) values (?,?,?,default)
Hibernate: insert into aforo_registros (business_id,fecha_hora,tipo,id) values (?,?,?,default)
Hibernate: insert into aforo_registros (business_id,fecha_hora,tipo,id) values (?,?,?,default)
Hibernate: insert into aforo_registros (business_id,fecha_hora,tipo,id) values (?,?,?,default)
Hibernate: insert into aforo_registros (business_id,fecha_hora,tipo,id) values (?,?,?,default)
Hibernate: insert into aforo_registros (business_id,fecha_hora,tipo,id) values (?,?,?,default)
Hibernate: insert into aforo_registros (business_id,fecha_hora,tipo,id) values (?,?,?,default)
Hibernate: insert into aforo_registros (business_id,fecha_hora,tipo,id) values (?,?,?,default)
Hibernate: insert into aforo_registros (business_id,fecha_hora,tipo,id) values (?,?,?,default)
Hibernate: insert into aforo_registros (business_id,fecha_hora,tipo,id) values (?,?,?,default)
Hibernate: insert into aforo_registros (business_id,fecha_hora,tipo,id) values (?,?,?,default)
Hibernate: insert into aforo_registros (business_id,fecha_hora,tipo,id) values (?,?,?,default)
Hibernate: insert into aforo_registros (business_id,fecha_hora,tipo,id) values (?,?,?,default)
Hibernate: insert into aforo_registros (business_id,fecha_hora,tipo,id) values (?,?,?,default)
Hibernate: insert into aforo_registros (business_id,fecha_hora,tipo,id) values (?,?,?,default)
Hibernate: insert into aforo_registros (business_id,fecha_hora,tipo,id) values (?,?,?,default)
Hibernate: insert into aforo_registros (business_id,fecha_hora,tipo,id) values (?,?,?,default)
Hibernate: insert into aforo_registros (business_id,fecha_hora,tipo,id) values (?,?,?,default)
Hibernate: insert into aforo_registros (business_id,fecha_hora,tipo,id) values (?,?,?,default)
Hibernate: insert into aforo_registros (business_id,fecha_hora,tipo,id) values (?,?,?,default)
Hibernate: insert into aforo_registros (business_id,fecha_hora,tipo,id) values (?,?,?,default)
Hibernate: insert into aforo_registros (business_id,fecha_hora,tipo,id) values (?,?,?,default)
Hibernate: insert into aforo_registros (business_id,fecha_hora,tipo,id) values (?,?,?,default)
Hibernate: insert into aforo_registros (business_id,fecha_hora,tipo,id) values (?,?,?,default)
Hibernate: insert into aforo_registros (business_id,fecha_hora,tipo,id) values (?,?,?,default)
Hibernate: insert into aforo_registros (business_id,fecha_hora,tipo,id) values (?,?,?,default)
Hibernate: insert into aforo_registros (business_id,fecha_hora,tipo,id) values (?,?,?,default)
Hibernate: insert into aforo_registros (business_id,fecha_hora,tipo,id) values (?,?,?,default)
Hibernate: insert into aforo_registros (business_id,fecha_hora,tipo,id) values (?,?,?,default)
Hibernate: insert into aforo_registros (business_id,fecha_hora,tipo,id) values (?,?,?,default)
Hibernate: insert into aforo_registros (business_id,fecha_hora,tipo,id) values (?,?,?,default)
Hibernate: insert into aforo_registros (business_id,fecha_hora,tipo,id) values (?,?,?,default)
Hibernate: insert into aforo_registros (business_id,fecha_hora,tipo,id) values (?,?,?,default)
Hibernate: insert into aforo_registros (business_id,fecha_hora,tipo,id) values (?,?,?,default)
Hibernate: insert into aforo_registros (business_id,fecha_hora,tipo,id) values (?,?,?,default)
Hibernate: insert into aforo_registros (business_id,fecha_hora,tipo,id) values (?,?,?,default)
Hibernate: insert into aforo_registros (business_id,fecha_hora,tipo,id) values (?,?,?,default)
Hibernate: insert into aforo_registros (business_id,fecha_hora,tipo,id) values (?,?,?,default)
Hibernate: insert into aforo_registros (business_id,fecha_hora,tipo,id) values (?,?,?,default)
Hibernate: insert into aforo_registros (business_id,fecha_hora,tipo,id) values (?,?,?,default)
Hibernate: insert into aforo_registros (business_id,fecha_hora,tipo,id) values (?,?,?,default)
Hibernate: insert into aforo_registros (business_id,fecha_hora,tipo,id) values (?,?,?,default)
Hibernate: insert into aforo_registros (business_id,fecha_hora,tipo,id) values (?,?,?,default)
Hibernate: insert into aforo_registros (business_id,fecha_hora,tipo,id) values (?,?,?,default)
Hibernate: insert into aforo_registros (business_id,fecha_hora,tipo,id) values (?,?,?,default)
Hibernate: insert into aforo_registros (business_id,fecha_hora,tipo,id) values (?,?,?,default)
Hibernate: insert into aforo_registros (business_id,fecha_hora,tipo,id) values (?,?,?,default)
Hibernate: insert into aforo_registros (business_id,fecha_hora,tipo,id) values (?,?,?,default)
Hibernate: insert into aforo_registros (business_id,fecha_hora,tipo,id) values (?,?,?,default)
Hibernate: insert into aforo_registros (business_id,fecha_hora,tipo,id) values (?,?,?,default)
Hibernate: insert into aforo_registros (business_id,fecha_hora,tipo,id) values (?,?,?,default)
Hibernate: insert into aforo_registros (business_id,fecha_hora,tipo,id) values (?,?,?,default)
Hibernate: insert into aforo_registros (business_id,fecha_hora,tipo,id) values (?,?,?,default)
Hibernate: insert into aforo_registros (business_id,fecha_hora,tipo,id) values (?,?,?,default)
Hibernate: insert into aforo_registros (business_id,fecha_hora,tipo,id) values (?,?,?,default)
Hibernate: insert into aforo_registros (business_id,fecha_hora,tipo,id) values (?,?,?,default)
Hibernate: insert into aforo_registros (business_id,fecha_hora,tipo,id) values (?,?,?,default)
Hibernate: insert into aforo_registros (business_id,fecha_hora,tipo,id) values (?,?,?,default)
Hibernate: insert into aforo_registros (business_id,fecha_hora,tipo,id) values (?,?,?,default)
Hibernate: insert into aforo_registros (business_id,fecha_hora,tipo,id) values (?,?,?,default)
Hibernate: insert into aforo_registros (business_id,fecha_hora,tipo,id) values (?,?,?,default)
Hibernate: insert into aforo_registros (business_id,fecha_hora,tipo,id) values (?,?,?,default)
Hibernate: insert into aforo_registros (business_id,fecha_hora,tipo,id) values (?,?,?,default)
Hibernate: insert into aforo_registros (business_id,fecha_hora,tipo,id) values (?,?,?,default)
Hibernate: insert into aforo_registros (business_id,fecha_hora,tipo,id) values (?,?,?,default)
Hibernate: insert into aforo_registros (business_id,fecha_hora,tipo,id) values (?,?,?,default)
Hibernate: insert into aforo_registros (business_id,fecha_hora,tipo,id) values (?,?,?,default)
Hibernate: insert into aforo_registros (business_id,fecha_hora,tipo,id) values (?,?,?,default)
Hibernate: insert into aforo_registros (business_id,fecha_hora,tipo,id) values (?,?,?,default)
Hibernate: insert into aforo_registros (business_id,fecha_hora,tipo,id) values (?,?,?,default)
Hibernate: insert into aforo_registros (business_id,fecha_hora,tipo,id) values (?,?,?,default)
Hibernate: insert into aforo_registros (business_id,fecha_hora,tipo,id) values (?,?,?,default)
Hibernate: insert into aforo_registros (business_id,fecha_hora,tipo,id) values (?,?,?,default)
Hibernate: insert into aforo_registros (business_id,fecha_hora,tipo,id) values (?,?,?,default)
Hibernate: insert into aforo_registros (business_id,fecha_hora,tipo,id) values (?,?,?,default)
Hibernate: insert into aforo_registros (business_id,fecha_hora,tipo,id) values (?,?,?,default)
Hibernate: insert into aforo_registros (business_id,fecha_hora,tipo,id) values (?,?,?,default)
Hibernate: insert into aforo_registros (business_id,fecha_hora,tipo,id) values (?,?,?,default)
Hibernate: insert into aforo_registros (business_id,fecha_hora,tipo,id) values (?,?,?,default)
Hibernate: insert into aforo_registros (business_id,fecha_hora,tipo,id) values (?,?,?,default)
Hibernate: insert into aforo_registros (business_id,fecha_hora,tipo,id) values (?,?,?,default)
Hibernate: insert into aforo_registros (business_id,fecha_hora,tipo,id) values (?,?,?,default)
Hibernate: insert into aforo_registros (business_id,fecha_hora,tipo,id) values (?,?,?,default)
Hibernate: insert into aforo_registros (business_id,fecha_hora,tipo,id) values (?,?,?,default)
Hibernate: insert into aforo_registros (business_id,fecha_hora,tipo,id) values (?,?,?,default)
Hibernate: insert into aforo_registros (business_id,fecha_hora,tipo,id) values (?,?,?,default)
Hibernate: insert into aforo_registros (business_id,fecha_hora,tipo,id) values (?,?,?,default)
Hibernate: insert into aforo_registros (business_id,fecha_hora,tipo,id) values (?,?,?,default)
Hibernate: insert into aforo_registros (business_id,fecha_hora,tipo,id) values (?,?,?,default)
Hibernate: insert into aforo_registros (business_id,fecha_hora,tipo,id) values (?,?,?,default)
Hibernate: insert into aforo_registros (business_id,fecha_hora,tipo,id) values (?,?,?,default)
Hibernate: insert into aforo_registros (business_id,fecha_hora,tipo,id) values (?,?,?,default)
Hibernate: insert into aforo_registros (business_id,fecha_hora,tipo,id) values (?,?,?,default)
Hibernate: insert into aforo_registros (business_id,fecha_hora,tipo,id) values (?,?,?,default)
Hibernate: insert into aforo_registros (business_id,fecha_hora,tipo,id) values (?,?,?,default)
Hibernate: insert into aforo_registros (business_id,fecha_hora,tipo,id) values (?,?,?,default)
Hibernate: insert into aforo_registros (business_id,fecha_hora,tipo,id) values (?,?,?,default)
Hibernate: insert into aforo_registros (business_id,fecha_hora,tipo,id) values (?,?,?,default)
Hibernate: insert into aforo_registros (business_id,fecha_hora,tipo,id) values (?,?,?,default)
Hibernate: insert into aforo_registros (business_id,fecha_hora,tipo,id) values (?,?,?,default)
Hibernate: insert into aforo_registros (business_id,fecha_hora,tipo,id) values (?,?,?,default)
Hibernate: insert into aforo_registros (business_id,fecha_hora,tipo,id) values (?,?,?,default)
Hibernate: insert into aforo_registros (business_id,fecha_hora,tipo,id) values (?,?,?,default)
Hibernate: insert into aforo_registros (business_id,fecha_hora,tipo,id) values (?,?,?,default)
Hibernate: insert into aforo_registros (business_id,fecha_hora,tipo,id) values (?,?,?,default)
Hibernate: insert into aforo_registros (business_id,fecha_hora,tipo,id) values (?,?,?,default)
Hibernate: insert into aforo_registros (business_id,fecha_hora,tipo,id) values (?,?,?,default)
Hibernate: insert into aforo_registros (business_id,fecha_hora,tipo,id) values (?,?,?,default)
Hibernate: insert into aforo_registros (business_id,fecha_hora,tipo,id) values (?,?,?,default)
Hibernate: insert into aforo_registros (business_id,fecha_hora,tipo,id) values (?,?,?,default)
Hibernate: insert into aforo_registros (business_id,fecha_hora,tipo,id) values (?,?,?,default)
Hibernate: insert into aforo_registros (business_id,fecha_hora,tipo,id) values (?,?,?,default)
Hibernate: insert into aforo_registros (business_id,fecha_hora,tipo,id) values (?,?,?,default)
Hibernate: insert into aforo_registros (business_id,fecha_hora,tipo,id) values (?,?,?,default)
Hibernate: insert into aforo_registros (business_id,fecha_hora,tipo,id) values (?,?,?,default)
Hibernate: insert into aforo_registros (business_id,fecha_hora,tipo,id) values (?,?,?,default)
Hibernate: insert into aforo_registros (business_id,fecha_hora,tipo,id) values (?,?,?,default)
Hibernate: insert into aforo_registros (business_id,fecha_hora,tipo,id) values (?,?,?,default)
Hibernate: insert into aforo_registros (business_id,fecha_hora,tipo,id) values (?,?,?,default)
Hibernate: insert into aforo_registros (business_id,fecha_hora,tipo,id) values (?,?,?,default)
Hibernate: insert into aforo_registros (business_id,fecha_hora,tipo,id) values (?,?,?,default)
Hibernate: insert into aforo_registros (business_id,fecha_hora,tipo,id) values (?,?,?,default)
Hibernate: insert into aforo_registros (business_id,fecha_hora,tipo,id) values (?,?,?,default)
Hibernate: insert into aforo_registros (business_id,fecha_hora,tipo,id) values (?,?,?,default)
Hibernate: insert into aforo_registros (business_id,fecha_hora,tipo,id) values (?,?,?,default)
Hibernate: insert into aforo_registros (business_id,fecha_hora,tipo,id) values (?,?,?,default)
Hibernate: insert into aforo_registros (business_id,fecha_hora,tipo,id) values (?,?,?,default)
Hibernate: insert into aforo_registros (business_id,fecha_hora,tipo,id) values (?,?,?,default)
Hibernate: insert into aforo_registros (business_id,fecha_hora,tipo,id) values (?,?,?,default)
Hibernate: insert into aforo_registros (business_id,fecha_hora,tipo,id) values (?,?,?,default)
Hibernate: insert into aforo_registros (business_id,fecha_hora,tipo,id) values (?,?,?,default)
Hibernate: insert into aforo_registros (business_id,fecha_hora,tipo,id) values (?,?,?,default)
Hibernate: insert into aforo_registros (business_id,fecha_hora,tipo,id) values (?,?,?,default)
Hibernate: insert into aforo_registros (business_id,fecha_hora,tipo,id) values (?,?,?,default)
Hibernate: insert into aforo_registros (business_id,fecha_hora,tipo,id) values (?,?,?,default)
Hibernate: insert into aforo_registros (business_id,fecha_hora,tipo,id) values (?,?,?,default)
Hibernate: insert into aforo_registros (business_id,fecha_hora,tipo,id) values (?,?,?,default)
Hibernate: insert into aforo_registros (business_id,fecha_hora,tipo,id) values (?,?,?,default)
Hibernate: insert into aforo_registros (business_id,fecha_hora,tipo,id) values (?,?,?,default)
Hibernate: insert into aforo_registros (business_id,fecha_hora,tipo,id) values (?,?,?,default)
Hibernate: insert into aforo_registros (business_id,fecha_hora,tipo,id) values (?,?,?,default)
Hibernate: insert into aforo_registros (business_id,fecha_hora,tipo,id) values (?,?,?,default)
Hibernate: insert into aforo_registros (business_id,fecha_hora,tipo,id) values (?,?,?,default)
Hibernate: insert into aforo_registros (business_id,fecha_hora,tipo,id) values (?,?,?,default)
Hibernate: insert into aforo_registros (business_id,fecha_hora,tipo,id) values (?,?,?,default)
Hibernate: insert into aforo_registros (business_id,fecha_hora,tipo,id) values (?,?,?,default)
Hibernate: insert into aforo_registros (business_id,fecha_hora,tipo,id) values (?,?,?,default)
Hibernate: insert into aforo_registros (business_id,fecha_hora,tipo,id) values (?,?,?,default)
Hibernate: insert into aforo_registros (business_id,fecha_hora,tipo,id) values (?,?,?,default)
Hibernate: insert into aforo_registros (business_id,fecha_hora,tipo,id) values (?,?,?,default)
Hibernate: insert into aforo_registros (business_id,fecha_hora,tipo,id) values (?,?,?,default)
Hibernate: insert into aforo_registros (business_id,fecha_hora,tipo,id) values (?,?,?,default)
Hibernate: insert into aforo_registros (business_id,fecha_hora,tipo,id) values (?,?,?,default)
Hibernate: insert into aforo_registros (business_id,fecha_hora,tipo,id) values (?,?,?,default)
Hibernate: insert into aforo_registros (business_id,fecha_hora,tipo,id) values (?,?,?,default)
Hibernate: insert into aforo_registros (business_id,fecha_hora,tipo,id) values (?,?,?,default)
Hibernate: insert into aforo_registros (business_id,fecha_hora,tipo,id) values (?,?,?,default)
Hibernate: insert into aforo_registros (business_id,fecha_hora,tipo,id) values (?,?,?,default)
Hibernate: insert into aforo_registros (business_id,fecha_hora,tipo,id) values (?,?,?,default)
Hibernate: insert into aforo_registros (business_id,fecha_hora,tipo,id) values (?,?,?,default)
Hibernate: insert into aforo_registros (business_id,fecha_hora,tipo,id) values (?,?,?,default)
Hibernate: insert into aforo_registros (business_id,fecha_hora,tipo,id) values (?,?,?,default)
Hibernate: insert into aforo_registros (business_id,fecha_hora,tipo,id) values (?,?,?,default)
Hibernate: insert into aforo_registros (business_id,fecha_hora,tipo,id) values (?,?,?,default)
Hibernate: insert into aforo_registros (business_id,fecha_hora,tipo,id) values (?,?,?,default)
Hibernate: insert into aforo_registros (business_id,fecha_hora,tipo,id) values (?,?,?,default)
Hibernate: insert into aforo_registros (business_id,fecha_hora,tipo,id) values (?,?,?,default)
Hibernate: insert into aforo_registros (business_id,fecha_hora,tipo,id) values (?,?,?,default)
Hibernate: insert into aforo_registros (business_id,fecha_hora,tipo,id) values (?,?,?,default)
Hibernate: insert into aforo_registros (business_id,fecha_hora,tipo,id) values (?,?,?,default)
Hibernate: insert into aforo_registros (business_id,fecha_hora,tipo,id) values (?,?,?,default)
Hibernate: insert into aforo_registros (business_id,fecha_hora,tipo,id) values (?,?,?,default)
Hibernate: insert into aforo_registros (business_id,fecha_hora,tipo,id) values (?,?,?,default)
Hibernate: insert into aforo_registros (business_id,fecha_hora,tipo,id) values (?,?,?,default)
Hibernate: insert into aforo_registros (business_id,fecha_hora,tipo,id) values (?,?,?,default)
Hibernate: insert into aforo_registros (business_id,fecha_hora,tipo,id) values (?,?,?,default)
Hibernate: insert into aforo_registros (business_id,fecha_hora,tipo,id) values (?,?,?,default)
Hibernate: insert into aforo_registros (business_id,fecha_hora,tipo,id) values (?,?,?,default)
Hibernate: insert into aforo_registros (business_id,fecha_hora,tipo,id) values (?,?,?,default)
Hibernate: insert into aforo_registros (business_id,fecha_hora,tipo,id) values (?,?,?,default)
Hibernate: insert into aforo_registros (business_id,fecha_hora,tipo,id) values (?,?,?,default)
Hibernate: insert into aforo_registros (business_id,fecha_hora,tipo,id) values (?,?,?,default)
Hibernate: insert into aforo_registros (business_id,fecha_hora,tipo,id) values (?,?,?,default)
Hibernate: insert into aforo_registros (business_id,fecha_hora,tipo,id) values (?,?,?,default)
Hibernate: insert into aforo_registros (business_id,fecha_hora,tipo,id) values (?,?,?,default)
Hibernate: insert into aforo_registros (business_id,fecha_hora,tipo,id) values (?,?,?,default)
Hibernate: insert into aforo_registros (business_id,fecha_hora,tipo,id) values (?,?,?,default)
Hibernate: insert into aforo_registros (business_id,fecha_hora,tipo,id) values (?,?,?,default)
Hibernate: insert into aforo_registros (business_id,fecha_hora,tipo,id) values (?,?,?,default)
Hibernate: insert into aforo_registros (business_id,fecha_hora,tipo,id) values (?,?,?,default)
Hibernate: insert into aforo_registros (business_id,fecha_hora,tipo,id) values (?,?,?,default)
Hibernate: insert into aforo_registros (business_id,fecha_hora,tipo,id) values (?,?,?,default)
Hibernate: insert into aforo_registros (business_id,fecha_hora,tipo,id) values (?,?,?,default)
Hibernate: insert into aforo_registros (business_id,fecha_hora,tipo,id) values (?,?,?,default)
Hibernate: insert into aforo_registros (business_id,fecha_hora,tipo,id) values (?,?,?,default)
Hibernate: insert into aforo_registros (business_id,fecha_hora,tipo,id) values (?,?,?,default)
Hibernate: insert into aforo_registros (business_id,fecha_hora,tipo,id) values (?,?,?,default)
Hibernate: insert into aforo_registros (business_id,fecha_hora,tipo,id) values (?,?,?,default)
Hibernate: insert into aforo_registros (business_id,fecha_hora,tipo,id) values (?,?,?,default)
Hibernate: insert into aforo_registros (business_id,fecha_hora,tipo,id) values (?,?,?,default)
Hibernate: insert into aforo_registros (business_id,fecha_hora,tipo,id) values (?,?,?,default)
Hibernate: insert into aforo_registros (business_id,fecha_hora,tipo,id) values (?,?,?,default)
Hibernate: insert into aforo_registros (business_id,fecha_hora,tipo,id) values (?,?,?,default)
Hibernate: insert into aforo_registros (business_id,fecha_hora,tipo,id) values (?,?,?,default)
Hibernate: insert into aforo_registros (business_id,fecha_hora,tipo,id) values (?,?,?,default)
Hibernate: insert into aforo_registros (business_id,fecha_hora,tipo,id) values (?,?,?,default)
Hibernate: insert into aforo_registros (business_id,fecha_hora,tipo,id) values (?,?,?,default)
Hibernate: insert into aforo_registros (business_id,fecha_hora,tipo,id) values (?,?,?,default)
Hibernate: insert into aforo_registros (business_id,fecha_hora,tipo,id) values (?,?,?,default)
Hibernate: insert into aforo_registros (business_id,fecha_hora,tipo,id) values (?,?,?,default)
Hibernate: insert into aforo_registros (business_id,fecha_hora,tipo,id) values (?,?,?,default)
Hibernate: insert into aforo_registros (business_id,fecha_hora,tipo,id) values (?,?,?,default)
Hibernate: insert into aforo_registros (business_id,fecha_hora,tipo,id) values (?,?,?,default)
Hibernate: insert into aforo_registros (business_id,fecha_hora,tipo,id) values (?,?,?,default)
Hibernate: insert into aforo_registros (business_id,fecha_hora,tipo,id) values (?,?,?,default)
Hibernate: insert into aforo_registros (business_id,fecha_hora,tipo,id) values (?,?,?,default)
Hibernate: insert into aforo_registros (business_id,fecha_hora,tipo,id) values (?,?,?,default)
Hibernate: insert into aforo_registros (business_id,fecha_hora,tipo,id) values (?,?,?,default)
Hibernate: insert into aforo_registros (business_id,fecha_hora,tipo,id) values (?,?,?,default)
Hibernate: insert into aforo_registros (business_id,fecha_hora,tipo,id) values (?,?,?,default)
Hibernate: insert into aforo_registros (business_id,fecha_hora,tipo,id) values (?,?,?,default)
Hibernate: insert into aforo_registros (business_id,fecha_hora,tipo,id) values (?,?,?,default)
Hibernate: insert into aforo_registros (business_id,fecha_hora,tipo,id) values (?,?,?,default)
Hibernate: insert into aforo_registros (business_id,fecha_hora,tipo,id) values (?,?,?,default)
Hibernate: insert into aforo_registros (business_id,fecha_hora,tipo,id) values (?,?,?,default)
Hibernate: insert into aforo_registros (business_id,fecha_hora,tipo,id) values (?,?,?,default)
Hibernate: insert into aforo_registros (business_id,fecha_hora,tipo,id) values (?,?,?,default)
Hibernate: insert into aforo_registros (business_id,fecha_hora,tipo,id) values (?,?,?,default)
Hibernate: insert into aforo_registros (business_id,fecha_hora,tipo,id) values (?,?,?,default)
Hibernate: insert into aforo_registros (business_id,fecha_hora,tipo,id) values (?,?,?,default)
Hibernate: insert into aforo_registros (business_id,fecha_hora,tipo,id) values (?,?,?,default)
Hibernate: insert into aforo_registros (business_id,fecha_hora,tipo,id) values (?,?,?,default)
Hibernate: insert into aforo_registros (business_id,fecha_hora,tipo,id) values (?,?,?,default)
Hibernate: insert into aforo_registros (business_id,fecha_hora,tipo,id) values (?,?,?,default)
Hibernate: insert into aforo_registros (business_id,fecha_hora,tipo,id) values (?,?,?,default)
Hibernate: insert into aforo_registros (business_id,fecha_hora,tipo,id) values (?,?,?,default)
Hibernate: insert into aforo_registros (business_id,fecha_hora,tipo,id) values (?,?,?,default)
Hibernate: insert into aforo_registros (business_id,fecha_hora,tipo,id) values (?,?,?,default)
Hibernate: insert into aforo_registros (business_id,fecha_hora,tipo,id) values (?,?,?,default)
Hibernate: insert into aforo_registros (business_id,fecha_hora,tipo,id) values (?,?,?,default)
Hibernate: insert into aforo_registros (business_id,fecha_hora,tipo,id) values (?,?,?,default)
Hibernate: insert into aforo_registros (business_id,fecha_hora,tipo,id) values (?,?,?,default)
Hibernate: insert into aforo_registros (business_id,fecha_hora,tipo,id) values (?,?,?,default)
Hibernate: insert into aforo_registros (business_id,fecha_hora,tipo,id) values (?,?,?,default)
Hibernate: insert into aforo_registros (business_id,fecha_hora,tipo,id) values (?,?,?,default)
Hibernate: insert into aforo_registros (business_id,fecha_hora,tipo,id) values (?,?,?,default)
Hibernate: insert into aforo_registros (business_id,fecha_hora,tipo,id) values (?,?,?,default)
Hibernate: insert into aforo_registros (business_id,fecha_hora,tipo,id) values (?,?,?,default)
Hibernate: insert into aforo_registros (business_id,fecha_hora,tipo,id) values (?,?,?,default)
Hibernate: insert into aforo_registros (business_id,fecha_hora,tipo,id) values (?,?,?,default)
Hibernate: insert into aforo_registros (business_id,fecha_hora,tipo,id) values (?,?,?,default)
Hibernate: insert into aforo_registros (business_id,fecha_hora,tipo,id) values (?,?,?,default)
Hibernate: insert into aforo_registros (business_id,fecha_hora,tipo,id) values (?,?,?,default)
Hibernate: insert into aforo_registros (business_id,fecha_hora,tipo,id) values (?,?,?,default)
Hibernate: insert into aforo_registros (business_id,fecha_hora,tipo,id) values (?,?,?,default)
Hibernate: insert into aforo_registros (business_id,fecha_hora,tipo,id) values (?,?,?,default)
Hibernate: insert into aforo_registros (business_id,fecha_hora,tipo,id) values (?,?,?,default)
Hibernate: insert into aforo_registros (business_id,fecha_hora,tipo,id) values (?,?,?,default)
Hibernate: insert into aforo_registros (business_id,fecha_hora,tipo,id) values (?,?,?,default)
Hibernate: insert into aforo_registros (business_id,fecha_hora,tipo,id) values (?,?,?,default)
Hibernate: insert into aforo_registros (business_id,fecha_hora,tipo,id) values (?,?,?,default)
Hibernate: insert into aforo_registros (business_id,fecha_hora,tipo,id) values (?,?,?,default)
Hibernate: insert into aforo_registros (business_id,fecha_hora,tipo,id) values (?,?,?,default)
Hibernate: insert into aforo_registros (business_id,fecha_hora,tipo,id) values (?,?,?,default)
Hibernate: insert into aforo_registros (business_id,fecha_hora,tipo,id) values (?,?,?,default)
Hibernate: insert into aforo_registros (business_id,fecha_hora,tipo,id) values (?,?,?,default)
Hibernate: insert into aforo_registros (business_id,fecha_hora,tipo,id) values (?,?,?,default)
Hibernate: insert into aforo_registros (business_id,fecha_hora,tipo,id) values (?,?,?,default)
Hibernate: insert into aforo_registros (business_id,fecha_hora,tipo,id) values (?,?,?,default)
Hibernate: insert into aforo_registros (business_id,fecha_hora,tipo,id) values (?,?,?,default)
Hibernate: insert into aforo_registros (business_id,fecha_hora,tipo,id) values (?,?,?,default)
Hibernate: insert into aforo_registros (business_id,fecha_hora,tipo,id) values (?,?,?,default)
Hibernate: insert into aforo_registros (business_id,fecha_hora,tipo,id) values (?,?,?,default)
Hibernate: insert into aforo_registros (business_id,fecha_hora,tipo,id) values (?,?,?,default)
Hibernate: insert into aforo_registros (business_id,fecha_hora,tipo,id) values (?,?,?,default)
Hibernate: insert into aforo_registros (business_id,fecha_hora,tipo,id) values (?,?,?,default)
Hibernate: insert into aforo_registros (business_id,fecha_hora,tipo,id) values (?,?,?,default)
Hibernate: insert into aforo_registros (business_id,fecha_hora,tipo,id) values (?,?,?,default)
Hibernate: insert into aforo_registros (business_id,fecha_hora,tipo,id) values (?,?,?,default)
Hibernate: insert into aforo_registros (business_id,fecha_hora,tipo,id) values (?,?,?,default)
Hibernate: insert into aforo_registros (business_id,fecha_hora,tipo,id) values (?,?,?,default)
Hibernate: insert into aforo_registros (business_id,fecha_hora,tipo,id) values (?,?,?,default)
Hibernate: insert into aforo_registros (business_id,fecha_hora,tipo,id) values (?,?,?,default)
Hibernate: insert into aforo_registros (business_id,fecha_hora,tipo,id) values (?,?,?,default)
Hibernate: insert into aforo_registros (business_id,fecha_hora,tipo,id) values (?,?,?,default)
Hibernate: insert into aforo_registros (business_id,fecha_hora,tipo,id) values (?,?,?,default)
Hibernate: insert into aforo_registros (business_id,fecha_hora,tipo,id) values (?,?,?,default)
Hibernate: insert into aforo_registros (business_id,fecha_hora,tipo,id) values (?,?,?,default)
Hibernate: insert into aforo_registros (business_id,fecha_hora,tipo,id) values (?,?,?,default)
Hibernate: insert into aforo_registros (business_id,fecha_hora,tipo,id) values (?,?,?,default)
Hibernate: insert into aforo_registros (business_id,fecha_hora,tipo,id) values (?,?,?,default)
Hibernate: insert into aforo_registros (business_id,fecha_hora,tipo,id) values (?,?,?,default)
Hibernate: insert into aforo_registros (business_id,fecha_hora,tipo,id) values (?,?,?,default)
Hibernate: insert into aforo_registros (business_id,fecha_hora,tipo,id) values (?,?,?,default)
Hibernate: insert into aforo_registros (business_id,fecha_hora,tipo,id) values (?,?,?,default)
Hibernate: insert into aforo_registros (business_id,fecha_hora,tipo,id) values (?,?,?,default)
Hibernate: insert into aforo_registros (business_id,fecha_hora,tipo,id) values (?,?,?,default)
Hibernate: insert into aforo_registros (business_id,fecha_hora,tipo,id) values (?,?,?,default)
Hibernate: insert into aforo_registros (business_id,fecha_hora,tipo,id) values (?,?,?,default)
Hibernate: insert into aforo_registros (business_id,fecha_hora,tipo,id) values (?,?,?,default)
Hibernate: insert into aforo_registros (business_id,fecha_hora,tipo,id) values (?,?,?,default)
Hibernate: insert into aforo_registros (business_id,fecha_hora,tipo,id) values (?,?,?,default)
Hibernate: insert into aforo_registros (business_id,fecha_hora,tipo,id) values (?,?,?,default)
Hibernate: insert into aforo_registros (business_id,fecha_hora,tipo,id) values (?,?,?,default)
Hibernate: insert into aforo_registros (business_id,fecha_hora,tipo,id) values (?,?,?,default)
Hibernate: insert into aforo_registros (business_id,fecha_hora,tipo,id) values (?,?,?,default)
Hibernate: insert into aforo_registros (business_id,fecha_hora,tipo,id) values (?,?,?,default)
Hibernate: insert into aforo_registros (business_id,fecha_hora,tipo,id) values (?,?,?,default)
Hibernate: insert into aforo_registros (business_id,fecha_hora,tipo,id) values (?,?,?,default)
Hibernate: insert into aforo_registros (business_id,fecha_hora,tipo,id) values (?,?,?,default)
Hibernate: insert into aforo_registros (business_id,fecha_hora,tipo,id) values (?,?,?,default)
Hibernate: insert into aforo_registros (business_id,fecha_hora,tipo,id) values (?,?,?,default)
Hibernate: insert into aforo_registros (business_id,fecha_hora,tipo,id) values (?,?,?,default)
Hibernate: insert into aforo_registros (business_id,fecha_hora,tipo,id) values (?,?,?,default)
Hibernate: insert into aforo_registros (business_id,fecha_hora,tipo,id) values (?,?,?,default)
Hibernate: insert into aforo_registros (business_id,fecha_hora,tipo,id) values (?,?,?,default)
Hibernate: insert into aforo_registros (business_id,fecha_hora,tipo,id) values (?,?,?,default)
Hibernate: insert into aforo_registros (business_id,fecha_hora,tipo,id) values (?,?,?,default)
Hibernate: insert into aforo_registros (business_id,fecha_hora,tipo,id) values (?,?,?,default)
Hibernate: insert into aforo_registros (business_id,fecha_hora,tipo,id) values (?,?,?,default)
Hibernate: insert into aforo_registros (business_id,fecha_hora,tipo,id) values (?,?,?,default)
Hibernate: insert into aforo_registros (business_id,fecha_hora,tipo,id) values (?,?,?,default)
Hibernate: insert into aforo_registros (business_id,fecha_hora,tipo,id) values (?,?,?,default)
Hibernate: insert into aforo_registros (business_id,fecha_hora,tipo,id) values (?,?,?,default)
Hibernate: insert into aforo_registros (business_id,fecha_hora,tipo,id) values (?,?,?,default)
Hibernate: insert into aforo_registros (business_id,fecha_hora,tipo,id) values (?,?,?,default)
Hibernate: insert into aforo_registros (business_id,fecha_hora,tipo,id) values (?,?,?,default)
Hibernate: insert into aforo_registros (business_id,fecha_hora,tipo,id) values (?,?,?,default)
Hibernate: insert into aforo_registros (business_id,fecha_hora,tipo,id) values (?,?,?,default)
Hibernate: insert into aforo_registros (business_id,fecha_hora,tipo,id) values (?,?,?,default)
Hibernate: insert into aforo_registros (business_id,fecha_hora,tipo,id) values (?,?,?,default)
Hibernate: insert into aforo_registros (business_id,fecha_hora,tipo,id) values (?,?,?,default)
Hibernate: insert into aforo_registros (business_id,fecha_hora,tipo,id) values (?,?,?,default)
Hibernate: insert into aforo_registros (business_id,fecha_hora,tipo,id) values (?,?,?,default)
Hibernate: insert into aforo_registros (business_id,fecha_hora,tipo,id) values (?,?,?,default)
Hibernate: insert into aforo_registros (business_id,fecha_hora,tipo,id) values (?,?,?,default)
Hibernate: insert into aforo_registros (business_id,fecha_hora,tipo,id) values (?,?,?,default)
Hibernate: insert into aforo_registros (business_id,fecha_hora,tipo,id) values (?,?,?,default)
Hibernate: insert into aforo_registros (business_id,fecha_hora,tipo,id) values (?,?,?,default)
Hibernate: insert into aforo_registros (business_id,fecha_hora,tipo,id) values (?,?,?,default)
Hibernate: insert into aforo_registros (business_id,fecha_hora,tipo,id) values (?,?,?,default)
Hibernate: insert into aforo_registros (business_id,fecha_hora,tipo,id) values (?,?,?,default)
Hibernate: insert into aforo_registros (business_id,fecha_hora,tipo,id) values (?,?,?,default)
Hibernate: insert into aforo_registros (business_id,fecha_hora,tipo,id) values (?,?,?,default)
Hibernate: insert into aforo_registros (business_id,fecha_hora,tipo,id) values (?,?,?,default)
Hibernate: insert into aforo_registros (business_id,fecha_hora,tipo,id) values (?,?,?,default)
Hibernate: insert into aforo_registros (business_id,fecha_hora,tipo,id) values (?,?,?,default)
Hibernate: insert into aforo_registros (business_id,fecha_hora,tipo,id) values (?,?,?,default)
Hibernate: insert into aforo_registros (business_id,fecha_hora,tipo,id) values (?,?,?,default)
Hibernate: insert into aforo_registros (business_id,fecha_hora,tipo,id) values (?,?,?,default)
Hibernate: insert into aforo_registros (business_id,fecha_hora,tipo,id) values (?,?,?,default)
Hibernate: insert into aforo_registros (business_id,fecha_hora,tipo,id) values (?,?,?,default)
Hibernate: insert into aforo_registros (business_id,fecha_hora,tipo,id) values (?,?,?,default)
Hibernate: insert into aforo_registros (business_id,fecha_hora,tipo,id) values (?,?,?,default)
Hibernate: insert into aforo_registros (business_id,fecha_hora,tipo,id) values (?,?,?,default)
Hibernate: insert into aforo_registros (business_id,fecha_hora,tipo,id) values (?,?,?,default)
Hibernate: insert into aforo_registros (business_id,fecha_hora,tipo,id) values (?,?,?,default)
Hibernate: insert into aforo_registros (business_id,fecha_hora,tipo,id) values (?,?,?,default)
Hibernate: insert into aforo_registros (business_id,fecha_hora,tipo,id) values (?,?,?,default)
Hibernate: insert into aforo_registros (business_id,fecha_hora,tipo,id) values (?,?,?,default)
Hibernate: insert into aforo_registros (business_id,fecha_hora,tipo,id) values (?,?,?,default)
Hibernate: insert into aforo_registros (business_id,fecha_hora,tipo,id) values (?,?,?,default)
Hibernate: insert into aforo_registros (business_id,fecha_hora,tipo,id) values (?,?,?,default)
Hibernate: insert into aforo_registros (business_id,fecha_hora,tipo,id) values (?,?,?,default)
Hibernate: insert into aforo_registros (business_id,fecha_hora,tipo,id) values (?,?,?,default)
Hibernate: insert into aforo_registros (business_id,fecha_hora,tipo,id) values (?,?,?,default)
Hibernate: insert into aforo_registros (business_id,fecha_hora,tipo,id) values (?,?,?,default)
Hibernate: insert into aforo_registros (business_id,fecha_hora,tipo,id) values (?,?,?,default)
Hibernate: insert into aforo_registros (business_id,fecha_hora,tipo,id) values (?,?,?,default)
Hibernate: insert into aforo_registros (business_id,fecha_hora,tipo,id) values (?,?,?,default)
Hibernate: insert into aforo_registros (business_id,fecha_hora,tipo,id) values (?,?,?,default)
Hibernate: insert into aforo_registros (business_id,fecha_hora,tipo,id) values (?,?,?,default)
Hibernate: insert into aforo_registros (business_id,fecha_hora,tipo,id) values (?,?,?,default)
Hibernate: insert into aforo_registros (business_id,fecha_hora,tipo,id) values (?,?,?,default)
Hibernate: insert into aforo_registros (business_id,fecha_hora,tipo,id) values (?,?,?,default)
Hibernate: insert into aforo_registros (business_id,fecha_hora,tipo,id) values (?,?,?,default)
Hibernate: insert into aforo_registros (business_id,fecha_hora,tipo,id) values (?,?,?,default)
Hibernate: insert into aforo_registros (business_id,fecha_hora,tipo,id) values (?,?,?,default)
Hibernate: insert into aforo_registros (business_id,fecha_hora,tipo,id) values (?,?,?,default)
Hibernate: insert into aforo_registros (business_id,fecha_hora,tipo,id) values (?,?,?,default)
Hibernate: insert into aforo_registros (business_id,fecha_hora,tipo,id) values (?,?,?,default)
Hibernate: insert into aforo_registros (business_id,fecha_hora,tipo,id) values (?,?,?,default)
Hibernate: insert into aforo_registros (business_id,fecha_hora,tipo,id) values (?,?,?,default)
Hibernate: insert into aforo_registros (business_id,fecha_hora,tipo,id) values (?,?,?,default)
Hibernate: insert into aforo_registros (business_id,fecha_hora,tipo,id) values (?,?,?,default)
Hibernate: insert into aforo_registros (business_id,fecha_hora,tipo,id) values (?,?,?,default)
Hibernate: insert into aforo_registros (business_id,fecha_hora,tipo,id) values (?,?,?,default)
Hibernate: insert into aforo_registros (business_id,fecha_hora,tipo,id) values (?,?,?,default)
Hibernate: insert into aforo_registros (business_id,fecha_hora,tipo,id) values (?,?,?,default)
Hibernate: insert into aforo_registros (business_id,fecha_hora,tipo,id) values (?,?,?,default)
Hibernate: insert into aforo_registros (business_id,fecha_hora,tipo,id) values (?,?,?,default)
Hibernate: insert into aforo_registros (business_id,fecha_hora,tipo,id) values (?,?,?,default)
Hibernate: insert into aforo_registros (business_id,fecha_hora,tipo,id) values (?,?,?,default)
Hibernate: insert into aforo_registros (business_id,fecha_hora,tipo,id) values (?,?,?,default)
Hibernate: insert into aforo_registros (business_id,fecha_hora,tipo,id) values (?,?,?,default)
Hibernate: insert into aforo_registros (business_id,fecha_hora,tipo,id) values (?,?,?,default)
Hibernate: insert into aforo_registros (business_id,fecha_hora,tipo,id) values (?,?,?,default)
Hibernate: insert into aforo_registros (business_id,fecha_hora,tipo,id) values (?,?,?,default)
Hibernate: insert into aforo_registros (business_id,fecha_hora,tipo,id) values (?,?,?,default)
Hibernate: insert into aforo_registros (business_id,fecha_hora,tipo,id) values (?,?,?,default)
Hibernate: insert into aforo_registros (business_id,fecha_hora,tipo,id) values (?,?,?,default)
Hibernate: insert into aforo_registros (business_id,fecha_hora,tipo,id) values (?,?,?,default)
Hibernate: insert into aforo_registros (business_id,fecha_hora,tipo,id) values (?,?,?,default)
Hibernate: insert into aforo_registros (business_id,fecha_hora,tipo,id) values (?,?,?,default)
Hibernate: insert into aforo_registros (business_id,fecha_hora,tipo,id) values (?,?,?,default)
Hibernate: insert into aforo_registros (business_id,fecha_hora,tipo,id) values (?,?,?,default)
Hibernate: insert into aforo_registros (business_id,fecha_hora,tipo,id) values (?,?,?,default)
Hibernate: insert into aforo_registros (business_id,fecha_hora,tipo,id) values (?,?,?,default)
Hibernate: insert into aforo_registros (business_id,fecha_hora,tipo,id) values (?,?,?,default)
Hibernate: insert into aforo_registros (business_id,fecha_hora,tipo,id) values (?,?,?,default)
Hibernate: insert into aforo_registros (business_id,fecha_hora,tipo,id) values (?,?,?,default)
Hibernate: insert into aforo_registros (business_id,fecha_hora,tipo,id) values (?,?,?,default)
Hibernate: insert into aforo_registros (business_id,fecha_hora,tipo,id) values (?,?,?,default)
Hibernate: insert into aforo_registros (business_id,fecha_hora,tipo,id) values (?,?,?,default)
Hibernate: insert into aforo_registros (business_id,fecha_hora,tipo,id) values (?,?,?,default)
Hibernate: insert into aforo_registros (business_id,fecha_hora,tipo,id) values (?,?,?,default)
Hibernate: insert into aforo_registros (business_id,fecha_hora,tipo,id) values (?,?,?,default)
Hibernate: insert into aforo_registros (business_id,fecha_hora,tipo,id) values (?,?,?,default)
Hibernate: insert into aforo_registros (business_id,fecha_hora,tipo,id) values (?,?,?,default)
Hibernate: insert into aforo_registros (business_id,fecha_hora,tipo,id) values (?,?,?,default)
Hibernate: insert into aforo_registros (business_id,fecha_hora,tipo,id) values (?,?,?,default)
Hibernate: insert into aforo_registros (business_id,fecha_hora,tipo,id) values (?,?,?,default)
Hibernate: insert into aforo_registros (business_id,fecha_hora,tipo,id) values (?,?,?,default)
Hibernate: insert into aforo_registros (business_id,fecha_hora,tipo,id) values (?,?,?,default)
Hibernate: insert into aforo_registros (business_id,fecha_hora,tipo,id) values (?,?,?,default)
Hibernate: insert into aforo_registros (business_id,fecha_hora,tipo,id) values (?,?,?,default)
Hibernate: insert into aforo_registros (business_id,fecha_hora,tipo,id) values (?,?,?,default)
Hibernate: insert into aforo_registros (business_id,fecha_hora,tipo,id) values (?,?,?,default)
Hibernate: insert into aforo_registros (business_id,fecha_hora,tipo,id) values (?,?,?,default)
Hibernate: insert into aforo_registros (business_id,fecha_hora,tipo,id) values (?,?,?,default)
Hibernate: insert into aforo_registros (business_id,fecha_hora,tipo,id) values (?,?,?,default)
Hibernate: insert into aforo_registros (business_id,fecha_hora,tipo,id) values (?,?,?,default)
Hibernate: insert into aforo_registros (business_id,fecha_hora,tipo,id) values (?,?,?,default)
Hibernate: insert into aforo_registros (business_id,fecha_hora,tipo,id) values (?,?,?,default)
Hibernate: insert into aforo_registros (business_id,fecha_hora,tipo,id) values (?,?,?,default)
Hibernate: insert into aforo_registros (business_id,fecha_hora,tipo,id) values (?,?,?,default)
Hibernate: insert into aforo_registros (business_id,fecha_hora,tipo,id) values (?,?,?,default)
Hibernate: insert into aforo_registros (business_id,fecha_hora,tipo,id) values (?,?,?,default)
Hibernate: insert into aforo_registros (business_id,fecha_hora,tipo,id) values (?,?,?,default)
Hibernate: insert into aforo_registros (business_id,fecha_hora,tipo,id) values (?,?,?,default)
Hibernate: insert into aforo_registros (business_id,fecha_hora,tipo,id) values (?,?,?,default)
Hibernate: insert into aforo_registros (business_id,fecha_hora,tipo,id) values (?,?,?,default)
Hibernate: insert into aforo_registros (business_id,fecha_hora,tipo,id) values (?,?,?,default)
Hibernate: insert into aforo_registros (business_id,fecha_hora,tipo,id) values (?,?,?,default)
Hibernate: insert into aforo_registros (business_id,fecha_hora,tipo,id) values (?,?,?,default)
Hibernate: insert into aforo_registros (business_id,fecha_hora,tipo,id) values (?,?,?,default)
Hibernate: insert into aforo_registros (business_id,fecha_hora,tipo,id) values (?,?,?,default)
Hibernate: insert into aforo_registros (business_id,fecha_hora,tipo,id) values (?,?,?,default)
Hibernate: insert into aforo_registros (business_id,fecha_hora,tipo,id) values (?,?,?,default)
Hibernate: insert into aforo_registros (business_id,fecha_hora,tipo,id) values (?,?,?,default)
Hibernate: insert into aforo_registros (business_id,fecha_hora,tipo,id) values (?,?,?,default)
Hibernate: insert into aforo_registros (business_id,fecha_hora,tipo,id) values (?,?,?,default)
Hibernate: insert into aforo_registros (business_id,fecha_hora,tipo,id) values (?,?,?,default)
Hibernate: insert into aforo_registros (business_id,fecha_hora,tipo,id) values (?,?,?,default)
Hibernate: insert into aforo_registros (business_id,fecha_hora,tipo,id) values (?,?,?,default)
Hibernate: insert into aforo_registros (business_id,fecha_hora,tipo,id) values (?,?,?,default)
Hibernate: insert into aforo_registros (business_id,fecha_hora,tipo,id) values (?,?,?,default)
Hibernate: insert into aforo_registros (business_id,fecha_hora,tipo,id) values (?,?,?,default)
Hibernate: insert into aforo_registros (business_id,fecha_hora,tipo,id) values (?,?,?,default)
Hibernate: insert into aforo_registros (business_id,fecha_hora,tipo,id) values (?,?,?,default)
Hibernate: insert into aforo_registros (business_id,fecha_hora,tipo,id) values (?,?,?,default)
Hibernate: insert into aforo_registros (business_id,fecha_hora,tipo,id) values (?,?,?,default)
Hibernate: insert into aforo_registros (business_id,fecha_hora,tipo,id) values (?,?,?,default)
Hibernate: insert into aforo_registros (business_id,fecha_hora,tipo,id) values (?,?,?,default)
Hibernate: insert into aforo_registros (business_id,fecha_hora,tipo,id) values (?,?,?,default)
Hibernate: insert into aforo_registros (business_id,fecha_hora,tipo,id) values (?,?,?,default)
Hibernate: insert into aforo_registros (business_id,fecha_hora,tipo,id) values (?,?,?,default)
Hibernate: insert into aforo_registros (business_id,fecha_hora,tipo,id) values (?,?,?,default)
Hibernate: insert into aforo_registros (business_id,fecha_hora,tipo,id) values (?,?,?,default)
Hibernate: insert into aforo_registros (business_id,fecha_hora,tipo,id) values (?,?,?,default)
Hibernate: insert into aforo_registros (business_id,fecha_hora,tipo,id) values (?,?,?,default)
Hibernate: insert into aforo_registros (business_id,fecha_hora,tipo,id) values (?,?,?,default)
Hibernate: insert into aforo_registros (business_id,fecha_hora,tipo,id) values (?,?,?,default)
Hibernate: insert into aforo_registros (business_id,fecha_hora,tipo,id) values (?,?,?,default)
Hibernate: insert into aforo_registros (business_id,fecha_hora,tipo,id) values (?,?,?,default)
Hibernate: insert into aforo_registros (business_id,fecha_hora,tipo,id) values (?,?,?,default)
Hibernate: insert into aforo_registros (business_id,fecha_hora,tipo,id) values (?,?,?,default)
Hibernate: insert into aforo_registros (business_id,fecha_hora,tipo,id) values (?,?,?,default)
Hibernate: insert into aforo_registros (business_id,fecha_hora,tipo,id) values (?,?,?,default)
Hibernate: insert into aforo_registros (business_id,fecha_hora,tipo,id) values (?,?,?,default)
Hibernate: insert into aforo_registros (business_id,fecha_hora,tipo,id) values (?,?,?,default)
Hibernate: insert into aforo_registros (business_id,fecha_hora,tipo,id) values (?,?,?,default)
Hibernate: insert into aforo_registros (business_id,fecha_hora,tipo,id) values (?,?,?,default)
Hibernate: insert into aforo_registros (business_id,fecha_hora,tipo,id) values (?,?,?,default)
Hibernate: insert into aforo_registros (business_id,fecha_hora,tipo,id) values (?,?,?,default)
Hibernate: insert into aforo_registros (business_id,fecha_hora,tipo,id) values (?,?,?,default)
Hibernate: insert into aforo_registros (business_id,fecha_hora,tipo,id) values (?,?,?,default)
Hibernate: insert into aforo_registros (business_id,fecha_hora,tipo,id) values (?,?,?,default)
Hibernate: insert into aforo_registros (business_id,fecha_hora,tipo,id) values (?,?,?,default)
Hibernate: insert into aforo_registros (business_id,fecha_hora,tipo,id) values (?,?,?,default)
Hibernate: insert into aforo_registros (business_id,fecha_hora,tipo,id) values (?,?,?,default)
Hibernate: insert into aforo_registros (business_id,fecha_hora,tipo,id) values (?,?,?,default)
Hibernate: insert into aforo_registros (business_id,fecha_hora,tipo,id) values (?,?,?,default)
Hibernate: insert into aforo_registros (business_id,fecha_hora,tipo,id) values (?,?,?,default)
Hibernate: insert into aforo_registros (business_id,fecha_hora,tipo,id) values (?,?,?,default)
Hibernate: insert into aforo_registros (business_id,fecha_hora,tipo,id) values (?,?,?,default)
Hibernate: insert into aforo_registros (business_id,fecha_hora,tipo,id) values (?,?,?,default)
Hibernate: insert into aforo_registros (business_id,fecha_hora,tipo,id) values (?,?,?,default)
Hibernate: insert into aforo_registros (business_id,fecha_hora,tipo,id) values (?,?,?,default)
Hibernate: insert into aforo_registros (business_id,fecha_hora,tipo,id) values (?,?,?,default)
Hibernate: insert into aforo_registros (business_id,fecha_hora,tipo,id) values (?,?,?,default)
Hibernate: insert into aforo_registros (business_id,fecha_hora,tipo,id) values (?,?,?,default)
Hibernate: insert into aforo_registros (business_id,fecha_hora,tipo,id) values (?,?,?,default)
Hibernate: insert into aforo_registros (business_id,fecha_hora,tipo,id) values (?,?,?,default)
Hibernate: insert into aforo_registros (business_id,fecha_hora,tipo,id) values (?,?,?,default)
Hibernate: insert into aforo_registros (business_id,fecha_hora,tipo,id) values (?,?,?,default)
Hibernate: insert into aforo_registros (business_id,fecha_hora,tipo,id) values (?,?,?,default)
Hibernate: insert into aforo_registros (business_id,fecha_hora,tipo,id) values (?,?,?,default)
Hibernate: insert into aforo_registros (business_id,fecha_hora,tipo,id) values (?,?,?,default)
Hibernate: insert into aforo_registros (business_id,fecha_hora,tipo,id) values (?,?,?,default)
Hibernate: insert into aforo_registros (business_id,fecha_hora,tipo,id) values (?,?,?,default)
Hibernate: insert into aforo_registros (business_id,fecha_hora,tipo,id) values (?,?,?,default)
Hibernate: insert into aforo_registros (business_id,fecha_hora,tipo,id) values (?,?,?,default)
Hibernate: insert into aforo_registros (business_id,fecha_hora,tipo,id) values (?,?,?,default)
Hibernate: insert into aforo_registros (business_id,fecha_hora,tipo,id) values (?,?,?,default)
Hibernate: insert into aforo_registros (business_id,fecha_hora,tipo,id) values (?,?,?,default)
Hibernate: insert into aforo_registros (business_id,fecha_hora,tipo,id) values (?,?,?,default)
Hibernate: insert into aforo_registros (business_id,fecha_hora,tipo,id) values (?,?,?,default)
Hibernate: insert into aforo_registros (business_id,fecha_hora,tipo,id) values (?,?,?,default)
Hibernate: insert into aforo_registros (business_id,fecha_hora,tipo,id) values (?,?,?,default)
Hibernate: insert into aforo_registros (business_id,fecha_hora,tipo,id) values (?,?,?,default)
Hibernate: insert into aforo_registros (business_id,fecha_hora,tipo,id) values (?,?,?,default)
Hibernate: insert into aforo_registros (business_id,fecha_hora,tipo,id) values (?,?,?,default)
Hibernate: insert into aforo_registros (business_id,fecha_hora,tipo,id) values (?,?,?,default)
Hibernate: insert into aforo_registros (business_id,fecha_hora,tipo,id) values (?,?,?,default)
Hibernate: insert into aforo_registros (business_id,fecha_hora,tipo,id) values (?,?,?,default)
Hibernate: insert into aforo_registros (business_id,fecha_hora,tipo,id) values (?,?,?,default)
Hibernate: insert into aforo_registros (business_id,fecha_hora,tipo,id) values (?,?,?,default)
Hibernate: insert into aforo_registros (business_id,fecha_hora,tipo,id) values (?,?,?,default)
Hibernate: insert into aforo_registros (business_id,fecha_hora,tipo,id) values (?,?,?,default)
Hibernate: insert into aforo_registros (business_id,fecha_hora,tipo,id) values (?,?,?,default)
Hibernate: insert into aforo_registros (business_id,fecha_hora,tipo,id) values (?,?,?,default)
Hibernate: insert into aforo_registros (business_id,fecha_hora,tipo,id) values (?,?,?,default)
Hibernate: insert into aforo_registros (business_id,fecha_hora,tipo,id) values (?,?,?,default)
Hibernate: insert into aforo_registros (business_id,fecha_hora,tipo,id) values (?,?,?,default)
Hibernate: insert into aforo_registros (business_id,fecha_hora,tipo,id) values (?,?,?,default)
Hibernate: insert into aforo_registros (business_id,fecha_hora,tipo,id) values (?,?,?,default)
Hibernate: insert into aforo_registros (business_id,fecha_hora,tipo,id) values (?,?,?,default)
Hibernate: insert into aforo_registros (business_id,fecha_hora,tipo,id) values (?,?,?,default)
Hibernate: insert into aforo_registros (business_id,fecha_hora,tipo,id) values (?,?,?,default)
Hibernate: insert into aforo_registros (business_id,fecha_hora,tipo,id) values (?,?,?,default)
Hibernate: insert into aforo_registros (business_id,fecha_hora,tipo,id) values (?,?,?,default)
Hibernate: insert into aforo_registros (business_id,fecha_hora,tipo,id) values (?,?,?,default)
Hibernate: insert into aforo_registros (business_id,fecha_hora,tipo,id) values (?,?,?,default)
Hibernate: insert into aforo_registros (business_id,fecha_hora,tipo,id) values (?,?,?,default)
Hibernate: insert into aforo_registros (business_id,fecha_hora,tipo,id) values (?,?,?,default)
Hibernate: insert into aforo_registros (business_id,fecha_hora,tipo,id) values (?,?,?,default)
Hibernate: insert into aforo_registros (business_id,fecha_hora,tipo,id) values (?,?,?,default)
Hibernate: insert into aforo_registros (business_id,fecha_hora,tipo,id) values (?,?,?,default)
Hibernate: insert into aforo_registros (business_id,fecha_hora,tipo,id) values (?,?,?,default)
Hibernate: insert into aforo_registros (business_id,fecha_hora,tipo,id) values (?,?,?,default)
Hibernate: insert into aforo_registros (business_id,fecha_hora,tipo,id) values (?,?,?,default)
Hibernate: insert into aforo_registros (business_id,fecha_hora,tipo,id) values (?,?,?,default)
Hibernate: insert into aforo_registros (business_id,fecha_hora,tipo,id) values (?,?,?,default)
Hibernate: insert into aforo_registros (business_id,fecha_hora,tipo,id) values (?,?,?,default)
Hibernate: insert into aforo_registros (business_id,fecha_hora,tipo,id) values (?,?,?,default)
Hibernate: insert into aforo_registros (business_id,fecha_hora,tipo,id) values (?,?,?,default)
Hibernate: insert into aforo_registros (business_id,fecha_hora,tipo,id) values (?,?,?,default)
Hibernate: insert into aforo_registros (business_id,fecha_hora,tipo,id) values (?,?,?,default)
Hibernate: insert into aforo_registros (business_id,fecha_hora,tipo,id) values (?,?,?,default)
Hibernate: insert into aforo_registros (business_id,fecha_hora,tipo,id) values (?,?,?,default)
Hibernate: insert into aforo_registros (business_id,fecha_hora,tipo,id) values (?,?,?,default)
Hibernate: insert into aforo_registros (business_id,fecha_hora,tipo,id) values (?,?,?,default)
Hibernate: insert into aforo_registros (business_id,fecha_hora,tipo,id) values (?,?,?,default)
Hibernate: insert into aforo_registros (business_id,fecha_hora,tipo,id) values (?,?,?,default)
Hibernate: insert into aforo_registros (business_id,fecha_hora,tipo,id) values (?,?,?,default)
Hibernate: insert into aforo_registros (business_id,fecha_hora,tipo,id) values (?,?,?,default)
Hibernate: insert into aforo_registros (business_id,fecha_hora,tipo,id) values (?,?,?,default)
Hibernate: insert into aforo_registros (business_id,fecha_hora,tipo,id) values (?,?,?,default)
Hibernate: insert into aforo_registros (business_id,fecha_hora,tipo,id) values (?,?,?,default)
Hibernate: insert into aforo_registros (business_id,fecha_hora,tipo,id) values (?,?,?,default)
Hibernate: insert into aforo_registros (business_id,fecha_hora,tipo,id) values (?,?,?,default)
Hibernate: insert into aforo_registros (business_id,fecha_hora,tipo,id) values (?,?,?,default)
Hibernate: insert into aforo_registros (business_id,fecha_hora,tipo,id) values (?,?,?,default)
Hibernate: insert into aforo_registros (business_id,fecha_hora,tipo,id) values (?,?,?,default)
Hibernate: insert into aforo_registros (business_id,fecha_hora,tipo,id) values (?,?,?,default)
Hibernate: insert into aforo_registros (business_id,fecha_hora,tipo,id) values (?,?,?,default)
Hibernate: insert into aforo_registros (business_id,fecha_hora,tipo,id) values (?,?,?,default)
Hibernate: insert into aforo_registros (business_id,fecha_hora,tipo,id) values (?,?,?,default)
Hibernate: insert into aforo_registros (business_id,fecha_hora,tipo,id) values (?,?,?,default)
Hibernate: insert into aforo_registros (business_id,fecha_hora,tipo,id) values (?,?,?,default)
Hibernate: insert into aforo_registros (business_id,fecha_hora,tipo,id) values (?,?,?,default)
Hibernate: insert into aforo_registros (business_id,fecha_hora,tipo,id) values (?,?,?,default)
Hibernate: insert into aforo_registros (business_id,fecha_hora,tipo,id) values (?,?,?,default)
Hibernate: insert into aforo_registros (business_id,fecha_hora,tipo,id) values (?,?,?,default)
Hibernate: insert into aforo_registros (business_id,fecha_hora,tipo,id) values (?,?,?,default)
Hibernate: insert into aforo_registros (business_id,fecha_hora,tipo,id) values (?,?,?,default)
Hibernate: insert into aforo_registros (business_id,fecha_hora,tipo,id) values (?,?,?,default)
Hibernate: insert into aforo_registros (business_id,fecha_hora,tipo,id) values (?,?,?,default)
Hibernate: insert into aforo_registros (business_id,fecha_hora,tipo,id) values (?,?,?,default)
Hibernate: insert into aforo_registros (business_id,fecha_hora,tipo,id) values (?,?,?,default)
Hibernate: insert into aforo_registros (business_id,fecha_hora,tipo,id) values (?,?,?,default)
Hibernate: insert into aforo_registros (business_id,fecha_hora,tipo,id) values (?,?,?,default)
Hibernate: insert into aforo_registros (business_id,fecha_hora,tipo,id) values (?,?,?,default)
Hibernate: insert into aforo_registros (business_id,fecha_hora,tipo,id) values (?,?,?,default)
Hibernate: insert into aforo_registros (business_id,fecha_hora,tipo,id) values (?,?,?,default)
Hibernate: insert into aforo_registros (business_id,fecha_hora,tipo,id) values (?,?,?,default)
Hibernate: insert into aforo_registros (business_id,fecha_hora,tipo,id) values (?,?,?,default)
Hibernate: insert into aforo_registros (business_id,fecha_hora,tipo,id) values (?,?,?,default)
Hibernate: insert into aforo_registros (business_id,fecha_hora,tipo,id) values (?,?,?,default)
Hibernate: insert into aforo_registros (business_id,fecha_hora,tipo,id) values (?,?,?,default)
Hibernate: insert into aforo_registros (business_id,fecha_hora,tipo,id) values (?,?,?,default)
Hibernate: insert into aforo_registros (business_id,fecha_hora,tipo,id) values (?,?,?,default)
Hibernate: insert into aforo_registros (business_id,fecha_hora,tipo,id) values (?,?,?,default)
Hibernate: insert into aforo_registros (business_id,fecha_hora,tipo,id) values (?,?,?,default)
Hibernate: insert into aforo_registros (business_id,fecha_hora,tipo,id) values (?,?,?,default)
Hibernate: insert into aforo_registros (business_id,fecha_hora,tipo,id) values (?,?,?,default)
Hibernate: insert into aforo_registros (business_id,fecha_hora,tipo,id) values (?,?,?,default)
Hibernate: insert into aforo_registros (business_id,fecha_hora,tipo,id) values (?,?,?,default)
Hibernate: insert into aforo_registros (business_id,fecha_hora,tipo,id) values (?,?,?,default)
Hibernate: insert into aforo_registros (business_id,fecha_hora,tipo,id) values (?,?,?,default)
Hibernate: insert into aforo_registros (business_id,fecha_hora,tipo,id) values (?,?,?,default)
Hibernate: insert into aforo_registros (business_id,fecha_hora,tipo,id) values (?,?,?,default)
Hibernate: insert into aforo_registros (business_id,fecha_hora,tipo,id) values (?,?,?,default)
Hibernate: insert into aforo_registros (business_id,fecha_hora,tipo,id) values (?,?,?,default)
Hibernate: insert into aforo_registros (business_id,fecha_hora,tipo,id) values (?,?,?,default)
Hibernate: insert into aforo_registros (business_id,fecha_hora,tipo,id) values (?,?,?,default)
Hibernate: insert into aforo_registros (business_id,fecha_hora,tipo,id) values (?,?,?,default)
Hibernate: insert into aforo_registros (business_id,fecha_hora,tipo,id) values (?,?,?,default)
Hibernate: insert into aforo_registros (business_id,fecha_hora,tipo,id) values (?,?,?,default)
Hibernate: insert into aforo_registros (business_id,fecha_hora,tipo,id) values (?,?,?,default)
Hibernate: insert into aforo_registros (business_id,fecha_hora,tipo,id) values (?,?,?,default)
Hibernate: insert into aforo_registros (business_id,fecha_hora,tipo,id) values (?,?,?,default)
Hibernate: insert into aforo_registros (business_id,fecha_hora,tipo,id) values (?,?,?,default)
Hibernate: insert into aforo_registros (business_id,fecha_hora,tipo,id) values (?,?,?,default)
Hibernate: insert into aforo_registros (business_id,fecha_hora,tipo,id) values (?,?,?,default)
Hibernate: insert into aforo_registros (business_id,fecha_hora,tipo,id) values (?,?,?,default)
Hibernate: insert into aforo_registros (business_id,fecha_hora,tipo,id) values (?,?,?,default)
Hibernate: insert into aforo_registros (business_id,fecha_hora,tipo,id) values (?,?,?,default)
Hibernate: insert into aforo_registros (business_id,fecha_hora,tipo,id) values (?,?,?,default)
Hibernate: insert into aforo_registros (business_id,fecha_hora,tipo,id) values (?,?,?,default)
Hibernate: insert into aforo_registros (business_id,fecha_hora,tipo,id) values (?,?,?,default)
Hibernate: insert into aforo_registros (business_id,fecha_hora,tipo,id) values (?,?,?,default)
Hibernate: insert into aforo_registros (business_id,fecha_hora,tipo,id) values (?,?,?,default)
Hibernate: insert into aforo_registros (business_id,fecha_hora,tipo,id) values (?,?,?,default)
Hibernate: insert into aforo_registros (business_id,fecha_hora,tipo,id) values (?,?,?,default)
Hibernate: insert into aforo_registros (business_id,fecha_hora,tipo,id) values (?,?,?,default)
Hibernate: insert into aforo_registros (business_id,fecha_hora,tipo,id) values (?,?,?,default)
Hibernate: insert into aforo_registros (business_id,fecha_hora,tipo,id) values (?,?,?,default)
Hibernate: insert into aforo_registros (business_id,fecha_hora,tipo,id) values (?,?,?,default)
Hibernate: insert into aforo_registros (business_id,fecha_hora,tipo,id) values (?,?,?,default)
Hibernate: insert into aforo_registros (business_id,fecha_hora,tipo,id) values (?,?,?,default)
Hibernate: insert into aforo_registros (business_id,fecha_hora,tipo,id) values (?,?,?,default)
Hibernate: insert into aforo_registros (business_id,fecha_hora,tipo,id) values (?,?,?,default)
Hibernate: insert into aforo_registros (business_id,fecha_hora,tipo,id) values (?,?,?,default)
Hibernate: insert into aforo_registros (business_id,fecha_hora,tipo,id) values (?,?,?,default)
Hibernate: insert into aforo_registros (business_id,fecha_hora,tipo,id) values (?,?,?,default)
Hibernate: insert into aforo_registros (business_id,fecha_hora,tipo,id) values (?,?,?,default)
Hibernate: insert into aforo_registros (business_id,fecha_hora,tipo,id) values (?,?,?,default)
Hibernate: insert into aforo_registros (business_id,fecha_hora,tipo,id) values (?,?,?,default)
Hibernate: insert into aforo_registros (business_id,fecha_hora,tipo,id) values (?,?,?,default)
Hibernate: insert into aforo_registros (business_id,fecha_hora,tipo,id) values (?,?,?,default)
Hibernate: insert into aforo_registros (business_id,fecha_hora,tipo,id) values (?,?,?,default)
Hibernate: insert into aforo_registros (business_id,fecha_hora,tipo,id) values (?,?,?,default)
Hibernate: insert into aforo_registros (business_id,fecha_hora,tipo,id) values (?,?,?,default)
Hibernate: insert into aforo_registros (business_id,fecha_hora,tipo,id) values (?,?,?,default)
Hibernate: insert into aforo_registros (business_id,fecha_hora,tipo,id) values (?,?,?,default)
Hibernate: insert into aforo_registros (business_id,fecha_hora,tipo,id) values (?,?,?,default)
Hibernate: insert into aforo_registros (business_id,fecha_hora,tipo,id) values (?,?,?,default)
Hibernate: insert into aforo_registros (business_id,fecha_hora,tipo,id) values (?,?,?,default)
Hibernate: insert into aforo_registros (business_id,fecha_hora,tipo,id) values (?,?,?,default)
Hibernate: insert into aforo_registros (business_id,fecha_hora,tipo,id) values (?,?,?,default)
Hibernate: insert into aforo_registros (business_id,fecha_hora,tipo,id) values (?,?,?,default)
Hibernate: insert into aforo_registros (business_id,fecha_hora,tipo,id) values (?,?,?,default)
Hibernate: insert into aforo_registros (business_id,fecha_hora,tipo,id) values (?,?,?,default)
Hibernate: insert into aforo_registros (business_id,fecha_hora,tipo,id) values (?,?,?,default)
Hibernate: insert into aforo_registros (business_id,fecha_hora,tipo,id) values (?,?,?,default)
Hibernate: insert into aforo_registros (business_id,fecha_hora,tipo,id) values (?,?,?,default)
Hibernate: insert into aforo_registros (business_id,fecha_hora,tipo,id) values (?,?,?,default)
Hibernate: insert into aforo_registros (business_id,fecha_hora,tipo,id) values (?,?,?,default)
Hibernate: insert into aforo_registros (business_id,fecha_hora,tipo,id) values (?,?,?,default)
Hibernate: insert into aforo_registros (business_id,fecha_hora,tipo,id) values (?,?,?,default)
Hibernate: insert into aforo_registros (business_id,fecha_hora,tipo,id) values (?,?,?,default)
Hibernate: insert into aforo_registros (business_id,fecha_hora,tipo,id) values (?,?,?,default)
Hibernate: insert into aforo_registros (business_id,fecha_hora,tipo,id) values (?,?,?,default)
Hibernate: insert into aforo_registros (business_id,fecha_hora,tipo,id) values (?,?,?,default)
Hibernate: insert into aforo_registros (business_id,fecha_hora,tipo,id) values (?,?,?,default)
Hibernate: insert into aforo_registros (business_id,fecha_hora,tipo,id) values (?,?,?,default)
Hibernate: insert into aforo_registros (business_id,fecha_hora,tipo,id) values (?,?,?,default)
Hibernate: insert into aforo_registros (business_id,fecha_hora,tipo,id) values (?,?,?,default)
Hibernate: insert into aforo_registros (business_id,fecha_hora,tipo,id) values (?,?,?,default)
Hibernate: insert into aforo_registros (business_id,fecha_hora,tipo,id) values (?,?,?,default)
Hibernate: insert into aforo_registros (business_id,fecha_hora,tipo,id) values (?,?,?,default)
Hibernate: insert into aforo_registros (business_id,fecha_hora,tipo,id) values (?,?,?,default)
Hibernate: insert into aforo_registros (business_id,fecha_hora,tipo,id) values (?,?,?,default)
Hibernate: insert into aforo_registros (business_id,fecha_hora,tipo,id) values (?,?,?,default)
Hibernate: insert into aforo_registros (business_id,fecha_hora,tipo,id) values (?,?,?,default)
Hibernate: insert into aforo_registros (business_id,fecha_hora,tipo,id) values (?,?,?,default)
Hibernate: insert into aforo_registros (business_id,fecha_hora,tipo,id) values (?,?,?,default)
Hibernate: insert into aforo_registros (business_id,fecha_hora,tipo,id) values (?,?,?,default)
Hibernate: insert into aforo_registros (business_id,fecha_hora,tipo,id) values (?,?,?,default)
Hibernate: insert into aforo_registros (business_id,fecha_hora,tipo,id) values (?,?,?,default)
Hibernate: insert into aforo_registros (business_id,fecha_hora,tipo,id) values (?,?,?,default)
Hibernate: insert into aforo_registros (business_id,fecha_hora,tipo,id) values (?,?,?,default)
Hibernate: insert into aforo_registros (business_id,fecha_hora,tipo,id) values (?,?,?,default)
Hibernate: insert into aforo_registros (business_id,fecha_hora,tipo,id) values (?,?,?,default)
Hibernate: insert into aforo_registros (business_id,fecha_hora,tipo,id) values (?,?,?,default)
Hibernate: insert into aforo_registros (business_id,fecha_hora,tipo,id) values (?,?,?,default)
Hibernate: insert into aforo_registros (business_id,fecha_hora,tipo,id) values (?,?,?,default)
Hibernate: insert into aforo_registros (business_id,fecha_hora,tipo,id) values (?,?,?,default)
Hibernate: insert into aforo_registros (business_id,fecha_hora,tipo,id) values (?,?,?,default)
Hibernate: insert into aforo_registros (business_id,fecha_hora,tipo,id) values (?,?,?,default)
Hibernate: insert into aforo_registros (business_id,fecha_hora,tipo,id) values (?,?,?,default)
Hibernate: insert into aforo_registros (business_id,fecha_hora,tipo,id) values (?,?,?,default)
Hibernate: insert into aforo_registros (business_id,fecha_hora,tipo,id) values (?,?,?,default)
Hibernate: insert into aforo_registros (business_id,fecha_hora,tipo,id) values (?,?,?,default)
Hibernate: insert into aforo_registros (business_id,fecha_hora,tipo,id) values (?,?,?,default)
Hibernate: insert into aforo_registros (business_id,fecha_hora,tipo,id) values (?,?,?,default)
Hibernate: insert into aforo_registros (business_id,fecha_hora,tipo,id) values (?,?,?,default)
Hibernate: insert into aforo_registros (business_id,fecha_hora,tipo,id) values (?,?,?,default)
Hibernate: insert into aforo_registros (business_id,fecha_hora,tipo,id) values (?,?,?,default)
Hibernate: insert into aforo_registros (business_id,fecha_hora,tipo,id) values (?,?,?,default)
Hibernate: insert into aforo_registros (business_id,fecha_hora,tipo,id) values (?,?,?,default)
Hibernate: insert into aforo_registros (business_id,fecha_hora,tipo,id) values (?,?,?,default)
Hibernate: insert into aforo_registros (business_id,fecha_hora,tipo,id) values (?,?,?,default)
Hibernate: insert into aforo_registros (business_id,fecha_hora,tipo,id) values (?,?,?,default)
Hibernate: insert into aforo_registros (business_id,fecha_hora,tipo,id) values (?,?,?,default)
Hibernate: insert into aforo_registros (business_id,fecha_hora,tipo,id) values (?,?,?,default)
Hibernate: insert into aforo_registros (business_id,fecha_hora,tipo,id) values (?,?,?,default)
Hibernate: insert into aforo_registros (business_id,fecha_hora,tipo,id) values (?,?,?,default)
Hibernate: insert into aforo_registros (business_id,fecha_hora,tipo,id) values (?,?,?,default)
Hibernate: insert into aforo_registros (business_id,fecha_hora,tipo,id) values (?,?,?,default)
Hibernate: insert into aforo_registros (business_id,fecha_hora,tipo,id) values (?,?,?,default)
Hibernate: insert into aforo_registros (business_id,fecha_hora,tipo,id) values (?,?,?,default)
Hibernate: insert into aforo_registros (business_id,fecha_hora,tipo,id) values (?,?,?,default)
Hibernate: insert into aforo_registros (business_id,fecha_hora,tipo,id) values (?,?,?,default)
Hibernate: insert into aforo_registros (business_id,fecha_hora,tipo,id) values (?,?,?,default)
Hibernate: insert into aforo_registros (business_id,fecha_hora,tipo,id) values (?,?,?,default)
Hibernate: insert into aforo_registros (business_id,fecha_hora,tipo,id) values (?,?,?,default)
Hibernate: insert into aforo_registros (business_id,fecha_hora,tipo,id) values (?,?,?,default)
Hibernate: insert into aforo_registros (business_id,fecha_hora,tipo,id) values (?,?,?,default)
Hibernate: insert into aforo_registros (business_id,fecha_hora,tipo,id) values (?,?,?,default)
Hibernate: insert into aforo_registros (business_id,fecha_hora,tipo,id) values (?,?,?,default)
Hibernate: insert into aforo_registros (business_id,fecha_hora,tipo,id) values (?,?,?,default)
Hibernate: insert into aforo_registros (business_id,fecha_hora,tipo,id) values (?,?,?,default)
Hibernate: insert into aforo_registros (business_id,fecha_hora,tipo,id) values (?,?,?,default)
Hibernate: insert into aforo_registros (business_id,fecha_hora,tipo,id) values (?,?,?,default)
Hibernate: insert into aforo_registros (business_id,fecha_hora,tipo,id) values (?,?,?,default)
Hibernate: insert into aforo_registros (business_id,fecha_hora,tipo,id) values (?,?,?,default)
Hibernate: insert into aforo_registros (business_id,fecha_hora,tipo,id) values (?,?,?,default)
Hibernate: insert into aforo_registros (business_id,fecha_hora,tipo,id) values (?,?,?,default)
Hibernate: insert into aforo_registros (business_id,fecha_hora,tipo,id) values (?,?,?,default)
Hibernate: insert into aforo_registros (business_id,fecha_hora,tipo,id) values (?,?,?,default)
Hibernate: insert into aforo_registros (business_id,fecha_hora,tipo,id) values (?,?,?,default)
Hibernate: insert into aforo_registros (business_id,fecha_hora,tipo,id) values (?,?,?,default)
Hibernate: insert into aforo_registros (business_id,fecha_hora,tipo,id) values (?,?,?,default)
Hibernate: insert into aforo_registros (business_id,fecha_hora,tipo,id) values (?,?,?,default)
Hibernate: insert into aforo_registros (business_id,fecha_hora,tipo,id) values (?,?,?,default)
Hibernate: insert into aforo_registros (business_id,fecha_hora,tipo,id) values (?,?,?,default)
Hibernate: insert into aforo_registros (business_id,fecha_hora,tipo,id) values (?,?,?,default)
Hibernate: insert into aforo_registros (business_id,fecha_hora,tipo,id) values (?,?,?,default)
Hibernate: insert into aforo_registros (business_id,fecha_hora,tipo,id) values (?,?,?,default)
Hibernate: insert into aforo_registros (business_id,fecha_hora,tipo,id) values (?,?,?,default)
Hibernate: insert into aforo_registros (business_id,fecha_hora,tipo,id) values (?,?,?,default)
Hibernate: insert into aforo_registros (business_id,fecha_hora,tipo,id) values (?,?,?,default)
Hibernate: insert into aforo_registros (business_id,fecha_hora,tipo,id) values (?,?,?,default)
Hibernate: insert into aforo_registros (business_id,fecha_hora,tipo,id) values (?,?,?,default)
Hibernate: insert into aforo_registros (business_id,fecha_hora,tipo,id) values (?,?,?,default)
Hibernate: insert into aforo_registros (business_id,fecha_hora,tipo,id) values (?,?,?,default)
Hibernate: insert into aforo_registros (business_id,fecha_hora,tipo,id) values (?,?,?,default)
Hibernate: insert into aforo_registros (business_id,fecha_hora,tipo,id) values (?,?,?,default)
Hibernate: insert into aforo_registros (business_id,fecha_hora,tipo,id) values (?,?,?,default)
Hibernate: insert into aforo_registros (business_id,fecha_hora,tipo,id) values (?,?,?,default)
Hibernate: insert into aforo_registros (business_id,fecha_hora,tipo,id) values (?,?,?,default)
Hibernate: insert into aforo_registros (business_id,fecha_hora,tipo,id) values (?,?,?,default)
Hibernate: insert into aforo_registros (business_id,fecha_hora,tipo,id) values (?,?,?,default)
Hibernate: insert into aforo_registros (business_id,fecha_hora,tipo,id) values (?,?,?,default)
Hibernate: insert into aforo_registros (business_id,fecha_hora,tipo,id) values (?,?,?,default)
Hibernate: insert into aforo_registros (business_id,fecha_hora,tipo,id) values (?,?,?,default)
Hibernate: insert into aforo_registros (business_id,fecha_hora,tipo,id) values (?,?,?,default)
Hibernate: insert into aforo_registros (business_id,fecha_hora,tipo,id) values (?,?,?,default)
Hibernate: insert into aforo_registros (business_id,fecha_hora,tipo,id) values (?,?,?,default)
Hibernate: insert into aforo_registros (business_id,fecha_hora,tipo,id) values (?,?,?,default)
Hibernate: insert into aforo_registros (business_id,fecha_hora,tipo,id) values (?,?,?,default)
Hibernate: insert into aforo_registros (business_id,fecha_hora,tipo,id) values (?,?,?,default)
Hibernate: insert into aforo_registros (business_id,fecha_hora,tipo,id) values (?,?,?,default)
Hibernate: insert into aforo_registros (business_id,fecha_hora,tipo,id) values (?,?,?,default)
Hibernate: insert into aforo_registros (business_id,fecha_hora,tipo,id) values (?,?,?,default)
Hibernate: insert into aforo_registros (business_id,fecha_hora,tipo,id) values (?,?,?,default)
Hibernate: insert into aforo_registros (business_id,fecha_hora,tipo,id) values (?,?,?,default)
Hibernate: insert into aforo_registros (business_id,fecha_hora,tipo,id) values (?,?,?,default)
Hibernate: insert into aforo_registros (business_id,fecha_hora,tipo,id) values (?,?,?,default)
Hibernate: insert into aforo_registros (business_id,fecha_hora,tipo,id) values (?,?,?,default)
Hibernate: insert into aforo_registros (business_id,fecha_hora,tipo,id) values (?,?,?,default)
Hibernate: insert into aforo_registros (business_id,fecha_hora,tipo,id) values (?,?,?,default)
Hibernate: insert into aforo_registros (business_id,fecha_hora,tipo,id) values (?,?,?,default)
Hibernate: insert into aforo_registros (business_id,fecha_hora,tipo,id) values (?,?,?,default)
Hibernate: insert into aforo_registros (business_id,fecha_hora,tipo,id) values (?,?,?,default)
Hibernate: insert into aforo_registros (business_id,fecha_hora,tipo,id) values (?,?,?,default)
Hibernate: insert into aforo_registros (business_id,fecha_hora,tipo,id) values (?,?,?,default)
Hibernate: insert into aforo_registros (business_id,fecha_hora,tipo,id) values (?,?,?,default)
Hibernate: insert into aforo_registros (business_id,fecha_hora,tipo,id) values (?,?,?,default)
Hibernate: insert into aforo_registros (business_id,fecha_hora,tipo,id) values (?,?,?,default)
Hibernate: insert into aforo_registros (business_id,fecha_hora,tipo,id) values (?,?,?,default)
Hibernate: insert into aforo_registros (business_id,fecha_hora,tipo,id) values (?,?,?,default)
Hibernate: insert into aforo_registros (business_id,fecha_hora,tipo,id) values (?,?,?,default)
Hibernate: insert into aforo_registros (business_id,fecha_hora,tipo,id) values (?,?,?,default)
Hibernate: insert into aforo_registros (business_id,fecha_hora,tipo,id) values (?,?,?,default)
Hibernate: insert into aforo_registros (business_id,fecha_hora,tipo,id) values (?,?,?,default)
Hibernate: insert into aforo_registros (business_id,fecha_hora,tipo,id) values (?,?,?,default)
Hibernate: insert into aforo_registros (business_id,fecha_hora,tipo,id) values (?,?,?,default)
Hibernate: insert into aforo_registros (business_id,fecha_hora,tipo,id) values (?,?,?,default)
Hibernate: insert into aforo_registros (business_id,fecha_hora,tipo,id) values (?,?,?,default)
Hibernate: insert into aforo_registros (business_id,fecha_hora,tipo,id) values (?,?,?,default)
Hibernate: insert into aforo_registros (business_id,fecha_hora,tipo,id) values (?,?,?,default)
Hibernate: insert into aforo_registros (business_id,fecha_hora,tipo,id) values (?,?,?,default)
Hibernate: insert into aforo_registros (business_id,fecha_hora,tipo,id) values (?,?,?,default)
Hibernate: insert into aforo_registros (business_id,fecha_hora,tipo,id) values (?,?,?,default)
Hibernate: insert into aforo_registros (business_id,fecha_hora,tipo,id) values (?,?,?,default)
Hibernate: insert into aforo_registros (business_id,fecha_hora,tipo,id) values (?,?,?,default)
Hibernate: insert into aforo_registros (business_id,fecha_hora,tipo,id) values (?,?,?,default)
Hibernate: insert into aforo_registros (business_id,fecha_hora,tipo,id) values (?,?,?,default)
Hibernate: insert into aforo_registros (business_id,fecha_hora,tipo,id) values (?,?,?,default)
Hibernate: insert into aforo_registros (business_id,fecha_hora,tipo,id) values (?,?,?,default)
Hibernate: insert into aforo_registros (business_id,fecha_hora,tipo,id) values (?,?,?,default)
Hibernate: insert into aforo_registros (business_id,fecha_hora,tipo,id) values (?,?,?,default)
Hibernate: insert into aforo_registros (business_id,fecha_hora,tipo,id) values (?,?,?,default)
Hibernate: insert into aforo_registros (business_id,fecha_hora,tipo,id) values (?,?,?,default)
Hibernate: insert into aforo_registros (business_id,fecha_hora,tipo,id) values (?,?,?,default)
Hibernate: insert into aforo_registros (business_id,fecha_hora,tipo,id) values (?,?,?,default)
Hibernate: insert into aforo_registros (business_id,fecha_hora,tipo,id) values (?,?,?,default)
Hibernate: insert into aforo_registros (business_id,fecha_hora,tipo,id) values (?,?,?,default)
Hibernate: insert into aforo_registros (business_id,fecha_hora,tipo,id) values (?,?,?,default)
Hibernate: insert into aforo_registros (business_id,fecha_hora,tipo,id) values (?,?,?,default)
Hibernate: insert into aforo_registros (business_id,fecha_hora,tipo,id) values (?,?,?,default)
Hibernate: insert into aforo_registros (business_id,fecha_hora,tipo,id) values (?,?,?,default)
Hibernate: insert into aforo_registros (business_id,fecha_hora,tipo,id) values (?,?,?,default)
Hibernate: insert into aforo_registros (business_id,fecha_hora,tipo,id) values (?,?,?,default)
Hibernate: insert into aforo_registros (business_id,fecha_hora,tipo,id) values (?,?,?,default)
Hibernate: insert into aforo_registros (business_id,fecha_hora,tipo,id) values (?,?,?,default)
Hibernate: insert into aforo_registros (business_id,fecha_hora,tipo,id) values (?,?,?,default)
Hibernate: insert into aforo_registros (business_id,fecha_hora,tipo,id) values (?,?,?,default)
Hibernate: insert into aforo_registros (business_id,fecha_hora,tipo,id) values (?,?,?,default)
Hibernate: insert into aforo_registros (business_id,fecha_hora,tipo,id) values (?,?,?,default)
Hibernate: insert into aforo_registros (business_id,fecha_hora,tipo,id) values (?,?,?,default)
Hibernate: insert into aforo_registros (business_id,fecha_hora,tipo,id) values (?,?,?,default)
Hibernate: insert into aforo_registros (business_id,fecha_hora,tipo,id) values (?,?,?,default)
Hibernate: insert into aforo_registros (business_id,fecha_hora,tipo,id) values (?,?,?,default)
Hibernate: insert into aforo_registros (business_id,fecha_hora,tipo,id) values (?,?,?,default)
Hibernate: insert into aforo_registros (business_id,fecha_hora,tipo,id) values (?,?,?,default)
Hibernate: insert into aforo_registros (business_id,fecha_hora,tipo,id) values (?,?,?,default)
Hibernate: insert into aforo_registros (business_id,fecha_hora,tipo,id) values (?,?,?,default)
Hibernate: insert into aforo_registros (business_id,fecha_hora,tipo,id) values (?,?,?,default)
Hibernate: insert into aforo_registros (business_id,fecha_hora,tipo,id) values (?,?,?,default)
Hibernate: insert into aforo_registros (business_id,fecha_hora,tipo,id) values (?,?,?,default)
Hibernate: insert into aforo_registros (business_id,fecha_hora,tipo,id) values (?,?,?,default)
Hibernate: insert into aforo_registros (business_id,fecha_hora,tipo,id) values (?,?,?,default)
Hibernate: insert into aforo_registros (business_id,fecha_hora,tipo,id) values (?,?,?,default)
Hibernate: insert into aforo_registros (business_id,fecha_hora,tipo,id) values (?,?,?,default)
Hibernate: insert into aforo_registros (business_id,fecha_hora,tipo,id) values (?,?,?,default)
Hibernate: insert into aforo_registros (business_id,fecha_hora,tipo,id) values (?,?,?,default)
Hibernate: insert into aforo_registros (business_id,fecha_hora,tipo,id) values (?,?,?,default)
Hibernate: insert into aforo_registros (business_id,fecha_hora,tipo,id) values (?,?,?,default)
Hibernate: insert into aforo_registros (business_id,fecha_hora,tipo,id) values (?,?,?,default)
Hibernate: insert into aforo_registros (business_id,fecha_hora,tipo,id) values (?,?,?,default)
Hibernate: insert into aforo_registros (business_id,fecha_hora,tipo,id) values (?,?,?,default)
Hibernate: insert into aforo_registros (business_id,fecha_hora,tipo,id) values (?,?,?,default)
Hibernate: insert into aforo_registros (business_id,fecha_hora,tipo,id) values (?,?,?,default)
Hibernate: insert into aforo_registros (business_id,fecha_hora,tipo,id) values (?,?,?,default)
Hibernate: insert into aforo_registros (business_id,fecha_hora,tipo,id) values (?,?,?,default)
Hibernate: insert into aforo_registros (business_id,fecha_hora,tipo,id) values (?,?,?,default)
Hibernate: insert into aforo_registros (business_id,fecha_hora,tipo,id) values (?,?,?,default)
Hibernate: insert into aforo_registros (business_id,fecha_hora,tipo,id) values (?,?,?,default)
Hibernate: insert into aforo_registros (business_id,fecha_hora,tipo,id) values (?,?,?,default)
Hibernate: insert into aforo_registros (business_id,fecha_hora,tipo,id) values (?,?,?,default)
Hibernate: insert into aforo_registros (business_id,fecha_hora,tipo,id) values (?,?,?,default)
Hibernate: insert into aforo_registros (business_id,fecha_hora,tipo,id) values (?,?,?,default)
Hibernate: insert into aforo_registros (business_id,fecha_hora,tipo,id) values (?,?,?,default)
Hibernate: insert into aforo_registros (business_id,fecha_hora,tipo,id) values (?,?,?,default)
Hibernate: insert into aforo_registros (business_id,fecha_hora,tipo,id) values (?,?,?,default)
Hibernate: insert into aforo_registros (business_id,fecha_hora,tipo,id) values (?,?,?,default)
Hibernate: insert into aforo_registros (business_id,fecha_hora,tipo,id) values (?,?,?,default)
Hibernate: insert into aforo_registros (business_id,fecha_hora,tipo,id) values (?,?,?,default)
Hibernate: insert into aforo_registros (business_id,fecha_hora,tipo,id) values (?,?,?,default)
Hibernate: insert into aforo_registros (business_id,fecha_hora,tipo,id) values (?,?,?,default)
Hibernate: insert into aforo_registros (business_id,fecha_hora,tipo,id) values (?,?,?,default)
Hibernate: insert into aforo_registros (business_id,fecha_hora,tipo,id) values (?,?,?,default)
Hibernate: insert into aforo_registros (business_id,fecha_hora,tipo,id) values (?,?,?,default)
Hibernate: insert into aforo_registros (business_id,fecha_hora,tipo,id) values (?,?,?,default)
Hibernate: insert into aforo_registros (business_id,fecha_hora,tipo,id) values (?,?,?,default)
Hibernate: insert into aforo_registros (business_id,fecha_hora,tipo,id) values (?,?,?,default)
Hibernate: insert into aforo_registros (business_id,fecha_hora,tipo,id) values (?,?,?,default)
Hibernate: insert into aforo_registros (business_id,fecha_hora,tipo,id) values (?,?,?,default)
Hibernate: insert into aforo_registros (business_id,fecha_hora,tipo,id) values (?,?,?,default)
Hibernate: insert into aforo_registros (business_id,fecha_hora,tipo,id) values (?,?,?,default)
Hibernate: insert into aforo_registros (business_id,fecha_hora,tipo,id) values (?,?,?,default)
Hibernate: insert into aforo_registros (business_id,fecha_hora,tipo,id) values (?,?,?,default)
Hibernate: insert into aforo_registros (business_id,fecha_hora,tipo,id) values (?,?,?,default)
Hibernate: insert into aforo_registros (business_id,fecha_hora,tipo,id) values (?,?,?,default)
Hibernate: insert into aforo_registros (business_id,fecha_hora,tipo,id) values (?,?,?,default)
Hibernate: insert into aforo_registros (business_id,fecha_hora,tipo,id) values (?,?,?,default)
Hibernate: insert into aforo_registros (business_id,fecha_hora,tipo,id) values (?,?,?,default)
Hibernate: insert into aforo_registros (business_id,fecha_hora,tipo,id) values (?,?,?,default)
Hibernate: insert into aforo_registros (business_id,fecha_hora,tipo,id) values (?,?,?,default)
Hibernate: insert into aforo_registros (business_id,fecha_hora,tipo,id) values (?,?,?,default)
Hibernate: insert into aforo_registros (business_id,fecha_hora,tipo,id) values (?,?,?,default)
Hibernate: insert into aforo_registros (business_id,fecha_hora,tipo,id) values (?,?,?,default)
Hibernate: insert into aforo_registros (business_id,fecha_hora,tipo,id) values (?,?,?,default)
Hibernate: insert into aforo_registros (business_id,fecha_hora,tipo,id) values (?,?,?,default)
Hibernate: insert into aforo_registros (business_id,fecha_hora,tipo,id) values (?,?,?,default)
Hibernate: insert into aforo_registros (business_id,fecha_hora,tipo,id) values (?,?,?,default)
Hibernate: insert into aforo_registros (business_id,fecha_hora,tipo,id) values (?,?,?,default)
Hibernate: insert into aforo_registros (business_id,fecha_hora,tipo,id) values (?,?,?,default)
Hibernate: insert into aforo_registros (business_id,fecha_hora,tipo,id) values (?,?,?,default)
Hibernate: insert into aforo_registros (business_id,fecha_hora,tipo,id) values (?,?,?,default)
Hibernate: insert into aforo_registros (business_id,fecha_hora,tipo,id) values (?,?,?,default)
Hibernate: insert into aforo_registros (business_id,fecha_hora,tipo,id) values (?,?,?,default)
Hibernate: insert into aforo_registros (business_id,fecha_hora,tipo,id) values (?,?,?,default)
Hibernate: insert into aforo_registros (business_id,fecha_hora,tipo,id) values (?,?,?,default)
Hibernate: insert into aforo_registros (business_id,fecha_hora,tipo,id) values (?,?,?,default)
Hibernate: insert into aforo_registros (business_id,fecha_hora,tipo,id) values (?,?,?,default)
Hibernate: insert into aforo_registros (business_id,fecha_hora,tipo,id) values (?,?,?,default)
Hibernate: insert into aforo_registros (business_id,fecha_hora,tipo,id) values (?,?,?,default)
Hibernate: insert into aforo_registros (business_id,fecha_hora,tipo,id) values (?,?,?,default)
Hibernate: insert into aforo_registros (business_id,fecha_hora,tipo,id) values (?,?,?,default)
Hibernate: insert into aforo_registros (business_id,fecha_hora,tipo,id) values (?,?,?,default)
Hibernate: insert into aforo_registros (business_id,fecha_hora,tipo,id) values (?,?,?,default)
Hibernate: insert into aforo_registros (business_id,fecha_hora,tipo,id) values (?,?,?,default)
Hibernate: insert into aforo_registros (business_id,fecha_hora,tipo,id) values (?,?,?,default)
Hibernate: insert into aforo_registros (business_id,fecha_hora,tipo,id) values (?,?,?,default)
Hibernate: insert into aforo_registros (business_id,fecha_hora,tipo,id) values (?,?,?,default)
Hibernate: insert into aforo_registros (business_id,fecha_hora,tipo,id) values (?,?,?,default)
Hibernate: insert into aforo_registros (business_id,fecha_hora,tipo,id) values (?,?,?,default)
Hibernate: insert into aforo_registros (business_id,fecha_hora,tipo,id) values (?,?,?,default)
Hibernate: insert into aforo_registros (business_id,fecha_hora,tipo,id) values (?,?,?,default)
Hibernate: insert into aforo_registros (business_id,fecha_hora,tipo,id) values (?,?,?,default)
Hibernate: insert into aforo_registros (business_id,fecha_hora,tipo,id) values (?,?,?,default)
Hibernate: insert into aforo_registros (business_id,fecha_hora,tipo,id) values (?,?,?,default)
Hibernate: insert into aforo_registros (business_id,fecha_hora,tipo,id) values (?,?,?,default)
Hibernate: insert into aforo_registros (business_id,fecha_hora,tipo,id) values (?,?,?,default)
Hibernate: insert into aforo_registros (business_id,fecha_hora,tipo,id) values (?,?,?,default)
Hibernate: insert into aforo_registros (business_id,fecha_hora,tipo,id) values (?,?,?,default)
Hibernate: insert into aforo_registros (business_id,fecha_hora,tipo,id) values (?,?,?,default)
Hibernate: insert into aforo_registros (business_id,fecha_hora,tipo,id) values (?,?,?,default)
Hibernate: insert into aforo_registros (business_id,fecha_hora,tipo,id) values (?,?,?,default)
Hibernate: insert into aforo_registros (business_id,fecha_hora,tipo,id) values (?,?,?,default)
Hibernate: insert into aforo_registros (business_id,fecha_hora,tipo,id) values (?,?,?,default)
Hibernate: insert into aforo_registros (business_id,fecha_hora,tipo,id) values (?,?,?,default)
Hibernate: insert into aforo_registros (business_id,fecha_hora,tipo,id) values (?,?,?,default)
Hibernate: insert into aforo_registros (business_id,fecha_hora,tipo,id) values (?,?,?,default)
Hibernate: insert into aforo_registros (business_id,fecha_hora,tipo,id) values (?,?,?,default)
Hibernate: insert into aforo_registros (business_id,fecha_hora,tipo,id) values (?,?,?,default)
Hibernate: insert into aforo_registros (business_id,fecha_hora,tipo,id) values (?,?,?,default)
Hibernate: insert into aforo_registros (business_id,fecha_hora,tipo,id) values (?,?,?,default)
Hibernate: insert into aforo_registros (business_id,fecha_hora,tipo,id) values (?,?,?,default)
Hibernate: insert into aforo_registros (business_id,fecha_hora,tipo,id) values (?,?,?,default)
Hibernate: insert into aforo_registros (business_id,fecha_hora,tipo,id) values (?,?,?,default)
Hibernate: insert into aforo_registros (business_id,fecha_hora,tipo,id) values (?,?,?,default)
Hibernate: insert into aforo_registros (business_id,fecha_hora,tipo,id) values (?,?,?,default)
Hibernate: insert into aforo_registros (business_id,fecha_hora,tipo,id) values (?,?,?,default)
Hibernate: insert into aforo_registros (business_id,fecha_hora,tipo,id) values (?,?,?,default)
Hibernate: insert into aforo_registros (business_id,fecha_hora,tipo,id) values (?,?,?,default)
Hibernate: insert into aforo_registros (business_id,fecha_hora,tipo,id) values (?,?,?,default)
Hibernate: insert into aforo_registros (business_id,fecha_hora,tipo,id) values (?,?,?,default)
Hibernate: insert into aforo_registros (business_id,fecha_hora,tipo,id) values (?,?,?,default)
Hibernate: insert into aforo_registros (business_id,fecha_hora,tipo,id) values (?,?,?,default)
Hibernate: insert into aforo_registros (business_id,fecha_hora,tipo,id) values (?,?,?,default)
Hibernate: insert into aforo_registros (business_id,fecha_hora,tipo,id) values (?,?,?,default)
Hibernate: insert into aforo_registros (business_id,fecha_hora,tipo,id) values (?,?,?,default)
Hibernate: insert into aforo_registros (business_id,fecha_hora,tipo,id) values (?,?,?,default)
Hibernate: insert into aforo_registros (business_id,fecha_hora,tipo,id) values (?,?,?,default)
Hibernate: insert into aforo_registros (business_id,fecha_hora,tipo,id) values (?,?,?,default)
Hibernate: insert into aforo_registros (business_id,fecha_hora,tipo,id) values (?,?,?,default)
Hibernate: insert into aforo_registros (business_id,fecha_hora,tipo,id) values (?,?,?,default)
Hibernate: insert into aforo_registros (business_id,fecha_hora,tipo,id) values (?,?,?,default)
Hibernate: insert into aforo_registros (business_id,fecha_hora,tipo,id) values (?,?,?,default)
Hibernate: insert into aforo_registros (business_id,fecha_hora,tipo,id) values (?,?,?,default)
Hibernate: insert into aforo_registros (business_id,fecha_hora,tipo,id) values (?,?,?,default)
Hibernate: insert into aforo_registros (business_id,fecha_hora,tipo,id) values (?,?,?,default)
Hibernate: insert into aforo_registros (business_id,fecha_hora,tipo,id) values (?,?,?,default)
Hibernate: insert into aforo_registros (business_id,fecha_hora,tipo,id) values (?,?,?,default)
Hibernate: insert into aforo_registros (business_id,fecha_hora,tipo,id) values (?,?,?,default)
Hibernate: insert into aforo_registros (business_id,fecha_hora,tipo,id) values (?,?,?,default)
Hibernate: insert into aforo_registros (business_id,fecha_hora,tipo,id) values (?,?,?,default)
Hibernate: insert into aforo_registros (business_id,fecha_hora,tipo,id) values (?,?,?,default)
Hibernate: insert into aforo_registros (business_id,fecha_hora,tipo,id) values (?,?,?,default)
Hibernate: insert into aforo_registros (business_id,fecha_hora,tipo,id) values (?,?,?,default)
Hibernate: insert into aforo_registros (business_id,fecha_hora,tipo,id) values (?,?,?,default)
Hibernate: insert into aforo_registros (business_id,fecha_hora,tipo,id) values (?,?,?,default)
Hibernate: insert into aforo_registros (business_id,fecha_hora,tipo,id) values (?,?,?,default)
Hibernate: insert into aforo_registros (business_id,fecha_hora,tipo,id) values (?,?,?,default)
Hibernate: insert into aforo_registros (business_id,fecha_hora,tipo,id) values (?,?,?,default)
Hibernate: insert into aforo_registros (business_id,fecha_hora,tipo,id) values (?,?,?,default)
Hibernate: insert into aforo_registros (business_id,fecha_hora,tipo,id) values (?,?,?,default)
Hibernate: insert into aforo_registros (business_id,fecha_hora,tipo,id) values (?,?,?,default)
Hibernate: insert into aforo_registros (business_id,fecha_hora,tipo,id) values (?,?,?,default)
Hibernate: insert into aforo_registros (business_id,fecha_hora,tipo,id) values (?,?,?,default)
Hibernate: insert into aforo_registros (business_id,fecha_hora,tipo,id) values (?,?,?,default)
Hibernate: insert into aforo_registros (business_id,fecha_hora,tipo,id) values (?,?,?,default)
Hibernate: insert into aforo_registros (business_id,fecha_hora,tipo,id) values (?,?,?,default)
Hibernate: insert into aforo_registros (business_id,fecha_hora,tipo,id) values (?,?,?,default)
Hibernate: insert into aforo_registros (business_id,fecha_hora,tipo,id) values (?,?,?,default)
Hibernate: insert into aforo_registros (business_id,fecha_hora,tipo,id) values (?,?,?,default)
Hibernate: insert into aforo_registros (business_id,fecha_hora,tipo,id) values (?,?,?,default)
Hibernate: insert into aforo_registros (business_id,fecha_hora,tipo,id) values (?,?,?,default)
Hibernate: insert into aforo_registros (business_id,fecha_hora,tipo,id) values (?,?,?,default)
Hibernate: insert into aforo_registros (business_id,fecha_hora,tipo,id) values (?,?,?,default)
Hibernate: insert into aforo_registros (business_id,fecha_hora,tipo,id) values (?,?,?,default)
Hibernate: insert into aforo_registros (business_id,fecha_hora,tipo,id) values (?,?,?,default)
Hibernate: insert into aforo_registros (business_id,fecha_hora,tipo,id) values (?,?,?,default)
Hibernate: insert into aforo_registros (business_id,fecha_hora,tipo,id) values (?,?,?,default)
Hibernate: insert into aforo_registros (business_id,fecha_hora,tipo,id) values (?,?,?,default)
Hibernate: insert into aforo_registros (business_id,fecha_hora,tipo,id) values (?,?,?,default)
Hibernate: insert into aforo_registros (business_id,fecha_hora,tipo,id) values (?,?,?,default)
Hibernate: insert into aforo_registros (business_id,fecha_hora,tipo,id) values (?,?,?,default)
Hibernate: insert into aforo_registros (business_id,fecha_hora,tipo,id) values (?,?,?,default)
Hibernate: insert into aforo_registros (business_id,fecha_hora,tipo,id) values (?,?,?,default)
Hibernate: insert into aforo_registros (business_id,fecha_hora,tipo,id) values (?,?,?,default)
Hibernate: insert into aforo_registros (business_id,fecha_hora,tipo,id) values (?,?,?,default)
Hibernate: insert into aforo_registros (business_id,fecha_hora,tipo,id) values (?,?,?,default)
Hibernate: insert into aforo_registros (business_id,fecha_hora,tipo,id) values (?,?,?,default)
Hibernate: insert into aforo_registros (business_id,fecha_hora,tipo,id) values (?,?,?,default)
Hibernate: insert into aforo_registros (business_id,fecha_hora,tipo,id) values (?,?,?,default)
Hibernate: insert into aforo_registros (business_id,fecha_hora,tipo,id) values (?,?,?,default)
Hibernate: insert into aforo_registros (business_id,fecha_hora,tipo,id) values (?,?,?,default)
Hibernate: insert into aforo_registros (business_id,fecha_hora,tipo,id) values (?,?,?,default)
Hibernate: insert into aforo_registros (business_id,fecha_hora,tipo,id) values (?,?,?,default)
Hibernate: insert into aforo_registros (business_id,fecha_hora,tipo,id) values (?,?,?,default)
Hibernate: insert into aforo_registros (business_id,fecha_hora,tipo,id) values (?,?,?,default)
Hibernate: insert into aforo_registros (business_id,fecha_hora,tipo,id) values (?,?,?,default)
Hibernate: insert into aforo_registros (business_id,fecha_hora,tipo,id) values (?,?,?,default)
Hibernate: insert into aforo_registros (business_id,fecha_hora,tipo,id) values (?,?,?,default)
Hibernate: insert into aforo_registros (business_id,fecha_hora,tipo,id) values (?,?,?,default)
Hibernate: insert into aforo_registros (business_id,fecha_hora,tipo,id) values (?,?,?,default)
Hibernate: insert into aforo_registros (business_id,fecha_hora,tipo,id) values (?,?,?,default)
Hibernate: insert into aforo_registros (business_id,fecha_hora,tipo,id) values (?,?,?,default)
Hibernate: insert into aforo_registros (business_id,fecha_hora,tipo,id) values (?,?,?,default)
Hibernate: insert into aforo_registros (business_id,fecha_hora,tipo,id) values (?,?,?,default)
Hibernate: insert into aforo_registros (business_id,fecha_hora,tipo,id) values (?,?,?,default)
Hibernate: insert into aforo_registros (business_id,fecha_hora,tipo,id) values (?,?,?,default)
Hibernate: insert into aforo_registros (business_id,fecha_hora,tipo,id) values (?,?,?,default)
Hibernate: insert into aforo_registros (business_id,fecha_hora,tipo,id) values (?,?,?,default)
Hibernate: insert into aforo_registros (business_id,fecha_hora,tipo,id) values (?,?,?,default)
Hibernate: insert into aforo_registros (business_id,fecha_hora,tipo,id) values (?,?,?,default)
Hibernate: insert into aforo_registros (business_id,fecha_hora,tipo,id) values (?,?,?,default)
Hibernate: insert into aforo_registros (business_id,fecha_hora,tipo,id) values (?,?,?,default)
Hibernate: insert into aforo_registros (business_id,fecha_hora,tipo,id) values (?,?,?,default)
Hibernate: insert into aforo_registros (business_id,fecha_hora,tipo,id) values (?,?,?,default)
Hibernate: insert into aforo_registros (business_id,fecha_hora,tipo,id) values (?,?,?,default)
Hibernate: insert into aforo_registros (business_id,fecha_hora,tipo,id) values (?,?,?,default)
Hibernate: insert into aforo_registros (business_id,fecha_hora,tipo,id) values (?,?,?,default)
Hibernate: insert into aforo_registros (business_id,fecha_hora,tipo,id) values (?,?,?,default)
Hibernate: insert into aforo_registros (business_id,fecha_hora,tipo,id) values (?,?,?,default)
Hibernate: insert into aforo_registros (business_id,fecha_hora,tipo,id) values (?,?,?,default)
Hibernate: insert into aforo_registros (business_id,fecha_hora,tipo,id) values (?,?,?,default)
Hibernate: insert into aforo_registros (business_id,fecha_hora,tipo,id) values (?,?,?,default)
Hibernate: insert into aforo_registros (business_id,fecha_hora,tipo,id) values (?,?,?,default)
Hibernate: insert into aforo_registros (business_id,fecha_hora,tipo,id) values (?,?,?,default)
Hibernate: insert into aforo_registros (business_id,fecha_hora,tipo,id) values (?,?,?,default)
Hibernate: insert into aforo_registros (business_id,fecha_hora,tipo,id) values (?,?,?,default)
Hibernate: insert into aforo_registros (business_id,fecha_hora,tipo,id) values (?,?,?,default)
Hibernate: insert into aforo_registros (business_id,fecha_hora,tipo,id) values (?,?,?,default)
Hibernate: insert into aforo_registros (business_id,fecha_hora,tipo,id) values (?,?,?,default)
Hibernate: insert into aforo_registros (business_id,fecha_hora,tipo,id) values (?,?,?,default)
Hibernate: insert into aforo_registros (business_id,fecha_hora,tipo,id) values (?,?,?,default)
Hibernate: insert into aforo_registros (business_id,fecha_hora,tipo,id) values (?,?,?,default)
Hibernate: insert into aforo_registros (business_id,fecha_hora,tipo,id) values (?,?,?,default)
Hibernate: insert into aforo_registros (business_id,fecha_hora,tipo,id) values (?,?,?,default)
Hibernate: insert into aforo_registros (business_id,fecha_hora,tipo,id) values (?,?,?,default)
Hibernate: insert into aforo_registros (business_id,fecha_hora,tipo,id) values (?,?,?,default)
Hibernate: insert into aforo_registros (business_id,fecha_hora,tipo,id) values (?,?,?,default)
Hibernate: insert into aforo_registros (business_id,fecha_hora,tipo,id) values (?,?,?,default)
Hibernate: insert into aforo_registros (business_id,fecha_hora,tipo,id) values (?,?,?,default)
Hibernate: insert into aforo_registros (business_id,fecha_hora,tipo,id) values (?,?,?,default)
Hibernate: insert into aforo_registros (business_id,fecha_hora,tipo,id) values (?,?,?,default)
Hibernate: insert into aforo_registros (business_id,fecha_hora,tipo,id) values (?,?,?,default)
Hibernate: insert into aforo_registros (business_id,fecha_hora,tipo,id) values (?,?,?,default)
Hibernate: insert into aforo_registros (business_id,fecha_hora,tipo,id) values (?,?,?,default)
Hibernate: insert into aforo_registros (business_id,fecha_hora,tipo,id) values (?,?,?,default)
Hibernate: insert into aforo_registros (business_id,fecha_hora,tipo,id) values (?,?,?,default)
Hibernate: insert into aforo_registros (business_id,fecha_hora,tipo,id) values (?,?,?,default)
Hibernate: insert into aforo_registros (business_id,fecha_hora,tipo,id) values (?,?,?,default)
Hibernate: insert into aforo_registros (business_id,fecha_hora,tipo,id) values (?,?,?,default)
Hibernate: insert into aforo_registros (business_id,fecha_hora,tipo,id) values (?,?,?,default)
Hibernate: insert into aforo_registros (business_id,fecha_hora,tipo,id) values (?,?,?,default)
Hibernate: insert into aforo_registros (business_id,fecha_hora,tipo,id) values (?,?,?,default)
Hibernate: insert into aforo_registros (business_id,fecha_hora,tipo,id) values (?,?,?,default)
Hibernate: insert into aforo_registros (business_id,fecha_hora,tipo,id) values (?,?,?,default)
Hibernate: insert into aforo_registros (business_id,fecha_hora,tipo,id) values (?,?,?,default)
Hibernate: insert into aforo_registros (business_id,fecha_hora,tipo,id) values (?,?,?,default)
Hibernate: insert into aforo_registros (business_id,fecha_hora,tipo,id) values (?,?,?,default)
Hibernate: insert into aforo_registros (business_id,fecha_hora,tipo,id) values (?,?,?,default)
Hibernate: insert into aforo_registros (business_id,fecha_hora,tipo,id) values (?,?,?,default)
Hibernate: insert into aforo_registros (business_id,fecha_hora,tipo,id) values (?,?,?,default)
Hibernate: insert into aforo_registros (business_id,fecha_hora,tipo,id) values (?,?,?,default)
Hibernate: insert into aforo_registros (business_id,fecha_hora,tipo,id) values (?,?,?,default)
Hibernate: insert into aforo_registros (business_id,fecha_hora,tipo,id) values (?,?,?,default)
Hibernate: insert into aforo_registros (business_id,fecha_hora,tipo,id) values (?,?,?,default)
Hibernate: insert into aforo_registros (business_id,fecha_hora,tipo,id) values (?,?,?,default)
Hibernate: insert into aforo_registros (business_id,fecha_hora,tipo,id) values (?,?,?,default)
Hibernate: insert into aforo_registros (business_id,fecha_hora,tipo,id) values (?,?,?,default)
Hibernate: insert into aforo_registros (business_id,fecha_hora,tipo,id) values (?,?,?,default)
Hibernate: insert into aforo_registros (business_id,fecha_hora,tipo,id) values (?,?,?,default)
Hibernate: insert into aforo_registros (business_id,fecha_hora,tipo,id) values (?,?,?,default)
Hibernate: insert into aforo_registros (business_id,fecha_hora,tipo,id) values (?,?,?,default)
Hibernate: insert into aforo_registros (business_id,fecha_hora,tipo,id) values (?,?,?,default)
Hibernate: insert into aforo_registros (business_id,fecha_hora,tipo,id) values (?,?,?,default)
Hibernate: insert into aforo_registros (business_id,fecha_hora,tipo,id) values (?,?,?,default)
Hibernate: insert into aforo_registros (business_id,fecha_hora,tipo,id) values (?,?,?,default)
Hibernate: insert into aforo_registros (business_id,fecha_hora,tipo,id) values (?,?,?,default)
Hibernate: insert into aforo_registros (business_id,fecha_hora,tipo,id) values (?,?,?,default)
Hibernate: insert into aforo_registros (business_id,fecha_hora,tipo,id) values (?,?,?,default)
Hibernate: insert into aforo_registros (business_id,fecha_hora,tipo,id) values (?,?,?,default)
Hibernate: insert into aforo_registros (business_id,fecha_hora,tipo,id) values (?,?,?,default)
Hibernate: insert into aforo_registros (business_id,fecha_hora,tipo,id) values (?,?,?,default)
Hibernate: insert into aforo_registros (business_id,fecha_hora,tipo,id) values (?,?,?,default)
Hibernate: insert into aforo_registros (business_id,fecha_hora,tipo,id) values (?,?,?,default)
Hibernate: insert into aforo_registros (business_id,fecha_hora,tipo,id) values (?,?,?,default)
Hibernate: insert into aforo_registros (business_id,fecha_hora,tipo,id) values (?,?,?,default)
Hibernate: insert into aforo_registros (business_id,fecha_hora,tipo,id) values (?,?,?,default)
Hibernate: insert into aforo_registros (business_id,fecha_hora,tipo,id) values (?,?,?,default)
Hibernate: insert into aforo_registros (business_id,fecha_hora,tipo,id) values (?,?,?,default)
Hibernate: insert into aforo_registros (business_id,fecha_hora,tipo,id) values (?,?,?,default)
Hibernate: insert into aforo_registros (business_id,fecha_hora,tipo,id) values (?,?,?,default)
Hibernate: insert into aforo_registros (business_id,fecha_hora,tipo,id) values (?,?,?,default)
Hibernate: insert into aforo_registros (business_id,fecha_hora,tipo,id) values (?,?,?,default)
Hibernate: insert into aforo_registros (business_id,fecha_hora,tipo,id) values (?,?,?,default)
Hibernate: insert into aforo_registros (business_id,fecha_hora,tipo,id) values (?,?,?,default)
Hibernate: insert into aforo_registros (business_id,fecha_hora,tipo,id) values (?,?,?,default)
Hibernate: insert into aforo_registros (business_id,fecha_hora,tipo,id) values (?,?,?,default)
Hibernate: insert into aforo_registros (business_id,fecha_hora,tipo,id) values (?,?,?,default)
Hibernate: insert into aforo_registros (business_id,fecha_hora,tipo,id) values (?,?,?,default)
Hibernate: insert into aforo_registros (business_id,fecha_hora,tipo,id) values (?,?,?,default)
Hibernate: insert into aforo_registros (business_id,fecha_hora,tipo,id) values (?,?,?,default)
Hibernate: insert into aforo_registros (business_id,fecha_hora,tipo,id) values (?,?,?,default)
Hibernate: insert into aforo_registros (business_id,fecha_hora,tipo,id) values (?,?,?,default)
Hibernate: insert into aforo_registros (business_id,fecha_hora,tipo,id) values (?,?,?,default)
Hibernate: insert into aforo_registros (business_id,fecha_hora,tipo,id) values (?,?,?,default)
Hibernate: insert into aforo_registros (business_id,fecha_hora,tipo,id) values (?,?,?,default)
Hibernate: insert into aforo_registros (business_id,fecha_hora,tipo,id) values (?,?,?,default)
Hibernate: insert into aforo_registros (business_id,fecha_hora,tipo,id) values (?,?,?,default)
Hibernate: insert into aforo_registros (business_id,fecha_hora,tipo,id) values (?,?,?,default)
Hibernate: insert into aforo_registros (business_id,fecha_hora,tipo,id) values (?,?,?,default)
Hibernate: insert into aforo_registros (business_id,fecha_hora,tipo,id) values (?,?,?,default)
Hibernate: insert into aforo_registros (business_id,fecha_hora,tipo,id) values (?,?,?,default)
Hibernate: insert into aforo_registros (business_id,fecha_hora,tipo,id) values (?,?,?,default)
Hibernate: insert into aforo_registros (business_id,fecha_hora,tipo,id) values (?,?,?,default)
Hibernate: insert into aforo_registros (business_id,fecha_hora,tipo,id) values (?,?,?,default)
Hibernate: insert into aforo_registros (business_id,fecha_hora,tipo,id) values (?,?,?,default)
Hibernate: insert into aforo_registros (business_id,fecha_hora,tipo,id) values (?,?,?,default)
Hibernate: insert into aforo_registros (business_id,fecha_hora,tipo,id) values (?,?,?,default)
Hibernate: insert into aforo_registros (business_id,fecha_hora,tipo,id) values (?,?,?,default)
Hibernate: insert into aforo_registros (business_id,fecha_hora,tipo,id) values (?,?,?,default)
Hibernate: insert into aforo_registros (business_id,fecha_hora,tipo,id) values (?,?,?,default)
Hibernate: insert into aforo_registros (business_id,fecha_hora,tipo,id) values (?,?,?,default)
Hibernate: insert into aforo_registros (business_id,fecha_hora,tipo,id) values (?,?,?,default)
Hibernate: insert into aforo_registros (business_id,fecha_hora,tipo,id) values (?,?,?,default)
Hibernate: insert into aforo_registros (business_id,fecha_hora,tipo,id) values (?,?,?,default)
Hibernate: insert into aforo_registros (business_id,fecha_hora,tipo,id) values (?,?,?,default)
Hibernate: insert into aforo_registros (business_id,fecha_hora,tipo,id) values (?,?,?,default)
Hibernate: insert into aforo_registros (business_id,fecha_hora,tipo,id) values (?,?,?,default)
Hibernate: insert into aforo_registros (business_id,fecha_hora,tipo,id) values (?,?,?,default)
Hibernate: insert into aforo_registros (business_id,fecha_hora,tipo,id) values (?,?,?,default)
Hibernate: insert into aforo_registros (business_id,fecha_hora,tipo,id) values (?,?,?,default)
Hibernate: insert into aforo_registros (business_id,fecha_hora,tipo,id) values (?,?,?,default)
Hibernate: insert into aforo_registros (business_id,fecha_hora,tipo,id) values (?,?,?,default)
Hibernate: insert into aforo_registros (business_id,fecha_hora,tipo,id) values (?,?,?,default)
Hibernate: insert into aforo_registros (business_id,fecha_hora,tipo,id) values (?,?,?,default)
Hibernate: insert into aforo_registros (business_id,fecha_hora,tipo,id) values (?,?,?,default)
Hibernate: insert into aforo_registros (business_id,fecha_hora,tipo,id) values (?,?,?,default)
Hibernate: insert into aforo_registros (business_id,fecha_hora,tipo,id) values (?,?,?,default)
Hibernate: insert into aforo_registros (business_id,fecha_hora,tipo,id) values (?,?,?,default)
Hibernate: insert into aforo_registros (business_id,fecha_hora,tipo,id) values (?,?,?,default)
Hibernate: insert into aforo_registros (business_id,fecha_hora,tipo,id) values (?,?,?,default)
Hibernate: insert into aforo_registros (business_id,fecha_hora,tipo,id) values (?,?,?,default)
Hibernate: insert into aforo_registros (business_id,fecha_hora,tipo,id) values (?,?,?,default)
Hibernate: insert into aforo_registros (business_id,fecha_hora,tipo,id) values (?,?,?,default)
Hibernate: insert into aforo_registros (business_id,fecha_hora,tipo,id) values (?,?,?,default)
Hibernate: insert into aforo_registros (business_id,fecha_hora,tipo,id) values (?,?,?,default)
Hibernate: insert into aforo_registros (business_id,fecha_hora,tipo,id) values (?,?,?,default)
Hibernate: insert into aforo_registros (business_id,fecha_hora,tipo,id) values (?,?,?,default)
Hibernate: insert into aforo_registros (business_id,fecha_hora,tipo,id) values (?,?,?,default)
Hibernate: insert into aforo_registros (business_id,fecha_hora,tipo,id) values (?,?,?,default)
Hibernate: insert into aforo_registros (business_id,fecha_hora,tipo,id) values (?,?,?,default)
Hibernate: insert into aforo_registros (business_id,fecha_hora,tipo,id) values (?,?,?,default)
Hibernate: insert into aforo_registros (business_id,fecha_hora,tipo,id) values (?,?,?,default)
Hibernate: insert into aforo_registros (business_id,fecha_hora,tipo,id) values (?,?,?,default)
Hibernate: insert into aforo_registros (business_id,fecha_hora,tipo,id) values (?,?,?,default)
Hibernate: insert into aforo_registros (business_id,fecha_hora,tipo,id) values (?,?,?,default)
Hibernate: insert into aforo_registros (business_id,fecha_hora,tipo,id) values (?,?,?,default)
Hibernate: insert into aforo_registros (business_id,fecha_hora,tipo,id) values (?,?,?,default)
Hibernate: insert into aforo_registros (business_id,fecha_hora,tipo,id) values (?,?,?,default)
Hibernate: insert into aforo_registros (business_id,fecha_hora,tipo,id) values (?,?,?,default)
Hibernate: insert into aforo_registros (business_id,fecha_hora,tipo,id) values (?,?,?,default)
Hibernate: insert into aforo_registros (business_id,fecha_hora,tipo,id) values (?,?,?,default)
Hibernate: insert into aforo_registros (business_id,fecha_hora,tipo,id) values (?,?,?,default)
Hibernate: insert into aforo_registros (business_id,fecha_hora,tipo,id) values (?,?,?,default)
Hibernate: insert into aforo_registros (business_id,fecha_hora,tipo,id) values (?,?,?,default)
Hibernate: insert into aforo_registros (business_id,fecha_hora,tipo,id) values (?,?,?,default)
Hibernate: insert into aforo_registros (business_id,fecha_hora,tipo,id) values (?,?,?,default)
Hibernate: insert into aforo_registros (business_id,fecha_hora,tipo,id) values (?,?,?,default)
Hibernate: insert into aforo_registros (business_id,fecha_hora,tipo,id) values (?,?,?,default)
Hibernate: insert into aforo_registros (business_id,fecha_hora,tipo,id) values (?,?,?,default)
Hibernate: insert into aforo_registros (business_id,fecha_hora,tipo,id) values (?,?,?,default)
Hibernate: insert into aforo_registros (business_id,fecha_hora,tipo,id) values (?,?,?,default)
Hibernate: insert into aforo_registros (business_id,fecha_hora,tipo,id) values (?,?,?,default)
Hibernate: insert into aforo_registros (business_id,fecha_hora,tipo,id) values (?,?,?,default)
Hibernate: insert into aforo_registros (business_id,fecha_hora,tipo,id) values (?,?,?,default)
Hibernate: insert into aforo_registros (business_id,fecha_hora,tipo,id) values (?,?,?,default)
Hibernate: insert into aforo_registros (business_id,fecha_hora,tipo,id) values (?,?,?,default)
Hibernate: insert into aforo_registros (business_id,fecha_hora,tipo,id) values (?,?,?,default)
Hibernate: insert into aforo_registros (business_id,fecha_hora,tipo,id) values (?,?,?,default)
Hibernate: insert into aforo_registros (business_id,fecha_hora,tipo,id) values (?,?,?,default)
Hibernate: insert into aforo_registros (business_id,fecha_hora,tipo,id) values (?,?,?,default)
Hibernate: insert into aforo_registros (business_id,fecha_hora,tipo,id) values (?,?,?,default)
Hibernate: insert into aforo_registros (business_id,fecha_hora,tipo,id) values (?,?,?,default)
Hibernate: insert into aforo_registros (business_id,fecha_hora,tipo,id) values (?,?,?,default)
Hibernate: insert into aforo_registros (business_id,fecha_hora,tipo,id) values (?,?,?,default)
Hibernate: insert into aforo_registros (business_id,fecha_hora,tipo,id) values (?,?,?,default)
Hibernate: insert into aforo_registros (business_id,fecha_hora,tipo,id) values (?,?,?,default)
Hibernate: insert into aforo_registros (business_id,fecha_hora,tipo,id) values (?,?,?,default)
Hibernate: insert into aforo_registros (business_id,fecha_hora,tipo,id) values (?,?,?,default)
Hibernate: insert into aforo_registros (business_id,fecha_hora,tipo,id) values (?,?,?,default)
Hibernate: insert into aforo_registros (business_id,fecha_hora,tipo,id) values (?,?,?,default)
Hibernate: insert into aforo_registros (business_id,fecha_hora,tipo,id) values (?,?,?,default)
Hibernate: insert into aforo_registros (business_id,fecha_hora,tipo,id) values (?,?,?,default)
Hibernate: insert into aforo_registros (business_id,fecha_hora,tipo,id) values (?,?,?,default)
Hibernate: insert into aforo_registros (business_id,fecha_hora,tipo,id) values (?,?,?,default)
Hibernate: insert into aforo_registros (business_id,fecha_hora,tipo,id) values (?,?,?,default)
Hibernate: insert into aforo_registros (business_id,fecha_hora,tipo,id) values (?,?,?,default)
Hibernate: insert into aforo_registros (business_id,fecha_hora,tipo,id) values (?,?,?,default)
Hibernate: insert into aforo_registros (business_id,fecha_hora,tipo,id) values (?,?,?,default)
Hibernate: insert into aforo_registros (business_id,fecha_hora,tipo,id) values (?,?,?,default)
Hibernate: insert into aforo_registros (business_id,fecha_hora,tipo,id) values (?,?,?,default)
Hibernate: insert into aforo_registros (business_id,fecha_hora,tipo,id) values (?,?,?,default)
Hibernate: insert into aforo_registros (business_id,fecha_hora,tipo,id) values (?,?,?,default)
Hibernate: insert into aforo_registros (business_id,fecha_hora,tipo,id) values (?,?,?,default)
Hibernate: insert into aforo_registros (business_id,fecha_hora,tipo,id) values (?,?,?,default)
Hibernate: insert into aforo_registros (business_id,fecha_hora,tipo,id) values (?,?,?,default)
Hibernate: insert into aforo_registros (business_id,fecha_hora,tipo,id) values (?,?,?,default)
Hibernate: insert into aforo_registros (business_id,fecha_hora,tipo,id) values (?,?,?,default)
Hibernate: insert into aforo_registros (business_id,fecha_hora,tipo,id) values (?,?,?,default)
Hibernate: insert into aforo_registros (business_id,fecha_hora,tipo,id) values (?,?,?,default)
Hibernate: insert into aforo_registros (business_id,fecha_hora,tipo,id) values (?,?,?,default)
Hibernate: insert into aforo_registros (business_id,fecha_hora,tipo,id) values (?,?,?,default)
Hibernate: insert into aforo_registros (business_id,fecha_hora,tipo,id) values (?,?,?,default)
Hibernate: insert into aforo_registros (business_id,fecha_hora,tipo,id) values (?,?,?,default)
Hibernate: insert into aforo_registros (business_id,fecha_hora,tipo,id) values (?,?,?,default)
Hibernate: insert into aforo_registros (business_id,fecha_hora,tipo,id) values (?,?,?,default)
Hibernate: insert into aforo_registros (business_id,fecha_hora,tipo,id) values (?,?,?,default)
Hibernate: insert into aforo_registros (business_id,fecha_hora,tipo,id) values (?,?,?,default)
Hibernate: insert into aforo_registros (business_id,fecha_hora,tipo,id) values (?,?,?,default)
Hibernate: insert into aforo_registros (business_id,fecha_hora,tipo,id) values (?,?,?,default)
Hibernate: insert into aforo_registros (business_id,fecha_hora,tipo,id) values (?,?,?,default)
Hibernate: insert into aforo_registros (business_id,fecha_hora,tipo,id) values (?,?,?,default)
Hibernate: insert into aforo_registros (business_id,fecha_hora,tipo,id) values (?,?,?,default)
Hibernate: insert into aforo_registros (business_id,fecha_hora,tipo,id) values (?,?,?,default)
Hibernate: insert into aforo_registros (business_id,fecha_hora,tipo,id) values (?,?,?,default)
Hibernate: insert into aforo_registros (business_id,fecha_hora,tipo,id) values (?,?,?,default)
Hibernate: insert into aforo_registros (business_id,fecha_hora,tipo,id) values (?,?,?,default)
Hibernate: insert into aforo_registros (business_id,fecha_hora,tipo,id) values (?,?,?,default)
Hibernate: insert into aforo_registros (business_id,fecha_hora,tipo,id) values (?,?,?,default)
Hibernate: insert into aforo_registros (business_id,fecha_hora,tipo,id) values (?,?,?,default)
Hibernate: insert into aforo_registros (business_id,fecha_hora,tipo,id) values (?,?,?,default)
Hibernate: insert into aforo_registros (business_id,fecha_hora,tipo,id) values (?,?,?,default)
Hibernate: insert into aforo_registros (business_id,fecha_hora,tipo,id) values (?,?,?,default)
Hibernate: insert into aforo_registros (business_id,fecha_hora,tipo,id) values (?,?,?,default)
Hibernate: insert into aforo_registros (business_id,fecha_hora,tipo,id) values (?,?,?,default)
Hibernate: insert into aforo_registros (business_id,fecha_hora,tipo,id) values (?,?,?,default)
Hibernate: insert into aforo_registros (business_id,fecha_hora,tipo,id) values (?,?,?,default)
Hibernate: insert into aforo_registros (business_id,fecha_hora,tipo,id) values (?,?,?,default)
Hibernate: insert into aforo_registros (business_id,fecha_hora,tipo,id) values (?,?,?,default)
Hibernate: insert into aforo_registros (business_id,fecha_hora,tipo,id) values (?,?,?,default)
Hibernate: insert into aforo_registros (business_id,fecha_hora,tipo,id) values (?,?,?,default)
Hibernate: insert into aforo_registros (business_id,fecha_hora,tipo,id) values (?,?,?,default)
Hibernate: insert into aforo_registros (business_id,fecha_hora,tipo,id) values (?,?,?,default)
Hibernate: insert into aforo_registros (business_id,fecha_hora,tipo,id) values (?,?,?,default)
Hibernate: insert into aforo_registros (business_id,fecha_hora,tipo,id) values (?,?,?,default)
Hibernate: insert into aforo_registros (business_id,fecha_hora,tipo,id) values (?,?,?,default)
Hibernate: insert into aforo_registros (business_id,fecha_hora,tipo,id) values (?,?,?,default)
Hibernate: insert into aforo_registros (business_id,fecha_hora,tipo,id) values (?,?,?,default)
Hibernate: insert into aforo_registros (business_id,fecha_hora,tipo,id) values (?,?,?,default)
Hibernate: insert into aforo_registros (business_id,fecha_hora,tipo,id) values (?,?,?,default)
Hibernate: insert into aforo_registros (business_id,fecha_hora,tipo,id) values (?,?,?,default)
Hibernate: insert into aforo_registros (business_id,fecha_hora,tipo,id) values (?,?,?,default)
Hibernate: insert into aforo_registros (business_id,fecha_hora,tipo,id) values (?,?,?,default)
Hibernate: insert into aforo_registros (business_id,fecha_hora,tipo,id) values (?,?,?,default)
Hibernate: insert into aforo_registros (business_id,fecha_hora,tipo,id) values (?,?,?,default)
Hibernate: insert into aforo_registros (business_id,fecha_hora,tipo,id) values (?,?,?,default)
Hibernate: insert into aforo_registros (business_id,fecha_hora,tipo,id) values (?,?,?,default)
Hibernate: insert into aforo_registros (business_id,fecha_hora,tipo,id) values (?,?,?,default)
Hibernate: insert into aforo_registros (business_id,fecha_hora,tipo,id) values (?,?,?,default)
Hibernate: insert into aforo_registros (business_id,fecha_hora,tipo,id) values (?,?,?,default)
Hibernate: insert into aforo_registros (business_id,fecha_hora,tipo,id) values (?,?,?,default)
Hibernate: insert into aforo_registros (business_id,fecha_hora,tipo,id) values (?,?,?,default)
Hibernate: insert into aforo_registros (business_id,fecha_hora,tipo,id) values (?,?,?,default)
Hibernate: insert into aforo_registros (business_id,fecha_hora,tipo,id) values (?,?,?,default)
Hibernate: insert into aforo_registros (business_id,fecha_hora,tipo,id) values (?,?,?,default)
Hibernate: insert into aforo_registros (business_id,fecha_hora,tipo,id) values (?,?,?,default)
Hibernate: insert into aforo_registros (business_id,fecha_hora,tipo,id) values (?,?,?,default)
Hibernate: insert into aforo_registros (business_id,fecha_hora,tipo,id) values (?,?,?,default)
Hibernate: insert into aforo_registros (business_id,fecha_hora,tipo,id) values (?,?,?,default)
Hibernate: insert into aforo_registros (business_id,fecha_hora,tipo,id) values (?,?,?,default)
Hibernate: insert into aforo_registros (business_id,fecha_hora,tipo,id) values (?,?,?,default)
Hibernate: insert into aforo_registros (business_id,fecha_hora,tipo,id) values (?,?,?,default)
Hibernate: insert into aforo_registros (business_id,fecha_hora,tipo,id) values (?,?,?,default)
Hibernate: insert into aforo_registros (business_id,fecha_hora,tipo,id) values (?,?,?,default)
Hibernate: insert into aforo_registros (business_id,fecha_hora,tipo,id) values (?,?,?,default)
Hibernate: insert into aforo_registros (business_id,fecha_hora,tipo,id) values (?,?,?,default)
Hibernate: insert into aforo_registros (business_id,fecha_hora,tipo,id) values (?,?,?,default)
Hibernate: insert into aforo_registros (business_id,fecha_hora,tipo,id) values (?,?,?,default)
Hibernate: insert into aforo_registros (business_id,fecha_hora,tipo,id) values (?,?,?,default)
Hibernate: insert into aforo_registros (business_id,fecha_hora,tipo,id) values (?,?,?,default)
Hibernate: insert into aforo_registros (business_id,fecha_hora,tipo,id) values (?,?,?,default)
Hibernate: insert into aforo_registros (business_id,fecha_hora,tipo,id) values (?,?,?,default)
Hibernate: insert into aforo_registros (business_id,fecha_hora,tipo,id) values (?,?,?,default)
Hibernate: insert into aforo_registros (business_id,fecha_hora,tipo,id) values (?,?,?,default)
Hibernate: insert into aforo_registros (business_id,fecha_hora,tipo,id) values (?,?,?,default)
Hibernate: insert into aforo_registros (business_id,fecha_hora,tipo,id) values (?,?,?,default)
Hibernate: insert into aforo_registros (business_id,fecha_hora,tipo,id) values (?,?,?,default)
Hibernate: insert into aforo_registros (business_id,fecha_hora,tipo,id) values (?,?,?,default)
Hibernate: insert into aforo_registros (business_id,fecha_hora,tipo,id) values (?,?,?,default)
Hibernate: insert into aforo_registros (business_id,fecha_hora,tipo,id) values (?,?,?,default)
Hibernate: insert into aforo_registros (business_id,fecha_hora,tipo,id) values (?,?,?,default)
Hibernate: insert into aforo_registros (business_id,fecha_hora,tipo,id) values (?,?,?,default)
Hibernate: insert into aforo_registros (business_id,fecha_hora,tipo,id) values (?,?,?,default)
Hibernate: insert into aforo_registros (business_id,fecha_hora,tipo,id) values (?,?,?,default)
Hibernate: insert into aforo_registros (business_id,fecha_hora,tipo,id) values (?,?,?,default)
Hibernate: insert into aforo_registros (business_id,fecha_hora,tipo,id) values (?,?,?,default)
Hibernate: insert into aforo_registros (business_id,fecha_hora,tipo,id) values (?,?,?,default)
Hibernate: insert into aforo_registros (business_id,fecha_hora,tipo,id) values (?,?,?,default)
Hibernate: insert into aforo_registros (business_id,fecha_hora,tipo,id) values (?,?,?,default)
Hibernate: insert into aforo_registros (business_id,fecha_hora,tipo,id) values (?,?,?,default)
Hibernate: insert into aforo_registros (business_id,fecha_hora,tipo,id) values (?,?,?,default)
Hibernate: insert into aforo_registros (business_id,fecha_hora,tipo,id) values (?,?,?,default)
Hibernate: insert into aforo_registros (business_id,fecha_hora,tipo,id) values (?,?,?,default)
Hibernate: insert into aforo_registros (business_id,fecha_hora,tipo,id) values (?,?,?,default)
Hibernate: insert into aforo_registros (business_id,fecha_hora,tipo,id) values (?,?,?,default)
Hibernate: insert into aforo_registros (business_id,fecha_hora,tipo,id) values (?,?,?,default)
Hibernate: insert into aforo_registros (business_id,fecha_hora,tipo,id) values (?,?,?,default)
Hibernate: insert into aforo_registros (business_id,fecha_hora,tipo,id) values (?,?,?,default)
Hibernate: insert into aforo_registros (business_id,fecha_hora,tipo,id) values (?,?,?,default)
Hibernate: insert into aforo_registros (business_id,fecha_hora,tipo,id) values (?,?,?,default)
Hibernate: insert into aforo_registros (business_id,fecha_hora,tipo,id) values (?,?,?,default)
Hibernate: insert into aforo_registros (business_id,fecha_hora,tipo,id) values (?,?,?,default)
Hibernate: insert into aforo_registros (business_id,fecha_hora,tipo,id) values (?,?,?,default)
Hibernate: insert into aforo_registros (business_id,fecha_hora,tipo,id) values (?,?,?,default)
Hibernate: insert into aforo_registros (business_id,fecha_hora,tipo,id) values (?,?,?,default)
Hibernate: insert into aforo_registros (business_id,fecha_hora,tipo,id) values (?,?,?,default)
Hibernate: insert into aforo_registros (business_id,fecha_hora,tipo,id) values (?,?,?,default)
Hibernate: insert into aforo_registros (business_id,fecha_hora,tipo,id) values (?,?,?,default)
Hibernate: insert into aforo_registros (business_id,fecha_hora,tipo,id) values (?,?,?,default)
Hibernate: insert into aforo_registros (business_id,fecha_hora,tipo,id) values (?,?,?,default)
Hibernate: insert into aforo_registros (business_id,fecha_hora,tipo,id) values (?,?,?,default)
Hibernate: insert into aforo_registros (business_id,fecha_hora,tipo,id) values (?,?,?,default)
Hibernate: insert into aforo_registros (business_id,fecha_hora,tipo,id) values (?,?,?,default)
Hibernate: insert into aforo_registros (business_id,fecha_hora,tipo,id) values (?,?,?,default)
Hibernate: insert into aforo_registros (business_id,fecha_hora,tipo,id) values (?,?,?,default)
Hibernate: insert into aforo_registros (business_id,fecha_hora,tipo,id) values (?,?,?,default)
Hibernate: insert into aforo_registros (business_id,fecha_hora,tipo,id) values (?,?,?,default)
Hibernate: insert into aforo_registros (business_id,fecha_hora,tipo,id) values (?,?,?,default)
Hibernate: insert into aforo_registros (business_id,fecha_hora,tipo,id) values (?,?,?,default)
Hibernate: insert into aforo_registros (business_id,fecha_hora,tipo,id) values (?,?,?,default)
Hibernate: insert into aforo_registros (business_id,fecha_hora,tipo,id) values (?,?,?,default)
Hibernate: insert into aforo_registros (business_id,fecha_hora,tipo,id) values (?,?,?,default)
Hibernate: insert into aforo_registros (business_id,fecha_hora,tipo,id) values (?,?,?,default)
Hibernate: insert into aforo_registros (business_id,fecha_hora,tipo,id) values (?,?,?,default)
Hibernate: insert into aforo_registros (business_id,fecha_hora,tipo,id) values (?,?,?,default)
Hibernate: insert into aforo_registros (business_id,fecha_hora,tipo,id) values (?,?,?,default)
Hibernate: insert into aforo_registros (business_id,fecha_hora,tipo,id) values (?,?,?,default)
Hibernate: insert into aforo_registros (business_id,fecha_hora,tipo,id) values (?,?,?,default)
Hibernate: insert into aforo_registros (business_id,fecha_hora,tipo,id) values (?,?,?,default)
Hibernate: insert into aforo_registros (business_id,fecha_hora,tipo,id) values (?,?,?,default)
Hibernate: insert into aforo_registros (business_id,fecha_hora,tipo,id) values (?,?,?,default)
Hibernate: insert into aforo_registros (business_id,fecha_hora,tipo,id) values (?,?,?,default)
Hibernate: insert into aforo_registros (business_id,fecha_hora,tipo,id) values (?,?,?,default)
Hibernate: insert into aforo_registros (business_id,fecha_hora,tipo,id) values (?,?,?,default)
Hibernate: insert into aforo_registros (business_id,fecha_hora,tipo,id) values (?,?,?,default)
Hibernate: insert into aforo_registros (business_id,fecha_hora,tipo,id) values (?,?,?,default)
Hibernate: insert into aforo_registros (business_id,fecha_hora,tipo,id) values (?,?,?,default)
Hibernate: insert into aforo_registros (business_id,fecha_hora,tipo,id) values (?,?,?,default)
Hibernate: insert into aforo_registros (business_id,fecha_hora,tipo,id) values (?,?,?,default)
Hibernate: insert into aforo_registros (business_id,fecha_hora,tipo,id) values (?,?,?,default)
Hibernate: insert into aforo_registros (business_id,fecha_hora,tipo,id) values (?,?,?,default)
Hibernate: insert into aforo_registros (business_id,fecha_hora,tipo,id) values (?,?,?,default)
Hibernate: insert into aforo_registros (business_id,fecha_hora,tipo,id) values (?,?,?,default)
Hibernate: insert into aforo_registros (business_id,fecha_hora,tipo,id) values (?,?,?,default)
Hibernate: insert into aforo_registros (business_id,fecha_hora,tipo,id) values (?,?,?,default)
Hibernate: insert into aforo_registros (business_id,fecha_hora,tipo,id) values (?,?,?,default)
Hibernate: insert into aforo_registros (business_id,fecha_hora,tipo,id) values (?,?,?,default)
Hibernate: insert into aforo_registros (business_id,fecha_hora,tipo,id) values (?,?,?,default)
Hibernate: insert into aforo_registros (business_id,fecha_hora,tipo,id) values (?,?,?,default)
Hibernate: insert into aforo_registros (business_id,fecha_hora,tipo,id) values (?,?,?,default)
Hibernate: insert into aforo_registros (business_id,fecha_hora,tipo,id) values (?,?,?,default)
Hibernate: insert into aforo_registros (business_id,fecha_hora,tipo,id) values (?,?,?,default)
Hibernate: insert into aforo_registros (business_id,fecha_hora,tipo,id) values (?,?,?,default)
Hibernate: insert into aforo_registros (business_id,fecha_hora,tipo,id) values (?,?,?,default)
Hibernate: insert into aforo_registros (business_id,fecha_hora,tipo,id) values (?,?,?,default)
Hibernate: insert into aforo_registros (business_id,fecha_hora,tipo,id) values (?,?,?,default)
Hibernate: insert into aforo_registros (business_id,fecha_hora,tipo,id) values (?,?,?,default)
Hibernate: insert into aforo_registros (business_id,fecha_hora,tipo,id) values (?,?,?,default)
Hibernate: insert into aforo_registros (business_id,fecha_hora,tipo,id) values (?,?,?,default)
Hibernate: insert into aforo_registros (business_id,fecha_hora,tipo,id) values (?,?,?,default)
Hibernate: insert into aforo_registros (business_id,fecha_hora,tipo,id) values (?,?,?,default)
Hibernate: insert into aforo_registros (business_id,fecha_hora,tipo,id) values (?,?,?,default)
Hibernate: insert into aforo_registros (business_id,fecha_hora,tipo,id) values (?,?,?,default)
Hibernate: insert into aforo_registros (business_id,fecha_hora,tipo,id) values (?,?,?,default)
Hibernate: insert into aforo_registros (business_id,fecha_hora,tipo,id) values (?,?,?,default)
Hibernate: insert into aforo_registros (business_id,fecha_hora,tipo,id) values (?,?,?,default)
Hibernate: insert into aforo_registros (business_id,fecha_hora,tipo,id) values (?,?,?,default)
Hibernate: insert into aforo_registros (business_id,fecha_hora,tipo,id) values (?,?,?,default)
Hibernate: insert into aforo_registros (business_id,fecha_hora,tipo,id) values (?,?,?,default)
Hibernate: insert into aforo_registros (business_id,fecha_hora,tipo,id) values (?,?,?,default)
Hibernate: insert into aforo_registros (business_id,fecha_hora,tipo,id) values (?,?,?,default)
Hibernate: insert into aforo_registros (business_id,fecha_hora,tipo,id) values (?,?,?,default)
Hibernate: insert into aforo_registros (business_id,fecha_hora,tipo,id) values (?,?,?,default)
Hibernate: insert into aforo_registros (business_id,fecha_hora,tipo,id) values (?,?,?,default)
Hibernate: insert into aforo_registros (business_id,fecha_hora,tipo,id) values (?,?,?,default)
Hibernate: insert into aforo_registros (business_id,fecha_hora,tipo,id) values (?,?,?,default)
Hibernate: insert into aforo_registros (business_id,fecha_hora,tipo,id) values (?,?,?,default)
Hibernate: insert into aforo_registros (business_id,fecha_hora,tipo,id) values (?,?,?,default)
Hibernate: insert into aforo_registros (business_id,fecha_hora,tipo,id) values (?,?,?,default)
Hibernate: insert into aforo_registros (business_id,fecha_hora,tipo,id) values (?,?,?,default)
Hibernate: insert into aforo_registros (business_id,fecha_hora,tipo,id) values (?,?,?,default)
Hibernate: insert into aforo_registros (business_id,fecha_hora,tipo,id) values (?,?,?,default)
Hibernate: insert into aforo_registros (business_id,fecha_hora,tipo,id) values (?,?,?,default)
Hibernate: insert into aforo_registros (business_id,fecha_hora,tipo,id) values (?,?,?,default)
Hibernate: insert into aforo_registros (business_id,fecha_hora,tipo,id) values (?,?,?,default)
Hibernate: insert into aforo_registros (business_id,fecha_hora,tipo,id) values (?,?,?,default)
Hibernate: insert into aforo_registros (business_id,fecha_hora,tipo,id) values (?,?,?,default)
Hibernate: insert into aforo_registros (business_id,fecha_hora,tipo,id) values (?,?,?,default)
Hibernate: insert into aforo_registros (business_id,fecha_hora,tipo,id) values (?,?,?,default)
Hibernate: insert into aforo_registros (business_id,fecha_hora,tipo,id) values (?,?,?,default)
Hibernate: insert into aforo_registros (business_id,fecha_hora,tipo,id) values (?,?,?,default)
Hibernate: insert into aforo_registros (business_id,fecha_hora,tipo,id) values (?,?,?,default)
Hibernate: insert into aforo_registros (business_id,fecha_hora,tipo,id) values (?,?,?,default)
Hibernate: insert into aforo_registros (business_id,fecha_hora,tipo,id) values (?,?,?,default)
Hibernate: insert into aforo_registros (business_id,fecha_hora,tipo,id) values (?,?,?,default)
Hibernate: insert into aforo_registros (business_id,fecha_hora,tipo,id) values (?,?,?,default)
Hibernate: insert into aforo_registros (business_id,fecha_hora,tipo,id) values (?,?,?,default)
Hibernate: insert into aforo_registros (business_id,fecha_hora,tipo,id) values (?,?,?,default)
Hibernate: insert into aforo_registros (business_id,fecha_hora,tipo,id) values (?,?,?,default)
Hibernate: insert into aforo_registros (business_id,fecha_hora,tipo,id) values (?,?,?,default)
Hibernate: insert into aforo_registros (business_id,fecha_hora,tipo,id) values (?,?,?,default)
Hibernate: insert into aforo_registros (business_id,fecha_hora,tipo,id) values (?,?,?,default)
Hibernate: insert into aforo_registros (business_id,fecha_hora,tipo,id) values (?,?,?,default)
Hibernate: insert into aforo_registros (business_id,fecha_hora,tipo,id) values (?,?,?,default)
Hibernate: insert into aforo_registros (business_id,fecha_hora,tipo,id) values (?,?,?,default)
Hibernate: insert into aforo_registros (business_id,fecha_hora,tipo,id) values (?,?,?,default)
Hibernate: insert into aforo_registros (business_id,fecha_hora,tipo,id) values (?,?,?,default)
Hibernate: insert into aforo_registros (business_id,fecha_hora,tipo,id) values (?,?,?,default)
Hibernate: insert into aforo_registros (business_id,fecha_hora,tipo,id) values (?,?,?,default)
Hibernate: insert into aforo_registros (business_id,fecha_hora,tipo,id) values (?,?,?,default)
Hibernate: insert into aforo_registros (business_id,fecha_hora,tipo,id) values (?,?,?,default)
Hibernate: insert into aforo_registros (business_id,fecha_hora,tipo,id) values (?,?,?,default)
Hibernate: insert into aforo_registros (business_id,fecha_hora,tipo,id) values (?,?,?,default)
Hibernate: insert into aforo_registros (business_id,fecha_hora,tipo,id) values (?,?,?,default)
Hibernate: insert into aforo_registros (business_id,fecha_hora,tipo,id) values (?,?,?,default)
Hibernate: insert into aforo_registros (business_id,fecha_hora,tipo,id) values (?,?,?,default)
Hibernate: insert into aforo_registros (business_id,fecha_hora,tipo,id) values (?,?,?,default)
Hibernate: insert into aforo_registros (business_id,fecha_hora,tipo,id) values (?,?,?,default)
Hibernate: insert into aforo_registros (business_id,fecha_hora,tipo,id) values (?,?,?,default)
Hibernate: insert into aforo_registros (business_id,fecha_hora,tipo,id) values (?,?,?,default)
Hibernate: insert into aforo_registros (business_id,fecha_hora,tipo,id) values (?,?,?,default)
Hibernate: insert into aforo_registros (business_id,fecha_hora,tipo,id) values (?,?,?,default)
Hibernate: insert into aforo_registros (business_id,fecha_hora,tipo,id) values (?,?,?,default)
Hibernate: insert into aforo_registros (business_id,fecha_hora,tipo,id) values (?,?,?,default)
Hibernate: insert into aforo_registros (business_id,fecha_hora,tipo,id) values (?,?,?,default)
Hibernate: insert into aforo_registros (business_id,fecha_hora,tipo,id) values (?,?,?,default)
Hibernate: insert into aforo_registros (business_id,fecha_hora,tipo,id) values (?,?,?,default)
Hibernate: insert into aforo_registros (business_id,fecha_hora,tipo,id) values (?,?,?,default)
Hibernate: insert into aforo_registros (business_id,fecha_hora,tipo,id) values (?,?,?,default)
Hibernate: insert into aforo_registros (business_id,fecha_hora,tipo,id) values (?,?,?,default)
Hibernate: insert into aforo_registros (business_id,fecha_hora,tipo,id) values (?,?,?,default)
Hibernate: insert into aforo_registros (business_id,fecha_hora,tipo,id) values (?,?,?,default)
Hibernate: insert into aforo_registros (business_id,fecha_hora,tipo,id) values (?,?,?,default)
Hibernate: insert into aforo_registros (business_id,fecha_hora,tipo,id) values (?,?,?,default)
Hibernate: insert into aforo_registros (business_id,fecha_hora,tipo,id) values (?,?,?,default)
Hibernate: insert into aforo_registros (business_id,fecha_hora,tipo,id) values (?,?,?,default)
Hibernate: insert into aforo_registros (business_id,fecha_hora,tipo,id) values (?,?,?,default)
Hibernate: insert into aforo_registros (business_id,fecha_hora,tipo,id) values (?,?,?,default)
Hibernate: insert into aforo_registros (business_id,fecha_hora,tipo,id) values (?,?,?,default)
Hibernate: insert into aforo_registros (business_id,fecha_hora,tipo,id) values (?,?,?,default)
Hibernate: insert into aforo_registros (business_id,fecha_hora,tipo,id) values (?,?,?,default)
Hibernate: insert into aforo_registros (business_id,fecha_hora,tipo,id) values (?,?,?,default)
Hibernate: insert into aforo_registros (business_id,fecha_hora,tipo,id) values (?,?,?,default)
Hibernate: insert into aforo_registros (business_id,fecha_hora,tipo,id) values (?,?,?,default)
Hibernate: insert into aforo_registros (business_id,fecha_hora,tipo,id) values (?,?,?,default)
Hibernate: insert into aforo_registros (business_id,fecha_hora,tipo,id) values (?,?,?,default)
Hibernate: insert into aforo_registros (business_id,fecha_hora,tipo,id) values (?,?,?,default)
Hibernate: insert into aforo_registros (business_id,fecha_hora,tipo,id) values (?,?,?,default)
Hibernate: insert into aforo_registros (business_id,fecha_hora,tipo,id) values (?,?,?,default)
Hibernate: insert into aforo_registros (business_id,fecha_hora,tipo,id) values (?,?,?,default)
Hibernate: insert into aforo_registros (business_id,fecha_hora,tipo,id) values (?,?,?,default)
Hibernate: insert into aforo_registros (business_id,fecha_hora,tipo,id) values (?,?,?,default)
Hibernate: insert into aforo_registros (business_id,fecha_hora,tipo,id) values (?,?,?,default)
Hibernate: insert into aforo_registros (business_id,fecha_hora,tipo,id) values (?,?,?,default)
Hibernate: insert into aforo_registros (business_id,fecha_hora,tipo,id) values (?,?,?,default)
Hibernate: insert into aforo_registros (business_id,fecha_hora,tipo,id) values (?,?,?,default)
Hibernate: insert into aforo_registros (business_id,fecha_hora,tipo,id) values (?,?,?,default)
Hibernate: insert into aforo_registros (business_id,fecha_hora,tipo,id) values (?,?,?,default)
Hibernate: insert into aforo_registros (business_id,fecha_hora,tipo,id) values (?,?,?,default)
Hibernate: insert into aforo_registros (business_id,fecha_hora,tipo,id) values (?,?,?,default)
Hibernate: insert into aforo_registros (business_id,fecha_hora,tipo,id) values (?,?,?,default)
Hibernate: insert into aforo_registros (business_id,fecha_hora,tipo,id) values (?,?,?,default)
Hibernate: insert into aforo_registros (business_id,fecha_hora,tipo,id) values (?,?,?,default)
Hibernate: insert into aforo_registros (business_id,fecha_hora,tipo,id) values (?,?,?,default)
Hibernate: insert into aforo_registros (business_id,fecha_hora,tipo,id) values (?,?,?,default)
Hibernate: insert into aforo_registros (business_id,fecha_hora,tipo,id) values (?,?,?,default)
Hibernate: insert into aforo_registros (business_id,fecha_hora,tipo,id) values (?,?,?,default)
Hibernate: insert into aforo_registros (business_id,fecha_hora,tipo,id) values (?,?,?,default)
Hibernate: insert into aforo_registros (business_id,fecha_hora,tipo,id) values (?,?,?,default)
Hibernate: insert into aforo_registros (business_id,fecha_hora,tipo,id) values (?,?,?,default)
Hibernate: insert into aforo_registros (business_id,fecha_hora,tipo,id) values (?,?,?,default)
Hibernate: insert into aforo_registros (business_id,fecha_hora,tipo,id) values (?,?,?,default)
Hibernate: insert into aforo_registros (business_id,fecha_hora,tipo,id) values (?,?,?,default)
Hibernate: insert into aforo_registros (business_id,fecha_hora,tipo,id) values (?,?,?,default)
Hibernate: insert into aforo_registros (business_id,fecha_hora,tipo,id) values (?,?,?,default)
Hibernate: insert into aforo_registros (business_id,fecha_hora,tipo,id) values (?,?,?,default)
Hibernate: insert into aforo_registros (business_id,fecha_hora,tipo,id) values (?,?,?,default)
Hibernate: insert into aforo_registros (business_id,fecha_hora,tipo,id) values (?,?,?,default)
Hibernate: insert into aforo_registros (business_id,fecha_hora,tipo,id) values (?,?,?,default)
Hibernate: insert into aforo_registros (business_id,fecha_hora,tipo,id) values (?,?,?,default)
Hibernate: insert into aforo_registros (business_id,fecha_hora,tipo,id) values (?,?,?,default)
Hibernate: insert into aforo_registros (business_id,fecha_hora,tipo,id) values (?,?,?,default)
Hibernate: insert into aforo_registros (business_id,fecha_hora,tipo,id) values (?,?,?,default)
Hibernate: insert into aforo_registros (business_id,fecha_hora,tipo,id) values (?,?,?,default)
Hibernate: insert into aforo_registros (business_id,fecha_hora,tipo,id) values (?,?,?,default)
Hibernate: insert into aforo_registros (business_id,fecha_hora,tipo,id) values (?,?,?,default)
Hibernate: insert into aforo_registros (business_id,fecha_hora,tipo,id) values (?,?,?,default)
Hibernate: insert into aforo_registros (business_id,fecha_hora,tipo,id) values (?,?,?,default)
Hibernate: insert into aforo_registros (business_id,fecha_hora,tipo,id) values (?,?,?,default)
Hibernate: insert into aforo_registros (business_id,fecha_hora,tipo,id) values (?,?,?,default)
Hibernate: insert into aforo_registros (business_id,fecha_hora,tipo,id) values (?,?,?,default)
Hibernate: insert into aforo_registros (business_id,fecha_hora,tipo,id) values (?,?,?,default)
Hibernate: insert into aforo_registros (business_id,fecha_hora,tipo,id) values (?,?,?,default)
Hibernate: insert into aforo_registros (business_id,fecha_hora,tipo,id) values (?,?,?,default)
Hibernate: insert into aforo_registros (business_id,fecha_hora,tipo,id) values (?,?,?,default)
Hibernate: insert into aforo_registros (business_id,fecha_hora,tipo,id) values (?,?,?,default)
Hibernate: insert into aforo_registros (business_id,fecha_hora,tipo,id) values (?,?,?,default)
Hibernate: insert into aforo_registros (business_id,fecha_hora,tipo,id) values (?,?,?,default)
Hibernate: insert into aforo_registros (business_id,fecha_hora,tipo,id) values (?,?,?,default)
Hibernate: insert into aforo_registros (business_id,fecha_hora,tipo,id) values (?,?,?,default)
Hibernate: insert into aforo_registros (business_id,fecha_hora,tipo,id) values (?,?,?,default)
Hibernate: insert into aforo_registros (business_id,fecha_hora,tipo,id) values (?,?,?,default)
Hibernate: insert into aforo_registros (business_id,fecha_hora,tipo,id) values (?,?,?,default)
Hibernate: insert into aforo_registros (business_id,fecha_hora,tipo,id) values (?,?,?,default)
Hibernate: insert into aforo_registros (business_id,fecha_hora,tipo,id) values (?,?,?,default)
Hibernate: insert into aforo_registros (business_id,fecha_hora,tipo,id) values (?,?,?,default)
Hibernate: insert into aforo_registros (business_id,fecha_hora,tipo,id) values (?,?,?,default)
Hibernate: insert into aforo_registros (business_id,fecha_hora,tipo,id) values (?,?,?,default)
Hibernate: insert into aforo_registros (business_id,fecha_hora,tipo,id) values (?,?,?,default)
Hibernate: insert into aforo_registros (business_id,fecha_hora,tipo,id) values (?,?,?,default)
Hibernate: insert into aforo_registros (business_id,fecha_hora,tipo,id) values (?,?,?,default)
Hibernate: insert into aforo_registros (business_id,fecha_hora,tipo,id) values (?,?,?,default)
Hibernate: insert into aforo_registros (business_id,fecha_hora,tipo,id) values (?,?,?,default)
Hibernate: insert into aforo_registros (business_id,fecha_hora,tipo,id) values (?,?,?,default)
Hibernate: insert into aforo_registros (business_id,fecha_hora,tipo,id) values (?,?,?,default)
Hibernate: insert into aforo_registros (business_id,fecha_hora,tipo,id) values (?,?,?,default)
Hibernate: insert into aforo_registros (business_id,fecha_hora,tipo,id) values (?,?,?,default)
Hibernate: insert into aforo_registros (business_id,fecha_hora,tipo,id) values (?,?,?,default)
Hibernate: insert into aforo_registros (business_id,fecha_hora,tipo,id) values (?,?,?,default)
Hibernate: insert into aforo_registros (business_id,fecha_hora,tipo,id) values (?,?,?,default)
Hibernate: insert into aforo_registros (business_id,fecha_hora,tipo,id) values (?,?,?,default)
Hibernate: insert into aforo_registros (business_id,fecha_hora,tipo,id) values (?,?,?,default)
Hibernate: insert into aforo_registros (business_id,fecha_hora,tipo,id) values (?,?,?,default)
Hibernate: insert into aforo_registros (business_id,fecha_hora,tipo,id) values (?,?,?,default)
Hibernate: insert into aforo_registros (business_id,fecha_hora,tipo,id) values (?,?,?,default)
Hibernate: insert into aforo_registros (business_id,fecha_hora,tipo,id) values (?,?,?,default)
Hibernate: insert into aforo_registros (business_id,fecha_hora,tipo,id) values (?,?,?,default)
Hibernate: insert into aforo_registros (business_id,fecha_hora,tipo,id) values (?,?,?,default)
Hibernate: insert into aforo_registros (business_id,fecha_hora,tipo,id) values (?,?,?,default)
Hibernate: insert into aforo_registros (business_id,fecha_hora,tipo,id) values (?,?,?,default)
Hibernate: insert into aforo_registros (business_id,fecha_hora,tipo,id) values (?,?,?,default)
Hibernate: insert into aforo_registros (business_id,fecha_hora,tipo,id) values (?,?,?,default)
Hibernate: insert into aforo_registros (business_id,fecha_hora,tipo,id) values (?,?,?,default)
Hibernate: insert into aforo_registros (business_id,fecha_hora,tipo,id) values (?,?,?,default)
Hibernate: insert into aforo_registros (business_id,fecha_hora,tipo,id) values (?,?,?,default)
Hibernate: insert into aforo_registros (business_id,fecha_hora,tipo,id) values (?,?,?,default)
Hibernate: insert into aforo_registros (business_id,fecha_hora,tipo,id) values (?,?,?,default)
Hibernate: insert into aforo_registros (business_id,fecha_hora,tipo,id) values (?,?,?,default)
Hibernate: insert into aforo_registros (business_id,fecha_hora,tipo,id) values (?,?,?,default)
Hibernate: insert into aforo_registros (business_id,fecha_hora,tipo,id) values (?,?,?,default)
Hibernate: insert into aforo_registros (business_id,fecha_hora,tipo,id) values (?,?,?,default)
Hibernate: insert into aforo_registros (business_id,fecha_hora,tipo,id) values (?,?,?,default)
Hibernate: insert into aforo_registros (business_id,fecha_hora,tipo,id) values (?,?,?,default)
Hibernate: insert into aforo_registros (business_id,fecha_hora,tipo,id) values (?,?,?,default)
Hibernate: insert into aforo_registros (business_id,fecha_hora,tipo,id) values (?,?,?,default)
Hibernate: insert into aforo_registros (business_id,fecha_hora,tipo,id) values (?,?,?,default)
Hibernate: insert into aforo_registros (business_id,fecha_hora,tipo,id) values (?,?,?,default)
Hibernate: insert into aforo_registros (business_id,fecha_hora,tipo,id) values (?,?,?,default)
Hibernate: insert into aforo_registros (business_id,fecha_hora,tipo,id) values (?,?,?,default)
Hibernate: insert into aforo_registros (business_id,fecha_hora,tipo,id) values (?,?,?,default)
Hibernate: insert into aforo_registros (business_id,fecha_hora,tipo,id) values (?,?,?,default)
Hibernate: insert into aforo_registros (business_id,fecha_hora,tipo,id) values (?,?,?,default)
Hibernate: insert into aforo_registros (business_id,fecha_hora,tipo,id) values (?,?,?,default)
Hibernate: insert into aforo_registros (business_id,fecha_hora,tipo,id) values (?,?,?,default)
Hibernate: insert into aforo_registros (business_id,fecha_hora,tipo,id) values (?,?,?,default)
Hibernate: insert into aforo_registros (business_id,fecha_hora,tipo,id) values (?,?,?,default)
Hibernate: insert into aforo_registros (business_id,fecha_hora,tipo,id) values (?,?,?,default)
Hibernate: insert into aforo_registros (business_id,fecha_hora,tipo,id) values (?,?,?,default)
Hibernate: insert into aforo_registros (business_id,fecha_hora,tipo,id) values (?,?,?,default)
Hibernate: insert into aforo_registros (business_id,fecha_hora,tipo,id) values (?,?,?,default)
Hibernate: insert into aforo_registros (business_id,fecha_hora,tipo,id) values (?,?,?,default)
Hibernate: insert into aforo_registros (business_id,fecha_hora,tipo,id) values (?,?,?,default)
Hibernate: insert into aforo_registros (business_id,fecha_hora,tipo,id) values (?,?,?,default)
Hibernate: insert into aforo_registros (business_id,fecha_hora,tipo,id) values (?,?,?,default)
Hibernate: insert into aforo_registros (business_id,fecha_hora,tipo,id) values (?,?,?,default)
Hibernate: insert into aforo_registros (business_id,fecha_hora,tipo,id) values (?,?,?,default)
Hibernate: insert into aforo_registros (business_id,fecha_hora,tipo,id) values (?,?,?,default)
Hibernate: insert into aforo_registros (business_id,fecha_hora,tipo,id) values (?,?,?,default)
Hibernate: insert into aforo_registros (business_id,fecha_hora,tipo,id) values (?,?,?,default)
Hibernate: insert into aforo_registros (business_id,fecha_hora,tipo,id) values (?,?,?,default)
Hibernate: insert into aforo_registros (business_id,fecha_hora,tipo,id) values (?,?,?,default)
Hibernate: insert into aforo_registros (business_id,fecha_hora,tipo,id) values (?,?,?,default)
Hibernate: insert into aforo_registros (business_id,fecha_hora,tipo,id) values (?,?,?,default)
Hibernate: insert into aforo_registros (business_id,fecha_hora,tipo,id) values (?,?,?,default)
Hibernate: insert into aforo_registros (business_id,fecha_hora,tipo,id) values (?,?,?,default)
Hibernate: insert into aforo_registros (business_id,fecha_hora,tipo,id) values (?,?,?,default)
Hibernate: insert into aforo_registros (business_id,fecha_hora,tipo,id) values (?,?,?,default)
Hibernate: insert into aforo_registros (business_id,fecha_hora,tipo,id) values (?,?,?,default)
Hibernate: insert into aforo_registros (business_id,fecha_hora,tipo,id) values (?,?,?,default)
Hibernate: insert into aforo_registros (business_id,fecha_hora,tipo,id) values (?,?,?,default)
Hibernate: insert into aforo_registros (business_id,fecha_hora,tipo,id) values (?,?,?,default)
Hibernate: insert into aforo_registros (business_id,fecha_hora,tipo,id) values (?,?,?,default)
Hibernate: insert into aforo_registros (business_id,fecha_hora,tipo,id) values (?,?,?,default)
Hibernate: insert into aforo_registros (business_id,fecha_hora,tipo,id) values (?,?,?,default)
Hibernate: insert into aforo_registros (business_id,fecha_hora,tipo,id) values (?,?,?,default)
Hibernate: insert into aforo_registros (business_id,fecha_hora,tipo,id) values (?,?,?,default)
Hibernate: insert into aforo_registros (business_id,fecha_hora,tipo,id) values (?,?,?,default)
Hibernate: insert into aforo_registros (business_id,fecha_hora,tipo,id) values (?,?,?,default)
Hibernate: insert into aforo_registros (business_id,fecha_hora,tipo,id) values (?,?,?,default)
Hibernate: insert into aforo_registros (business_id,fecha_hora,tipo,id) values (?,?,?,default)
Hibernate: insert into aforo_registros (business_id,fecha_hora,tipo,id) values (?,?,?,default)
Hibernate: insert into aforo_registros (business_id,fecha_hora,tipo,id) values (?,?,?,default)
Hibernate: insert into aforo_registros (business_id,fecha_hora,tipo,id) values (?,?,?,default)
Hibernate: insert into aforo_registros (business_id,fecha_hora,tipo,id) values (?,?,?,default)
Hibernate: insert into aforo_registros (business_id,fecha_hora,tipo,id) values (?,?,?,default)
Hibernate: insert into aforo_registros (business_id,fecha_hora,tipo,id) values (?,?,?,default)
Hibernate: insert into aforo_registros (business_id,fecha_hora,tipo,id) values (?,?,?,default)
Hibernate: insert into aforo_registros (business_id,fecha_hora,tipo,id) values (?,?,?,default)
Hibernate: insert into aforo_registros (business_id,fecha_hora,tipo,id) values (?,?,?,default)
Hibernate: insert into aforo_registros (business_id,fecha_hora,tipo,id) values (?,?,?,default)
Hibernate: insert into aforo_registros (business_id,fecha_hora,tipo,id) values (?,?,?,default)
Hibernate: insert into aforo_registros (business_id,fecha_hora,tipo,id) values (?,?,?,default)
Hibernate: insert into aforo_registros (business_id,fecha_hora,tipo,id) values (?,?,?,default)
Hibernate: insert into aforo_registros (business_id,fecha_hora,tipo,id) values (?,?,?,default)
Hibernate: insert into aforo_registros (business_id,fecha_hora,tipo,id) values (?,?,?,default)
Hibernate: insert into aforo_registros (business_id,fecha_hora,tipo,id) values (?,?,?,default)
Hibernate: insert into aforo_registros (business_id,fecha_hora,tipo,id) values (?,?,?,default)
Hibernate: insert into aforo_registros (business_id,fecha_hora,tipo,id) values (?,?,?,default)
Hibernate: insert into aforo_registros (business_id,fecha_hora,tipo,id) values (?,?,?,default)
Hibernate: insert into aforo_registros (business_id,fecha_hora,tipo,id) values (?,?,?,default)
Hibernate: insert into aforo_registros (business_id,fecha_hora,tipo,id) values (?,?,?,default)
Hibernate: insert into aforo_registros (business_id,fecha_hora,tipo,id) values (?,?,?,default)
Hibernate: insert into aforo_registros (business_id,fecha_hora,tipo,id) values (?,?,?,default)
Hibernate: insert into aforo_registros (business_id,fecha_hora,tipo,id) values (?,?,?,default)
Hibernate: insert into aforo_registros (business_id,fecha_hora,tipo,id) values (?,?,?,default)
Hibernate: insert into aforo_registros (business_id,fecha_hora,tipo,id) values (?,?,?,default)
Hibernate: insert into aforo_registros (business_id,fecha_hora,tipo,id) values (?,?,?,default)
Hibernate: insert into aforo_registros (business_id,fecha_hora,tipo,id) values (?,?,?,default)
Hibernate: insert into aforo_registros (business_id,fecha_hora,tipo,id) values (?,?,?,default)
Hibernate: insert into aforo_registros (business_id,fecha_hora,tipo,id) values (?,?,?,default)
Hibernate: insert into aforo_registros (business_id,fecha_hora,tipo,id) values (?,?,?,default)
Hibernate: insert into aforo_registros (business_id,fecha_hora,tipo,id) values (?,?,?,default)
Hibernate: insert into aforo_registros (business_id,fecha_hora,tipo,id) values (?,?,?,default)
Hibernate: insert into aforo_registros (business_id,fecha_hora,tipo,id) values (?,?,?,default)
Hibernate: insert into aforo_registros (business_id,fecha_hora,tipo,id) values (?,?,?,default)
Hibernate: insert into aforo_registros (business_id,fecha_hora,tipo,id) values (?,?,?,default)
Hibernate: insert into aforo_registros (business_id,fecha_hora,tipo,id) values (?,?,?,default)
Hibernate: insert into aforo_registros (business_id,fecha_hora,tipo,id) values (?,?,?,default)
Hibernate: insert into aforo_registros (business_id,fecha_hora,tipo,id) values (?,?,?,default)
Hibernate: insert into aforo_registros (business_id,fecha_hora,tipo,id) values (?,?,?,default)
Hibernate: insert into aforo_registros (business_id,fecha_hora,tipo,id) values (?,?,?,default)
Hibernate: insert into aforo_registros (business_id,fecha_hora,tipo,id) values (?,?,?,default)
Hibernate: insert into aforo_registros (business_id,fecha_hora,tipo,id) values (?,?,?,default)
Hibernate: insert into aforo_registros (business_id,fecha_hora,tipo,id) values (?,?,?,default)
Hibernate: insert into aforo_registros (business_id,fecha_hora,tipo,id) values (?,?,?,default)
Hibernate: insert into aforo_registros (business_id,fecha_hora,tipo,id) values (?,?,?,default)
Hibernate: insert into aforo_registros (business_id,fecha_hora,tipo,id) values (?,?,?,default)
Hibernate: insert into aforo_registros (business_id,fecha_hora,tipo,id) values (?,?,?,default)
Hibernate: insert into aforo_registros (business_id,fecha_hora,tipo,id) values (?,?,?,default)
Hibernate: insert into aforo_registros (business_id,fecha_hora,tipo,id) values (?,?,?,default)
Hibernate: insert into aforo_registros (business_id,fecha_hora,tipo,id) values (?,?,?,default)
Hibernate: insert into aforo_registros (business_id,fecha_hora,tipo,id) values (?,?,?,default)
Hibernate: insert into aforo_registros (business_id,fecha_hora,tipo,id) values (?,?,?,default)
Hibernate: insert into aforo_registros (business_id,fecha_hora,tipo,id) values (?,?,?,default)
Hibernate: insert into aforo_registros (business_id,fecha_hora,tipo,id) values (?,?,?,default)
Hibernate: insert into aforo_registros (business_id,fecha_hora,tipo,id) values (?,?,?,default)
Hibernate: insert into aforo_registros (business_id,fecha_hora,tipo,id) values (?,?,?,default)
Hibernate: insert into aforo_registros (business_id,fecha_hora,tipo,id) values (?,?,?,default)
Hibernate: insert into aforo_registros (business_id,fecha_hora,tipo,id) values (?,?,?,default)
Hibernate: insert into aforo_registros (business_id,fecha_hora,tipo,id) values (?,?,?,default)
Hibernate: insert into aforo_registros (business_id,fecha_hora,tipo,id) values (?,?,?,default)
Hibernate: insert into aforo_registros (business_id,fecha_hora,tipo,id) values (?,?,?,default)
Hibernate: insert into aforo_registros (business_id,fecha_hora,tipo,id) values (?,?,?,default)
Hibernate: insert into aforo_registros (business_id,fecha_hora,tipo,id) values (?,?,?,default)
Hibernate: insert into aforo_registros (business_id,fecha_hora,tipo,id) values (?,?,?,default)
Hibernate: insert into aforo_registros (business_id,fecha_hora,tipo,id) values (?,?,?,default)
Hibernate: insert into aforo_registros (business_id,fecha_hora,tipo,id) values (?,?,?,default)
Hibernate: insert into aforo_registros (business_id,fecha_hora,tipo,id) values (?,?,?,default)
Hibernate: insert into aforo_registros (business_id,fecha_hora,tipo,id) values (?,?,?,default)
Hibernate: insert into aforo_registros (business_id,fecha_hora,tipo,id) values (?,?,?,default)
Hibernate: insert into aforo_registros (business_id,fecha_hora,tipo,id) values (?,?,?,default)
Hibernate: insert into aforo_registros (business_id,fecha_hora,tipo,id) values (?,?,?,default)
Hibernate: insert into aforo_registros (business_id,fecha_hora,tipo,id) values (?,?,?,default)
Hibernate: insert into aforo_registros (business_id,fecha_hora,tipo,id) values (?,?,?,default)
Hibernate: insert into aforo_registros (business_id,fecha_hora,tipo,id) values (?,?,?,default)
Hibernate: insert into aforo_registros (business_id,fecha_hora,tipo,id) values (?,?,?,default)
Hibernate: insert into aforo_registros (business_id,fecha_hora,tipo,id) values (?,?,?,default)
Hibernate: insert into aforo_registros (business_id,fecha_hora,tipo,id) values (?,?,?,default)
Hibernate: insert into aforo_registros (business_id,fecha_hora,tipo,id) values (?,?,?,default)
Hibernate: insert into aforo_registros (business_id,fecha_hora,tipo,id) values (?,?,?,default)
Hibernate: insert into aforo_registros (business_id,fecha_hora,tipo,id) values (?,?,?,default)
Hibernate: insert into aforo_registros (business_id,fecha_hora,tipo,id) values (?,?,?,default)
Hibernate: insert into aforo_registros (business_id,fecha_hora,tipo,id) values (?,?,?,default)
Hibernate: insert into aforo_registros (business_id,fecha_hora,tipo,id) values (?,?,?,default)
Hibernate: insert into aforo_registros (business_id,fecha_hora,tipo,id) values (?,?,?,default)
Hibernate: insert into aforo_registros (business_id,fecha_hora,tipo,id) values (?,?,?,default)
Hibernate: insert into aforo_registros (business_id,fecha_hora,tipo,id) values (?,?,?,default)
Hibernate: insert into aforo_registros (business_id,fecha_hora,tipo,id) values (?,?,?,default)
Hibernate: insert into aforo_registros (business_id,fecha_hora,tipo,id) values (?,?,?,default)
Hibernate: insert into aforo_registros (business_id,fecha_hora,tipo,id) values (?,?,?,default)
Hibernate: insert into aforo_registros (business_id,fecha_hora,tipo,id) values (?,?,?,default)
Hibernate: insert into aforo_registros (business_id,fecha_hora,tipo,id) values (?,?,?,default)
Hibernate: insert into aforo_registros (business_id,fecha_hora,tipo,id) values (?,?,?,default)
Hibernate: insert into aforo_registros (business_id,fecha_hora,tipo,id) values (?,?,?,default)
Hibernate: insert into aforo_registros (business_id,fecha_hora,tipo,id) values (?,?,?,default)
Hibernate: insert into aforo_registros (business_id,fecha_hora,tipo,id) values (?,?,?,default)
Hibernate: insert into aforo_registros (business_id,fecha_hora,tipo,id) values (?,?,?,default)
Hibernate: insert into aforo_registros (business_id,fecha_hora,tipo,id) values (?,?,?,default)
Hibernate: insert into aforo_registros (business_id,fecha_hora,tipo,id) values (?,?,?,default)
Hibernate: insert into aforo_registros (business_id,fecha_hora,tipo,id) values (?,?,?,default)
Hibernate: insert into aforo_registros (business_id,fecha_hora,tipo,id) values (?,?,?,default)
Hibernate: insert into aforo_registros (business_id,fecha_hora,tipo,id) values (?,?,?,default)
Hibernate: insert into aforo_registros (business_id,fecha_hora,tipo,id) values (?,?,?,default)
Hibernate: insert into aforo_registros (business_id,fecha_hora,tipo,id) values (?,?,?,default)
Hibernate: insert into aforo_registros (business_id,fecha_hora,tipo,id) values (?,?,?,default)
Hibernate: insert into aforo_registros (business_id,fecha_hora,tipo,id) values (?,?,?,default)
Hibernate: insert into aforo_registros (business_id,fecha_hora,tipo,id) values (?,?,?,default)
Hibernate: insert into aforo_registros (business_id,fecha_hora,tipo,id) values (?,?,?,default)
Hibernate: insert into aforo_registros (business_id,fecha_hora,tipo,id) values (?,?,?,default)
Hibernate: insert into aforo_registros (business_id,fecha_hora,tipo,id) values (?,?,?,default)
Hibernate: insert into aforo_registros (business_id,fecha_hora,tipo,id) values (?,?,?,default)
Hibernate: insert into aforo_registros (business_id,fecha_hora,tipo,id) values (?,?,?,default)
Hibernate: insert into aforo_registros (business_id,fecha_hora,tipo,id) values (?,?,?,default)
Hibernate: insert into aforo_registros (business_id,fecha_hora,tipo,id) values (?,?,?,default)
Hibernate: insert into aforo_registros (business_id,fecha_hora,tipo,id) values (?,?,?,default)
Hibernate: insert into aforo_registros (business_id,fecha_hora,tipo,id) values (?,?,?,default)
Hibernate: insert into aforo_registros (business_id,fecha_hora,tipo,id) values (?,?,?,default)
Hibernate: insert into aforo_registros (business_id,fecha_hora,tipo,id) values (?,?,?,default)
Hibernate: insert into aforo_registros (business_id,fecha_hora,tipo,id) values (?,?,?,default)
Hibernate: insert into aforo_registros (business_id,fecha_hora,tipo,id) values (?,?,?,default)
Hibernate: insert into aforo_registros (business_id,fecha_hora,tipo,id) values (?,?,?,default)
Hibernate: insert into aforo_registros (business_id,fecha_hora,tipo,id) values (?,?,?,default)
Hibernate: insert into aforo_registros (business_id,fecha_hora,tipo,id) values (?,?,?,default)
Hibernate: insert into aforo_registros (business_id,fecha_hora,tipo,id) values (?,?,?,default)
Hibernate: insert into aforo_registros (business_id,fecha_hora,tipo,id) values (?,?,?,default)
Hibernate: insert into aforo_registros (business_id,fecha_hora,tipo,id) values (?,?,?,default)
Hibernate: insert into aforo_registros (business_id,fecha_hora,tipo,id) values (?,?,?,default)
Hibernate: insert into aforo_registros (business_id,fecha_hora,tipo,id) values (?,?,?,default)
Hibernate: insert into aforo_registros (business_id,fecha_hora,tipo,id) values (?,?,?,default)
Hibernate: insert into aforo_registros (business_id,fecha_hora,tipo,id) values (?,?,?,default)
Hibernate: insert into aforo_registros (business_id,fecha_hora,tipo,id) values (?,?,?,default)
Hibernate: insert into aforo_registros (business_id,fecha_hora,tipo,id) values (?,?,?,default)
Hibernate: insert into aforo_registros (business_id,fecha_hora,tipo,id) values (?,?,?,default)
Hibernate: insert into aforo_registros (business_id,fecha_hora,tipo,id) values (?,?,?,default)
Hibernate: insert into aforo_registros (business_id,fecha_hora,tipo,id) values (?,?,?,default)
Hibernate: insert into aforo_registros (business_id,fecha_hora,tipo,id) values (?,?,?,default)
Hibernate: insert into aforo_registros (business_id,fecha_hora,tipo,id) values (?,?,?,default)
Hibernate: insert into aforo_registros (business_id,fecha_hora,tipo,id) values (?,?,?,default)
Hibernate: insert into aforo_registros (business_id,fecha_hora,tipo,id) values (?,?,?,default)
Hibernate: insert into aforo_registros (business_id,fecha_hora,tipo,id) values (?,?,?,default)
Hibernate: insert into aforo_registros (business_id,fecha_hora,tipo,id) values (?,?,?,default)
Hibernate: insert into aforo_registros (business_id,fecha_hora,tipo,id) values (?,?,?,default)
Hibernate: insert into aforo_registros (business_id,fecha_hora,tipo,id) values (?,?,?,default)
Hibernate: insert into aforo_registros (business_id,fecha_hora,tipo,id) values (?,?,?,default)
Hibernate: insert into aforo_registros (business_id,fecha_hora,tipo,id) values (?,?,?,default)
Hibernate: insert into aforo_registros (business_id,fecha_hora,tipo,id) values (?,?,?,default)
Hibernate: insert into aforo_registros (business_id,fecha_hora,tipo,id) values (?,?,?,default)
Hibernate: insert into aforo_registros (business_id,fecha_hora,tipo,id) values (?,?,?,default)
Hibernate: insert into aforo_registros (business_id,fecha_hora,tipo,id) values (?,?,?,default)
Hibernate: insert into aforo_registros (business_id,fecha_hora,tipo,id) values (?,?,?,default)
Hibernate: insert into aforo_registros (business_id,fecha_hora,tipo,id) values (?,?,?,default)
Hibernate: insert into aforo_registros (business_id,fecha_hora,tipo,id) values (?,?,?,default)
Hibernate: insert into aforo_registros (business_id,fecha_hora,tipo,id) values (?,?,?,default)
Hibernate: insert into aforo_registros (business_id,fecha_hora,tipo,id) values (?,?,?,default)
Hibernate: insert into aforo_registros (business_id,fecha_hora,tipo,id) values (?,?,?,default)
Hibernate: insert into aforo_registros (business_id,fecha_hora,tipo,id) values (?,?,?,default)
Hibernate: insert into aforo_registros (business_id,fecha_hora,tipo,id) values (?,?,?,default)
Hibernate: insert into aforo_registros (business_id,fecha_hora,tipo,id) values (?,?,?,default)
Hibernate: insert into aforo_registros (business_id,fecha_hora,tipo,id) values (?,?,?,default)
Hibernate: insert into aforo_registros (business_id,fecha_hora,tipo,id) values (?,?,?,default)
Hibernate: insert into aforo_registros (business_id,fecha_hora,tipo,id) values (?,?,?,default)
Hibernate: insert into aforo_registros (business_id,fecha_hora,tipo,id) values (?,?,?,default)
Hibernate: insert into aforo_registros (business_id,fecha_hora,tipo,id) values (?,?,?,default)
Hibernate: insert into aforo_registros (business_id,fecha_hora,tipo,id) values (?,?,?,default)
Hibernate: insert into aforo_registros (business_id,fecha_hora,tipo,id) values (?,?,?,default)
Hibernate: insert into aforo_registros (business_id,fecha_hora,tipo,id) values (?,?,?,default)
Hibernate: insert into aforo_registros (business_id,fecha_hora,tipo,id) values (?,?,?,default)
Hibernate: insert into aforo_registros (business_id,fecha_hora,tipo,id) values (?,?,?,default)
Hibernate: insert into aforo_registros (business_id,fecha_hora,tipo,id) values (?,?,?,default)
Hibernate: insert into aforo_registros (business_id,fecha_hora,tipo,id) values (?,?,?,default)
Hibernate: insert into aforo_registros (business_id,fecha_hora,tipo,id) values (?,?,?,default)
Hibernate: insert into aforo_registros (business_id,fecha_hora,tipo,id) values (?,?,?,default)
Hibernate: insert into aforo_registros (business_id,fecha_hora,tipo,id) values (?,?,?,default)
Hibernate: insert into aforo_registros (business_id,fecha_hora,tipo,id) values (?,?,?,default)
Hibernate: insert into aforo_registros (business_id,fecha_hora,tipo,id) values (?,?,?,default)
Hibernate: insert into aforo_registros (business_id,fecha_hora,tipo,id) values (?,?,?,default)
Hibernate: insert into aforo_registros (business_id,fecha_hora,tipo,id) values (?,?,?,default)
Hibernate: insert into aforo_registros (business_id,fecha_hora,tipo,id) values (?,?,?,default)
Hibernate: insert into aforo_registros (business_id,fecha_hora,tipo,id) values (?,?,?,default)
Hibernate: insert into aforo_registros (business_id,fecha_hora,tipo,id) values (?,?,?,default)
Hibernate: insert into aforo_registros (business_id,fecha_hora,tipo,id) values (?,?,?,default)
Hibernate: insert into aforo_registros (business_id,fecha_hora,tipo,id) values (?,?,?,default)
Hibernate: insert into aforo_registros (business_id,fecha_hora,tipo,id) values (?,?,?,default)
Hibernate: insert into aforo_registros (business_id,fecha_hora,tipo,id) values (?,?,?,default)
Hibernate: insert into aforo_registros (business_id,fecha_hora,tipo,id) values (?,?,?,default)
Hibernate: insert into aforo_registros (business_id,fecha_hora,tipo,id) values (?,?,?,default)
Hibernate: insert into aforo_registros (business_id,fecha_hora,tipo,id) values (?,?,?,default)
Hibernate: insert into aforo_registros (business_id,fecha_hora,tipo,id) values (?,?,?,default)
Hibernate: insert into aforo_registros (business_id,fecha_hora,tipo,id) values (?,?,?,default)
Hibernate: insert into aforo_registros (business_id,fecha_hora,tipo,id) values (?,?,?,default)
Hibernate: insert into aforo_registros (business_id,fecha_hora,tipo,id) values (?,?,?,default)
Hibernate: insert into aforo_registros (business_id,fecha_hora,tipo,id) values (?,?,?,default)
Hibernate: insert into aforo_registros (business_id,fecha_hora,tipo,id) values (?,?,?,default)
Hibernate: insert into aforo_registros (business_id,fecha_hora,tipo,id) values (?,?,?,default)
Hibernate: insert into aforo_registros (business_id,fecha_hora,tipo,id) values (?,?,?,default)
Hibernate: insert into aforo_registros (business_id,fecha_hora,tipo,id) values (?,?,?,default)
Hibernate: insert into aforo_registros (business_id,fecha_hora,tipo,id) values (?,?,?,default)
Hibernate: insert into aforo_registros (business_id,fecha_hora,tipo,id) values (?,?,?,default)
Hibernate: insert into aforo_registros (business_id,fecha_hora,tipo,id) values (?,?,?,default)
Hibernate: insert into aforo_registros (business_id,fecha_hora,tipo,id) values (?,?,?,default)
Hibernate: insert into aforo_registros (business_id,fecha_hora,tipo,id) values (?,?,?,default)
Hibernate: insert into aforo_registros (business_id,fecha_hora,tipo,id) values (?,?,?,default)
Hibernate: insert into aforo_registros (business_id,fecha_hora,tipo,id) values (?,?,?,default)
Hibernate: insert into aforo_registros (business_id,fecha_hora,tipo,id) values (?,?,?,default)
Hibernate: insert into aforo_registros (business_id,fecha_hora,tipo,id) values (?,?,?,default)
Hibernate: insert into aforo_registros (business_id,fecha_hora,tipo,id) values (?,?,?,default)
Hibernate: insert into aforo_registros (business_id,fecha_hora,tipo,id) values (?,?,?,default)
Hibernate: insert into aforo_registros (business_id,fecha_hora,tipo,id) values (?,?,?,default)
Hibernate: insert into aforo_registros (business_id,fecha_hora,tipo,id) values (?,?,?,default)
Hibernate: insert into aforo_registros (business_id,fecha_hora,tipo,id) values (?,?,?,default)
Hibernate: insert into aforo_registros (business_id,fecha_hora,tipo,id) values (?,?,?,default)
Hibernate: insert into aforo_registros (business_id,fecha_hora,tipo,id) values (?,?,?,default)
Hibernate: insert into aforo_registros (business_id,fecha_hora,tipo,id) values (?,?,?,default)
Hibernate: insert into aforo_registros (business_id,fecha_hora,tipo,id) values (?,?,?,default)
Hibernate: insert into aforo_registros (business_id,fecha_hora,tipo,id) values (?,?,?,default)
Hibernate: insert into aforo_registros (business_id,fecha_hora,tipo,id) values (?,?,?,default)
Hibernate: insert into aforo_registros (business_id,fecha_hora,tipo,id) values (?,?,?,default)
Hibernate: insert into aforo_registros (business_id,fecha_hora,tipo,id) values (?,?,?,default)
Hibernate: insert into aforo_registros (business_id,fecha_hora,tipo,id) values (?,?,?,default)
Hibernate: insert into aforo_registros (business_id,fecha_hora,tipo,id) values (?,?,?,default)
Hibernate: insert into aforo_registros (business_id,fecha_hora,tipo,id) values (?,?,?,default)
Hibernate: insert into aforo_registros (business_id,fecha_hora,tipo,id) values (?,?,?,default)
Hibernate: insert into aforo_registros (business_id,fecha_hora,tipo,id) values (?,?,?,default)
Hibernate: insert into aforo_registros (business_id,fecha_hora,tipo,id) values (?,?,?,default)
Hibernate: insert into aforo_registros (business_id,fecha_hora,tipo,id) values (?,?,?,default)
Hibernate: insert into aforo_registros (business_id,fecha_hora,tipo,id) values (?,?,?,default)
Hibernate: insert into aforo_registros (business_id,fecha_hora,tipo,id) values (?,?,?,default)
Hibernate: insert into aforo_registros (business_id,fecha_hora,tipo,id) values (?,?,?,default)
Hibernate: insert into aforo_registros (business_id,fecha_hora,tipo,id) values (?,?,?,default)
Hibernate: insert into aforo_registros (business_id,fecha_hora,tipo,id) values (?,?,?,default)
Hibernate: insert into aforo_registros (business_id,fecha_hora,tipo,id) values (?,?,?,default)
Hibernate: insert into aforo_registros (business_id,fecha_hora,tipo,id) values (?,?,?,default)
Hibernate: insert into aforo_registros (business_id,fecha_hora,tipo,id) values (?,?,?,default)
Hibernate: insert into aforo_registros (business_id,fecha_hora,tipo,id) values (?,?,?,default)
Hibernate: insert into aforo_registros (business_id,fecha_hora,tipo,id) values (?,?,?,default)
Hibernate: insert into aforo_registros (business_id,fecha_hora,tipo,id) values (?,?,?,default)
Hibernate: insert into aforo_registros (business_id,fecha_hora,tipo,id) values (?,?,?,default)
Hibernate: insert into aforo_registros (business_id,fecha_hora,tipo,id) values (?,?,?,default)
Hibernate: insert into aforo_registros (business_id,fecha_hora,tipo,id) values (?,?,?,default)
Hibernate: insert into aforo_registros (business_id,fecha_hora,tipo,id) values (?,?,?,default)
Hibernate: insert into aforo_registros (business_id,fecha_hora,tipo,id) values (?,?,?,default)
Hibernate: insert into aforo_registros (business_id,fecha_hora,tipo,id) values (?,?,?,default)
Hibernate: insert into aforo_registros (business_id,fecha_hora,tipo,id) values (?,?,?,default)
Hibernate: insert into aforo_registros (business_id,fecha_hora,tipo,id) values (?,?,?,default)
Hibernate: insert into aforo_registros (business_id,fecha_hora,tipo,id) values (?,?,?,default)
Hibernate: insert into aforo_registros (business_id,fecha_hora,tipo,id) values (?,?,?,default)
Hibernate: insert into aforo_registros (business_id,fecha_hora,tipo,id) values (?,?,?,default)
Hibernate: insert into aforo_registros (business_id,fecha_hora,tipo,id) values (?,?,?,default)
Hibernate: insert into aforo_registros (business_id,fecha_hora,tipo,id) values (?,?,?,default)
Hibernate: insert into aforo_registros (business_id,fecha_hora,tipo,id) values (?,?,?,default)
Hibernate: insert into aforo_registros (business_id,fecha_hora,tipo,id) values (?,?,?,default)
Hibernate: insert into aforo_registros (business_id,fecha_hora,tipo,id) values (?,?,?,default)
Hibernate: insert into aforo_registros (business_id,fecha_hora,tipo,id) values (?,?,?,default)
Hibernate: insert into aforo_registros (business_id,fecha_hora,tipo,id) values (?,?,?,default)
Hibernate: insert into aforo_registros (business_id,fecha_hora,tipo,id) values (?,?,?,default)
Hibernate: insert into aforo_registros (business_id,fecha_hora,tipo,id) values (?,?,?,default)
Hibernate: insert into aforo_registros (business_id,fecha_hora,tipo,id) values (?,?,?,default)
Hibernate: insert into aforo_registros (business_id,fecha_hora,tipo,id) values (?,?,?,default)
Hibernate: insert into aforo_registros (business_id,fecha_hora,tipo,id) values (?,?,?,default)
Hibernate: insert into aforo_registros (business_id,fecha_hora,tipo,id) values (?,?,?,default)
Hibernate: insert into aforo_registros (business_id,fecha_hora,tipo,id) values (?,?,?,default)
Hibernate: insert into aforo_registros (business_id,fecha_hora,tipo,id) values (?,?,?,default)
Hibernate: insert into aforo_registros (business_id,fecha_hora,tipo,id) values (?,?,?,default)
Hibernate: insert into aforo_registros (business_id,fecha_hora,tipo,id) values (?,?,?,default)
Hibernate: insert into aforo_registros (business_id,fecha_hora,tipo,id) values (?,?,?,default)
Hibernate: insert into aforo_registros (business_id,fecha_hora,tipo,id) values (?,?,?,default)
Hibernate: insert into aforo_registros (business_id,fecha_hora,tipo,id) values (?,?,?,default)
Hibernate: insert into aforo_registros (business_id,fecha_hora,tipo,id) values (?,?,?,default)
Hibernate: insert into aforo_registros (business_id,fecha_hora,tipo,id) values (?,?,?,default)
Hibernate: insert into aforo_registros (business_id,fecha_hora,tipo,id) values (?,?,?,default)
Hibernate: insert into aforo_registros (business_id,fecha_hora,tipo,id) values (?,?,?,default)
Hibernate: insert into aforo_registros (business_id,fecha_hora,tipo,id) values (?,?,?,default)
Hibernate: insert into aforo_registros (business_id,fecha_hora,tipo,id) values (?,?,?,default)
Hibernate: insert into aforo_registros (business_id,fecha_hora,tipo,id) values (?,?,?,default)
Hibernate: insert into aforo_registros (business_id,fecha_hora,tipo,id) values (?,?,?,default)
Hibernate: insert into aforo_registros (business_id,fecha_hora,tipo,id) values (?,?,?,default)
Hibernate: insert into aforo_registros (business_id,fecha_hora,tipo,id) values (?,?,?,default)
Hibernate: insert into aforo_registros (business_id,fecha_hora,tipo,id) values (?,?,?,default)
Hibernate: insert into aforo_registros (business_id,fecha_hora,tipo,id) values (?,?,?,default)
Hibernate: insert into aforo_registros (business_id,fecha_hora,tipo,id) values (?,?,?,default)
Hibernate: insert into aforo_registros (business_id,fecha_hora,tipo,id) values (?,?,?,default)
Hibernate: insert into aforo_registros (business_id,fecha_hora,tipo,id) values (?,?,?,default)
Hibernate: insert into aforo_registros (business_id,fecha_hora,tipo,id) values (?,?,?,default)
Hibernate: insert into aforo_registros (business_id,fecha_hora,tipo,id) values (?,?,?,default)
Hibernate: insert into aforo_registros (business_id,fecha_hora,tipo,id) values (?,?,?,default)
Hibernate: insert into aforo_registros (business_id,fecha_hora,tipo,id) values (?,?,?,default)
Hibernate: insert into aforo_registros (business_id,fecha_hora,tipo,id) values (?,?,?,default)
Hibernate: insert into aforo_registros (business_id,fecha_hora,tipo,id) values (?,?,?,default)
Hibernate: insert into aforo_registros (business_id,fecha_hora,tipo,id) values (?,?,?,default)
Hibernate: insert into aforo_registros (business_id,fecha_hora,tipo,id) values (?,?,?,default)
Hibernate: insert into aforo_registros (business_id,fecha_hora,tipo,id) values (?,?,?,default)
Hibernate: insert into aforo_registros (business_id,fecha_hora,tipo,id) values (?,?,?,default)
Hibernate: insert into aforo_registros (business_id,fecha_hora,tipo,id) values (?,?,?,default)
Hibernate: insert into aforo_registros (business_id,fecha_hora,tipo,id) values (?,?,?,default)
Hibernate: insert into aforo_registros (business_id,fecha_hora,tipo,id) values (?,?,?,default)
Hibernate: insert into aforo_registros (business_id,fecha_hora,tipo,id) values (?,?,?,default)
Hibernate: insert into aforo_registros (business_id,fecha_hora,tipo,id) values (?,?,?,default)
Hibernate: insert into aforo_registros (business_id,fecha_hora,tipo,id) values (?,?,?,default)
Hibernate: insert into aforo_registros (business_id,fecha_hora,tipo,id) values (?,?,?,default)
Hibernate: insert into aforo_registros (business_id,fecha_hora,tipo,id) values (?,?,?,default)
Hibernate: insert into aforo_registros (business_id,fecha_hora,tipo,id) values (?,?,?,default)
Hibernate: insert into aforo_registros (business_id,fecha_hora,tipo,id) values (?,?,?,default)
Hibernate: insert into aforo_registros (business_id,fecha_hora,tipo,id) values (?,?,?,default)
Hibernate: insert into aforo_registros (business_id,fecha_hora,tipo,id) values (?,?,?,default)
Hibernate: insert into aforo_registros (business_id,fecha_hora,tipo,id) values (?,?,?,default)
Hibernate: insert into aforo_registros (business_id,fecha_hora,tipo,id) values (?,?,?,default)
Hibernate: insert into aforo_registros (business_id,fecha_hora,tipo,id) values (?,?,?,default)
Hibernate: insert into aforo_registros (business_id,fecha_hora,tipo,id) values (?,?,?,default)
Hibernate: insert into aforo_registros (business_id,fecha_hora,tipo,id) values (?,?,?,default)
Hibernate: insert into aforo_registros (business_id,fecha_hora,tipo,id) values (?,?,?,default)
Hibernate: insert into aforo_registros (business_id,fecha_hora,tipo,id) values (?,?,?,default)
Hibernate: insert into aforo_registros (business_id,fecha_hora,tipo,id) values (?,?,?,default)
Hibernate: insert into aforo_registros (business_id,fecha_hora,tipo,id) values (?,?,?,default)
Hibernate: insert into aforo_registros (business_id,fecha_hora,tipo,id) values (?,?,?,default)
Hibernate: insert into aforo_registros (business_id,fecha_hora,tipo,id) values (?,?,?,default)
Hibernate: insert into aforo_registros (business_id,fecha_hora,tipo,id) values (?,?,?,default)
Hibernate: insert into aforo_registros (business_id,fecha_hora,tipo,id) values (?,?,?,default)
Hibernate: insert into aforo_registros (business_id,fecha_hora,tipo,id) values (?,?,?,default)
Hibernate: insert into aforo_registros (business_id,fecha_hora,tipo,id) values (?,?,?,default)
Hibernate: insert into aforo_registros (business_id,fecha_hora,tipo,id) values (?,?,?,default)
Hibernate: insert into aforo_registros (business_id,fecha_hora,tipo,id) values (?,?,?,default)
Hibernate: insert into aforo_registros (business_id,fecha_hora,tipo,id) values (?,?,?,default)
Hibernate: insert into aforo_registros (business_id,fecha_hora,tipo,id) values (?,?,?,default)
Hibernate: insert into aforo_registros (business_id,fecha_hora,tipo,id) values (?,?,?,default)
Hibernate: insert into aforo_registros (business_id,fecha_hora,tipo,id) values (?,?,?,default)
Hibernate: insert into aforo_registros (business_id,fecha_hora,tipo,id) values (?,?,?,default)
Hibernate: insert into aforo_registros (business_id,fecha_hora,tipo,id) values (?,?,?,default)
Hibernate: insert into aforo_registros (business_id,fecha_hora,tipo,id) values (?,?,?,default)
Hibernate: insert into aforo_registros (business_id,fecha_hora,tipo,id) values (?,?,?,default)
Hibernate: insert into aforo_registros (business_id,fecha_hora,tipo,id) values (?,?,?,default)
Hibernate: insert into aforo_registros (business_id,fecha_hora,tipo,id) values (?,?,?,default)
Hibernate: insert into aforo_registros (business_id,fecha_hora,tipo,id) values (?,?,?,default)
Hibernate: insert into aforo_registros (business_id,fecha_hora,tipo,id) values (?,?,?,default)
Hibernate: insert into aforo_registros (business_id,fecha_hora,tipo,id) values (?,?,?,default)
Hibernate: insert into aforo_registros (business_id,fecha_hora,tipo,id) values (?,?,?,default)
Hibernate: insert into aforo_registros (business_id,fecha_hora,tipo,id) values (?,?,?,default)
Hibernate: insert into aforo_registros (business_id,fecha_hora,tipo,id) values (?,?,?,default)
Hibernate: insert into aforo_registros (business_id,fecha_hora,tipo,id) values (?,?,?,default)
Hibernate: insert into aforo_registros (business_id,fecha_hora,tipo,id) values (?,?,?,default)
Hibernate: insert into aforo_registros (business_id,fecha_hora,tipo,id) values (?,?,?,default)
Hibernate: insert into aforo_registros (business_id,fecha_hora,tipo,id) values (?,?,?,default)
Hibernate: insert into aforo_registros (business_id,fecha_hora,tipo,id) values (?,?,?,default)
Hibernate: insert into aforo_registros (business_id,fecha_hora,tipo,id) values (?,?,?,default)
Hibernate: insert into aforo_registros (business_id,fecha_hora,tipo,id) values (?,?,?,default)
Hibernate: insert into aforo_registros (business_id,fecha_hora,tipo,id) values (?,?,?,default)
Hibernate: insert into aforo_registros (business_id,fecha_hora,tipo,id) values (?,?,?,default)
Hibernate: insert into aforo_registros (business_id,fecha_hora,tipo,id) values (?,?,?,default)
Hibernate: insert into aforo_registros (business_id,fecha_hora,tipo,id) values (?,?,?,default)
Hibernate: insert into aforo_registros (business_id,fecha_hora,tipo,id) values (?,?,?,default)
Hibernate: insert into aforo_registros (business_id,fecha_hora,tipo,id) values (?,?,?,default)
Hibernate: insert into aforo_registros (business_id,fecha_hora,tipo,id) values (?,?,?,default)
Hibernate: insert into aforo_registros (business_id,fecha_hora,tipo,id) values (?,?,?,default)
Hibernate: insert into aforo_registros (business_id,fecha_hora,tipo,id) values (?,?,?,default)
Hibernate: insert into aforo_registros (business_id,fecha_hora,tipo,id) values (?,?,?,default)
Hibernate: insert into aforo_registros (business_id,fecha_hora,tipo,id) values (?,?,?,default)
Hibernate: insert into aforo_registros (business_id,fecha_hora,tipo,id) values (?,?,?,default)
Hibernate: insert into aforo_registros (business_id,fecha_hora,tipo,id) values (?,?,?,default)
Hibernate: insert into aforo_registros (business_id,fecha_hora,tipo,id) values (?,?,?,default)
Hibernate: insert into aforo_registros (business_id,fecha_hora,tipo,id) values (?,?,?,default)
Hibernate: insert into aforo_registros (business_id,fecha_hora,tipo,id) values (?,?,?,default)
Hibernate: insert into aforo_registros (business_id,fecha_hora,tipo,id) values (?,?,?,default)
Hibernate: insert into aforo_registros (business_id,fecha_hora,tipo,id) values (?,?,?,default)
Hibernate: insert into aforo_registros (business_id,fecha_hora,tipo,id) values (?,?,?,default)
Hibernate: insert into aforo_registros (business_id,fecha_hora,tipo,id) values (?,?,?,default)
Hibernate: insert into aforo_registros (business_id,fecha_hora,tipo,id) values (?,?,?,default)
Hibernate: insert into aforo_registros (business_id,fecha_hora,tipo,id) values (?,?,?,default)
Hibernate: insert into aforo_registros (business_id,fecha_hora,tipo,id) values (?,?,?,default)
Hibernate: insert into aforo_registros (business_id,fecha_hora,tipo,id) values (?,?,?,default)
Hibernate: insert into aforo_registros (business_id,fecha_hora,tipo,id) values (?,?,?,default)
Hibernate: insert into aforo_registros (business_id,fecha_hora,tipo,id) values (?,?,?,default)
Hibernate: insert into aforo_registros (business_id,fecha_hora,tipo,id) values (?,?,?,default)
Hibernate: insert into aforo_registros (business_id,fecha_hora,tipo,id) values (?,?,?,default)
Hibernate: insert into aforo_registros (business_id,fecha_hora,tipo,id) values (?,?,?,default)
Hibernate: insert into aforo_registros (business_id,fecha_hora,tipo,id) values (?,?,?,default)
Hibernate: insert into aforo_registros (business_id,fecha_hora,tipo,id) values (?,?,?,default)
Hibernate: insert into aforo_registros (business_id,fecha_hora,tipo,id) values (?,?,?,default)
Hibernate: insert into aforo_registros (business_id,fecha_hora,tipo,id) values (?,?,?,default)
Hibernate: insert into aforo_registros (business_id,fecha_hora,tipo,id) values (?,?,?,default)
Hibernate: insert into aforo_registros (business_id,fecha_hora,tipo,id) values (?,?,?,default)
Hibernate: insert into aforo_registros (business_id,fecha_hora,tipo,id) values (?,?,?,default)
Hibernate: insert into aforo_registros (business_id,fecha_hora,tipo,id) values (?,?,?,default)
Hibernate: insert into aforo_registros (business_id,fecha_hora,tipo,id) values (?,?,?,default)
Hibernate: insert into aforo_registros (business_id,fecha_hora,tipo,id) values (?,?,?,default)
Hibernate: insert into aforo_registros (business_id,fecha_hora,tipo,id) values (?,?,?,default)
Hibernate: insert into aforo_registros (business_id,fecha_hora,tipo,id) values (?,?,?,default)
Hibernate: insert into aforo_registros (business_id,fecha_hora,tipo,id) values (?,?,?,default)
Hibernate: insert into aforo_registros (business_id,fecha_hora,tipo,id) values (?,?,?,default)
Hibernate: insert into aforo_registros (business_id,fecha_hora,tipo,id) values (?,?,?,default)
Hibernate: insert into aforo_registros (business_id,fecha_hora,tipo,id) values (?,?,?,default)
Hibernate: insert into aforo_registros (business_id,fecha_hora,tipo,id) values (?,?,?,default)
Hibernate: insert into aforo_registros (business_id,fecha_hora,tipo,id) values (?,?,?,default)
Hibernate: insert into aforo_registros (business_id,fecha_hora,tipo,id) values (?,?,?,default)
Hibernate: insert into aforo_registros (business_id,fecha_hora,tipo,id) values (?,?,?,default)
Hibernate: insert into aforo_registros (business_id,fecha_hora,tipo,id) values (?,?,?,default)
Hibernate: insert into aforo_registros (business_id,fecha_hora,tipo,id) values (?,?,?,default)
Hibernate: insert into aforo_registros (business_id,fecha_hora,tipo,id) values (?,?,?,default)
Hibernate: insert into aforo_registros (business_id,fecha_hora,tipo,id) values (?,?,?,default)
Hibernate: insert into aforo_registros (business_id,fecha_hora,tipo,id) values (?,?,?,default)
Hibernate: insert into aforo_registros (business_id,fecha_hora,tipo,id) values (?,?,?,default)
Hibernate: insert into aforo_registros (business_id,fecha_hora,tipo,id) values (?,?,?,default)
Hibernate: insert into aforo_registros (business_id,fecha_hora,tipo,id) values (?,?,?,default)
Hibernate: insert into aforo_registros (business_id,fecha_hora,tipo,id) values (?,?,?,default)
Hibernate: insert into aforo_registros (business_id,fecha_hora,tipo,id) values (?,?,?,default)
Hibernate: insert into aforo_registros (business_id,fecha_hora,tipo,id) values (?,?,?,default)
Hibernate: insert into aforo_registros (business_id,fecha_hora,tipo,id) values (?,?,?,default)
Hibernate: insert into aforo_registros (business_id,fecha_hora,tipo,id) values (?,?,?,default)
Hibernate: insert into aforo_registros (business_id,fecha_hora,tipo,id) values (?,?,?,default)
Hibernate: insert into aforo_registros (business_id,fecha_hora,tipo,id) values (?,?,?,default)
Hibernate: insert into aforo_registros (business_id,fecha_hora,tipo,id) values (?,?,?,default)
Hibernate: insert into aforo_registros (business_id,fecha_hora,tipo,id) values (?,?,?,default)
Hibernate: insert into aforo_registros (business_id,fecha_hora,tipo,id) values (?,?,?,default)
Hibernate: insert into aforo_registros (business_id,fecha_hora,tipo,id) values (?,?,?,default)
Hibernate: insert into aforo_registros (business_id,fecha_hora,tipo,id) values (?,?,?,default)
Hibernate: insert into aforo_registros (business_id,fecha_hora,tipo,id) values (?,?,?,default)
Hibernate: insert into aforo_registros (business_id,fecha_hora,tipo,id) values (?,?,?,default)
Hibernate: insert into aforo_registros (business_id,fecha_hora,tipo,id) values (?,?,?,default)
Hibernate: insert into aforo_registros (business_id,fecha_hora,tipo,id) values (?,?,?,default)
Hibernate: insert into aforo_registros (business_id,fecha_hora,tipo,id) values (?,?,?,default)
Hibernate: insert into aforo_registros (business_id,fecha_hora,tipo,id) values (?,?,?,default)
Hibernate: insert into aforo_registros (business_id,fecha_hora,tipo,id) values (?,?,?,default)
Hibernate: insert into aforo_registros (business_id,fecha_hora,tipo,id) values (?,?,?,default)
Hibernate: insert into aforo_registros (business_id,fecha_hora,tipo,id) values (?,?,?,default)
Hibernate: insert into aforo_registros (business_id,fecha_hora,tipo,id) values (?,?,?,default)
Hibernate: insert into aforo_registros (business_id,fecha_hora,tipo,id) values (?,?,?,default)
Hibernate: insert into aforo_registros (business_id,fecha_hora,tipo,id) values (?,?,?,default)
Hibernate: insert into aforo_registros (business_id,fecha_hora,tipo,id) values (?,?,?,default)
Hibernate: insert into aforo_registros (business_id,fecha_hora,tipo,id) values (?,?,?,default)
Hibernate: insert into aforo_registros (business_id,fecha_hora,tipo,id) values (?,?,?,default)
Hibernate: insert into aforo_registros (business_id,fecha_hora,tipo,id) values (?,?,?,default)
Hibernate: insert into aforo_registros (business_id,fecha_hora,tipo,id) values (?,?,?,default)
Hibernate: insert into aforo_registros (business_id,fecha_hora,tipo,id) values (?,?,?,default)
Hibernate: insert into aforo_registros (business_id,fecha_hora,tipo,id) values (?,?,?,default)
Hibernate: insert into aforo_registros (business_id,fecha_hora,tipo,id) values (?,?,?,default)
Hibernate: insert into aforo_registros (business_id,fecha_hora,tipo,id) values (?,?,?,default)
Hibernate: insert into aforo_registros (business_id,fecha_hora,tipo,id) values (?,?,?,default)
Hibernate: insert into aforo_registros (business_id,fecha_hora,tipo,id) values (?,?,?,default)
Hibernate: insert into aforo_registros (business_id,fecha_hora,tipo,id) values (?,?,?,default)
Hibernate: insert into aforo_registros (business_id,fecha_hora,tipo,id) values (?,?,?,default)
Hibernate: insert into aforo_registros (business_id,fecha_hora,tipo,id) values (?,?,?,default)
Hibernate: insert into aforo_registros (business_id,fecha_hora,tipo,id) values (?,?,?,default)
Hibernate: insert into aforo_registros (business_id,fecha_hora,tipo,id) values (?,?,?,default)
Hibernate: insert into aforo_registros (business_id,fecha_hora,tipo,id) values (?,?,?,default)
Hibernate: insert into aforo_registros (business_id,fecha_hora,tipo,id) values (?,?,?,default)
Hibernate: insert into aforo_registros (business_id,fecha_hora,tipo,id) values (?,?,?,default)
Hibernate: insert into aforo_registros (business_id,fecha_hora,tipo,id) values (?,?,?,default)
Hibernate: insert into aforo_registros (business_id,fecha_hora,tipo,id) values (?,?,?,default)
Hibernate: insert into aforo_registros (business_id,fecha_hora,tipo,id) values (?,?,?,default)
Hibernate: insert into aforo_registros (business_id,fecha_hora,tipo,id) values (?,?,?,default)
Hibernate: insert into aforo_registros (business_id,fecha_hora,tipo,id) values (?,?,?,default)
Hibernate: insert into aforo_registros (business_id,fecha_hora,tipo,id) values (?,?,?,default)
Hibernate: insert into aforo_registros (business_id,fecha_hora,tipo,id) values (?,?,?,default)
Hibernate: insert into aforo_registros (business_id,fecha_hora,tipo,id) values (?,?,?,default)
Hibernate: insert into aforo_registros (business_id,fecha_hora,tipo,id) values (?,?,?,default)
Hibernate: insert into aforo_registros (business_id,fecha_hora,tipo,id) values (?,?,?,default)
Hibernate: insert into aforo_registros (business_id,fecha_hora,tipo,id) values (?,?,?,default)
Hibernate: insert into aforo_registros (business_id,fecha_hora,tipo,id) values (?,?,?,default)
Hibernate: insert into aforo_registros (business_id,fecha_hora,tipo,id) values (?,?,?,default)
Hibernate: insert into aforo_registros (business_id,fecha_hora,tipo,id) values (?,?,?,default)
Hibernate: insert into aforo_registros (business_id,fecha_hora,tipo,id) values (?,?,?,default)
Hibernate: insert into aforo_registros (business_id,fecha_hora,tipo,id) values (?,?,?,default)
Hibernate: insert into aforo_registros (business_id,fecha_hora,tipo,id) values (?,?,?,default)
Hibernate: insert into aforo_registros (business_id,fecha_hora,tipo,id) values (?,?,?,default)
Hibernate: insert into aforo_registros (business_id,fecha_hora,tipo,id) values (?,?,?,default)
Hibernate: insert into aforo_registros (business_id,fecha_hora,tipo,id) values (?,?,?,default)
Hibernate: insert into aforo_registros (business_id,fecha_hora,tipo,id) values (?,?,?,default)
Hibernate: insert into aforo_registros (business_id,fecha_hora,tipo,id) values (?,?,?,default)
Hibernate: insert into aforo_registros (business_id,fecha_hora,tipo,id) values (?,?,?,default)
Hibernate: insert into aforo_registros (business_id,fecha_hora,tipo,id) values (?,?,?,default)
Hibernate: insert into aforo_registros (business_id,fecha_hora,tipo,id) values (?,?,?,default)
Hibernate: insert into aforo_registros (business_id,fecha_hora,tipo,id) values (?,?,?,default)
Hibernate: insert into aforo_registros (business_id,fecha_hora,tipo,id) values (?,?,?,default)
Hibernate: insert into aforo_registros (business_id,fecha_hora,tipo,id) values (?,?,?,default)
Hibernate: insert into aforo_registros (business_id,fecha_hora,tipo,id) values (?,?,?,default)
Hibernate: insert into aforo_registros (business_id,fecha_hora,tipo,id) values (?,?,?,default)
Hibernate: insert into aforo_registros (business_id,fecha_hora,tipo,id) values (?,?,?,default)
Hibernate: insert into aforo_registros (business_id,fecha_hora,tipo,id) values (?,?,?,default)
Hibernate: insert into aforo_registros (business_id,fecha_hora,tipo,id) values (?,?,?,default)
Hibernate: insert into aforo_registros (business_id,fecha_hora,tipo,id) values (?,?,?,default)
Hibernate: insert into aforo_registros (business_id,fecha_hora,tipo,id) values (?,?,?,default)
Hibernate: insert into aforo_registros (business_id,fecha_hora,tipo,id) values (?,?,?,default)
Hibernate: insert into aforo_registros (business_id,fecha_hora,tipo,id) values (?,?,?,default)
Hibernate: insert into aforo_registros (business_id,fecha_hora,tipo,id) values (?,?,?,default)
Hibernate: insert into aforo_registros (business_id,fecha_hora,tipo,id) values (?,?,?,default)
Hibernate: insert into aforo_registros (business_id,fecha_hora,tipo,id) values (?,?,?,default)
Hibernate: insert into aforo_registros (business_id,fecha_hora,tipo,id) values (?,?,?,default)
Hibernate: insert into aforo_registros (business_id,fecha_hora,tipo,id) values (?,?,?,default)
Hibernate: insert into aforo_registros (business_id,fecha_hora,tipo,id) values (?,?,?,default)
Hibernate: insert into aforo_registros (business_id,fecha_hora,tipo,id) values (?,?,?,default)
Hibernate: insert into aforo_registros (business_id,fecha_hora,tipo,id) values (?,?,?,default)
Hibernate: insert into aforo_registros (business_id,fecha_hora,tipo,id) values (?,?,?,default)
Hibernate: insert into aforo_registros (business_id,fecha_hora,tipo,id) values (?,?,?,default)
Hibernate: insert into aforo_registros (business_id,fecha_hora,tipo,id) values (?,?,?,default)
Hibernate: insert into aforo_registros (business_id,fecha_hora,tipo,id) values (?,?,?,default)
Hibernate: insert into aforo_registros (business_id,fecha_hora,tipo,id) values (?,?,?,default)
Hibernate: insert into aforo_registros (business_id,fecha_hora,tipo,id) values (?,?,?,default)
Hibernate: insert into aforo_registros (business_id,fecha_hora,tipo,id) values (?,?,?,default)
Hibernate: insert into aforo_registros (business_id,fecha_hora,tipo,id) values (?,?,?,default)
Hibernate: insert into aforo_registros (business_id,fecha_hora,tipo,id) values (?,?,?,default)
Hibernate: insert into aforo_registros (business_id,fecha_hora,tipo,id) values (?,?,?,default)
Hibernate: insert into aforo_registros (business_id,fecha_hora,tipo,id) values (?,?,?,default)
Hibernate: insert into aforo_registros (business_id,fecha_hora,tipo,id) values (?,?,?,default)
Hibernate: insert into aforo_registros (business_id,fecha_hora,tipo,id) values (?,?,?,default)
Hibernate: insert into aforo_registros (business_id,fecha_hora,tipo,id) values (?,?,?,default)
Hibernate: insert into aforo_registros (business_id,fecha_hora,tipo,id) values (?,?,?,default)
Hibernate: insert into aforo_registros (business_id,fecha_hora,tipo,id) values (?,?,?,default)
Hibernate: insert into aforo_registros (business_id,fecha_hora,tipo,id) values (?,?,?,default)
Hibernate: insert into aforo_registros (business_id,fecha_hora,tipo,id) values (?,?,?,default)
Hibernate: insert into aforo_registros (business_id,fecha_hora,tipo,id) values (?,?,?,default)
Hibernate: insert into aforo_registros (business_id,fecha_hora,tipo,id) values (?,?,?,default)
Hibernate: insert into aforo_registros (business_id,fecha_hora,tipo,id) values (?,?,?,default)
Hibernate: insert into aforo_registros (business_id,fecha_hora,tipo,id) values (?,?,?,default)
Hibernate: insert into aforo_registros (business_id,fecha_hora,tipo,id) values (?,?,?,default)
Hibernate: insert into aforo_registros (business_id,fecha_hora,tipo,id) values (?,?,?,default)
Hibernate: insert into aforo_registros (business_id,fecha_hora,tipo,id) values (?,?,?,default)
Hibernate: insert into aforo_registros (business_id,fecha_hora,tipo,id) values (?,?,?,default)
Hibernate: insert into aforo_registros (business_id,fecha_hora,tipo,id) values (?,?,?,default)
Hibernate: insert into aforo_registros (business_id,fecha_hora,tipo,id) values (?,?,?,default)
Hibernate: insert into aforo_registros (business_id,fecha_hora,tipo,id) values (?,?,?,default)
Hibernate: insert into aforo_registros (business_id,fecha_hora,tipo,id) values (?,?,?,default)
Hibernate: insert into aforo_registros (business_id,fecha_hora,tipo,id) values (?,?,?,default)
Hibernate: insert into aforo_registros (business_id,fecha_hora,tipo,id) values (?,?,?,default)
Hibernate: insert into aforo_registros (business_id,fecha_hora,tipo,id) values (?,?,?,default)
Hibernate: insert into aforo_registros (business_id,fecha_hora,tipo,id) values (?,?,?,default)
Hibernate: insert into aforo_registros (business_id,fecha_hora,tipo,id) values (?,?,?,default)
Hibernate: insert into aforo_registros (business_id,fecha_hora,tipo,id) values (?,?,?,default)
Hibernate: insert into aforo_registros (business_id,fecha_hora,tipo,id) values (?,?,?,default)
Hibernate: insert into aforo_registros (business_id,fecha_hora,tipo,id) values (?,?,?,default)
Hibernate: insert into aforo_registros (business_id,fecha_hora,tipo,id) values (?,?,?,default)
Hibernate: insert into aforo_registros (business_id,fecha_hora,tipo,id) values (?,?,?,default)
Hibernate: insert into aforo_registros (business_id,fecha_hora,tipo,id) values (?,?,?,default)
Hibernate: insert into aforo_registros (business_id,fecha_hora,tipo,id) values (?,?,?,default)
Hibernate: insert into aforo_registros (business_id,fecha_hora,tipo,id) values (?,?,?,default)
Hibernate: insert into aforo_registros (business_id,fecha_hora,tipo,id) values (?,?,?,default)
Hibernate: insert into aforo_registros (business_id,fecha_hora,tipo,id) values (?,?,?,default)
Hibernate: insert into aforo_registros (business_id,fecha_hora,tipo,id) values (?,?,?,default)
Hibernate: insert into aforo_registros (business_id,fecha_hora,tipo,id) values (?,?,?,default)
Hibernate: insert into aforo_registros (business_id,fecha_hora,tipo,id) values (?,?,?,default)
Hibernate: insert into aforo_registros (business_id,fecha_hora,tipo,id) values (?,?,?,default)
Hibernate: insert into aforo_registros (business_id,fecha_hora,tipo,id) values (?,?,?,default)
Hibernate: insert into aforo_registros (business_id,fecha_hora,tipo,id) values (?,?,?,default)
Hibernate: insert into aforo_registros (business_id,fecha_hora,tipo,id) values (?,?,?,default)
Hibernate: insert into aforo_registros (business_id,fecha_hora,tipo,id) values (?,?,?,default)
Hibernate: insert into aforo_registros (business_id,fecha_hora,tipo,id) values (?,?,?,default)
Hibernate: insert into aforo_registros (business_id,fecha_hora,tipo,id) values (?,?,?,default)
Hibernate: insert into aforo_registros (business_id,fecha_hora,tipo,id) values (?,?,?,default)
Hibernate: insert into aforo_registros (business_id,fecha_hora,tipo,id) values (?,?,?,default)
Hibernate: insert into aforo_registros (business_id,fecha_hora,tipo,id) values (?,?,?,default)
Hibernate: insert into aforo_registros (business_id,fecha_hora,tipo,id) values (?,?,?,default)
Hibernate: insert into aforo_registros (business_id,fecha_hora,tipo,id) values (?,?,?,default)
Hibernate: insert into aforo_registros (business_id,fecha_hora,tipo,id) values (?,?,?,default)
Hibernate: insert into aforo_registros (business_id,fecha_hora,tipo,id) values (?,?,?,default)
Hibernate: insert into aforo_registros (business_id,fecha_hora,tipo,id) values (?,?,?,default)
Hibernate: insert into aforo_registros (business_id,fecha_hora,tipo,id) values (?,?,?,default)
Hibernate: insert into aforo_registros (business_id,fecha_hora,tipo,id) values (?,?,?,default)
Hibernate: insert into aforo_registros (business_id,fecha_hora,tipo,id) values (?,?,?,default)
Hibernate: insert into aforo_registros (business_id,fecha_hora,tipo,id) values (?,?,?,default)
Hibernate: insert into aforo_registros (business_id,fecha_hora,tipo,id) values (?,?,?,default)
Hibernate: insert into aforo_registros (business_id,fecha_hora,tipo,id) values (?,?,?,default)
Hibernate: insert into aforo_registros (business_id,fecha_hora,tipo,id) values (?,?,?,default)
Hibernate: insert into aforo_registros (business_id,fecha_hora,tipo,id) values (?,?,?,default)
Hibernate: insert into aforo_registros (business_id,fecha_hora,tipo,id) values (?,?,?,default)
Hibernate: insert into aforo_registros (business_id,fecha_hora,tipo,id) values (?,?,?,default)
Hibernate: insert into aforo_registros (business_id,fecha_hora,tipo,id) values (?,?,?,default)
Hibernate: insert into aforo_registros (business_id,fecha_hora,tipo,id) values (?,?,?,default)
Hibernate: insert into aforo_registros (business_id,fecha_hora,tipo,id) values (?,?,?,default)
Hibernate: insert into aforo_registros (business_id,fecha_hora,tipo,id) values (?,?,?,default)
Hibernate: insert into aforo_registros (business_id,fecha_hora,tipo,id) values (?,?,?,default)
Hibernate: insert into aforo_registros (business_id,fecha_hora,tipo,id) values (?,?,?,default)
Hibernate: insert into aforo_registros (business_id,fecha_hora,tipo,id) values (?,?,?,default)
Hibernate: insert into aforo_registros (business_id,fecha_hora,tipo,id) values (?,?,?,default)
Hibernate: insert into aforo_registros (business_id,fecha_hora,tipo,id) values (?,?,?,default)
Hibernate: insert into aforo_registros (business_id,fecha_hora,tipo,id) values (?,?,?,default)
Hibernate: insert into aforo_registros (business_id,fecha_hora,tipo,id) values (?,?,?,default)
Hibernate: insert into aforo_registros (business_id,fecha_hora,tipo,id) values (?,?,?,default)
Hibernate: insert into aforo_registros (business_id,fecha_hora,tipo,id) values (?,?,?,default)
Hibernate: insert into aforo_registros (business_id,fecha_hora,tipo,id) values (?,?,?,default)
Hibernate: insert into aforo_registros (business_id,fecha_hora,tipo,id) values (?,?,?,default)
Hibernate: insert into aforo_registros (business_id,fecha_hora,tipo,id) values (?,?,?,default)
Hibernate: insert into aforo_registros (business_id,fecha_hora,tipo,id) values (?,?,?,default)
Hibernate: insert into aforo_registros (business_id,fecha_hora,tipo,id) values (?,?,?,default)
Hibernate: insert into aforo_registros (business_id,fecha_hora,tipo,id) values (?,?,?,default)
Hibernate: insert into aforo_registros (business_id,fecha_hora,tipo,id) values (?,?,?,default)
Hibernate: insert into aforo_registros (business_id,fecha_hora,tipo,id) values (?,?,?,default)
Hibernate: insert into aforo_registros (business_id,fecha_hora,tipo,id) values (?,?,?,default)
Hibernate: insert into aforo_registros (business_id,fecha_hora,tipo,id) values (?,?,?,default)
Hibernate: insert into aforo_registros (business_id,fecha_hora,tipo,id) values (?,?,?,default)
Hibernate: insert into aforo_registros (business_id,fecha_hora,tipo,id) values (?,?,?,default)
Hibernate: insert into aforo_registros (business_id,fecha_hora,tipo,id) values (?,?,?,default)
Hibernate: insert into aforo_registros (business_id,fecha_hora,tipo,id) values (?,?,?,default)
Hibernate: insert into aforo_registros (business_id,fecha_hora,tipo,id) values (?,?,?,default)
Hibernate: insert into aforo_registros (business_id,fecha_hora,tipo,id) values (?,?,?,default)
Hibernate: insert into aforo_registros (business_id,fecha_hora,tipo,id) values (?,?,?,default)
Hibernate: insert into aforo_registros (business_id,fecha_hora,tipo,id) values (?,?,?,default)
Hibernate: insert into aforo_registros (business_id,fecha_hora,tipo,id) values (?,?,?,default)
Hibernate: insert into aforo_registros (business_id,fecha_hora,tipo,id) values (?,?,?,default)
Hibernate: insert into aforo_registros (business_id,fecha_hora,tipo,id) values (?,?,?,default)
Hibernate: insert into aforo_registros (business_id,fecha_hora,tipo,id) values (?,?,?,default)
Hibernate: insert into aforo_registros (business_id,fecha_hora,tipo,id) values (?,?,?,default)
Hibernate: insert into aforo_registros (business_id,fecha_hora,tipo,id) values (?,?,?,default)
Hibernate: insert into aforo_registros (business_id,fecha_hora,tipo,id) values (?,?,?,default)
Hibernate: insert into aforo_registros (business_id,fecha_hora,tipo,id) values (?,?,?,default)
Hibernate: insert into aforo_registros (business_id,fecha_hora,tipo,id) values (?,?,?,default)
Hibernate: insert into aforo_registros (business_id,fecha_hora,tipo,id) values (?,?,?,default)
Hibernate: insert into aforo_registros (business_id,fecha_hora,tipo,id) values (?,?,?,default)
Hibernate: insert into aforo_registros (business_id,fecha_hora,tipo,id) values (?,?,?,default)
Hibernate: insert into aforo_registros (business_id,fecha_hora,tipo,id) values (?,?,?,default)
Hibernate: insert into aforo_registros (business_id,fecha_hora,tipo,id) values (?,?,?,default)
Hibernate: insert into aforo_registros (business_id,fecha_hora,tipo,id) values (?,?,?,default)
Hibernate: insert into aforo_registros (business_id,fecha_hora,tipo,id) values (?,?,?,default)
Hibernate: insert into aforo_registros (business_id,fecha_hora,tipo,id) values (?,?,?,default)
Hibernate: insert into aforo_registros (business_id,fecha_hora,tipo,id) values (?,?,?,default)
Hibernate: insert into aforo_registros (business_id,fecha_hora,tipo,id) values (?,?,?,default)
Hibernate: insert into aforo_registros (business_id,fecha_hora,tipo,id) values (?,?,?,default)
Hibernate: insert into aforo_registros (business_id,fecha_hora,tipo,id) values (?,?,?,default)
Hibernate: insert into aforo_registros (business_id,fecha_hora,tipo,id) values (?,?,?,default)
Hibernate: insert into aforo_registros (business_id,fecha_hora,tipo,id) values (?,?,?,default)
Hibernate: insert into aforo_registros (business_id,fecha_hora,tipo,id) values (?,?,?,default)
Hibernate: insert into aforo_registros (business_id,fecha_hora,tipo,id) values (?,?,?,default)
Hibernate: insert into aforo_registros (business_id,fecha_hora,tipo,id) values (?,?,?,default)
Hibernate: insert into aforo_registros (business_id,fecha_hora,tipo,id) values (?,?,?,default)
Hibernate: insert into aforo_registros (business_id,fecha_hora,tipo,id) values (?,?,?,default)
Hibernate: insert into aforo_registros (business_id,fecha_hora,tipo,id) values (?,?,?,default)
Hibernate: insert into aforo_registros (business_id,fecha_hora,tipo,id) values (?,?,?,default)
Hibernate: insert into aforo_registros (business_id,fecha_hora,tipo,id) values (?,?,?,default)
Hibernate: insert into aforo_registros (business_id,fecha_hora,tipo,id) values (?,?,?,default)
Hibernate: insert into aforo_registros (business_id,fecha_hora,tipo,id) values (?,?,?,default)
Hibernate: insert into aforo_registros (business_id,fecha_hora,tipo,id) values (?,?,?,default)
Hibernate: insert into aforo_registros (business_id,fecha_hora,tipo,id) values (?,?,?,default)
Hibernate: insert into aforo_registros (business_id,fecha_hora,tipo,id) values (?,?,?,default)
Hibernate: insert into aforo_registros (business_id,fecha_hora,tipo,id) values (?,?,?,default)
Hibernate: insert into aforo_registros (business_id,fecha_hora,tipo,id) values (?,?,?,default)
Hibernate: insert into aforo_registros (business_id,fecha_hora,tipo,id) values (?,?,?,default)
Hibernate: insert into aforo_registros (business_id,fecha_hora,tipo,id) values (?,?,?,default)
Hibernate: insert into aforo_registros (business_id,fecha_hora,tipo,id) values (?,?,?,default)
Hibernate: insert into aforo_registros (business_id,fecha_hora,tipo,id) values (?,?,?,default)
Hibernate: insert into aforo_registros (business_id,fecha_hora,tipo,id) values (?,?,?,default)
Hibernate: insert into aforo_registros (business_id,fecha_hora,tipo,id) values (?,?,?,default)
Hibernate: insert into aforo_registros (business_id,fecha_hora,tipo,id) values (?,?,?,default)
Hibernate: insert into aforo_registros (business_id,fecha_hora,tipo,id) values (?,?,?,default)
Hibernate: insert into aforo_registros (business_id,fecha_hora,tipo,id) values (?,?,?,default)
Hibernate: insert into aforo_registros (business_id,fecha_hora,tipo,id) values (?,?,?,default)
Hibernate: insert into aforo_registros (business_id,fecha_hora,tipo,id) values (?,?,?,default)
Hibernate: insert into aforo_registros (business_id,fecha_hora,tipo,id) values (?,?,?,default)
Hibernate: insert into aforo_registros (business_id,fecha_hora,tipo,id) values (?,?,?,default)
Hibernate: insert into aforo_registros (business_id,fecha_hora,tipo,id) values (?,?,?,default)
Hibernate: insert into aforo_registros (business_id,fecha_hora,tipo,id) values (?,?,?,default)
Hibernate: insert into aforo_registros (business_id,fecha_hora,tipo,id) values (?,?,?,default)
Hibernate: insert into aforo_registros (business_id,fecha_hora,tipo,id) values (?,?,?,default)
Hibernate: insert into aforo_registros (business_id,fecha_hora,tipo,id) values (?,?,?,default)
Hibernate: insert into aforo_registros (business_id,fecha_hora,tipo,id) values (?,?,?,default)
Hibernate: insert into aforo_registros (business_id,fecha_hora,tipo,id) values (?,?,?,default)
Hibernate: insert into aforo_registros (business_id,fecha_hora,tipo,id) values (?,?,?,default)
Hibernate: insert into aforo_registros (business_id,fecha_hora,tipo,id) values (?,?,?,default)
Hibernate: insert into aforo_registros (business_id,fecha_hora,tipo,id) values (?,?,?,default)
Hibernate: insert into aforo_registros (business_id,fecha_hora,tipo,id) values (?,?,?,default)
Hibernate: insert into aforo_registros (business_id,fecha_hora,tipo,id) values (?,?,?,default)
Hibernate: insert into aforo_registros (business_id,fecha_hora,tipo,id) values (?,?,?,default)
Hibernate: insert into aforo_registros (business_id,fecha_hora,tipo,id) values (?,?,?,default)
Hibernate: insert into aforo_registros (business_id,fecha_hora,tipo,id) values (?,?,?,default)
Hibernate: insert into aforo_registros (business_id,fecha_hora,tipo,id) values (?,?,?,default)
Hibernate: insert into aforo_registros (business_id,fecha_hora,tipo,id) values (?,?,?,default)
Hibernate: insert into aforo_registros (business_id,fecha_hora,tipo,id) values (?,?,?,default)
Hibernate: insert into aforo_registros (business_id,fecha_hora,tipo,id) values (?,?,?,default)
Hibernate: insert into aforo_registros (business_id,fecha_hora,tipo,id) values (?,?,?,default)
Hibernate: insert into aforo_registros (business_id,fecha_hora,tipo,id) values (?,?,?,default)
Hibernate: insert into aforo_registros (business_id,fecha_hora,tipo,id) values (?,?,?,default)
Hibernate: insert into aforo_registros (business_id,fecha_hora,tipo,id) values (?,?,?,default)
Hibernate: insert into aforo_registros (business_id,fecha_hora,tipo,id) values (?,?,?,default)
Hibernate: insert into aforo_registros (business_id,fecha_hora,tipo,id) values (?,?,?,default)
Hibernate: insert into aforo_registros (business_id,fecha_hora,tipo,id) values (?,?,?,default)
Hibernate: insert into aforo_registros (business_id,fecha_hora,tipo,id) values (?,?,?,default)
Hibernate: insert into aforo_registros (business_id,fecha_hora,tipo,id) values (?,?,?,default)
Hibernate: insert into aforo_registros (business_id,fecha_hora,tipo,id) values (?,?,?,default)
Hibernate: insert into aforo_registros (business_id,fecha_hora,tipo,id) values (?,?,?,default)
Hibernate: insert into aforo_registros (business_id,fecha_hora,tipo,id) values (?,?,?,default)
Hibernate: insert into aforo_registros (business_id,fecha_hora,tipo,id) values (?,?,?,default)
Hibernate: insert into aforo_registros (business_id,fecha_hora,tipo,id) values (?,?,?,default)
Hibernate: insert into aforo_registros (business_id,fecha_hora,tipo,id) values (?,?,?,default)
Hibernate: insert into aforo_registros (business_id,fecha_hora,tipo,id) values (?,?,?,default)
Hibernate: insert into aforo_registros (business_id,fecha_hora,tipo,id) values (?,?,?,default)
Hibernate: insert into aforo_registros (business_id,fecha_hora,tipo,id) values (?,?,?,default)
Hibernate: insert into aforo_registros (business_id,fecha_hora,tipo,id) values (?,?,?,default)
Hibernate: insert into aforo_registros (business_id,fecha_hora,tipo,id) values (?,?,?,default)
Hibernate: insert into aforo_registros (business_id,fecha_hora,tipo,id) values (?,?,?,default)
Hibernate: insert into aforo_registros (business_id,fecha_hora,tipo,id) values (?,?,?,default)
Hibernate: insert into aforo_registros (business_id,fecha_hora,tipo,id) values (?,?,?,default)
Hibernate: insert into aforo_registros (business_id,fecha_hora,tipo,id) values (?,?,?,default)
Hibernate: insert into aforo_registros (business_id,fecha_hora,tipo,id) values (?,?,?,default)
Hibernate: insert into aforo_registros (business_id,fecha_hora,tipo,id) values (?,?,?,default)
Hibernate: insert into aforo_registros (business_id,fecha_hora,tipo,id) values (?,?,?,default)
Hibernate: insert into aforo_registros (business_id,fecha_hora,tipo,id) values (?,?,?,default)
Hibernate: insert into aforo_registros (business_id,fecha_hora,tipo,id) values (?,?,?,default)
Hibernate: insert into aforo_registros (business_id,fecha_hora,tipo,id) values (?,?,?,default)
Hibernate: insert into aforo_registros (business_id,fecha_hora,tipo,id) values (?,?,?,default)
Hibernate: insert into aforo_registros (business_id,fecha_hora,tipo,id) values (?,?,?,default)
Hibernate: insert into aforo_registros (business_id,fecha_hora,tipo,id) values (?,?,?,default)
Hibernate: insert into aforo_registros (business_id,fecha_hora,tipo,id) values (?,?,?,default)
Hibernate: insert into aforo_registros (business_id,fecha_hora,tipo,id) values (?,?,?,default)
Hibernate: insert into aforo_registros (business_id,fecha_hora,tipo,id) values (?,?,?,default)
Hibernate: insert into aforo_registros (business_id,fecha_hora,tipo,id) values (?,?,?,default)
Hibernate: insert into aforo_registros (business_id,fecha_hora,tipo,id) values (?,?,?,default)
Hibernate: insert into aforo_registros (business_id,fecha_hora,tipo,id) values (?,?,?,default)
Hibernate: insert into aforo_registros (business_id,fecha_hora,tipo,id) values (?,?,?,default)
Hibernate: insert into aforo_registros (business_id,fecha_hora,tipo,id) values (?,?,?,default)
Hibernate: insert into aforo_registros (business_id,fecha_hora,tipo,id) values (?,?,?,default)
Hibernate: insert into aforo_registros (business_id,fecha_hora,tipo,id) values (?,?,?,default)
Hibernate: insert into aforo_registros (business_id,fecha_hora,tipo,id) values (?,?,?,default)
Hibernate: insert into aforo_registros (business_id,fecha_hora,tipo,id) values (?,?,?,default)
Hibernate: insert into aforo_registros (business_id,fecha_hora,tipo,id) values (?,?,?,default)
Hibernate: insert into aforo_registros (business_id,fecha_hora,tipo,id) values (?,?,?,default)
Hibernate: insert into aforo_registros (business_id,fecha_hora,tipo,id) values (?,?,?,default)
Hibernate: insert into aforo_registros (business_id,fecha_hora,tipo,id) values (?,?,?,default)
Hibernate: insert into aforo_registros (business_id,fecha_hora,tipo,id) values (?,?,?,default)
Hibernate: insert into aforo_registros (business_id,fecha_hora,tipo,id) values (?,?,?,default)
Hibernate: insert into aforo_registros (business_id,fecha_hora,tipo,id) values (?,?,?,default)
Hibernate: insert into aforo_registros (business_id,fecha_hora,tipo,id) values (?,?,?,default)
Hibernate: insert into aforo_registros (business_id,fecha_hora,tipo,id) values (?,?,?,default)
Hibernate: insert into aforo_registros (business_id,fecha_hora,tipo,id) values (?,?,?,default)
Hibernate: insert into aforo_registros (business_id,fecha_hora,tipo,id) values (?,?,?,default)
Hibernate: insert into aforo_registros (business_id,fecha_hora,tipo,id) values (?,?,?,default)
Hibernate: insert into aforo_registros (business_id,fecha_hora,tipo,id) values (?,?,?,default)
Hibernate: insert into aforo_registros (business_id,fecha_hora,tipo,id) values (?,?,?,default)
Hibernate: insert into aforo_registros (business_id,fecha_hora,tipo,id) values (?,?,?,default)
Hibernate: insert into aforo_registros (business_id,fecha_hora,tipo,id) values (?,?,?,default)
Hibernate: insert into aforo_registros (business_id,fecha_hora,tipo,id) values (?,?,?,default)
Hibernate: insert into aforo_registros (business_id,fecha_hora,tipo,id) values (?,?,?,default)
Hibernate: insert into aforo_registros (business_id,fecha_hora,tipo,id) values (?,?,?,default)
Hibernate: insert into aforo_registros (business_id,fecha_hora,tipo,id) values (?,?,?,default)
Hibernate: insert into aforo_registros (business_id,fecha_hora,tipo,id) values (?,?,?,default)
Hibernate: insert into aforo_registros (business_id,fecha_hora,tipo,id) values (?,?,?,default)
Hibernate: insert into aforo_registros (business_id,fecha_hora,tipo,id) values (?,?,?,default)
Hibernate: insert into aforo_registros (business_id,fecha_hora,tipo,id) values (?,?,?,default)
Hibernate: insert into aforo_registros (business_id,fecha_hora,tipo,id) values (?,?,?,default)
Hibernate: insert into aforo_registros (business_id,fecha_hora,tipo,id) values (?,?,?,default)
Hibernate: insert into aforo_registros (business_id,fecha_hora,tipo,id) values (?,?,?,default)
Hibernate: insert into aforo_registros (business_id,fecha_hora,tipo,id) values (?,?,?,default)
Hibernate: insert into aforo_registros (business_id,fecha_hora,tipo,id) values (?,?,?,default)
Hibernate: insert into aforo_registros (business_id,fecha_hora,tipo,id) values (?,?,?,default)
Hibernate: insert into aforo_registros (business_id,fecha_hora,tipo,id) values (?,?,?,default)
Hibernate: insert into aforo_registros (business_id,fecha_hora,tipo,id) values (?,?,?,default)
Hibernate: insert into aforo_registros (business_id,fecha_hora,tipo,id) values (?,?,?,default)
Hibernate: insert into aforo_registros (business_id,fecha_hora,tipo,id) values (?,?,?,default)
Hibernate: insert into aforo_registros (business_id,fecha_hora,tipo,id) values (?,?,?,default)
Hibernate: insert into aforo_registros (business_id,fecha_hora,tipo,id) values (?,?,?,default)
Hibernate: insert into aforo_registros (business_id,fecha_hora,tipo,id) values (?,?,?,default)
Hibernate: insert into aforo_registros (business_id,fecha_hora,tipo,id) values (?,?,?,default)
Hibernate: insert into aforo_registros (business_id,fecha_hora,tipo,id) values (?,?,?,default)
Hibernate: insert into aforo_registros (business_id,fecha_hora,tipo,id) values (?,?,?,default)
Hibernate: insert into aforo_registros (business_id,fecha_hora,tipo,id) values (?,?,?,default)
Hibernate: insert into aforo_registros (business_id,fecha_hora,tipo,id) values (?,?,?,default)
Hibernate: insert into aforo_registros (business_id,fecha_hora,tipo,id) values (?,?,?,default)
Hibernate: insert into aforo_registros (business_id,fecha_hora,tipo,id) values (?,?,?,default)
Hibernate: insert into aforo_registros (business_id,fecha_hora,tipo,id) values (?,?,?,default)
Hibernate: insert into aforo_registros (business_id,fecha_hora,tipo,id) values (?,?,?,default)
Hibernate: insert into aforo_registros (business_id,fecha_hora,tipo,id) values (?,?,?,default)
Hibernate: insert into aforo_registros (business_id,fecha_hora,tipo,id) values (?,?,?,default)
Hibernate: insert into aforo_registros (business_id,fecha_hora,tipo,id) values (?,?,?,default)
Hibernate: insert into aforo_registros (business_id,fecha_hora,tipo,id) values (?,?,?,default)
Hibernate: insert into aforo_registros (business_id,fecha_hora,tipo,id) values (?,?,?,default)
Hibernate: insert into aforo_registros (business_id,fecha_hora,tipo,id) values (?,?,?,default)
Hibernate: insert into aforo_registros (business_id,fecha_hora,tipo,id) values (?,?,?,default)
Hibernate: insert into aforo_registros (business_id,fecha_hora,tipo,id) values (?,?,?,default)
Hibernate: insert into aforo_registros (business_id,fecha_hora,tipo,id) values (?,?,?,default)
Hibernate: insert into aforo_registros (business_id,fecha_hora,tipo,id) values (?,?,?,default)
Hibernate: insert into aforo_registros (business_id,fecha_hora,tipo,id) values (?,?,?,default)
Hibernate: insert into aforo_registros (business_id,fecha_hora,tipo,id) values (?,?,?,default)
Hibernate: insert into aforo_registros (business_id,fecha_hora,tipo,id) values (?,?,?,default)
Hibernate: insert into aforo_registros (business_id,fecha_hora,tipo,id) values (?,?,?,default)
Hibernate: insert into aforo_registros (business_id,fecha_hora,tipo,id) values (?,?,?,default)
Hibernate: insert into aforo_registros (business_id,fecha_hora,tipo,id) values (?,?,?,default)
Hibernate: insert into aforo_registros (business_id,fecha_hora,tipo,id) values (?,?,?,default)
Hibernate: insert into aforo_registros (business_id,fecha_hora,tipo,id) values (?,?,?,default)
Hibernate: insert into aforo_registros (business_id,fecha_hora,tipo,id) values (?,?,?,default)
Hibernate: insert into aforo_registros (business_id,fecha_hora,tipo,id) values (?,?,?,default)
Hibernate: insert into aforo_registros (business_id,fecha_hora,tipo,id) values (?,?,?,default)
Hibernate: insert into aforo_registros (business_id,fecha_hora,tipo,id) values (?,?,?,default)
Hibernate: insert into aforo_registros (business_id,fecha_hora,tipo,id) values (?,?,?,default)
Hibernate: insert into aforo_registros (business_id,fecha_hora,tipo,id) values (?,?,?,default)
Hibernate: insert into aforo_registros (business_id,fecha_hora,tipo,id) values (?,?,?,default)
Hibernate: insert into aforo_registros (business_id,fecha_hora,tipo,id) values (?,?,?,default)
Hibernate: insert into aforo_registros (business_id,fecha_hora,tipo,id) values (?,?,?,default)
Hibernate: insert into aforo_registros (business_id,fecha_hora,tipo,id) values (?,?,?,default)
Hibernate: insert into aforo_registros (business_id,fecha_hora,tipo,id) values (?,?,?,default)
Hibernate: insert into aforo_registros (business_id,fecha_hora,tipo,id) values (?,?,?,default)
Hibernate: insert into aforo_registros (business_id,fecha_hora,tipo,id) values (?,?,?,default)
Hibernate: insert into aforo_registros (business_id,fecha_hora,tipo,id) values (?,?,?,default)
Hibernate: insert into aforo_registros (business_id,fecha_hora,tipo,id) values (?,?,?,default)
Hibernate: insert into aforo_registros (business_id,fecha_hora,tipo,id) values (?,?,?,default)
Hibernate: insert into aforo_registros (business_id,fecha_hora,tipo,id) values (?,?,?,default)
Hibernate: insert into aforo_registros (business_id,fecha_hora,tipo,id) values (?,?,?,default)
Hibernate: insert into aforo_registros (business_id,fecha_hora,tipo,id) values (?,?,?,default)
Hibernate: insert into aforo_registros (business_id,fecha_hora,tipo,id) values (?,?,?,default)
Hibernate: insert into aforo_registros (business_id,fecha_hora,tipo,id) values (?,?,?,default)
Hibernate: insert into aforo_registros (business_id,fecha_hora,tipo,id) values (?,?,?,default)
Hibernate: insert into aforo_registros (business_id,fecha_hora,tipo,id) values (?,?,?,default)
Hibernate: insert into aforo_registros (business_id,fecha_hora,tipo,id) values (?,?,?,default)
Hibernate: insert into aforo_registros (business_id,fecha_hora,tipo,id) values (?,?,?,default)
Hibernate: insert into aforo_registros (business_id,fecha_hora,tipo,id) values (?,?,?,default)
Hibernate: insert into aforo_registros (business_id,fecha_hora,tipo,id) values (?,?,?,default)
Hibernate: insert into aforo_registros (business_id,fecha_hora,tipo,id) values (?,?,?,default)
Hibernate: insert into aforo_registros (business_id,fecha_hora,tipo,id) values (?,?,?,default)
Hibernate: insert into aforo_registros (business_id,fecha_hora,tipo,id) values (?,?,?,default)
Hibernate: insert into aforo_registros (business_id,fecha_hora,tipo,id) values (?,?,?,default)
Hibernate: insert into aforo_registros (business_id,fecha_hora,tipo,id) values (?,?,?,default)
Hibernate: insert into aforo_registros (business_id,fecha_hora,tipo,id) values (?,?,?,default)
Hibernate: insert into aforo_registros (business_id,fecha_hora,tipo,id) values (?,?,?,default)
Hibernate: insert into aforo_registros (business_id,fecha_hora,tipo,id) values (?,?,?,default)
Hibernate: insert into aforo_registros (business_id,fecha_hora,tipo,id) values (?,?,?,default)
Hibernate: insert into aforo_registros (business_id,fecha_hora,tipo,id) values (?,?,?,default)
Hibernate: insert into aforo_registros (business_id,fecha_hora,tipo,id) values (?,?,?,default)
Hibernate: insert into aforo_registros (business_id,fecha_hora,tipo,id) values (?,?,?,default)
Hibernate: insert into aforo_registros (business_id,fecha_hora,tipo,id) values (?,?,?,default)
Hibernate: insert into aforo_registros (business_id,fecha_hora,tipo,id) values (?,?,?,default)
Hibernate: insert into aforo_registros (business_id,fecha_hora,tipo,id) values (?,?,?,default)
Hibernate: insert into aforo_registros (business_id,fecha_hora,tipo,id) values (?,?,?,default)
Hibernate: insert into aforo_registros (business_id,fecha_hora,tipo,id) values (?,?,?,default)
Hibernate: insert into aforo_registros (business_id,fecha_hora,tipo,id) values (?,?,?,default)
Hibernate: insert into aforo_registros (business_id,fecha_hora,tipo,id) values (?,?,?,default)
Hibernate: insert into aforo_registros (business_id,fecha_hora,tipo,id) values (?,?,?,default)
Hibernate: insert into aforo_registros (business_id,fecha_hora,tipo,id) values (?,?,?,default)
Hibernate: insert into aforo_registros (business_id,fecha_hora,tipo,id) values (?,?,?,default)
Hibernate: insert into aforo_registros (business_id,fecha_hora,tipo,id) values (?,?,?,default)
Hibernate: insert into aforo_registros (business_id,fecha_hora,tipo,id) values (?,?,?,default)
Hibernate: insert into aforo_registros (business_id,fecha_hora,tipo,id) values (?,?,?,default)
Hibernate: insert into aforo_registros (business_id,fecha_hora,tipo,id) values (?,?,?,default)
Hibernate: insert into aforo_registros (business_id,fecha_hora,tipo,id) values (?,?,?,default)
Hibernate: insert into aforo_registros (business_id,fecha_hora,tipo,id) values (?,?,?,default)
Hibernate: insert into aforo_registros (business_id,fecha_hora,tipo,id) values (?,?,?,default)
Hibernate: insert into aforo_registros (business_id,fecha_hora,tipo,id) values (?,?,?,default)
Hibernate: insert into aforo_registros (business_id,fecha_hora,tipo,id) values (?,?,?,default)
Hibernate: insert into aforo_registros (business_id,fecha_hora,tipo,id) values (?,?,?,default)
Hibernate: insert into aforo_registros (business_id,fecha_hora,tipo,id) values (?,?,?,default)
Hibernate: insert into aforo_registros (business_id,fecha_hora,tipo,id) values (?,?,?,default)
Hibernate: insert into aforo_registros (business_id,fecha_hora,tipo,id) values (?,?,?,default)
Hibernate: insert into aforo_registros (business_id,fecha_hora,tipo,id) values (?,?,?,default)
Hibernate: insert into aforo_registros (business_id,fecha_hora,tipo,id) values (?,?,?,default)
Hibernate: insert into aforo_registros (business_id,fecha_hora,tipo,id) values (?,?,?,default)
Hibernate: insert into aforo_registros (business_id,fecha_hora,tipo,id) values (?,?,?,default)
Hibernate: insert into aforo_registros (business_id,fecha_hora,tipo,id) values (?,?,?,default)
Hibernate: insert into aforo_registros (business_id,fecha_hora,tipo,id) values (?,?,?,default)
Hibernate: insert into aforo_registros (business_id,fecha_hora,tipo,id) values (?,?,?,default)
Hibernate: insert into aforo_registros (business_id,fecha_hora,tipo,id) values (?,?,?,default)
Hibernate: insert into aforo_registros (business_id,fecha_hora,tipo,id) values (?,?,?,default)
Hibernate: insert into aforo_registros (business_id,fecha_hora,tipo,id) values (?,?,?,default)
Hibernate: insert into aforo_registros (business_id,fecha_hora,tipo,id) values (?,?,?,default)
Hibernate: insert into aforo_registros (business_id,fecha_hora,tipo,id) values (?,?,?,default)
Hibernate: insert into aforo_registros (business_id,fecha_hora,tipo,id) values (?,?,?,default)
Hibernate: insert into aforo_registros (business_id,fecha_hora,tipo,id) values (?,?,?,default)
Hibernate: insert into aforo_registros (business_id,fecha_hora,tipo,id) values (?,?,?,default)
Hibernate: insert into aforo_registros (business_id,fecha_hora,tipo,id) values (?,?,?,default)
Hibernate: insert into aforo_registros (business_id,fecha_hora,tipo,id) values (?,?,?,default)
Hibernate: insert into aforo_registros (business_id,fecha_hora,tipo,id) values (?,?,?,default)
Hibernate: insert into aforo_registros (business_id,fecha_hora,tipo,id) values (?,?,?,default)
Hibernate: insert into aforo_registros (business_id,fecha_hora,tipo,id) values (?,?,?,default)
Hibernate: insert into aforo_registros (business_id,fecha_hora,tipo,id) values (?,?,?,default)
Hibernate: insert into aforo_registros (business_id,fecha_hora,tipo,id) values (?,?,?,default)
Hibernate: insert into aforo_registros (business_id,fecha_hora,tipo,id) values (?,?,?,default)
Hibernate: insert into aforo_registros (business_id,fecha_hora,tipo,id) values (?,?,?,default)
Hibernate: insert into aforo_registros (business_id,fecha_hora,tipo,id) values (?,?,?,default)
Hibernate: insert into aforo_registros (business_id,fecha_hora,tipo,id) values (?,?,?,default)
Hibernate: insert into aforo_registros (business_id,fecha_hora,tipo,id) values (?,?,?,default)
Hibernate: insert into aforo_registros (business_id,fecha_hora,tipo,id) values (?,?,?,default)
Hibernate: insert into aforo_registros (business_id,fecha_hora,tipo,id) values (?,?,?,default)
Hibernate: insert into aforo_registros (business_id,fecha_hora,tipo,id) values (?,?,?,default)
Hibernate: insert into aforo_registros (business_id,fecha_hora,tipo,id) values (?,?,?,default)
Hibernate: insert into aforo_registros (business_id,fecha_hora,tipo,id) values (?,?,?,default)
Hibernate: insert into aforo_registros (business_id,fecha_hora,tipo,id) values (?,?,?,default)
Hibernate: insert into aforo_registros (business_id,fecha_hora,tipo,id) values (?,?,?,default)
Hibernate: insert into aforo_registros (business_id,fecha_hora,tipo,id) values (?,?,?,default)
Hibernate: insert into aforo_registros (business_id,fecha_hora,tipo,id) values (?,?,?,default)
Hibernate: insert into aforo_registros (business_id,fecha_hora,tipo,id) values (?,?,?,default)
Hibernate: insert into aforo_registros (business_id,fecha_hora,tipo,id) values (?,?,?,default)
Hibernate: insert into aforo_registros (business_id,fecha_hora,tipo,id) values (?,?,?,default)
Hibernate: insert into aforo_registros (business_id,fecha_hora,tipo,id) values (?,?,?,default)
Hibernate: insert into aforo_registros (business_id,fecha_hora,tipo,id) values (?,?,?,default)
Hibernate: insert into aforo_registros (business_id,fecha_hora,tipo,id) values (?,?,?,default)
Hibernate: insert into aforo_registros (business_id,fecha_hora,tipo,id) values (?,?,?,default)
Hibernate: insert into aforo_registros (business_id,fecha_hora,tipo,id) values (?,?,?,default)
Hibernate: insert into aforo_registros (business_id,fecha_hora,tipo,id) values (?,?,?,default)
Hibernate: insert into aforo_registros (business_id,fecha_hora,tipo,id) values (?,?,?,default)
Hibernate: insert into aforo_registros (business_id,fecha_hora,tipo,id) values (?,?,?,default)
Hibernate: insert into aforo_registros (business_id,fecha_hora,tipo,id) values (?,?,?,default)
Hibernate: insert into aforo_registros (business_id,fecha_hora,tipo,id) values (?,?,?,default)
Hibernate: insert into aforo_registros (business_id,fecha_hora,tipo,id) values (?,?,?,default)
Hibernate: insert into aforo_registros (business_id,fecha_hora,tipo,id) values (?,?,?,default)
Hibernate: insert into aforo_registros (business_id,fecha_hora,tipo,id) values (?,?,?,default)
Hibernate: insert into aforo_registros (business_id,fecha_hora,tipo,id) values (?,?,?,default)
Hibernate: insert into aforo_registros (business_id,fecha_hora,tipo,id) values (?,?,?,default)
Hibernate: insert into aforo_registros (business_id,fecha_hora,tipo,id) values (?,?,?,default)
Hibernate: insert into aforo_registros (business_id,fecha_hora,tipo,id) values (?,?,?,default)
Hibernate: insert into aforo_registros (business_id,fecha_hora,tipo,id) values (?,?,?,default)
Hibernate: insert into aforo_registros (business_id,fecha_hora,tipo,id) values (?,?,?,default)
Hibernate: insert into aforo_registros (business_id,fecha_hora,tipo,id) values (?,?,?,default)
Hibernate: insert into aforo_registros (business_id,fecha_hora,tipo,id) values (?,?,?,default)
Hibernate: insert into aforo_registros (business_id,fecha_hora,tipo,id) values (?,?,?,default)
Hibernate: insert into aforo_registros (business_id,fecha_hora,tipo,id) values (?,?,?,default)
Hibernate: insert into aforo_registros (business_id,fecha_hora,tipo,id) values (?,?,?,default)
Hibernate: insert into aforo_registros (business_id,fecha_hora,tipo,id) values (?,?,?,default)
Hibernate: insert into aforo_registros (business_id,fecha_hora,tipo,id) values (?,?,?,default)
Hibernate: insert into aforo_registros (business_id,fecha_hora,tipo,id) values (?,?,?,default)
Hibernate: insert into aforo_registros (business_id,fecha_hora,tipo,id) values (?,?,?,default)
Hibernate: insert into aforo_registros (business_id,fecha_hora,tipo,id) values (?,?,?,default)
Hibernate: insert into aforo_registros (business_id,fecha_hora,tipo,id) values (?,?,?,default)
Hibernate: insert into aforo_registros (business_id,fecha_hora,tipo,id) values (?,?,?,default)
Hibernate: insert into aforo_registros (business_id,fecha_hora,tipo,id) values (?,?,?,default)
Hibernate: insert into aforo_registros (business_id,fecha_hora,tipo,id) values (?,?,?,default)
Hibernate: insert into aforo_registros (business_id,fecha_hora,tipo,id) values (?,?,?,default)
Hibernate: insert into aforo_registros (business_id,fecha_hora,tipo,id) values (?,?,?,default)
Hibernate: insert into aforo_registros (business_id,fecha_hora,tipo,id) values (?,?,?,default)
Hibernate: insert into aforo_registros (business_id,fecha_hora,tipo,id) values (?,?,?,default)
Hibernate: insert into aforo_registros (business_id,fecha_hora,tipo,id) values (?,?,?,default)
Hibernate: insert into aforo_registros (business_id,fecha_hora,tipo,id) values (?,?,?,default)
Hibernate: insert into aforo_registros (business_id,fecha_hora,tipo,id) values (?,?,?,default)
Hibernate: insert into aforo_registros (business_id,fecha_hora,tipo,id) values (?,?,?,default)
Hibernate: insert into aforo_registros (business_id,fecha_hora,tipo,id) values (?,?,?,default)
Hibernate: insert into aforo_registros (business_id,fecha_hora,tipo,id) values (?,?,?,default)
Hibernate: insert into aforo_registros (business_id,fecha_hora,tipo,id) values (?,?,?,default)
Hibernate: insert into aforo_registros (business_id,fecha_hora,tipo,id) values (?,?,?,default)
Hibernate: insert into aforo_registros (business_id,fecha_hora,tipo,id) values (?,?,?,default)
Hibernate: insert into aforo_registros (business_id,fecha_hora,tipo,id) values (?,?,?,default)
Hibernate: insert into aforo_registros (business_id,fecha_hora,tipo,id) values (?,?,?,default)
Hibernate: insert into aforo_registros (business_id,fecha_hora,tipo,id) values (?,?,?,default)
Hibernate: insert into aforo_registros (business_id,fecha_hora,tipo,id) values (?,?,?,default)
Hibernate: insert into aforo_registros (business_id,fecha_hora,tipo,id) values (?,?,?,default)
Hibernate: insert into aforo_registros (business_id,fecha_hora,tipo,id) values (?,?,?,default)
Hibernate: insert into aforo_registros (business_id,fecha_hora,tipo,id) values (?,?,?,default)
Hibernate: insert into aforo_registros (business_id,fecha_hora,tipo,id) values (?,?,?,default)
Hibernate: insert into aforo_registros (business_id,fecha_hora,tipo,id) values (?,?,?,default)
Hibernate: insert into aforo_registros (business_id,fecha_hora,tipo,id) values (?,?,?,default)
Hibernate: insert into aforo_registros (business_id,fecha_hora,tipo,id) values (?,?,?,default)
Hibernate: insert into aforo_registros (business_id,fecha_hora,tipo,id) values (?,?,?,default)
Hibernate: insert into aforo_registros (business_id,fecha_hora,tipo,id) values (?,?,?,default)
Hibernate: insert into aforo_registros (business_id,fecha_hora,tipo,id) values (?,?,?,default)
Hibernate: insert into aforo_registros (business_id,fecha_hora,tipo,id) values (?,?,?,default)
Hibernate: insert into aforo_registros (business_id,fecha_hora,tipo,id) values (?,?,?,default)
Hibernate: insert into aforo_registros (business_id,fecha_hora,tipo,id) values (?,?,?,default)
Hibernate: insert into aforo_registros (business_id,fecha_hora,tipo,id) values (?,?,?,default)
Hibernate: insert into aforo_registros (business_id,fecha_hora,tipo,id) values (?,?,?,default)
Hibernate: insert into aforo_registros (business_id,fecha_hora,tipo,id) values (?,?,?,default)
Hibernate: insert into aforo_registros (business_id,fecha_hora,tipo,id) values (?,?,?,default)
Hibernate: insert into aforo_registros (business_id,fecha_hora,tipo,id) values (?,?,?,default)
Hibernate: insert into aforo_registros (business_id,fecha_hora,tipo,id) values (?,?,?,default)
Hibernate: insert into aforo_registros (business_id,fecha_hora,tipo,id) values (?,?,?,default)
Hibernate: insert into aforo_registros (business_id,fecha_hora,tipo,id) values (?,?,?,default)
Hibernate: insert into aforo_registros (business_id,fecha_hora,tipo,id) values (?,?,?,default)
Hibernate: insert into aforo_registros (business_id,fecha_hora,tipo,id) values (?,?,?,default)
Hibernate: insert into aforo_registros (business_id,fecha_hora,tipo,id) values (?,?,?,default)
Hibernate: insert into aforo_registros (business_id,fecha_hora,tipo,id) values (?,?,?,default)
Hibernate: insert into aforo_registros (business_id,fecha_hora,tipo,id) values (?,?,?,default)
Hibernate: insert into aforo_registros (business_id,fecha_hora,tipo,id) values (?,?,?,default)
Hibernate: insert into aforo_registros (business_id,fecha_hora,tipo,id) values (?,?,?,default)
Hibernate: insert into aforo_registros (business_id,fecha_hora,tipo,id) values (?,?,?,default)
Hibernate: insert into aforo_registros (business_id,fecha_hora,tipo,id) values (?,?,?,default)
Hibernate: insert into aforo_registros (business_id,fecha_hora,tipo,id) values (?,?,?,default)
Hibernate: insert into aforo_registros (business_id,fecha_hora,tipo,id) values (?,?,?,default)
Hibernate: insert into aforo_registros (business_id,fecha_hora,tipo,id) values (?,?,?,default)
Hibernate: insert into aforo_registros (business_id,fecha_hora,tipo,id) values (?,?,?,default)
Hibernate: insert into aforo_registros (business_id,fecha_hora,tipo,id) values (?,?,?,default)
Hibernate: insert into aforo_registros (business_id,fecha_hora,tipo,id) values (?,?,?,default)
Hibernate: insert into aforo_registros (business_id,fecha_hora,tipo,id) values (?,?,?,default)
Hibernate: insert into aforo_registros (business_id,fecha_hora,tipo,id) values (?,?,?,default)
Hibernate: insert into aforo_registros (business_id,fecha_hora,tipo,id) values (?,?,?,default)
Hibernate: insert into aforo_registros (business_id,fecha_hora,tipo,id) values (?,?,?,default)
Hibernate: insert into aforo_registros (business_id,fecha_hora,tipo,id) values (?,?,?,default)
Hibernate: insert into aforo_registros (business_id,fecha_hora,tipo,id) values (?,?,?,default)
Hibernate: insert into aforo_registros (business_id,fecha_hora,tipo,id) values (?,?,?,default)
Hibernate: insert into aforo_registros (business_id,fecha_hora,tipo,id) values (?,?,?,default)
Hibernate: insert into aforo_registros (business_id,fecha_hora,tipo,id) values (?,?,?,default)
Hibernate: insert into aforo_registros (business_id,fecha_hora,tipo,id) values (?,?,?,default)
Hibernate: insert into aforo_registros (business_id,fecha_hora,tipo,id) values (?,?,?,default)
Hibernate: insert into aforo_registros (business_id,fecha_hora,tipo,id) values (?,?,?,default)
Hibernate: insert into aforo_registros (business_id,fecha_hora,tipo,id) values (?,?,?,default)
Hibernate: insert into aforo_registros (business_id,fecha_hora,tipo,id) values (?,?,?,default)
Hibernate: insert into aforo_registros (business_id,fecha_hora,tipo,id) values (?,?,?,default)
Hibernate: insert into aforo_registros (business_id,fecha_hora,tipo,id) values (?,?,?,default)
Hibernate: insert into aforo_registros (business_id,fecha_hora,tipo,id) values (?,?,?,default)
Hibernate: insert into aforo_registros (business_id,fecha_hora,tipo,id) values (?,?,?,default)
Hibernate: insert into aforo_registros (business_id,fecha_hora,tipo,id) values (?,?,?,default)
Hibernate: insert into aforo_registros (business_id,fecha_hora,tipo,id) values (?,?,?,default)
Hibernate: insert into aforo_registros (business_id,fecha_hora,tipo,id) values (?,?,?,default)
Hibernate: insert into aforo_registros (business_id,fecha_hora,tipo,id) values (?,?,?,default)
Hibernate: insert into aforo_registros (business_id,fecha_hora,tipo,id) values (?,?,?,default)
Hibernate: insert into aforo_registros (business_id,fecha_hora,tipo,id) values (?,?,?,default)
Hibernate: insert into aforo_registros (business_id,fecha_hora,tipo,id) values (?,?,?,default)
Hibernate: insert into aforo_registros (business_id,fecha_hora,tipo,id) values (?,?,?,default)
Hibernate: insert into aforo_registros (business_id,fecha_hora,tipo,id) values (?,?,?,default)
Hibernate: insert into aforo_registros (business_id,fecha_hora,tipo,id) values (?,?,?,default)
Hibernate: insert into aforo_registros (business_id,fecha_hora,tipo,id) values (?,?,?,default)
Hibernate: insert into aforo_registros (business_id,fecha_hora,tipo,id) values (?,?,?,default)
Hibernate: insert into aforo_registros (business_id,fecha_hora,tipo,id) values (?,?,?,default)
Hibernate: insert into aforo_registros (business_id,fecha_hora,tipo,id) values (?,?,?,default)
Hibernate: insert into aforo_registros (business_id,fecha_hora,tipo,id) values (?,?,?,default)
Hibernate: insert into aforo_registros (business_id,fecha_hora,tipo,id) values (?,?,?,default)
Hibernate: insert into aforo_registros (business_id,fecha_hora,tipo,id) values (?,?,?,default)
Hibernate: insert into aforo_registros (business_id,fecha_hora,tipo,id) values (?,?,?,default)
Hibernate: insert into aforo_registros (business_id,fecha_hora,tipo,id) values (?,?,?,default)
Hibernate: insert into aforo_registros (business_id,fecha_hora,tipo,id) values (?,?,?,default)
Hibernate: insert into aforo_registros (business_id,fecha_hora,tipo,id) values (?,?,?,default)
Hibernate: insert into aforo_registros (business_id,fecha_hora,tipo,id) values (?,?,?,default)
Hibernate: insert into aforo_registros (business_id,fecha_hora,tipo,id) values (?,?,?,default)
Hibernate: insert into aforo_registros (business_id,fecha_hora,tipo,id) values (?,?,?,default)
Hibernate: insert into aforo_registros (business_id,fecha_hora,tipo,id) values (?,?,?,default)
Hibernate: insert into aforo_registros (business_id,fecha_hora,tipo,id) values (?,?,?,default)
Hibernate: insert into aforo_registros (business_id,fecha_hora,tipo,id) values (?,?,?,default)
Hibernate: insert into aforo_registros (business_id,fecha_hora,tipo,id) values (?,?,?,default)
Hibernate: insert into aforo_registros (business_id,fecha_hora,tipo,id) values (?,?,?,default)
Hibernate: insert into aforo_registros (business_id,fecha_hora,tipo,id) values (?,?,?,default)
Hibernate: insert into aforo_registros (business_id,fecha_hora,tipo,id) values (?,?,?,default)
Hibernate: insert into aforo_registros (business_id,fecha_hora,tipo,id) values (?,?,?,default)
Hibernate: insert into aforo_registros (business_id,fecha_hora,tipo,id) values (?,?,?,default)
Hibernate: insert into aforo_registros (business_id,fecha_hora,tipo,id) values (?,?,?,default)
Hibernate: insert into aforo_registros (business_id,fecha_hora,tipo,id) values (?,?,?,default)
Hibernate: insert into aforo_registros (business_id,fecha_hora,tipo,id) values (?,?,?,default)
Hibernate: insert into aforo_registros (business_id,fecha_hora,tipo,id) values (?,?,?,default)
Hibernate: insert into aforo_registros (business_id,fecha_hora,tipo,id) values (?,?,?,default)
Hibernate: insert into aforo_registros (business_id,fecha_hora,tipo,id) values (?,?,?,default)
Hibernate: insert into aforo_registros (business_id,fecha_hora,tipo,id) values (?,?,?,default)
Hibernate: insert into aforo_registros (business_id,fecha_hora,tipo,id) values (?,?,?,default)
Hibernate: insert into aforo_registros (business_id,fecha_hora,tipo,id) values (?,?,?,default)
Hibernate: insert into aforo_registros (business_id,fecha_hora,tipo,id) values (?,?,?,default)
Hibernate: insert into aforo_registros (business_id,fecha_hora,tipo,id) values (?,?,?,default)
Hibernate: insert into aforo_registros (business_id,fecha_hora,tipo,id) values (?,?,?,default)
Hibernate: insert into aforo_registros (business_id,fecha_hora,tipo,id) values (?,?,?,default)
Hibernate: insert into aforo_registros (business_id,fecha_hora,tipo,id) values (?,?,?,default)
Hibernate: insert into aforo_registros (business_id,fecha_hora,tipo,id) values (?,?,?,default)
Hibernate: insert into aforo_registros (business_id,fecha_hora,tipo,id) values (?,?,?,default)
Hibernate: insert into aforo_registros (business_id,fecha_hora,tipo,id) values (?,?,?,default)
Hibernate: insert into aforo_registros (business_id,fecha_hora,tipo,id) values (?,?,?,default)
Hibernate: insert into aforo_registros (business_id,fecha_hora,tipo,id) values (?,?,?,default)
Hibernate: insert into aforo_registros (business_id,fecha_hora,tipo,id) values (?,?,?,default)
Hibernate: insert into aforo_registros (business_id,fecha_hora,tipo,id) values (?,?,?,default)
Hibernate: insert into aforo_registros (business_id,fecha_hora,tipo,id) values (?,?,?,default)
Hibernate: insert into aforo_registros (business_id,fecha_hora,tipo,id) values (?,?,?,default)
Hibernate: insert into aforo_registros (business_id,fecha_hora,tipo,id) values (?,?,?,default)
Hibernate: insert into aforo_registros (business_id,fecha_hora,tipo,id) values (?,?,?,default)
Hibernate: insert into aforo_registros (business_id,fecha_hora,tipo,id) values (?,?,?,default)
Hibernate: insert into aforo_registros (business_id,fecha_hora,tipo,id) values (?,?,?,default)
Hibernate: insert into aforo_registros (business_id,fecha_hora,tipo,id) values (?,?,?,default)
Hibernate: insert into aforo_registros (business_id,fecha_hora,tipo,id) values (?,?,?,default)
Hibernate: insert into aforo_registros (business_id,fecha_hora,tipo,id) values (?,?,?,default)
Hibernate: insert into aforo_registros (business_id,fecha_hora,tipo,id) values (?,?,?,default)
Hibernate: insert into aforo_registros (business_id,fecha_hora,tipo,id) values (?,?,?,default)
Hibernate: insert into aforo_registros (business_id,fecha_hora,tipo,id) values (?,?,?,default)
Hibernate: insert into aforo_registros (business_id,fecha_hora,tipo,id) values (?,?,?,default)
Hibernate: insert into aforo_registros (business_id,fecha_hora,tipo,id) values (?,?,?,default)
Hibernate: insert into aforo_registros (business_id,fecha_hora,tipo,id) values (?,?,?,default)
Hibernate: insert into aforo_registros (business_id,fecha_hora,tipo,id) values (?,?,?,default)
Hibernate: insert into aforo_registros (business_id,fecha_hora,tipo,id) values (?,?,?,default)
Hibernate: insert into aforo_registros (business_id,fecha_hora,tipo,id) values (?,?,?,default)
Hibernate: insert into aforo_registros (business_id,fecha_hora,tipo,id) values (?,?,?,default)
Hibernate: insert into aforo_registros (business_id,fecha_hora,tipo,id) values (?,?,?,default)
Hibernate: insert into aforo_registros (business_id,fecha_hora,tipo,id) values (?,?,?,default)
Hibernate: insert into aforo_registros (business_id,fecha_hora,tipo,id) values (?,?,?,default)
Hibernate: insert into aforo_registros (business_id,fecha_hora,tipo,id) values (?,?,?,default)
Hibernate: insert into aforo_registros (business_id,fecha_hora,tipo,id) values (?,?,?,default)
Hibernate: insert into aforo_registros (business_id,fecha_hora,tipo,id) values (?,?,?,default)
Hibernate: insert into aforo_registros (business_id,fecha_hora,tipo,id) values (?,?,?,default)
Hibernate: insert into aforo_registros (business_id,fecha_hora,tipo,id) values (?,?,?,default)
Hibernate: insert into aforo_registros (business_id,fecha_hora,tipo,id) values (?,?,?,default)
Hibernate: insert into aforo_registros (business_id,fecha_hora,tipo,id) values (?,?,?,default)
Hibernate: insert into aforo_registros (business_id,fecha_hora,tipo,id) values (?,?,?,default)
Hibernate: insert into aforo_registros (business_id,fecha_hora,tipo,id) values (?,?,?,default)
Hibernate: insert into aforo_registros (business_id,fecha_hora,tipo,id) values (?,?,?,default)
Hibernate: insert into aforo_registros (business_id,fecha_hora,tipo,id) values (?,?,?,default)
Hibernate: insert into aforo_registros (business_id,fecha_hora,tipo,id) values (?,?,?,default)
Hibernate: insert into aforo_registros (business_id,fecha_hora,tipo,id) values (?,?,?,default)
Hibernate: insert into aforo_registros (business_id,fecha_hora,tipo,id) values (?,?,?,default)
Hibernate: insert into aforo_registros (business_id,fecha_hora,tipo,id) values (?,?,?,default)
Hibernate: insert into aforo_registros (business_id,fecha_hora,tipo,id) values (?,?,?,default)
Hibernate: insert into aforo_registros (business_id,fecha_hora,tipo,id) values (?,?,?,default)
Hibernate: insert into aforo_registros (business_id,fecha_hora,tipo,id) values (?,?,?,default)
Hibernate: insert into aforo_registros (business_id,fecha_hora,tipo,id) values (?,?,?,default)
Hibernate: insert into aforo_registros (business_id,fecha_hora,tipo,id) values (?,?,?,default)
Hibernate: insert into aforo_registros (business_id,fecha_hora,tipo,id) values (?,?,?,default)
Hibernate: insert into aforo_registros (business_id,fecha_hora,tipo,id) values (?,?,?,default)
Hibernate: insert into aforo_registros (business_id,fecha_hora,tipo,id) values (?,?,?,default)
Hibernate: insert into aforo_registros (business_id,fecha_hora,tipo,id) values (?,?,?,default)
Hibernate: insert into aforo_registros (business_id,fecha_hora,tipo,id) values (?,?,?,default)
Hibernate: insert into aforo_registros (business_id,fecha_hora,tipo,id) values (?,?,?,default)
Hibernate: insert into aforo_registros (business_id,fecha_hora,tipo,id) values (?,?,?,default)
Hibernate: insert into aforo_registros (business_id,fecha_hora,tipo,id) values (?,?,?,default)
Hibernate: insert into aforo_registros (business_id,fecha_hora,tipo,id) values (?,?,?,default)
Hibernate: insert into aforo_registros (business_id,fecha_hora,tipo,id) values (?,?,?,default)
Hibernate: insert into aforo_registros (business_id,fecha_hora,tipo,id) values (?,?,?,default)
Hibernate: insert into aforo_registros (business_id,fecha_hora,tipo,id) values (?,?,?,default)
Hibernate: insert into aforo_registros (business_id,fecha_hora,tipo,id) values (?,?,?,default)
Hibernate: insert into aforo_registros (business_id,fecha_hora,tipo,id) values (?,?,?,default)
Hibernate: insert into aforo_registros (business_id,fecha_hora,tipo,id) values (?,?,?,default)
Hibernate: insert into aforo_registros (business_id,fecha_hora,tipo,id) values (?,?,?,default)
Hibernate: insert into aforo_registros (business_id,fecha_hora,tipo,id) values (?,?,?,default)
Hibernate: insert into aforo_registros (business_id,fecha_hora,tipo,id) values (?,?,?,default)
Hibernate: insert into aforo_registros (business_id,fecha_hora,tipo,id) values (?,?,?,default)
Hibernate: insert into aforo_registros (business_id,fecha_hora,tipo,id) values (?,?,?,default)
Hibernate: insert into aforo_registros (business_id,fecha_hora,tipo,id) values (?,?,?,default)
Hibernate: insert into aforo_registros (business_id,fecha_hora,tipo,id) values (?,?,?,default)
Hibernate: insert into aforo_registros (business_id,fecha_hora,tipo,id) values (?,?,?,default)
Hibernate: insert into aforo_registros (business_id,fecha_hora,tipo,id) values (?,?,?,default)
Hibernate: insert into aforo_registros (business_id,fecha_hora,tipo,id) values (?,?,?,default)
Hibernate: insert into aforo_registros (business_id,fecha_hora,tipo,id) values (?,?,?,default)
Hibernate: insert into aforo_registros (business_id,fecha_hora,tipo,id) values (?,?,?,default)
Hibernate: insert into aforo_registros (business_id,fecha_hora,tipo,id) values (?,?,?,default)
Hibernate: insert into aforo_registros (business_id,fecha_hora,tipo,id) values (?,?,?,default)
Hibernate: insert into aforo_registros (business_id,fecha_hora,tipo,id) values (?,?,?,default)
Hibernate: insert into aforo_registros (business_id,fecha_hora,tipo,id) values (?,?,?,default)
Hibernate: insert into aforo_registros (business_id,fecha_hora,tipo,id) values (?,?,?,default)
Hibernate: insert into aforo_registros (business_id,fecha_hora,tipo,id) values (?,?,?,default)
Hibernate: insert into aforo_registros (business_id,fecha_hora,tipo,id) values (?,?,?,default)
Hibernate: insert into aforo_registros (business_id,fecha_hora,tipo,id) values (?,?,?,default)
Hibernate: insert into aforo_registros (business_id,fecha_hora,tipo,id) values (?,?,?,default)
Hibernate: insert into aforo_registros (business_id,fecha_hora,tipo,id) values (?,?,?,default)
Hibernate: insert into aforo_registros (business_id,fecha_hora,tipo,id) values (?,?,?,default)
Hibernate: insert into aforo_registros (business_id,fecha_hora,tipo,id) values (?,?,?,default)
Hibernate: insert into aforo_registros (business_id,fecha_hora,tipo,id) values (?,?,?,default)
Hibernate: insert into aforo_registros (business_id,fecha_hora,tipo,id) values (?,?,?,default)
Hibernate: insert into aforo_registros (business_id,fecha_hora,tipo,id) values (?,?,?,default)
Hibernate: insert into aforo_registros (business_id,fecha_hora,tipo,id) values (?,?,?,default)
Hibernate: insert into aforo_registros (business_id,fecha_hora,tipo,id) values (?,?,?,default)
Hibernate: insert into aforo_registros (business_id,fecha_hora,tipo,id) values (?,?,?,default)
Hibernate: insert into aforo_registros (business_id,fecha_hora,tipo,id) values (?,?,?,default)
Hibernate: insert into aforo_registros (business_id,fecha_hora,tipo,id) values (?,?,?,default)
Hibernate: insert into aforo_registros (business_id,fecha_hora,tipo,id) values (?,?,?,default)
Hibernate: insert into aforo_registros (business_id,fecha_hora,tipo,id) values (?,?,?,default)
Hibernate: insert into aforo_registros (business_id,fecha_hora,tipo,id) values (?,?,?,default)
Hibernate: insert into aforo_registros (business_id,fecha_hora,tipo,id) values (?,?,?,default)
Hibernate: insert into aforo_registros (business_id,fecha_hora,tipo,id) values (?,?,?,default)
Hibernate: insert into aforo_registros (business_id,fecha_hora,tipo,id) values (?,?,?,default)
Hibernate: insert into aforo_registros (business_id,fecha_hora,tipo,id) values (?,?,?,default)
Hibernate: insert into aforo_registros (business_id,fecha_hora,tipo,id) values (?,?,?,default)
Hibernate: insert into aforo_registros (business_id,fecha_hora,tipo,id) values (?,?,?,default)
Hibernate: insert into aforo_registros (business_id,fecha_hora,tipo,id) values (?,?,?,default)
Hibernate: insert into aforo_registros (business_id,fecha_hora,tipo,id) values (?,?,?,default)
Hibernate: insert into aforo_registros (business_id,fecha_hora,tipo,id) values (?,?,?,default)
Hibernate: insert into aforo_registros (business_id,fecha_hora,tipo,id) values (?,?,?,default)
Hibernate: insert into aforo_registros (business_id,fecha_hora,tipo,id) values (?,?,?,default)
Hibernate: insert into aforo_registros (business_id,fecha_hora,tipo,id) values (?,?,?,default)
Hibernate: insert into aforo_registros (business_id,fecha_hora,tipo,id) values (?,?,?,default)
Hibernate: insert into aforo_registros (business_id,fecha_hora,tipo,id) values (?,?,?,default)
Hibernate: insert into aforo_registros (business_id,fecha_hora,tipo,id) values (?,?,?,default)
Hibernate: insert into aforo_registros (business_id,fecha_hora,tipo,id) values (?,?,?,default)
Hibernate: insert into aforo_registros (business_id,fecha_hora,tipo,id) values (?,?,?,default)
Hibernate: insert into aforo_registros (business_id,fecha_hora,tipo,id) values (?,?,?,default)
Hibernate: insert into aforo_registros (business_id,fecha_hora,tipo,id) values (?,?,?,default)
Hibernate: insert into aforo_registros (business_id,fecha_hora,tipo,id) values (?,?,?,default)
Hibernate: insert into aforo_registros (business_id,fecha_hora,tipo,id) values (?,?,?,default)
Hibernate: insert into aforo_registros (business_id,fecha_hora,tipo,id) values (?,?,?,default)
Hibernate: insert into aforo_registros (business_id,fecha_hora,tipo,id) values (?,?,?,default)
Hibernate: insert into aforo_registros (business_id,fecha_hora,tipo,id) values (?,?,?,default)
Hibernate: insert into aforo_registros (business_id,fecha_hora,tipo,id) values (?,?,?,default)
Hibernate: insert into aforo_registros (business_id,fecha_hora,tipo,id) values (?,?,?,default)
Hibernate: insert into aforo_registros (business_id,fecha_hora,tipo,id) values (?,?,?,default)
Hibernate: insert into aforo_registros (business_id,fecha_hora,tipo,id) values (?,?,?,default)
Hibernate: insert into aforo_registros (business_id,fecha_hora,tipo,id) values (?,?,?,default)
Hibernate: insert into aforo_registros (business_id,fecha_hora,tipo,id) values (?,?,?,default)
Hibernate: insert into aforo_registros (business_id,fecha_hora,tipo,id) values (?,?,?,default)
Hibernate: insert into aforo_registros (business_id,fecha_hora,tipo,id) values (?,?,?,default)
Hibernate: insert into aforo_registros (business_id,fecha_hora,tipo,id) values (?,?,?,default)
Hibernate: insert into aforo_registros (business_id,fecha_hora,tipo,id) values (?,?,?,default)
Hibernate: insert into aforo_registros (business_id,fecha_hora,tipo,id) values (?,?,?,default)
Hibernate: insert into aforo_registros (business_id,fecha_hora,tipo,id) values (?,?,?,default)
Hibernate: insert into aforo_registros (business_id,fecha_hora,tipo,id) values (?,?,?,default)
Hibernate: insert into aforo_registros (business_id,fecha_hora,tipo,id) values (?,?,?,default)
Hibernate: insert into aforo_registros (business_id,fecha_hora,tipo,id) values (?,?,?,default)
Hibernate: insert into aforo_registros (business_id,fecha_hora,tipo,id) values (?,?,?,default)
Hibernate: insert into aforo_registros (business_id,fecha_hora,tipo,id) values (?,?,?,default)
Hibernate: insert into aforo_registros (business_id,fecha_hora,tipo,id) values (?,?,?,default)
Hibernate: insert into aforo_registros (business_id,fecha_hora,tipo,id) values (?,?,?,default)
Hibernate: insert into aforo_registros (business_id,fecha_hora,tipo,id) values (?,?,?,default)
Hibernate: insert into aforo_registros (business_id,fecha_hora,tipo,id) values (?,?,?,default)
Hibernate: insert into aforo_registros (business_id,fecha_hora,tipo,id) values (?,?,?,default)
Hibernate: insert into aforo_registros (business_id,fecha_hora,tipo,id) values (?,?,?,default)
Hibernate: insert into aforo_registros (business_id,fecha_hora,tipo,id) values (?,?,?,default)
Hibernate: insert into aforo_registros (business_id,fecha_hora,tipo,id) values (?,?,?,default)
Hibernate: insert into aforo_registros (business_id,fecha_hora,tipo,id) values (?,?,?,default)
Hibernate: insert into aforo_registros (business_id,fecha_hora,tipo,id) values (?,?,?,default)
Hibernate: insert into aforo_registros (business_id,fecha_hora,tipo,id) values (?,?,?,default)
Hibernate: insert into aforo_registros (business_id,fecha_hora,tipo,id) values (?,?,?,default)
Hibernate: insert into aforo_registros (business_id,fecha_hora,tipo,id) values (?,?,?,default)
Hibernate: insert into aforo_registros (business_id,fecha_hora,tipo,id) values (?,?,?,default)
Hibernate: insert into aforo_registros (business_id,fecha_hora,tipo,id) values (?,?,?,default)
Hibernate: insert into aforo_registros (business_id,fecha_hora,tipo,id) values (?,?,?,default)
Hibernate: insert into aforo_registros (business_id,fecha_hora,tipo,id) values (?,?,?,default)
Hibernate: insert into aforo_registros (business_id,fecha_hora,tipo,id) values (?,?,?,default)
Hibernate: insert into aforo_registros (business_id,fecha_hora,tipo,id) values (?,?,?,default)
Hibernate: insert into aforo_registros (business_id,fecha_hora,tipo,id) values (?,?,?,default)
Hibernate: insert into aforo_registros (business_id,fecha_hora,tipo,id) values (?,?,?,default)
Hibernate: insert into aforo_registros (business_id,fecha_hora,tipo,id) values (?,?,?,default)
Hibernate: insert into aforo_registros (business_id,fecha_hora,tipo,id) values (?,?,?,default)
Hibernate: insert into aforo_registros (business_id,fecha_hora,tipo,id) values (?,?,?,default)
Hibernate: insert into aforo_registros (business_id,fecha_hora,tipo,id) values (?,?,?,default)
Hibernate: insert into aforo_registros (business_id,fecha_hora,tipo,id) values (?,?,?,default)
Hibernate: insert into aforo_registros (business_id,fecha_hora,tipo,id) values (?,?,?,default)
Hibernate: insert into aforo_registros (business_id,fecha_hora,tipo,id) values (?,?,?,default)
Hibernate: insert into aforo_registros (business_id,fecha_hora,tipo,id) values (?,?,?,default)
Hibernate: insert into aforo_registros (business_id,fecha_hora,tipo,id) values (?,?,?,default)
Hibernate: insert into aforo_registros (business_id,fecha_hora,tipo,id) values (?,?,?,default)
Hibernate: insert into aforo_registros (business_id,fecha_hora,tipo,id) values (?,?,?,default)
Hibernate: insert into aforo_registros (business_id,fecha_hora,tipo,id) values (?,?,?,default)
Hibernate: insert into aforo_registros (business_id,fecha_hora,tipo,id) values (?,?,?,default)
Hibernate: insert into aforo_registros (business_id,fecha_hora,tipo,id) values (?,?,?,default)
Hibernate: insert into aforo_registros (business_id,fecha_hora,tipo,id) values (?,?,?,default)
Hibernate: insert into aforo_registros (business_id,fecha_hora,tipo,id) values (?,?,?,default)
Hibernate: insert into aforo_registros (business_id,fecha_hora,tipo,id) values (?,?,?,default)
Hibernate: insert into aforo_registros (business_id,fecha_hora,tipo,id) values (?,?,?,default)
Hibernate: insert into aforo_registros (business_id,fecha_hora,tipo,id) values (?,?,?,default)
Hibernate: insert into aforo_registros (business_id,fecha_hora,tipo,id) values (?,?,?,default)
Hibernate: insert into aforo_registros (business_id,fecha_hora,tipo,id) values (?,?,?,default)
Hibernate: insert into aforo_registros (business_id,fecha_hora,tipo,id) values (?,?,?,default)
Hibernate: insert into aforo_registros (business_id,fecha_hora,tipo,id) values (?,?,?,default)
Hibernate: insert into aforo_registros (business_id,fecha_hora,tipo,id) values (?,?,?,default)
Hibernate: insert into aforo_registros (business_id,fecha_hora,tipo,id) values (?,?,?,default)
Hibernate: insert into aforo_registros (business_id,fecha_hora,tipo,id) values (?,?,?,default)
Hibernate: insert into aforo_registros (business_id,fecha_hora,tipo,id) values (?,?,?,default)
Hibernate: insert into aforo_registros (business_id,fecha_hora,tipo,id) values (?,?,?,default)
Hibernate: insert into aforo_registros (business_id,fecha_hora,tipo,id) values (?,?,?,default)
Hibernate: insert into aforo_registros (business_id,fecha_hora,tipo,id) values (?,?,?,default)
Hibernate: insert into aforo_registros (business_id,fecha_hora,tipo,id) values (?,?,?,default)
Hibernate: insert into aforo_registros (business_id,fecha_hora,tipo,id) values (?,?,?,default)
Hibernate: insert into aforo_registros (business_id,fecha_hora,tipo,id) values (?,?,?,default)
Hibernate: insert into aforo_registros (business_id,fecha_hora,tipo,id) values (?,?,?,default)
Hibernate: insert into aforo_registros (business_id,fecha_hora,tipo,id) values (?,?,?,default)
Hibernate: insert into aforo_registros (business_id,fecha_hora,tipo,id) values (?,?,?,default)
Hibernate: insert into aforo_registros (business_id,fecha_hora,tipo,id) values (?,?,?,default)
Hibernate: insert into aforo_registros (business_id,fecha_hora,tipo,id) values (?,?,?,default)
Hibernate: insert into aforo_registros (business_id,fecha_hora,tipo,id) values (?,?,?,default)
Hibernate: insert into aforo_registros (business_id,fecha_hora,tipo,id) values (?,?,?,default)
Hibernate: insert into aforo_registros (business_id,fecha_hora,tipo,id) values (?,?,?,default)
Hibernate: insert into aforo_registros (business_id,fecha_hora,tipo,id) values (?,?,?,default)
Hibernate: insert into aforo_registros (business_id,fecha_hora,tipo,id) values (?,?,?,default)
Hibernate: insert into aforo_registros (business_id,fecha_hora,tipo,id) values (?,?,?,default)
Hibernate: insert into aforo_registros (business_id,fecha_hora,tipo,id) values (?,?,?,default)
Hibernate: insert into aforo_registros (business_id,fecha_hora,tipo,id) values (?,?,?,default)
Hibernate: insert into aforo_registros (business_id,fecha_hora,tipo,id) values (?,?,?,default)
Hibernate: insert into aforo_registros (business_id,fecha_hora,tipo,id) values (?,?,?,default)
Hibernate: insert into aforo_registros (business_id,fecha_hora,tipo,id) values (?,?,?,default)
Hibernate: insert into aforo_registros (business_id,fecha_hora,tipo,id) values (?,?,?,default)
Hibernate: insert into aforo_registros (business_id,fecha_hora,tipo,id) values (?,?,?,default)
Hibernate: insert into aforo_registros (business_id,fecha_hora,tipo,id) values (?,?,?,default)
Hibernate: insert into aforo_registros (business_id,fecha_hora,tipo,id) values (?,?,?,default)
Hibernate: insert into aforo_registros (business_id,fecha_hora,tipo,id) values (?,?,?,default)
Hibernate: insert into aforo_registros (business_id,fecha_hora,tipo,id) values (?,?,?,default)
Hibernate: insert into aforo_registros (business_id,fecha_hora,tipo,id) values (?,?,?,default)
Hibernate: insert into aforo_registros (business_id,fecha_hora,tipo,id) values (?,?,?,default)
Hibernate: insert into aforo_registros (business_id,fecha_hora,tipo,id) values (?,?,?,default)
Hibernate: insert into aforo_registros (business_id,fecha_hora,tipo,id) values (?,?,?,default)
Hibernate: insert into aforo_registros (business_id,fecha_hora,tipo,id) values (?,?,?,default)
Hibernate: insert into aforo_registros (business_id,fecha_hora,tipo,id) values (?,?,?,default)
Hibernate: insert into aforo_registros (business_id,fecha_hora,tipo,id) values (?,?,?,default)
Hibernate: insert into aforo_registros (business_id,fecha_hora,tipo,id) values (?,?,?,default)
Hibernate: insert into aforo_registros (business_id,fecha_hora,tipo,id) values (?,?,?,default)
Hibernate: insert into aforo_registros (business_id,fecha_hora,tipo,id) values (?,?,?,default)
Hibernate: insert into aforo_registros (business_id,fecha_hora,tipo,id) values (?,?,?,default)
Hibernate: insert into aforo_registros (business_id,fecha_hora,tipo,id) values (?,?,?,default)
Hibernate: insert into aforo_registros (business_id,fecha_hora,tipo,id) values (?,?,?,default)
Hibernate: insert into aforo_registros (business_id,fecha_hora,tipo,id) values (?,?,?,default)
Hibernate: insert into aforo_registros (business_id,fecha_hora,tipo,id) values (?,?,?,default)
Hibernate: insert into aforo_registros (business_id,fecha_hora,tipo,id) values (?,?,?,default)
Hibernate: insert into aforo_registros (business_id,fecha_hora,tipo,id) values (?,?,?,default)
Hibernate: insert into aforo_registros (business_id,fecha_hora,tipo,id) values (?,?,?,default)
Hibernate: insert into aforo_registros (business_id,fecha_hora,tipo,id) values (?,?,?,default)
Hibernate: insert into aforo_registros (business_id,fecha_hora,tipo,id) values (?,?,?,default)
Hibernate: insert into aforo_registros (business_id,fecha_hora,tipo,id) values (?,?,?,default)
Hibernate: insert into aforo_registros (business_id,fecha_hora,tipo,id) values (?,?,?,default)
Hibernate: insert into aforo_registros (business_id,fecha_hora,tipo,id) values (?,?,?,default)
Hibernate: insert into aforo_registros (business_id,fecha_hora,tipo,id) values (?,?,?,default)
Hibernate: insert into aforo_registros (business_id,fecha_hora,tipo,id) values (?,?,?,default)
Hibernate: insert into aforo_registros (business_id,fecha_hora,tipo,id) values (?,?,?,default)
Hibernate: insert into aforo_registros (business_id,fecha_hora,tipo,id) values (?,?,?,default)
Hibernate: insert into aforo_registros (business_id,fecha_hora,tipo,id) values (?,?,?,default)
Hibernate: insert into aforo_registros (business_id,fecha_hora,tipo,id) values (?,?,?,default)
Hibernate: insert into aforo_registros (business_id,fecha_hora,tipo,id) values (?,?,?,default)
Hibernate: insert into aforo_registros (business_id,fecha_hora,tipo,id) values (?,?,?,default)
Hibernate: insert into aforo_registros (business_id,fecha_hora,tipo,id) values (?,?,?,default)
Hibernate: insert into aforo_registros (business_id,fecha_hora,tipo,id) values (?,?,?,default)
Hibernate: insert into aforo_registros (business_id,fecha_hora,tipo,id) values (?,?,?,default)
Hibernate: insert into aforo_registros (business_id,fecha_hora,tipo,id) values (?,?,?,default)
Hibernate: insert into aforo_registros (business_id,fecha_hora,tipo,id) values (?,?,?,default)
Hibernate: insert into aforo_registros (business_id,fecha_hora,tipo,id) values (?,?,?,default)
Hibernate: insert into aforo_registros (business_id,fecha_hora,tipo,id) values (?,?,?,default)
Hibernate: insert into aforo_registros (business_id,fecha_hora,tipo,id) values (?,?,?,default)
Hibernate: insert into aforo_registros (business_id,fecha_hora,tipo,id) values (?,?,?,default)
Hibernate: insert into aforo_registros (business_id,fecha_hora,tipo,id) values (?,?,?,default)
Hibernate: insert into aforo_registros (business_id,fecha_hora,tipo,id) values (?,?,?,default)
Hibernate: insert into aforo_registros (business_id,fecha_hora,tipo,id) values (?,?,?,default)
Hibernate: insert into aforo_registros (business_id,fecha_hora,tipo,id) values (?,?,?,default)
Hibernate: insert into aforo_registros (business_id,fecha_hora,tipo,id) values (?,?,?,default)
Hibernate: insert into aforo_registros (business_id,fecha_hora,tipo,id) values (?,?,?,default)
Hibernate: insert into aforo_registros (business_id,fecha_hora,tipo,id) values (?,?,?,default)
Hibernate: insert into aforo_registros (business_id,fecha_hora,tipo,id) values (?,?,?,default)
Hibernate: insert into aforo_registros (business_id,fecha_hora,tipo,id) values (?,?,?,default)
Hibernate: insert into aforo_registros (business_id,fecha_hora,tipo,id) values (?,?,?,default)
Hibernate: insert into aforo_registros (business_id,fecha_hora,tipo,id) values (?,?,?,default)
Hibernate: insert into aforo_registros (business_id,fecha_hora,tipo,id) values (?,?,?,default)
Hibernate: insert into aforo_registros (business_id,fecha_hora,tipo,id) values (?,?,?,default)
Hibernate: insert into aforo_registros (business_id,fecha_hora,tipo,id) values (?,?,?,default)
Hibernate: insert into aforo_registros (business_id,fecha_hora,tipo,id) values (?,?,?,default)
Hibernate: insert into aforo_registros (business_id,fecha_hora,tipo,id) values (?,?,?,default)
Hibernate: insert into aforo_registros (business_id,fecha_hora,tipo,id) values (?,?,?,default)
Hibernate: insert into aforo_registros (business_id,fecha_hora,tipo,id) values (?,?,?,default)
Hibernate: insert into aforo_registros (business_id,fecha_hora,tipo,id) values (?,?,?,default)
Hibernate: insert into aforo_registros (business_id,fecha_hora,tipo,id) values (?,?,?,default)
Hibernate: insert into aforo_registros (business_id,fecha_hora,tipo,id) values (?,?,?,default)
Hibernate: insert into aforo_registros (business_id,fecha_hora,tipo,id) values (?,?,?,default)
Hibernate: insert into aforo_registros (business_id,fecha_hora,tipo,id) values (?,?,?,default)
Hibernate: insert into aforo_registros (business_id,fecha_hora,tipo,id) values (?,?,?,default)
Hibernate: insert into aforo_registros (business_id,fecha_hora,tipo,id) values (?,?,?,default)
Hibernate: insert into aforo_registros (business_id,fecha_hora,tipo,id) values (?,?,?,default)
Hibernate: insert into aforo_registros (business_id,fecha_hora,tipo,id) values (?,?,?,default)
Hibernate: insert into aforo_registros (business_id,fecha_hora,tipo,id) values (?,?,?,default)
Hibernate: insert into aforo_registros (business_id,fecha_hora,tipo,id) values (?,?,?,default)
Hibernate: insert into aforo_registros (business_id,fecha_hora,tipo,id) values (?,?,?,default)
Hibernate: insert into aforo_registros (business_id,fecha_hora,tipo,id) values (?,?,?,default)
Hibernate: insert into aforo_registros (business_id,fecha_hora,tipo,id) values (?,?,?,default)
Hibernate: insert into aforo_registros (business_id,fecha_hora,tipo,id) values (?,?,?,default)
Hibernate: insert into aforo_registros (business_id,fecha_hora,tipo,id) values (?,?,?,default)
Hibernate: insert into aforo_registros (business_id,fecha_hora,tipo,id) values (?,?,?,default)
Hibernate: insert into aforo_registros (business_id,fecha_hora,tipo,id) values (?,?,?,default)
Hibernate: insert into aforo_registros (business_id,fecha_hora,tipo,id) values (?,?,?,default)
Hibernate: insert into aforo_registros (business_id,fecha_hora,tipo,id) values (?,?,?,default)
Hibernate: insert into aforo_registros (business_id,fecha_hora,tipo,id) values (?,?,?,default)
Hibernate: insert into aforo_registros (business_id,fecha_hora,tipo,id) values (?,?,?,default)
Hibernate: insert into aforo_registros (business_id,fecha_hora,tipo,id) values (?,?,?,default)
Hibernate: insert into aforo_registros (business_id,fecha_hora,tipo,id) values (?,?,?,default)
Hibernate: insert into aforo_registros (business_id,fecha_hora,tipo,id) values (?,?,?,default)
Hibernate: insert into aforo_registros (business_id,fecha_hora,tipo,id) values (?,?,?,default)
Hibernate: insert into aforo_registros (business_id,fecha_hora,tipo,id) values (?,?,?,default)
Hibernate: insert into aforo_registros (business_id,fecha_hora,tipo,id) values (?,?,?,default)
Hibernate: insert into aforo_registros (business_id,fecha_hora,tipo,id) values (?,?,?,default)
Hibernate: insert into aforo_registros (business_id,fecha_hora,tipo,id) values (?,?,?,default)
Hibernate: insert into aforo_registros (business_id,fecha_hora,tipo,id) values (?,?,?,default)
Hibernate: insert into aforo_registros (business_id,fecha_hora,tipo,id) values (?,?,?,default)
Hibernate: insert into aforo_registros (business_id,fecha_hora,tipo,id) values (?,?,?,default)
Hibernate: insert into aforo_registros (business_id,fecha_hora,tipo,id) values (?,?,?,default)
Hibernate: insert into aforo_registros (business_id,fecha_hora,tipo,id) values (?,?,?,default)
Hibernate: insert into aforo_registros (business_id,fecha_hora,tipo,id) values (?,?,?,default)
Hibernate: insert into aforo_registros (business_id,fecha_hora,tipo,id) values (?,?,?,default)
Hibernate: insert into aforo_registros (business_id,fecha_hora,tipo,id) values (?,?,?,default)
Hibernate: insert into aforo_registros (business_id,fecha_hora,tipo,id) values (?,?,?,default)
Hibernate: insert into aforo_registros (business_id,fecha_hora,tipo,id) values (?,?,?,default)
Hibernate: insert into aforo_registros (business_id,fecha_hora,tipo,id) values (?,?,?,default)
Hibernate: insert into aforo_registros (business_id,fecha_hora,tipo,id) values (?,?,?,default)
Hibernate: insert into aforo_registros (business_id,fecha_hora,tipo,id) values (?,?,?,default)
Hibernate: insert into aforo_registros (business_id,fecha_hora,tipo,id) values (?,?,?,default)
Hibernate: insert into aforo_registros (business_id,fecha_hora,tipo,id) values (?,?,?,default)
Hibernate: insert into aforo_registros (business_id,fecha_hora,tipo,id) values (?,?,?,default)
Hibernate: insert into aforo_registros (business_id,fecha_hora,tipo,id) values (?,?,?,default)
Hibernate: insert into aforo_registros (business_id,fecha_hora,tipo,id) values (?,?,?,default)
Hibernate: insert into aforo_registros (business_id,fecha_hora,tipo,id) values (?,?,?,default)
Hibernate: insert into aforo_registros (business_id,fecha_hora,tipo,id) values (?,?,?,default)
Hibernate: insert into aforo_registros (business_id,fecha_hora,tipo,id) values (?,?,?,default)
Hibernate: insert into aforo_registros (business_id,fecha_hora,tipo,id) values (?,?,?,default)
Hibernate: insert into aforo_registros (business_id,fecha_hora,tipo,id) values (?,?,?,default)
Hibernate: insert into aforo_registros (business_id,fecha_hora,tipo,id) values (?,?,?,default)
Hibernate: insert into aforo_registros (business_id,fecha_hora,tipo,id) values (?,?,?,default)
Hibernate: insert into aforo_registros (business_id,fecha_hora,tipo,id) values (?,?,?,default)
Hibernate: insert into aforo_registros (business_id,fecha_hora,tipo,id) values (?,?,?,default)
Hibernate: insert into aforo_registros (business_id,fecha_hora,tipo,id) values (?,?,?,default)
Hibernate: insert into aforo_registros (business_id,fecha_hora,tipo,id) values (?,?,?,default)
Hibernate: insert into aforo_registros (business_id,fecha_hora,tipo,id) values (?,?,?,default)
Hibernate: insert into aforo_registros (business_id,fecha_hora,tipo,id) values (?,?,?,default)
Hibernate: insert into aforo_registros (business_id,fecha_hora,tipo,id) values (?,?,?,default)
Hibernate: insert into aforo_registros (business_id,fecha_hora,tipo,id) values (?,?,?,default)
Hibernate: insert into aforo_registros (business_id,fecha_hora,tipo,id) values (?,?,?,default)
Hibernate: insert into aforo_registros (business_id,fecha_hora,tipo,id) values (?,?,?,default)
Hibernate: insert into aforo_registros (business_id,fecha_hora,tipo,id) values (?,?,?,default)
Hibernate: insert into aforo_registros (business_id,fecha_hora,tipo,id) values (?,?,?,default)
Hibernate: insert into aforo_registros (business_id,fecha_hora,tipo,id) values (?,?,?,default)
Hibernate: insert into aforo_registros (business_id,fecha_hora,tipo,id) values (?,?,?,default)
Hibernate: insert into aforo_registros (business_id,fecha_hora,tipo,id) values (?,?,?,default)
Hibernate: insert into aforo_registros (business_id,fecha_hora,tipo,id) values (?,?,?,default)
Hibernate: insert into aforo_registros (business_id,fecha_hora,tipo,id) values (?,?,?,default)
Hibernate: insert into aforo_registros (business_id,fecha_hora,tipo,id) values (?,?,?,default)
Hibernate: insert into aforo_registros (business_id,fecha_hora,tipo,id) values (?,?,?,default)
Hibernate: insert into aforo_registros (business_id,fecha_hora,tipo,id) values (?,?,?,default)
Hibernate: insert into aforo_registros (business_id,fecha_hora,tipo,id) values (?,?,?,default)
Hibernate: insert into aforo_registros (business_id,fecha_hora,tipo,id) values (?,?,?,default)
Hibernate: insert into aforo_registros (business_id,fecha_hora,tipo,id) values (?,?,?,default)
Hibernate: insert into aforo_registros (business_id,fecha_hora,tipo,id) values (?,?,?,default)
Hibernate: insert into aforo_registros (business_id,fecha_hora,tipo,id) values (?,?,?,default)
Hibernate: insert into aforo_registros (business_id,fecha_hora,tipo,id) values (?,?,?,default)
Hibernate: insert into aforo_registros (business_id,fecha_hora,tipo,id) values (?,?,?,default)
Hibernate: insert into aforo_registros (business_id,fecha_hora,tipo,id) values (?,?,?,default)
Hibernate: insert into aforo_registros (business_id,fecha_hora,tipo,id) values (?,?,?,default)
Hibernate: insert into aforo_registros (business_id,fecha_hora,tipo,id) values (?,?,?,default)
Hibernate: insert into aforo_registros (business_id,fecha_hora,tipo,id) values (?,?,?,default)
Hibernate: insert into aforo_registros (business_id,fecha_hora,tipo,id) values (?,?,?,default)
Hibernate: insert into aforo_registros (business_id,fecha_hora,tipo,id) values (?,?,?,default)
Hibernate: insert into aforo_registros (business_id,fecha_hora,tipo,id) values (?,?,?,default)
Hibernate: insert into aforo_registros (business_id,fecha_hora,tipo,id) values (?,?,?,default)
Hibernate: insert into aforo_registros (business_id,fecha_hora,tipo,id) values (?,?,?,default)
Hibernate: insert into aforo_registros (business_id,fecha_hora,tipo,id) values (?,?,?,default)
Hibernate: insert into aforo_registros (business_id,fecha_hora,tipo,id) values (?,?,?,default)
Hibernate: insert into aforo_registros (business_id,fecha_hora,tipo,id) values (?,?,?,default)
Hibernate: insert into aforo_registros (business_id,fecha_hora,tipo,id) values (?,?,?,default)
Hibernate: insert into aforo_registros (business_id,fecha_hora,tipo,id) values (?,?,?,default)
Hibernate: insert into aforo_registros (business_id,fecha_hora,tipo,id) values (?,?,?,default)
Hibernate: insert into aforo_registros (business_id,fecha_hora,tipo,id) values (?,?,?,default)
Hibernate: insert into aforo_registros (business_id,fecha_hora,tipo,id) values (?,?,?,default)
Hibernate: insert into aforo_registros (business_id,fecha_hora,tipo,id) values (?,?,?,default)
Hibernate: insert into aforo_registros (business_id,fecha_hora,tipo,id) values (?,?,?,default)
Hibernate: insert into aforo_registros (business_id,fecha_hora,tipo,id) values (?,?,?,default)
Hibernate: insert into aforo_registros (business_id,fecha_hora,tipo,id) values (?,?,?,default)
Hibernate: insert into aforo_registros (business_id,fecha_hora,tipo,id) values (?,?,?,default)
Hibernate: insert into aforo_registros (business_id,fecha_hora,tipo,id) values (?,?,?,default)
Hibernate: insert into aforo_registros (business_id,fecha_hora,tipo,id) values (?,?,?,default)
Hibernate: insert into aforo_registros (business_id,fecha_hora,tipo,id) values (?,?,?,default)
Hibernate: insert into aforo_registros (business_id,fecha_hora,tipo,id) values (?,?,?,default)
Hibernate: insert into aforo_registros (business_id,fecha_hora,tipo,id) values (?,?,?,default)
Hibernate: insert into aforo_registros (business_id,fecha_hora,tipo,id) values (?,?,?,default)
Hibernate: insert into aforo_registros (business_id,fecha_hora,tipo,id) values (?,?,?,default)
Hibernate: insert into aforo_registros (business_id,fecha_hora,tipo,id) values (?,?,?,default)
Hibernate: insert into aforo_registros (business_id,fecha_hora,tipo,id) values (?,?,?,default)
Hibernate: insert into aforo_registros (business_id,fecha_hora,tipo,id) values (?,?,?,default)
Hibernate: insert into aforo_registros (business_id,fecha_hora,tipo,id) values (?,?,?,default)
Hibernate: insert into aforo_registros (business_id,fecha_hora,tipo,id) values (?,?,?,default)
Hibernate: insert into aforo_registros (business_id,fecha_hora,tipo,id) values (?,?,?,default)
Hibernate: insert into aforo_registros (business_id,fecha_hora,tipo,id) values (?,?,?,default)
Hibernate: insert into aforo_registros (business_id,fecha_hora,tipo,id) values (?,?,?,default)
Hibernate: insert into aforo_registros (business_id,fecha_hora,tipo,id) values (?,?,?,default)
Hibernate: insert into aforo_registros (business_id,fecha_hora,tipo,id) values (?,?,?,default)
Hibernate: insert into aforo_registros (business_id,fecha_hora,tipo,id) values (?,?,?,default)
Hibernate: insert into aforo_registros (business_id,fecha_hora,tipo,id) values (?,?,?,default)
Hibernate: insert into aforo_registros (business_id,fecha_hora,tipo,id) values (?,?,?,default)
Hibernate: insert into aforo_registros (business_id,fecha_hora,tipo,id) values (?,?,?,default)
Hibernate: insert into aforo_registros (business_id,fecha_hora,tipo,id) values (?,?,?,default)
Hibernate: insert into aforo_registros (business_id,fecha_hora,tipo,id) values (?,?,?,default)
Hibernate: insert into aforo_registros (business_id,fecha_hora,tipo,id) values (?,?,?,default)
Hibernate: insert into aforo_registros (business_id,fecha_hora,tipo,id) values (?,?,?,default)
Hibernate: insert into aforo_registros (business_id,fecha_hora,tipo,id) values (?,?,?,default)
Hibernate: insert into aforo_registros (business_id,fecha_hora,tipo,id) values (?,?,?,default)
Hibernate: insert into aforo_registros (business_id,fecha_hora,tipo,id) values (?,?,?,default)
Hibernate: insert into aforo_registros (business_id,fecha_hora,tipo,id) values (?,?,?,default)
Hibernate: insert into aforo_registros (business_id,fecha_hora,tipo,id) values (?,?,?,default)
Hibernate: insert into aforo_registros (business_id,fecha_hora,tipo,id) values (?,?,?,default)
Hibernate: insert into aforo_registros (business_id,fecha_hora,tipo,id) values (?,?,?,default)
Hibernate: insert into aforo_registros (business_id,fecha_hora,tipo,id) values (?,?,?,default)
Hibernate: insert into aforo_registros (business_id,fecha_hora,tipo,id) values (?,?,?,default)
Hibernate: insert into aforo_registros (business_id,fecha_hora,tipo,id) values (?,?,?,default)
Hibernate: insert into aforo_registros (business_id,fecha_hora,tipo,id) values (?,?,?,default)
Hibernate: insert into aforo_registros (business_id,fecha_hora,tipo,id) values (?,?,?,default)
Hibernate: insert into aforo_registros (business_id,fecha_hora,tipo,id) values (?,?,?,default)
Hibernate: insert into aforo_registros (business_id,fecha_hora,tipo,id) values (?,?,?,default)
Hibernate: insert into aforo_registros (business_id,fecha_hora,tipo,id) values (?,?,?,default)
Hibernate: insert into aforo_registros (business_id,fecha_hora,tipo,id) values (?,?,?,default)
Hibernate: insert into aforo_registros (business_id,fecha_hora,tipo,id) values (?,?,?,default)
Hibernate: insert into aforo_registros (business_id,fecha_hora,tipo,id) values (?,?,?,default)
Hibernate: insert into aforo_registros (business_id,fecha_hora,tipo,id) values (?,?,?,default)
Hibernate: insert into aforo_registros (business_id,fecha_hora,tipo,id) values (?,?,?,default)
Hibernate: insert into aforo_registros (business_id,fecha_hora,tipo,id) values (?,?,?,default)
Hibernate: insert into aforo_registros (business_id,fecha_hora,tipo,id) values (?,?,?,default)
Hibernate: insert into aforo_registros (business_id,fecha_hora,tipo,id) values (?,?,?,default)
Hibernate: insert into aforo_registros (business_id,fecha_hora,tipo,id) values (?,?,?,default)
Hibernate: insert into aforo_registros (business_id,fecha_hora,tipo,id) values (?,?,?,default)
Hibernate: insert into aforo_registros (business_id,fecha_hora,tipo,id) values (?,?,?,default)
Hibernate: insert into aforo_registros (business_id,fecha_hora,tipo,id) values (?,?,?,default)
Hibernate: insert into aforo_registros (business_id,fecha_hora,tipo,id) values (?,?,?,default)
Hibernate: insert into aforo_registros (business_id,fecha_hora,tipo,id) values (?,?,?,default)
Hibernate: insert into aforo_registros (business_id,fecha_hora,tipo,id) values (?,?,?,default)
Hibernate: insert into aforo_registros (business_id,fecha_hora,tipo,id) values (?,?,?,default)
Hibernate: insert into aforo_registros (business_id,fecha_hora,tipo,id) values (?,?,?,default)
Hibernate: insert into aforo_registros (business_id,fecha_hora,tipo,id) values (?,?,?,default)
Hibernate: insert into aforo_registros (business_id,fecha_hora,tipo,id) values (?,?,?,default)
Hibernate: insert into aforo_registros (business_id,fecha_hora,tipo,id) values (?,?,?,default)
Hibernate: insert into aforo_registros (business_id,fecha_hora,tipo,id) values (?,?,?,default)
Hibernate: insert into aforo_registros (business_id,fecha_hora,tipo,id) values (?,?,?,default)
Hibernate: insert into aforo_registros (business_id,fecha_hora,tipo,id) values (?,?,?,default)
Hibernate: insert into aforo_registros (business_id,fecha_hora,tipo,id) values (?,?,?,default)
Hibernate: insert into aforo_registros (business_id,fecha_hora,tipo,id) values (?,?,?,default)
Hibernate: insert into aforo_registros (business_id,fecha_hora,tipo,id) values (?,?,?,default)
Hibernate: insert into aforo_registros (business_id,fecha_hora,tipo,id) values (?,?,?,default)
Hibernate: insert into aforo_registros (business_id,fecha_hora,tipo,id) values (?,?,?,default)
Hibernate: insert into aforo_registros (business_id,fecha_hora,tipo,id) values (?,?,?,default)
Hibernate: insert into aforo_registros (business_id,fecha_hora,tipo,id) values (?,?,?,default)
Hibernate: insert into aforo_registros (business_id,fecha_hora,tipo,id) values (?,?,?,default)
Hibernate: insert into aforo_registros (business_id,fecha_hora,tipo,id) values (?,?,?,default)
Hibernate: insert into aforo_registros (business_id,fecha_hora,tipo,id) values (?,?,?,default)
Hibernate: insert into aforo_registros (business_id,fecha_hora,tipo,id) values (?,?,?,default)
Hibernate: insert into aforo_registros (business_id,fecha_hora,tipo,id) values (?,?,?,default)
Hibernate: insert into aforo_registros (business_id,fecha_hora,tipo,id) values (?,?,?,default)
Hibernate: insert into aforo_registros (business_id,fecha_hora,tipo,id) values (?,?,?,default)
Hibernate: insert into aforo_registros (business_id,fecha_hora,tipo,id) values (?,?,?,default)
Hibernate: insert into aforo_registros (business_id,fecha_hora,tipo,id) values (?,?,?,default)
Hibernate: insert into aforo_registros (business_id,fecha_hora,tipo,id) values (?,?,?,default)
Hibernate: insert into aforo_registros (business_id,fecha_hora,tipo,id) values (?,?,?,default)
Hibernate: insert into aforo_registros (business_id,fecha_hora,tipo,id) values (?,?,?,default)
Hibernate: insert into aforo_registros (business_id,fecha_hora,tipo,id) values (?,?,?,default)
Hibernate: insert into aforo_registros (business_id,fecha_hora,tipo,id) values (?,?,?,default)
Hibernate: insert into aforo_registros (business_id,fecha_hora,tipo,id) values (?,?,?,default)
Hibernate: insert into aforo_registros (business_id,fecha_hora,tipo,id) values (?,?,?,default)
Hibernate: insert into aforo_registros (business_id,fecha_hora,tipo,id) values (?,?,?,default)
Hibernate: insert into aforo_registros (business_id,fecha_hora,tipo,id) values (?,?,?,default)
Hibernate: insert into aforo_registros (business_id,fecha_hora,tipo,id) values (?,?,?,default)
Hibernate: insert into aforo_registros (business_id,fecha_hora,tipo,id) values (?,?,?,default)
Hibernate: insert into aforo_registros (business_id,fecha_hora,tipo,id) values (?,?,?,default)
Hibernate: insert into aforo_registros (business_id,fecha_hora,tipo,id) values (?,?,?,default)
Hibernate: insert into aforo_registros (business_id,fecha_hora,tipo,id) values (?,?,?,default)
Hibernate: insert into aforo_registros (business_id,fecha_hora,tipo,id) values (?,?,?,default)
Hibernate: insert into aforo_registros (business_id,fecha_hora,tipo,id) values (?,?,?,default)
Hibernate: insert into aforo_registros (business_id,fecha_hora,tipo,id) values (?,?,?,default)
Hibernate: insert into aforo_registros (business_id,fecha_hora,tipo,id) values (?,?,?,default)
Hibernate: insert into aforo_registros (business_id,fecha_hora,tipo,id) values (?,?,?,default)
Hibernate: insert into aforo_registros (business_id,fecha_hora,tipo,id) values (?,?,?,default)
Hibernate: insert into aforo_registros (business_id,fecha_hora,tipo,id) values (?,?,?,default)
Hibernate: insert into aforo_registros (business_id,fecha_hora,tipo,id) values (?,?,?,default)
Hibernate: insert into aforo_registros (business_id,fecha_hora,tipo,id) values (?,?,?,default)
Hibernate: insert into aforo_registros (business_id,fecha_hora,tipo,id) values (?,?,?,default)
Hibernate: insert into aforo_registros (business_id,fecha_hora,tipo,id) values (?,?,?,default)
Hibernate: insert into aforo_registros (business_id,fecha_hora,tipo,id) values (?,?,?,default)
Hibernate: insert into aforo_registros (business_id,fecha_hora,tipo,id) values (?,?,?,default)
Hibernate: insert into aforo_registros (business_id,fecha_hora,tipo,id) values (?,?,?,default)
Hibernate: insert into aforo_registros (business_id,fecha_hora,tipo,id) values (?,?,?,default)
Hibernate: insert into aforo_registros (business_id,fecha_hora,tipo,id) values (?,?,?,default)
Hibernate: insert into aforo_registros (business_id,fecha_hora,tipo,id) values (?,?,?,default)
Hibernate: insert into aforo_registros (business_id,fecha_hora,tipo,id) values (?,?,?,default)
Hibernate: insert into aforo_registros (business_id,fecha_hora,tipo,id) values (?,?,?,default)
Hibernate: insert into aforo_registros (business_id,fecha_hora,tipo,id) values (?,?,?,default)
Hibernate: insert into aforo_registros (business_id,fecha_hora,tipo,id) values (?,?,?,default)
Hibernate: insert into aforo_registros (business_id,fecha_hora,tipo,id) values (?,?,?,default)
Hibernate: insert into aforo_registros (business_id,fecha_hora,tipo,id) values (?,?,?,default)
Hibernate: insert into aforo_registros (business_id,fecha_hora,tipo,id) values (?,?,?,default)
Hibernate: insert into aforo_registros (business_id,fecha_hora,tipo,id) values (?,?,?,default)
Hibernate: insert into aforo_registros (business_id,fecha_hora,tipo,id) values (?,?,?,default)
Hibernate: insert into aforo_registros (business_id,fecha_hora,tipo,id) values (?,?,?,default)
Hibernate: insert into aforo_registros (business_id,fecha_hora,tipo,id) values (?,?,?,default)
Hibernate: insert into aforo_registros (business_id,fecha_hora,tipo,id) values (?,?,?,default)
Hibernate: insert into aforo_registros (business_id,fecha_hora,tipo,id) values (?,?,?,default)
Hibernate: insert into aforo_registros (business_id,fecha_hora,tipo,id) values (?,?,?,default)
Hibernate: insert into aforo_registros (business_id,fecha_hora,tipo,id) values (?,?,?,default)
Hibernate: insert into aforo_registros (business_id,fecha_hora,tipo,id) values (?,?,?,default)
Hibernate: insert into aforo_registros (business_id,fecha_hora,tipo,id) values (?,?,?,default)
Hibernate: insert into aforo_registros (business_id,fecha_hora,tipo,id) values (?,?,?,default)
Hibernate: insert into aforo_registros (business_id,fecha_hora,tipo,id) values (?,?,?,default)
Hibernate: insert into aforo_registros (business_id,fecha_hora,tipo,id) values (?,?,?,default)
Hibernate: insert into aforo_registros (business_id,fecha_hora,tipo,id) values (?,?,?,default)
Hibernate: insert into aforo_registros (business_id,fecha_hora,tipo,id) values (?,?,?,default)
Hibernate: insert into aforo_registros (business_id,fecha_hora,tipo,id) values (?,?,?,default)
Hibernate: insert into aforo_registros (business_id,fecha_hora,tipo,id) values (?,?,?,default)
Hibernate: insert into aforo_registros (business_id,fecha_hora,tipo,id) values (?,?,?,default)
Hibernate: insert into aforo_registros (business_id,fecha_hora,tipo,id) values (?,?,?,default)
Hibernate: insert into aforo_registros (business_id,fecha_hora,tipo,id) values (?,?,?,default)
Hibernate: insert into aforo_registros (business_id,fecha_hora,tipo,id) values (?,?,?,default)
Hibernate: insert into aforo_registros (business_id,fecha_hora,tipo,id) values (?,?,?,default)
Hibernate: insert into aforo_registros (business_id,fecha_hora,tipo,id) values (?,?,?,default)
Hibernate: insert into aforo_registros (business_id,fecha_hora,tipo,id) values (?,?,?,default)
Hibernate: insert into aforo_registros (business_id,fecha_hora,tipo,id) values (?,?,?,default)
Hibernate: insert into aforo_registros (business_id,fecha_hora,tipo,id) values (?,?,?,default)
Hibernate: insert into aforo_registros (business_id,fecha_hora,tipo,id) values (?,?,?,default)
Hibernate: insert into aforo_registros (business_id,fecha_hora,tipo,id) values (?,?,?,default)
Hibernate: insert into aforo_registros (business_id,fecha_hora,tipo,id) values (?,?,?,default)
Hibernate: insert into aforo_registros (business_id,fecha_hora,tipo,id) values (?,?,?,default)
Hibernate: insert into aforo_registros (business_id,fecha_hora,tipo,id) values (?,?,?,default)
Hibernate: insert into aforo_registros (business_id,fecha_hora,tipo,id) values (?,?,?,default)
Hibernate: insert into aforo_registros (business_id,fecha_hora,tipo,id) values (?,?,?,default)
Hibernate: insert into aforo_registros (business_id,fecha_hora,tipo,id) values (?,?,?,default)
Hibernate: insert into aforo_registros (business_id,fecha_hora,tipo,id) values (?,?,?,default)
Hibernate: insert into aforo_registros (business_id,fecha_hora,tipo,id) values (?,?,?,default)
Hibernate: insert into aforo_registros (business_id,fecha_hora,tipo,id) values (?,?,?,default)
Hibernate: insert into aforo_registros (business_id,fecha_hora,tipo,id) values (?,?,?,default)
Hibernate: insert into aforo_registros (business_id,fecha_hora,tipo,id) values (?,?,?,default)
Hibernate: insert into aforo_registros (business_id,fecha_hora,tipo,id) values (?,?,?,default)
Hibernate: insert into aforo_registros (business_id,fecha_hora,tipo,id) values (?,?,?,default)
Hibernate: insert into aforo_registros (business_id,fecha_hora,tipo,id) values (?,?,?,default)
Hibernate: insert into aforo_registros (business_id,fecha_hora,tipo,id) values (?,?,?,default)
Hibernate: insert into aforo_registros (business_id,fecha_hora,tipo,id) values (?,?,?,default)
Hibernate: insert into aforo_registros (business_id,fecha_hora,tipo,id) values (?,?,?,default)
Hibernate: insert into aforo_registros (business_id,fecha_hora,tipo,id) values (?,?,?,default)
Hibernate: insert into aforo_registros (business_id,fecha_hora,tipo,id) values (?,?,?,default)
Hibernate: insert into aforo_registros (business_id,fecha_hora,tipo,id) values (?,?,?,default)
Hibernate: insert into aforo_registros (business_id,fecha_hora,tipo,id) values (?,?,?,default)
Hibernate: insert into aforo_registros (business_id,fecha_hora,tipo,id) values (?,?,?,default)
Hibernate: insert into aforo_registros (business_id,fecha_hora,tipo,id) values (?,?,?,default)
Hibernate: insert into aforo_registros (business_id,fecha_hora,tipo,id) values (?,?,?,default)
Hibernate: insert into aforo_registros (business_id,fecha_hora,tipo,id) values (?,?,?,default)
Hibernate: insert into aforo_registros (business_id,fecha_hora,tipo,id) values (?,?,?,default)
Hibernate: insert into aforo_registros (business_id,fecha_hora,tipo,id) values (?,?,?,default)
Hibernate: insert into aforo_registros (business_id,fecha_hora,tipo,id) values (?,?,?,default)
Hibernate: insert into aforo_registros (business_id,fecha_hora,tipo,id) values (?,?,?,default)
Hibernate: insert into aforo_registros (business_id,fecha_hora,tipo,id) values (?,?,?,default)
Hibernate: insert into aforo_registros (business_id,fecha_hora,tipo,id) values (?,?,?,default)
Hibernate: insert into aforo_registros (business_id,fecha_hora,tipo,id) values (?,?,?,default)
Hibernate: insert into aforo_registros (business_id,fecha_hora,tipo,id) values (?,?,?,default)
Hibernate: insert into aforo_registros (business_id,fecha_hora,tipo,id) values (?,?,?,default)
Hibernate: insert into aforo_registros (business_id,fecha_hora,tipo,id) values (?,?,?,default)
Hibernate: insert into aforo_registros (business_id,fecha_hora,tipo,id) values (?,?,?,default)
Hibernate: insert into aforo_registros (business_id,fecha_hora,tipo,id) values (?,?,?,default)
Hibernate: insert into aforo_registros (business_id,fecha_hora,tipo,id) values (?,?,?,default)
Hibernate: insert into aforo_registros (business_id,fecha_hora,tipo,id) values (?,?,?,default)
Hibernate: insert into aforo_registros (business_id,fecha_hora,tipo,id) values (?,?,?,default)
Hibernate: insert into aforo_registros (business_id,fecha_hora,tipo,id) values (?,?,?,default)
Hibernate: insert into aforo_registros (business_id,fecha_hora,tipo,id) values (?,?,?,default)
Hibernate: insert into aforo_registros (business_id,fecha_hora,tipo,id) values (?,?,?,default)
Hibernate: insert into aforo_registros (business_id,fecha_hora,tipo,id) values (?,?,?,default)
Hibernate: insert into aforo_registros (business_id,fecha_hora,tipo,id) values (?,?,?,default)
Hibernate: insert into aforo_registros (business_id,fecha_hora,tipo,id) values (?,?,?,default)
Hibernate: insert into aforo_registros (business_id,fecha_hora,tipo,id) values (?,?,?,default)
Hibernate: insert into aforo_registros (business_id,fecha_hora,tipo,id) values (?,?,?,default)
Hibernate: insert into aforo_registros (business_id,fecha_hora,tipo,id) values (?,?,?,default)
Hibernate: insert into aforo_registros (business_id,fecha_hora,tipo,id) values (?,?,?,default)
Hibernate: insert into aforo_registros (business_id,fecha_hora,tipo,id) values (?,?,?,default)
Hibernate: insert into aforo_registros (business_id,fecha_hora,tipo,id) values (?,?,?,default)
Hibernate: insert into aforo_registros (business_id,fecha_hora,tipo,id) values (?,?,?,default)
Hibernate: insert into aforo_registros (business_id,fecha_hora,tipo,id) values (?,?,?,default)
Hibernate: insert into aforo_registros (business_id,fecha_hora,tipo,id) values (?,?,?,default)
Hibernate: insert into aforo_registros (business_id,fecha_hora,tipo,id) values (?,?,?,default)
Hibernate: insert into aforo_registros (business_id,fecha_hora,tipo,id) values (?,?,?,default)
Hibernate: insert into aforo_registros (business_id,fecha_hora,tipo,id) values (?,?,?,default)
Hibernate: insert into aforo_registros (business_id,fecha_hora,tipo,id) values (?,?,?,default)
Hibernate: insert into aforo_registros (business_id,fecha_hora,tipo,id) values (?,?,?,default)
Hibernate: insert into aforo_registros (business_id,fecha_hora,tipo,id) values (?,?,?,default)
Hibernate: insert into aforo_registros (business_id,fecha_hora,tipo,id) values (?,?,?,default)
Hibernate: insert into aforo_registros (business_id,fecha_hora,tipo,id) values (?,?,?,default)
Hibernate: insert into aforo_registros (business_id,fecha_hora,tipo,id) values (?,?,?,default)
Hibernate: insert into aforo_registros (business_id,fecha_hora,tipo,id) values (?,?,?,default)
Hibernate: insert into aforo_registros (business_id,fecha_hora,tipo,id) values (?,?,?,default)
Hibernate: insert into aforo_registros (business_id,fecha_hora,tipo,id) values (?,?,?,default)
Hibernate: insert into aforo_registros (business_id,fecha_hora,tipo,id) values (?,?,?,default)
Hibernate: insert into aforo_registros (business_id,fecha_hora,tipo,id) values (?,?,?,default)
Hibernate: insert into aforo_registros (business_id,fecha_hora,tipo,id) values (?,?,?,default)
Hibernate: insert into aforo_registros (business_id,fecha_hora,tipo,id) values (?,?,?,default)
Hibernate: insert into aforo_registros (business_id,fecha_hora,tipo,id) values (?,?,?,default)
Hibernate: insert into aforo_registros (business_id,fecha_hora,tipo,id) values (?,?,?,default)
Hibernate: insert into aforo_registros (business_id,fecha_hora,tipo,id) values (?,?,?,default)
Hibernate: insert into aforo_registros (business_id,fecha_hora,tipo,id) values (?,?,?,default)
Hibernate: insert into aforo_registros (business_id,fecha_hora,tipo,id) values (?,?,?,default)
Hibernate: insert into aforo_registros (business_id,fecha_hora,tipo,id) values (?,?,?,default)
Hibernate: insert into aforo_registros (business_id,fecha_hora,tipo,id) values (?,?,?,default)
Hibernate: insert into aforo_registros (business_id,fecha_hora,tipo,id) values (?,?,?,default)
Hibernate: insert into aforo_registros (business_id,fecha_hora,tipo,id) values (?,?,?,default)
Hibernate: insert into aforo_registros (business_id,fecha_hora,tipo,id) values (?,?,?,default)
Hibernate: insert into aforo_registros (business_id,fecha_hora,tipo,id) values (?,?,?,default)
Hibernate: insert into aforo_registros (business_id,fecha_hora,tipo,id) values (?,?,?,default)
Hibernate: insert into aforo_registros (business_id,fecha_hora,tipo,id) values (?,?,?,default)
Hibernate: insert into aforo_registros (business_id,fecha_hora,tipo,id) values (?,?,?,default)
Hibernate: insert into aforo_registros (business_id,fecha_hora,tipo,id) values (?,?,?,default)
Hibernate: insert into aforo_registros (business_id,fecha_hora,tipo,id) values (?,?,?,default)
Hibernate: insert into aforo_registros (business_id,fecha_hora,tipo,id) values (?,?,?,default)
Hibernate: insert into aforo_registros (business_id,fecha_hora,tipo,id) values (?,?,?,default)
Hibernate: insert into aforo_registros (business_id,fecha_hora,tipo,id) values (?,?,?,default)
Hibernate: insert into aforo_registros (business_id,fecha_hora,tipo,id) values (?,?,?,default)
Hibernate: insert into aforo_registros (business_id,fecha_hora,tipo,id) values (?,?,?,default)
Hibernate: insert into aforo_registros (business_id,fecha_hora,tipo,id) values (?,?,?,default)
Hibernate: insert into aforo_registros (business_id,fecha_hora,tipo,id) values (?,?,?,default)
Hibernate: insert into aforo_registros (business_id,fecha_hora,tipo,id) values (?,?,?,default)
Hibernate: insert into aforo_registros (business_id,fecha_hora,tipo,id) values (?,?,?,default)
Hibernate: insert into aforo_registros (business_id,fecha_hora,tipo,id) values (?,?,?,default)
Hibernate: insert into aforo_registros (business_id,fecha_hora,tipo,id) values (?,?,?,default)
Hibernate: insert into aforo_registros (business_id,fecha_hora,tipo,id) values (?,?,?,default)
Hibernate: insert into aforo_registros (business_id,fecha_hora,tipo,id) values (?,?,?,default)
Hibernate: insert into aforo_registros (business_id,fecha_hora,tipo,id) values (?,?,?,default)
Hibernate: insert into aforo_registros (business_id,fecha_hora,tipo,id) values (?,?,?,default)
Hibernate: insert into aforo_registros (business_id,fecha_hora,tipo,id) values (?,?,?,default)
Hibernate: insert into aforo_registros (business_id,fecha_hora,tipo,id) values (?,?,?,default)
Hibernate: insert into aforo_registros (business_id,fecha_hora,tipo,id) values (?,?,?,default)
Hibernate: insert into aforo_registros (business_id,fecha_hora,tipo,id) values (?,?,?,default)
Hibernate: insert into aforo_registros (business_id,fecha_hora,tipo,id) values (?,?,?,default)
Hibernate: insert into aforo_registros (business_id,fecha_hora,tipo,id) values (?,?,?,default)
Hibernate: insert into aforo_registros (business_id,fecha_hora,tipo,id) values (?,?,?,default)
Hibernate: insert into aforo_registros (business_id,fecha_hora,tipo,id) values (?,?,?,default)
Hibernate: insert into aforo_registros (business_id,fecha_hora,tipo,id) values (?,?,?,default)
Hibernate: insert into aforo_registros (business_id,fecha_hora,tipo,id) values (?,?,?,default)
Hibernate: insert into aforo_registros (business_id,fecha_hora,tipo,id) values (?,?,?,default)
Hibernate: insert into aforo_registros (business_id,fecha_hora,tipo,id) values (?,?,?,default)
Hibernate: insert into aforo_registros (business_id,fecha_hora,tipo,id) values (?,?,?,default)
Hibernate: insert into aforo_registros (business_id,fecha_hora,tipo,id) values (?,?,?,default)
Hibernate: insert into aforo_registros (business_id,fecha_hora,tipo,id) values (?,?,?,default)
Hibernate: insert into aforo_registros (business_id,fecha_hora,tipo,id) values (?,?,?,default)
Hibernate: insert into aforo_registros (business_id,fecha_hora,tipo,id) values (?,?,?,default)
Hibernate: insert into aforo_registros (business_id,fecha_hora,tipo,id) values (?,?,?,default)
Hibernate: insert into aforo_registros (business_id,fecha_hora,tipo,id) values (?,?,?,default)
Hibernate: insert into aforo_registros (business_id,fecha_hora,tipo,id) values (?,?,?,default)
Hibernate: insert into aforo_registros (business_id,fecha_hora,tipo,id) values (?,?,?,default)
Hibernate: insert into aforo_registros (business_id,fecha_hora,tipo,id) values (?,?,?,default)
Hibernate: insert into aforo_registros (business_id,fecha_hora,tipo,id) values (?,?,?,default)
Hibernate: insert into aforo_registros (business_id,fecha_hora,tipo,id) values (?,?,?,default)
Hibernate: insert into aforo_registros (business_id,fecha_hora,tipo,id) values (?,?,?,default)
Hibernate: insert into aforo_registros (business_id,fecha_hora,tipo,id) values (?,?,?,default)
Hibernate: insert into aforo_registros (business_id,fecha_hora,tipo,id) values (?,?,?,default)
Hibernate: insert into aforo_registros (business_id,fecha_hora,tipo,id) values (?,?,?,default)
Hibernate: insert into aforo_registros (business_id,fecha_hora,tipo,id) values (?,?,?,default)
Hibernate: insert into aforo_registros (business_id,fecha_hora,tipo,id) values (?,?,?,default)
Hibernate: insert into aforo_registros (business_id,fecha_hora,tipo,id) values (?,?,?,default)
Hibernate: insert into aforo_registros (business_id,fecha_hora,tipo,id) values (?,?,?,default)
Hibernate: insert into aforo_registros (business_id,fecha_hora,tipo,id) values (?,?,?,default)
Hibernate: insert into aforo_registros (business_id,fecha_hora,tipo,id) values (?,?,?,default)
Hibernate: insert into aforo_registros (business_id,fecha_hora,tipo,id) values (?,?,?,default)
Hibernate: insert into aforo_registros (business_id,fecha_hora,tipo,id) values (?,?,?,default)
Hibernate: insert into aforo_registros (business_id,fecha_hora,tipo,id) values (?,?,?,default)
Hibernate: insert into aforo_registros (business_id,fecha_hora,tipo,id) values (?,?,?,default)
Hibernate: insert into aforo_registros (business_id,fecha_hora,tipo,id) values (?,?,?,default)
Hibernate: insert into aforo_registros (business_id,fecha_hora,tipo,id) values (?,?,?,default)
Hibernate: insert into aforo_registros (business_id,fecha_hora,tipo,id) values (?,?,?,default)
Hibernate: insert into aforo_registros (business_id,fecha_hora,tipo,id) values (?,?,?,default)
Hibernate: insert into aforo_registros (business_id,fecha_hora,tipo,id) values (?,?,?,default)
Hibernate: insert into aforo_registros (business_id,fecha_hora,tipo,id) values (?,?,?,default)
Hibernate: insert into aforo_registros (business_id,fecha_hora,tipo,id) values (?,?,?,default)
Hibernate: insert into aforo_registros (business_id,fecha_hora,tipo,id) values (?,?,?,default)
Hibernate: insert into aforo_registros (business_id,fecha_hora,tipo,id) values (?,?,?,default)
Hibernate: insert into aforo_registros (business_id,fecha_hora,tipo,id) values (?,?,?,default)
Hibernate: insert into aforo_registros (business_id,fecha_hora,tipo,id) values (?,?,?,default)
Hibernate: insert into aforo_registros (business_id,fecha_hora,tipo,id) values (?,?,?,default)
Hibernate: insert into aforo_registros (business_id,fecha_hora,tipo,id) values (?,?,?,default)
Hibernate: insert into aforo_registros (business_id,fecha_hora,tipo,id) values (?,?,?,default)
Hibernate: insert into aforo_registros (business_id,fecha_hora,tipo,id) values (?,?,?,default)
Hibernate: insert into aforo_registros (business_id,fecha_hora,tipo,id) values (?,?,?,default)
Hibernate: insert into aforo_registros (business_id,fecha_hora,tipo,id) values (?,?,?,default)
Hibernate: insert into aforo_registros (business_id,fecha_hora,tipo,id) values (?,?,?,default)
Hibernate: insert into aforo_registros (business_id,fecha_hora,tipo,id) values (?,?,?,default)
Hibernate: insert into aforo_registros (business_id,fecha_hora,tipo,id) values (?,?,?,default)
Hibernate: insert into aforo_registros (business_id,fecha_hora,tipo,id) values (?,?,?,default)
Hibernate: insert into aforo_registros (business_id,fecha_hora,tipo,id) values (?,?,?,default)
Hibernate: insert into aforo_registros (business_id,fecha_hora,tipo,id) values (?,?,?,default)
Hibernate: insert into aforo_registros (business_id,fecha_hora,tipo,id) values (?,?,?,default)
Hibernate: insert into aforo_registros (business_id,fecha_hora,tipo,id) values (?,?,?,default)
Hibernate: insert into aforo_registros (business_id,fecha_hora,tipo,id) values (?,?,?,default)
Hibernate: insert into aforo_registros (business_id,fecha_hora,tipo,id) values (?,?,?,default)
Hibernate: insert into aforo_registros (business_id,fecha_hora,tipo,id) values (?,?,?,default)
Hibernate: insert into aforo_registros (business_id,fecha_hora,tipo,id) values (?,?,?,default)
Hibernate: insert into aforo_registros (business_id,fecha_hora,tipo,id) values (?,?,?,default)
Hibernate: insert into aforo_registros (business_id,fecha_hora,tipo,id) values (?,?,?,default)
Hibernate: insert into aforo_registros (business_id,fecha_hora,tipo,id) values (?,?,?,default)
Hibernate: insert into aforo_registros (business_id,fecha_hora,tipo,id) values (?,?,?,default)
Hibernate: insert into aforo_registros (business_id,fecha_hora,tipo,id) values (?,?,?,default)
Hibernate: insert into aforo_registros (business_id,fecha_hora,tipo,id) values (?,?,?,default)
Hibernate: insert into aforo_registros (business_id,fecha_hora,tipo,id) values (?,?,?,default)
Hibernate: insert into aforo_registros (business_id,fecha_hora,tipo,id) values (?,?,?,default)
Hibernate: insert into aforo_registros (business_id,fecha_hora,tipo,id) values (?,?,?,default)
Hibernate: insert into aforo_registros (business_id,fecha_hora,tipo,id) values (?,?,?,default)
Hibernate: insert into aforo_registros (business_id,fecha_hora,tipo,id) values (?,?,?,default)
Hibernate: insert into aforo_registros (business_id,fecha_hora,tipo,id) values (?,?,?,default)
Hibernate: insert into aforo_registros (business_id,fecha_hora,tipo,id) values (?,?,?,default)
Hibernate: insert into aforo_registros (business_id,fecha_hora,tipo,id) values (?,?,?,default)
Hibernate: insert into aforo_registros (business_id,fecha_hora,tipo,id) values (?,?,?,default)
Hibernate: insert into aforo_registros (business_id,fecha_hora,tipo,id) values (?,?,?,default)
Hibernate: insert into aforo_registros (business_id,fecha_hora,tipo,id) values (?,?,?,default)
Hibernate: insert into aforo_registros (business_id,fecha_hora,tipo,id) values (?,?,?,default)
Hibernate: insert into aforo_registros (business_id,fecha_hora,tipo,id) values (?,?,?,default)
Hibernate: insert into aforo_registros (business_id,fecha_hora,tipo,id) values (?,?,?,default)
Hibernate: insert into aforo_registros (business_id,fecha_hora,tipo,id) values (?,?,?,default)
Hibernate: insert into aforo_registros (business_id,fecha_hora,tipo,id) values (?,?,?,default)
Hibernate: insert into aforo_registros (business_id,fecha_hora,tipo,id) values (?,?,?,default)
Hibernate: insert into aforo_registros (business_id,fecha_hora,tipo,id) values (?,?,?,default)
Hibernate: insert into aforo_registros (business_id,fecha_hora,tipo,id) values (?,?,?,default)
Hibernate: insert into aforo_registros (business_id,fecha_hora,tipo,id) values (?,?,?,default)
Hibernate: insert into aforo_registros (business_id,fecha_hora,tipo,id) values (?,?,?,default)
Hibernate: insert into aforo_registros (business_id,fecha_hora,tipo,id) values (?,?,?,default)
Hibernate: insert into aforo_registros (business_id,fecha_hora,tipo,id) values (?,?,?,default)
Hibernate: insert into aforo_registros (business_id,fecha_hora,tipo,id) values (?,?,?,default)
Hibernate: insert into aforo_registros (business_id,fecha_hora,tipo,id) values (?,?,?,default)
Hibernate: insert into aforo_registros (business_id,fecha_hora,tipo,id) values (?,?,?,default)
Hibernate: insert into aforo_registros (business_id,fecha_hora,tipo,id) values (?,?,?,default)
Hibernate: insert into aforo_registros (business_id,fecha_hora,tipo,id) values (?,?,?,default)
Hibernate: insert into aforo_registros (business_id,fecha_hora,tipo,id) values (?,?,?,default)
Hibernate: insert into aforo_registros (business_id,fecha_hora,tipo,id) values (?,?,?,default)
Hibernate: insert into aforo_registros (business_id,fecha_hora,tipo,id) values (?,?,?,default)
Hibernate: insert into aforo_registros (business_id,fecha_hora,tipo,id) values (?,?,?,default)
Hibernate: insert into aforo_registros (business_id,fecha_hora,tipo,id) values (?,?,?,default)
Hibernate: insert into aforo_registros (business_id,fecha_hora,tipo,id) values (?,?,?,default)
Hibernate: insert into aforo_registros (business_id,fecha_hora,tipo,id) values (?,?,?,default)
Hibernate: insert into aforo_registros (business_id,fecha_hora,tipo,id) values (?,?,?,default)
Hibernate: insert into aforo_registros (business_id,fecha_hora,tipo,id) values (?,?,?,default)
Hibernate: insert into aforo_registros (business_id,fecha_hora,tipo,id) values (?,?,?,default)
Hibernate: insert into aforo_registros (business_id,fecha_hora,tipo,id) values (?,?,?,default)
Hibernate: insert into aforo_registros (business_id,fecha_hora,tipo,id) values (?,?,?,default)
Hibernate: insert into aforo_registros (business_id,fecha_hora,tipo,id) values (?,?,?,default)
Hibernate: insert into aforo_registros (business_id,fecha_hora,tipo,id) values (?,?,?,default)
Hibernate: insert into aforo_registros (business_id,fecha_hora,tipo,id) values (?,?,?,default)
Hibernate: insert into aforo_registros (business_id,fecha_hora,tipo,id) values (?,?,?,default)
Hibernate: insert into aforo_registros (business_id,fecha_hora,tipo,id) values (?,?,?,default)
Hibernate: insert into aforo_registros (business_id,fecha_hora,tipo,id) values (?,?,?,default)
Hibernate: insert into aforo_registros (business_id,fecha_hora,tipo,id) values (?,?,?,default)
Hibernate: insert into aforo_registros (business_id,fecha_hora,tipo,id) values (?,?,?,default)
Hibernate: insert into aforo_registros (business_id,fecha_hora,tipo,id) values (?,?,?,default)
Hibernate: insert into aforo_registros (business_id,fecha_hora,tipo,id) values (?,?,?,default)
Hibernate: insert into aforo_registros (business_id,fecha_hora,tipo,id) values (?,?,?,default)
Hibernate: insert into aforo_registros (business_id,fecha_hora,tipo,id) values (?,?,?,default)
Hibernate: insert into aforo_registros (business_id,fecha_hora,tipo,id) values (?,?,?,default)
Hibernate: insert into aforo_registros (business_id,fecha_hora,tipo,id) values (?,?,?,default)
Hibernate: insert into aforo_registros (business_id,fecha_hora,tipo,id) values (?,?,?,default)
Hibernate: insert into aforo_registros (business_id,fecha_hora,tipo,id) values (?,?,?,default)
Hibernate: insert into aforo_registros (business_id,fecha_hora,tipo,id) values (?,?,?,default)
Hibernate: insert into aforo_registros (business_id,fecha_hora,tipo,id) values (?,?,?,default)
Hibernate: insert into aforo_registros (business_id,fecha_hora,tipo,id) values (?,?,?,default)
Hibernate: insert into aforo_registros (business_id,fecha_hora,tipo,id) values (?,?,?,default)
Hibernate: insert into aforo_registros (business_id,fecha_hora,tipo,id) values (?,?,?,default)
Hibernate: insert into aforo_registros (business_id,fecha_hora,tipo,id) values (?,?,?,default)
Hibernate: insert into aforo_registros (business_id,fecha_hora,tipo,id) values (?,?,?,default)
Hibernate: insert into aforo_registros (business_id,fecha_hora,tipo,id) values (?,?,?,default)
Hibernate: insert into aforo_registros (business_id,fecha_hora,tipo,id) values (?,?,?,default)
Hibernate: insert into aforo_registros (business_id,fecha_hora,tipo,id) values (?,?,?,default)
Hibernate: insert into aforo_registros (business_id,fecha_hora,tipo,id) values (?,?,?,default)
Hibernate: insert into aforo_registros (business_id,fecha_hora,tipo,id) values (?,?,?,default)
Hibernate: insert into aforo_registros (business_id,fecha_hora,tipo,id) values (?,?,?,default)
Hibernate: insert into aforo_registros (business_id,fecha_hora,tipo,id) values (?,?,?,default)
Hibernate: insert into aforo_registros (business_id,fecha_hora,tipo,id) values (?,?,?,default)
Hibernate: insert into aforo_registros (business_id,fecha_hora,tipo,id) values (?,?,?,default)
Hibernate: insert into aforo_registros (business_id,fecha_hora,tipo,id) values (?,?,?,default)
Hibernate: insert into aforo_registros (business_id,fecha_hora,tipo,id) values (?,?,?,default)
Hibernate: insert into aforo_registros (business_id,fecha_hora,tipo,id) values (?,?,?,default)
Hibernate: insert into aforo_registros (business_id,fecha_hora,tipo,id) values (?,?,?,default)
Hibernate: insert into aforo_registros (business_id,fecha_hora,tipo,id) values (?,?,?,default)
Hibernate: insert into aforo_registros (business_id,fecha_hora,tipo,id) values (?,?,?,default)
Hibernate: insert into aforo_registros (business_id,fecha_hora,tipo,id) values (?,?,?,default)
Hibernate: insert into aforo_registros (business_id,fecha_hora,tipo,id) values (?,?,?,default)
Hibernate: insert into aforo_registros (business_id,fecha_hora,tipo,id) values (?,?,?,default)
Hibernate: insert into aforo_registros (business_id,fecha_hora,tipo,id) values (?,?,?,default)
Hibernate: insert into aforo_registros (business_id,fecha_hora,tipo,id) values (?,?,?,default)
Hibernate: insert into aforo_registros (business_id,fecha_hora,tipo,id) values (?,?,?,default)
Hibernate: insert into aforo_registros (business_id,fecha_hora,tipo,id) values (?,?,?,default)
Hibernate: insert into aforo_registros (business_id,fecha_hora,tipo,id) values (?,?,?,default)
Hibernate: insert into aforo_registros (business_id,fecha_hora,tipo,id) values (?,?,?,default)
Hibernate: insert into aforo_registros (business_id,fecha_hora,tipo,id) values (?,?,?,default)
Hibernate: insert into aforo_registros (business_id,fecha_hora,tipo,id) values (?,?,?,default)
Hibernate: insert into aforo_registros (business_id,fecha_hora,tipo,id) values (?,?,?,default)
Hibernate: insert into aforo_registros (business_id,fecha_hora,tipo,id) values (?,?,?,default)
Hibernate: insert into aforo_registros (business_id,fecha_hora,tipo,id) values (?,?,?,default)
Hibernate: insert into aforo_registros (business_id,fecha_hora,tipo,id) values (?,?,?,default)
Hibernate: insert into aforo_registros (business_id,fecha_hora,tipo,id) values (?,?,?,default)
Hibernate: insert into aforo_registros (business_id,fecha_hora,tipo,id) values (?,?,?,default)
Hibernate: insert into aforo_registros (business_id,fecha_hora,tipo,id) values (?,?,?,default)
Hibernate: insert into aforo_registros (business_id,fecha_hora,tipo,id) values (?,?,?,default)
Hibernate: insert into aforo_registros (business_id,fecha_hora,tipo,id) values (?,?,?,default)
Hibernate: insert into aforo_registros (business_id,fecha_hora,tipo,id) values (?,?,?,default)
Hibernate: insert into aforo_registros (business_id,fecha_hora,tipo,id) values (?,?,?,default)
Hibernate: insert into aforo_registros (business_id,fecha_hora,tipo,id) values (?,?,?,default)
Hibernate: insert into aforo_registros (business_id,fecha_hora,tipo,id) values (?,?,?,default)
Hibernate: insert into aforo_registros (business_id,fecha_hora,tipo,id) values (?,?,?,default)
Hibernate: insert into aforo_registros (business_id,fecha_hora,tipo,id) values (?,?,?,default)
Hibernate: insert into aforo_registros (business_id,fecha_hora,tipo,id) values (?,?,?,default)
Hibernate: insert into aforo_registros (business_id,fecha_hora,tipo,id) values (?,?,?,default)
Hibernate: insert into aforo_registros (business_id,fecha_hora,tipo,id) values (?,?,?,default)
Hibernate: insert into aforo_registros (business_id,fecha_hora,tipo,id) values (?,?,?,default)
Hibernate: insert into aforo_registros (business_id,fecha_hora,tipo,id) values (?,?,?,default)
Hibernate: insert into aforo_registros (business_id,fecha_hora,tipo,id) values (?,?,?,default)
Hibernate: insert into aforo_registros (business_id,fecha_hora,tipo,id) values (?,?,?,default)
Hibernate: insert into aforo_registros (business_id,fecha_hora,tipo,id) values (?,?,?,default)
Hibernate: insert into aforo_registros (business_id,fecha_hora,tipo,id) values (?,?,?,default)
Hibernate: insert into aforo_registros (business_id,fecha_hora,tipo,id) values (?,?,?,default)
Hibernate: insert into aforo_registros (business_id,fecha_hora,tipo,id) values (?,?,?,default)
Hibernate: insert into aforo_registros (business_id,fecha_hora,tipo,id) values (?,?,?,default)
Hibernate: insert into aforo_registros (business_id,fecha_hora,tipo,id) values (?,?,?,default)
Hibernate: insert into aforo_registros (business_id,fecha_hora,tipo,id) values (?,?,?,default)
Hibernate: insert into aforo_registros (business_id,fecha_hora,tipo,id) values (?,?,?,default)
Hibernate: insert into aforo_registros (business_id,fecha_hora,tipo,id) values (?,?,?,default)
Hibernate: insert into aforo_registros (business_id,fecha_hora,tipo,id) values (?,?,?,default)
Hibernate: insert into aforo_registros (business_id,fecha_hora,tipo,id) values (?,?,?,default)
Hibernate: insert into aforo_registros (business_id,fecha_hora,tipo,id) values (?,?,?,default)
Hibernate: insert into aforo_registros (business_id,fecha_hora,tipo,id) values (?,?,?,default)
Hibernate: insert into aforo_registros (business_id,fecha_hora,tipo,id) values (?,?,?,default)
Hibernate: insert into aforo_registros (business_id,fecha_hora,tipo,id) values (?,?,?,default)
Hibernate: insert into aforo_registros (business_id,fecha_hora,tipo,id) values (?,?,?,default)
Hibernate: insert into aforo_registros (business_id,fecha_hora,tipo,id) values (?,?,?,default)
Hibernate: insert into aforo_registros (business_id,fecha_hora,tipo,id) values (?,?,?,default)
Hibernate: insert into aforo_registros (business_id,fecha_hora,tipo,id) values (?,?,?,default)
Hibernate: insert into aforo_registros (business_id,fecha_hora,tipo,id) values (?,?,?,default)
Hibernate: insert into aforo_registros (business_id,fecha_hora,tipo,id) values (?,?,?,default)
Hibernate: insert into aforo_registros (business_id,fecha_hora,tipo,id) values (?,?,?,default)
Hibernate: insert into aforo_registros (business_id,fecha_hora,tipo,id) values (?,?,?,default)
Hibernate: insert into aforo_registros (business_id,fecha_hora,tipo,id) values (?,?,?,default)
Hibernate: insert into aforo_registros (business_id,fecha_hora,tipo,id) values (?,?,?,default)
Hibernate: insert into aforo_registros (business_id,fecha_hora,tipo,id) values (?,?,?,default)
Hibernate: insert into aforo_registros (business_id,fecha_hora,tipo,id) values (?,?,?,default)
Hibernate: insert into aforo_registros (business_id,fecha_hora,tipo,id) values (?,?,?,default)
Hibernate: insert into aforo_registros (business_id,fecha_hora,tipo,id) values (?,?,?,default)
Hibernate: insert into aforo_registros (business_id,fecha_hora,tipo,id) values (?,?,?,default)
Hibernate: insert into aforo_registros (business_id,fecha_hora,tipo,id) values (?,?,?,default)
Hibernate: insert into aforo_registros (business_id,fecha_hora,tipo,id) values (?,?,?,default)
Hibernate: insert into aforo_registros (business_id,fecha_hora,tipo,id) values (?,?,?,default)
Hibernate: insert into aforo_registros (business_id,fecha_hora,tipo,id) values (?,?,?,default)
Hibernate: insert into aforo_registros (business_id,fecha_hora,tipo,id) values (?,?,?,default)
Hibernate: insert into aforo_registros (business_id,fecha_hora,tipo,id) values (?,?,?,default)
Hibernate: insert into aforo_registros (business_id,fecha_hora,tipo,id) values (?,?,?,default)
Hibernate: insert into aforo_registros (business_id,fecha_hora,tipo,id) values (?,?,?,default)
Hibernate: insert into aforo_registros (business_id,fecha_hora,tipo,id) values (?,?,?,default)
Hibernate: insert into aforo_registros (business_id,fecha_hora,tipo,id) values (?,?,?,default)
Hibernate: insert into aforo_registros (business_id,fecha_hora,tipo,id) values (?,?,?,default)
Hibernate: insert into aforo_registros (business_id,fecha_hora,tipo,id) values (?,?,?,default)
Hibernate: insert into aforo_registros (business_id,fecha_hora,tipo,id) values (?,?,?,default)
Hibernate: insert into aforo_registros (business_id,fecha_hora,tipo,id) values (?,?,?,default)
Hibernate: insert into aforo_registros (business_id,fecha_hora,tipo,id) values (?,?,?,default)
Hibernate: insert into aforo_registros (business_id,fecha_hora,tipo,id) values (?,?,?,default)
Hibernate: insert into aforo_registros (business_id,fecha_hora,tipo,id) values (?,?,?,default)
Hibernate: insert into aforo_registros (business_id,fecha_hora,tipo,id) values (?,?,?,default)
Hibernate: insert into aforo_registros (business_id,fecha_hora,tipo,id) values (?,?,?,default)
Hibernate: insert into aforo_registros (business_id,fecha_hora,tipo,id) values (?,?,?,default)
Hibernate: insert into aforo_registros (business_id,fecha_hora,tipo,id) values (?,?,?,default)
Hibernate: insert into aforo_registros (business_id,fecha_hora,tipo,id) values (?,?,?,default)
Hibernate: insert into aforo_registros (business_id,fecha_hora,tipo,id) values (?,?,?,default)
Hibernate: insert into aforo_registros (business_id,fecha_hora,tipo,id) values (?,?,?,default)
Hibernate: insert into aforo_registros (business_id,fecha_hora,tipo,id) values (?,?,?,default)
Hibernate: insert into aforo_registros (business_id,fecha_hora,tipo,id) values (?,?,?,default)
Hibernate: insert into aforo_registros (business_id,fecha_hora,tipo,id) values (?,?,?,default)
Hibernate: insert into aforo_registros (business_id,fecha_hora,tipo,id) values (?,?,?,default)
Hibernate: insert into aforo_registros (business_id,fecha_hora,tipo,id) values (?,?,?,default)
Hibernate: insert into aforo_registros (business_id,fecha_hora,tipo,id) values (?,?,?,default)
Hibernate: insert into aforo_registros (business_id,fecha_hora,tipo,id) values (?,?,?,default)
Hibernate: insert into aforo_registros (business_id,fecha_hora,tipo,id) values (?,?,?,default)
Hibernate: insert into aforo_registros (business_id,fecha_hora,tipo,id) values (?,?,?,default)
Hibernate: insert into aforo_registros (business_id,fecha_hora,tipo,id) values (?,?,?,default)
Hibernate: insert into aforo_registros (business_id,fecha_hora,tipo,id) values (?,?,?,default)
Hibernate: insert into aforo_registros (business_id,fecha_hora,tipo,id) values (?,?,?,default)
Hibernate: insert into aforo_registros (business_id,fecha_hora,tipo,id) values (?,?,?,default)
Hibernate: insert into aforo_registros (business_id,fecha_hora,tipo,id) values (?,?,?,default)
Hibernate: insert into aforo_registros (business_id,fecha_hora,tipo,id) values (?,?,?,default)
Hibernate: insert into aforo_registros (business_id,fecha_hora,tipo,id) values (?,?,?,default)
Hibernate: insert into aforo_registros (business_id,fecha_hora,tipo,id) values (?,?,?,default)
Hibernate: insert into aforo_registros (business_id,fecha_hora,tipo,id) values (?,?,?,default)
Hibernate: insert into aforo_registros (business_id,fecha_hora,tipo,id) values (?,?,?,default)
Hibernate: insert into aforo_registros (business_id,fecha_hora,tipo,id) values (?,?,?,default)
Hibernate: insert into aforo_registros (business_id,fecha_hora,tipo,id) values (?,?,?,default)
Hibernate: insert into aforo_registros (business_id,fecha_hora,tipo,id) values (?,?,?,default)
Hibernate: insert into aforo_registros (business_id,fecha_hora,tipo,id) values (?,?,?,default)
Hibernate: insert into aforo_registros (business_id,fecha_hora,tipo,id) values (?,?,?,default)
Hibernate: insert into aforo_registros (business_id,fecha_hora,tipo,id) values (?,?,?,default)
Hibernate: insert into aforo_registros (business_id,fecha_hora,tipo,id) values (?,?,?,default)
Hibernate: insert into aforo_registros (business_id,fecha_hora,tipo,id) values (?,?,?,default)
Hibernate: insert into aforo_registros (business_id,fecha_hora,tipo,id) values (?,?,?,default)
Hibernate: insert into aforo_registros (business_id,fecha_hora,tipo,id) values (?,?,?,default)
Hibernate: insert into aforo_registros (business_id,fecha_hora,tipo,id) values (?,?,?,default)
Hibernate: insert into aforo_registros (business_id,fecha_hora,tipo,id) values (?,?,?,default)
Hibernate: insert into aforo_registros (business_id,fecha_hora,tipo,id) values (?,?,?,default)
Hibernate: insert into aforo_registros (business_id,fecha_hora,tipo,id) values (?,?,?,default)
Hibernate: insert into aforo_registros (business_id,fecha_hora,tipo,id) values (?,?,?,default)
Hibernate: insert into aforo_registros (business_id,fecha_hora,tipo,id) values (?,?,?,default)
Hibernate: insert into aforo_registros (business_id,fecha_hora,tipo,id) values (?,?,?,default)
Hibernate: insert into aforo_registros (business_id,fecha_hora,tipo,id) values (?,?,?,default)
Hibernate: insert into aforo_registros (business_id,fecha_hora,tipo,id) values (?,?,?,default)
Hibernate: insert into aforo_registros (business_id,fecha_hora,tipo,id) values (?,?,?,default)
Hibernate: insert into aforo_registros (business_id,fecha_hora,tipo,id) values (?,?,?,default)
Hibernate: insert into aforo_registros (business_id,fecha_hora,tipo,id) values (?,?,?,default)
Hibernate: insert into aforo_registros (business_id,fecha_hora,tipo,id) values (?,?,?,default)
Hibernate: insert into aforo_registros (business_id,fecha_hora,tipo,id) values (?,?,?,default)
Hibernate: insert into aforo_registros (business_id,fecha_hora,tipo,id) values (?,?,?,default)
Hibernate: insert into aforo_registros (business_id,fecha_hora,tipo,id) values (?,?,?,default)
Hibernate: insert into aforo_registros (business_id,fecha_hora,tipo,id) values (?,?,?,default)
Hibernate: insert into aforo_registros (business_id,fecha_hora,tipo,id) values (?,?,?,default)
Hibernate: insert into aforo_registros (business_id,fecha_hora,tipo,id) values (?,?,?,default)
Hibernate: insert into aforo_registros (business_id,fecha_hora,tipo,id) values (?,?,?,default)
Hibernate: insert into aforo_registros (business_id,fecha_hora,tipo,id) values (?,?,?,default)
Hibernate: insert into aforo_registros (business_id,fecha_hora,tipo,id) values (?,?,?,default)
Hibernate: insert into aforo_registros (business_id,fecha_hora,tipo,id) values (?,?,?,default)
Hibernate: insert into aforo_registros (business_id,fecha_hora,tipo,id) values (?,?,?,default)
Hibernate: insert into aforo_registros (business_id,fecha_hora,tipo,id) values (?,?,?,default)
Hibernate: insert into aforo_registros (business_id,fecha_hora,tipo,id) values (?,?,?,default)
Hibernate: insert into aforo_registros (business_id,fecha_hora,tipo,id) values (?,?,?,default)
Hibernate: insert into aforo_registros (business_id,fecha_hora,tipo,id) values (?,?,?,default)
Hibernate: insert into aforo_registros (business_id,fecha_hora,tipo,id) values (?,?,?,default)
Hibernate: insert into aforo_registros (business_id,fecha_hora,tipo,id) values (?,?,?,default)
Hibernate: insert into aforo_registros (business_id,fecha_hora,tipo,id) values (?,?,?,default)
Hibernate: insert into aforo_registros (business_id,fecha_hora,tipo,id) values (?,?,?,default)
Hibernate: insert into aforo_registros (business_id,fecha_hora,tipo,id) values (?,?,?,default)
Hibernate: insert into aforo_registros (business_id,fecha_hora,tipo,id) values (?,?,?,default)
Hibernate: insert into aforo_registros (business_id,fecha_hora,tipo,id) values (?,?,?,default)
Hibernate: insert into aforo_registros (business_id,fecha_hora,tipo,id) values (?,?,?,default)
Hibernate: insert into aforo_registros (business_id,fecha_hora,tipo,id) values (?,?,?,default)
Hibernate: insert into aforo_registros (business_id,fecha_hora,tipo,id) values (?,?,?,default)
Hibernate: insert into aforo_registros (business_id,fecha_hora,tipo,id) values (?,?,?,default)
Hibernate: insert into aforo_registros (business_id,fecha_hora,tipo,id) values (?,?,?,default)
Hibernate: insert into aforo_registros (business_id,fecha_hora,tipo,id) values (?,?,?,default)
Hibernate: insert into aforo_registros (business_id,fecha_hora,tipo,id) values (?,?,?,default)
Hibernate: insert into aforo_registros (business_id,fecha_hora,tipo,id) values (?,?,?,default)
Hibernate: insert into aforo_registros (business_id,fecha_hora,tipo,id) values (?,?,?,default)
Hibernate: insert into aforo_registros (business_id,fecha_hora,tipo,id) values (?,?,?,default)
Hibernate: insert into aforo_registros (business_id,fecha_hora,tipo,id) values (?,?,?,default)
Hibernate: insert into aforo_registros (business_id,fecha_hora,tipo,id) values (?,?,?,default)
Hibernate: insert into aforo_registros (business_id,fecha_hora,tipo,id) values (?,?,?,default)
Hibernate: insert into aforo_registros (business_id,fecha_hora,tipo,id) values (?,?,?,default)
Hibernate: insert into aforo_registros (business_id,fecha_hora,tipo,id) values (?,?,?,default)
Hibernate: insert into aforo_registros (business_id,fecha_hora,tipo,id) values (?,?,?,default)
Hibernate: insert into aforo_registros (business_id,fecha_hora,tipo,id) values (?,?,?,default)
Hibernate: insert into aforo_registros (business_id,fecha_hora,tipo,id) values (?,?,?,default)
Hibernate: insert into aforo_registros (business_id,fecha_hora,tipo,id) values (?,?,?,default)
Hibernate: insert into aforo_registros (business_id,fecha_hora,tipo,id) values (?,?,?,default)
Hibernate: insert into aforo_registros (business_id,fecha_hora,tipo,id) values (?,?,?,default)
Hibernate: insert into aforo_registros (business_id,fecha_hora,tipo,id) values (?,?,?,default)
Hibernate: insert into aforo_registros (business_id,fecha_hora,tipo,id) values (?,?,?,default)
Hibernate: insert into aforo_registros (business_id,fecha_hora,tipo,id) values (?,?,?,default)
Hibernate: insert into aforo_registros (business_id,fecha_hora,tipo,id) values (?,?,?,default)
Hibernate: insert into aforo_registros (business_id,fecha_hora,tipo,id) values (?,?,?,default)
Hibernate: insert into aforo_registros (business_id,fecha_hora,tipo,id) values (?,?,?,default)
Hibernate: insert into aforo_registros (business_id,fecha_hora,tipo,id) values (?,?,?,default)
Hibernate: insert into aforo_registros (business_id,fecha_hora,tipo,id) values (?,?,?,default)
Hibernate: insert into aforo_registros (business_id,fecha_hora,tipo,id) values (?,?,?,default)
Hibernate: insert into aforo_registros (business_id,fecha_hora,tipo,id) values (?,?,?,default)
Hibernate: insert into aforo_registros (business_id,fecha_hora,tipo,id) values (?,?,?,default)
Hibernate: insert into aforo_registros (business_id,fecha_hora,tipo,id) values (?,?,?,default)
Hibernate: insert into aforo_registros (business_id,fecha_hora,tipo,id) values (?,?,?,default)
Hibernate: insert into aforo_registros (business_id,fecha_hora,tipo,id) values (?,?,?,default)
Hibernate: insert into aforo_registros (business_id,fecha_hora,tipo,id) values (?,?,?,default)
Hibernate: insert into aforo_registros (business_id,fecha_hora,tipo,id) values (?,?,?,default)
Hibernate: insert into aforo_registros (business_id,fecha_hora,tipo,id) values (?,?,?,default)
Hibernate: insert into aforo_registros (business_id,fecha_hora,tipo,id) values (?,?,?,default)
Hibernate: insert into aforo_registros (business_id,fecha_hora,tipo,id) values (?,?,?,default)
Hibernate: insert into aforo_registros (business_id,fecha_hora,tipo,id) values (?,?,?,default)
Hibernate: insert into aforo_registros (business_id,fecha_hora,tipo,id) values (?,?,?,default)
Hibernate: insert into aforo_registros (business_id,fecha_hora,tipo,id) values (?,?,?,default)
Hibernate: insert into aforo_registros (business_id,fecha_hora,tipo,id) values (?,?,?,default)
Hibernate: insert into aforo_registros (business_id,fecha_hora,tipo,id) values (?,?,?,default)
Hibernate: insert into aforo_registros (business_id,fecha_hora,tipo,id) values (?,?,?,default)
Hibernate: insert into aforo_registros (business_id,fecha_hora,tipo,id) values (?,?,?,default)
Hibernate: insert into aforo_registros (business_id,fecha_hora,tipo,id) values (?,?,?,default)
Hibernate: insert into aforo_registros (business_id,fecha_hora,tipo,id) values (?,?,?,default)
Hibernate: insert into aforo_registros (business_id,fecha_hora,tipo,id) values (?,?,?,default)
Hibernate: insert into aforo_registros (business_id,fecha_hora,tipo,id) values (?,?,?,default)
Hibernate: insert into aforo_registros (business_id,fecha_hora,tipo,id) values (?,?,?,default)
Hibernate: insert into aforo_registros (business_id,fecha_hora,tipo,id) values (?,?,?,default)
Hibernate: insert into aforo_registros (business_id,fecha_hora,tipo,id) values (?,?,?,default)
Hibernate: insert into aforo_registros (business_id,fecha_hora,tipo,id) values (?,?,?,default)
Hibernate: insert into aforo_registros (business_id,fecha_hora,tipo,id) values (?,?,?,default)
Hibernate: insert into aforo_registros (business_id,fecha_hora,tipo,id) values (?,?,?,default)
Hibernate: insert into aforo_registros (business_id,fecha_hora,tipo,id) values (?,?,?,default)
Hibernate: insert into aforo_registros (business_id,fecha_hora,tipo,id) values (?,?,?,default)
Hibernate: insert into aforo_registros (business_id,fecha_hora,tipo,id) values (?,?,?,default)
Hibernate: insert into aforo_registros (business_id,fecha_hora,tipo,id) values (?,?,?,default)
Hibernate: insert into aforo_registros (business_id,fecha_hora,tipo,id) values (?,?,?,default)
Hibernate: insert into aforo_registros (business_id,fecha_hora,tipo,id) values (?,?,?,default)
Hibernate: insert into aforo_registros (business_id,fecha_hora,tipo,id) values (?,?,?,default)
Hibernate: insert into aforo_registros (business_id,fecha_hora,tipo,id) values (?,?,?,default)
Hibernate: insert into aforo_registros (business_id,fecha_hora,tipo,id) values (?,?,?,default)
Hibernate: insert into aforo_registros (business_id,fecha_hora,tipo,id) values (?,?,?,default)
Hibernate: insert into aforo_registros (business_id,fecha_hora,tipo,id) values (?,?,?,default)
Hibernate: insert into aforo_registros (business_id,fecha_hora,tipo,id) values (?,?,?,default)
Hibernate: insert into aforo_registros (business_id,fecha_hora,tipo,id) values (?,?,?,default)
Hibernate: insert into aforo_registros (business_id,fecha_hora,tipo,id) values (?,?,?,default)
Hibernate: insert into aforo_registros (business_id,fecha_hora,tipo,id) values (?,?,?,default)
Hibernate: insert into aforo_registros (business_id,fecha_hora,tipo,id) values (?,?,?,default)
Hibernate: insert into aforo_registros (business_id,fecha_hora,tipo,id) values (?,?,?,default)
Hibernate: insert into aforo_registros (business_id,fecha_hora,tipo,id) values (?,?,?,default)
Hibernate: insert into aforo_registros (business_id,fecha_hora,tipo,id) values (?,?,?,default)
Hibernate: insert into aforo_registros (business_id,fecha_hora,tipo,id) values (?,?,?,default)
Hibernate: insert into aforo_registros (business_id,fecha_hora,tipo,id) values (?,?,?,default)
Hibernate: insert into aforo_registros (business_id,fecha_hora,tipo,id) values (?,?,?,default)
Hibernate: insert into aforo_registros (business_id,fecha_hora,tipo,id) values (?,?,?,default)
Hibernate: insert into aforo_registros (business_id,fecha_hora,tipo,id) values (?,?,?,default)
Hibernate: insert into aforo_registros (business_id,fecha_hora,tipo,id) values (?,?,?,default)
Hibernate: insert into aforo_registros (business_id,fecha_hora,tipo,id) values (?,?,?,default)
Hibernate: insert into aforo_registros (business_id,fecha_hora,tipo,id) values (?,?,?,default)
Hibernate: insert into aforo_registros (business_id,fecha_hora,tipo,id) values (?,?,?,default)
Hibernate: insert into aforo_registros (business_id,fecha_hora,tipo,id) values (?,?,?,default)
Hibernate: insert into aforo_registros (business_id,fecha_hora,tipo,id) values (?,?,?,default)
Hibernate: insert into aforo_registros (business_id,fecha_hora,tipo,id) values (?,?,?,default)
Hibernate: insert into aforo_registros (business_id,fecha_hora,tipo,id) values (?,?,?,default)
Hibernate: insert into aforo_registros (business_id,fecha_hora,tipo,id) values (?,?,?,default)
Hibernate: insert into aforo_registros (business_id,fecha_hora,tipo,id) values (?,?,?,default)
Hibernate: insert into aforo_registros (business_id,fecha_hora,tipo,id) values (?,?,?,default)
Hibernate: insert into aforo_registros (business_id,fecha_hora,tipo,id) values (?,?,?,default)
Hibernate: insert into aforo_registros (business_id,fecha_hora,tipo,id) values (?,?,?,default)
Hibernate: insert into aforo_registros (business_id,fecha_hora,tipo,id) values (?,?,?,default)
Hibernate: insert into aforo_registros (business_id,fecha_hora,tipo,id) values (?,?,?,default)
Hibernate: insert into aforo_registros (business_id,fecha_hora,tipo,id) values (?,?,?,default)
Hibernate: insert into aforo_registros (business_id,fecha_hora,tipo,id) values (?,?,?,default)
Hibernate: insert into aforo_registros (business_id,fecha_hora,tipo,id) values (?,?,?,default)
Hibernate: insert into aforo_registros (business_id,fecha_hora,tipo,id) values (?,?,?,default)
Hibernate: insert into aforo_registros (business_id,fecha_hora,tipo,id) values (?,?,?,default)
Hibernate: insert into aforo_registros (business_id,fecha_hora,tipo,id) values (?,?,?,default)
Hibernate: insert into aforo_registros (business_id,fecha_hora,tipo,id) values (?,?,?,default)
Hibernate: insert into aforo_registros (business_id,fecha_hora,tipo,id) values (?,?,?,default)
Hibernate: insert into aforo_registros (business_id,fecha_hora,tipo,id) values (?,?,?,default)
Hibernate: insert into aforo_registros (business_id,fecha_hora,tipo,id) values (?,?,?,default)
Hibernate: insert into aforo_registros (business_id,fecha_hora,tipo,id) values (?,?,?,default)
Hibernate: insert into aforo_registros (business_id,fecha_hora,tipo,id) values (?,?,?,default)
Hibernate: insert into aforo_registros (business_id,fecha_hora,tipo,id) values (?,?,?,default)
Hibernate: insert into aforo_registros (business_id,fecha_hora,tipo,id) values (?,?,?,default)
Hibernate: insert into aforo_registros (business_id,fecha_hora,tipo,id) values (?,?,?,default)
Hibernate: insert into aforo_registros (business_id,fecha_hora,tipo,id) values (?,?,?,default)
Hibernate: insert into aforo_registros (business_id,fecha_hora,tipo,id) values (?,?,?,default)
Hibernate: insert into aforo_registros (business_id,fecha_hora,tipo,id) values (?,?,?,default)
Hibernate: insert into aforo_registros (business_id,fecha_hora,tipo,id) values (?,?,?,default)
Hibernate: insert into aforo_registros (business_id,fecha_hora,tipo,id) values (?,?,?,default)
Hibernate: insert into aforo_registros (business_id,fecha_hora,tipo,id) values (?,?,?,default)
Hibernate: insert into aforo_registros (business_id,fecha_hora,tipo,id) values (?,?,?,default)
Hibernate: insert into aforo_registros (business_id,fecha_hora,tipo,id) values (?,?,?,default)
Hibernate: insert into aforo_registros (business_id,fecha_hora,tipo,id) values (?,?,?,default)
Hibernate: insert into aforo_registros (business_id,fecha_hora,tipo,id) values (?,?,?,default)
Hibernate: insert into aforo_registros (business_id,fecha_hora,tipo,id) values (?,?,?,default)
Hibernate: insert into aforo_registros (business_id,fecha_hora,tipo,id) values (?,?,?,default)
Hibernate: insert into aforo_registros (business_id,fecha_hora,tipo,id) values (?,?,?,default)
Hibernate: insert into aforo_registros (business_id,fecha_hora,tipo,id) values (?,?,?,default)
Hibernate: insert into aforo_registros (business_id,fecha_hora,tipo,id) values (?,?,?,default)
Hibernate: insert into aforo_registros (business_id,fecha_hora,tipo,id) values (?,?,?,default)
Hibernate: insert into aforo_registros (business_id,fecha_hora,tipo,id) values (?,?,?,default)
Hibernate: insert into aforo_registros (business_id,fecha_hora,tipo,id) values (?,?,?,default)
Hibernate: insert into aforo_registros (business_id,fecha_hora,tipo,id) values (?,?,?,default)
Hibernate: insert into aforo_registros (business_id,fecha_hora,tipo,id) values (?,?,?,default)
Hibernate: insert into aforo_registros (business_id,fecha_hora,tipo,id) values (?,?,?,default)
Hibernate: insert into aforo_registros (business_id,fecha_hora,tipo,id) values (?,?,?,default)
Hibernate: insert into aforo_registros (business_id,fecha_hora,tipo,id) values (?,?,?,default)
Hibernate: insert into aforo_registros (business_id,fecha_hora,tipo,id) values (?,?,?,default)
Hibernate: insert into aforo_registros (business_id,fecha_hora,tipo,id) values (?,?,?,default)
Hibernate: insert into aforo_registros (business_id,fecha_hora,tipo,id) values (?,?,?,default)
Hibernate: insert into aforo_registros (business_id,fecha_hora,tipo,id) values (?,?,?,default)
Hibernate: insert into aforo_registros (business_id,fecha_hora,tipo,id) values (?,?,?,default)
Hibernate: insert into aforo_registros (business_id,fecha_hora,tipo,id) values (?,?,?,default)
Hibernate: insert into aforo_registros (business_id,fecha_hora,tipo,id) values (?,?,?,default)
Hibernate: insert into aforo_registros (business_id,fecha_hora,tipo,id) values (?,?,?,default)
Hibernate: insert into aforo_registros (business_id,fecha_hora,tipo,id) values (?,?,?,default)
Hibernate: insert into aforo_registros (business_id,fecha_hora,tipo,id) values (?,?,?,default)
Hibernate: insert into aforo_registros (business_id,fecha_hora,tipo,id) values (?,?,?,default)
Hibernate: insert into aforo_registros (business_id,fecha_hora,tipo,id) values (?,?,?,default)
Hibernate: insert into aforo_registros (business_id,fecha_hora,tipo,id) values (?,?,?,default)
Hibernate: insert into aforo_registros (business_id,fecha_hora,tipo,id) values (?,?,?,default)
Hibernate: insert into aforo_registros (business_id,fecha_hora,tipo,id) values (?,?,?,default)
Hibernate: insert into aforo_registros (business_id,fecha_hora,tipo,id) values (?,?,?,default)
Hibernate: insert into aforo_registros (business_id,fecha_hora,tipo,id) values (?,?,?,default)
Hibernate: insert into aforo_registros (business_id,fecha_hora,tipo,id) values (?,?,?,default)
Hibernate: insert into aforo_registros (business_id,fecha_hora,tipo,id) values (?,?,?,default)
Hibernate: insert into aforo_registros (business_id,fecha_hora,tipo,id) values (?,?,?,default)
Hibernate: insert into aforo_registros (business_id,fecha_hora,tipo,id) values (?,?,?,default)
Hibernate: insert into aforo_registros (business_id,fecha_hora,tipo,id) values (?,?,?,default)
Hibernate: insert into aforo_registros (business_id,fecha_hora,tipo,id) values (?,?,?,default)
Hibernate: insert into aforo_registros (business_id,fecha_hora,tipo,id) values (?,?,?,default)
Hibernate: insert into aforo_registros (business_id,fecha_hora,tipo,id) values (?,?,?,default)
Hibernate: insert into aforo_registros (business_id,fecha_hora,tipo,id) values (?,?,?,default)
Hibernate: insert into aforo_registros (business_id,fecha_hora,tipo,id) values (?,?,?,default)
Hibernate: insert into aforo_registros (business_id,fecha_hora,tipo,id) values (?,?,?,default)
Hibernate: insert into aforo_registros (business_id,fecha_hora,tipo,id) values (?,?,?,default)
Hibernate: insert into aforo_registros (business_id,fecha_hora,tipo,id) values (?,?,?,default)
Hibernate: insert into aforo_registros (business_id,fecha_hora,tipo,id) values (?,?,?,default)
Hibernate: insert into aforo_registros (business_id,fecha_hora,tipo,id) values (?,?,?,default)
Hibernate: insert into aforo_registros (business_id,fecha_hora,tipo,id) values (?,?,?,default)
Hibernate: insert into aforo_registros (business_id,fecha_hora,tipo,id) values (?,?,?,default)
Hibernate: insert into aforo_registros (business_id,fecha_hora,tipo,id) values (?,?,?,default)
Hibernate: insert into aforo_registros (business_id,fecha_hora,tipo,id) values (?,?,?,default)
Hibernate: insert into aforo_registros (business_id,fecha_hora,tipo,id) values (?,?,?,default)
Hibernate: insert into aforo_registros (business_id,fecha_hora,tipo,id) values (?,?,?,default)
Hibernate: insert into aforo_registros (business_id,fecha_hora,tipo,id) values (?,?,?,default)
Hibernate: insert into aforo_registros (business_id,fecha_hora,tipo,id) values (?,?,?,default)
Hibernate: insert into aforo_registros (business_id,fecha_hora,tipo,id) values (?,?,?,default)
Hibernate: insert into aforo_registros (business_id,fecha_hora,tipo,id) values (?,?,?,default)
Hibernate: insert into aforo_registros (business_id,fecha_hora,tipo,id) values (?,?,?,default)
Hibernate: insert into aforo_registros (business_id,fecha_hora,tipo,id) values (?,?,?,default)
Hibernate: insert into aforo_registros (business_id,fecha_hora,tipo,id) values (?,?,?,default)
Hibernate: insert into aforo_registros (business_id,fecha_hora,tipo,id) values (?,?,?,default)
Hibernate: insert into aforo_registros (business_id,fecha_hora,tipo,id) values (?,?,?,default)
Hibernate: insert into aforo_registros (business_id,fecha_hora,tipo,id) values (?,?,?,default)
Hibernate: insert into aforo_registros (business_id,fecha_hora,tipo,id) values (?,?,?,default)
Hibernate: insert into aforo_registros (business_id,fecha_hora,tipo,id) values (?,?,?,default)
Hibernate: insert into aforo_registros (business_id,fecha_hora,tipo,id) values (?,?,?,default)
Hibernate: insert into aforo_registros (business_id,fecha_hora,tipo,id) values (?,?,?,default)
Hibernate: insert into aforo_registros (business_id,fecha_hora,tipo,id) values (?,?,?,default)
Hibernate: insert into aforo_registros (business_id,fecha_hora,tipo,id) values (?,?,?,default)
Hibernate: insert into aforo_registros (business_id,fecha_hora,tipo,id) values (?,?,?,default)
Hibernate: insert into aforo_registros (business_id,fecha_hora,tipo,id) values (?,?,?,default)
Hibernate: insert into aforo_registros (business_id,fecha_hora,tipo,id) values (?,?,?,default)
Hibernate: insert into aforo_registros (business_id,fecha_hora,tipo,id) values (?,?,?,default)
Hibernate: insert into aforo_registros (business_id,fecha_hora,tipo,id) values (?,?,?,default)
Hibernate: insert into aforo_registros (business_id,fecha_hora,tipo,id) values (?,?,?,default)
Hibernate: insert into aforo_registros (business_id,fecha_hora,tipo,id) values (?,?,?,default)
Hibernate: insert into aforo_registros (business_id,fecha_hora,tipo,id) values (?,?,?,default)
Hibernate: insert into aforo_registros (business_id,fecha_hora,tipo,id) values (?,?,?,default)
Hibernate: insert into aforo_registros (business_id,fecha_hora,tipo,id) values (?,?,?,default)
Hibernate: insert into aforo_registros (business_id,fecha_hora,tipo,id) values (?,?,?,default)
Hibernate: insert into aforo_registros (business_id,fecha_hora,tipo,id) values (?,?,?,default)
Hibernate: insert into aforo_registros (business_id,fecha_hora,tipo,id) values (?,?,?,default)
Hibernate: insert into aforo_registros (business_id,fecha_hora,tipo,id) values (?,?,?,default)
Hibernate: insert into aforo_registros (business_id,fecha_hora,tipo,id) values (?,?,?,default)
Hibernate: insert into aforo_registros (business_id,fecha_hora,tipo,id) values (?,?,?,default)
Hibernate: insert into aforo_registros (business_id,fecha_hora,tipo,id) values (?,?,?,default)
Hibernate: insert into aforo_registros (business_id,fecha_hora,tipo,id) values (?,?,?,default)
Hibernate: insert into aforo_registros (business_id,fecha_hora,tipo,id) values (?,?,?,default)
Hibernate: insert into aforo_registros (business_id,fecha_hora,tipo,id) values (?,?,?,default)
Hibernate: insert into aforo_registros (business_id,fecha_hora,tipo,id) values (?,?,?,default)
Hibernate: insert into aforo_registros (business_id,fecha_hora,tipo,id) values (?,?,?,default)
Hibernate: insert into aforo_registros (business_id,fecha_hora,tipo,id) values (?,?,?,default)
Hibernate: insert into aforo_registros (business_id,fecha_hora,tipo,id) values (?,?,?,default)
Hibernate: insert into aforo_registros (business_id,fecha_hora,tipo,id) values (?,?,?,default)
Hibernate: insert into aforo_registros (business_id,fecha_hora,tipo,id) values (?,?,?,default)
Hibernate: insert into aforo_registros (business_id,fecha_hora,tipo,id) values (?,?,?,default)
Hibernate: insert into aforo_registros (business_id,fecha_hora,tipo,id) values (?,?,?,default)
Hibernate: insert into aforo_registros (business_id,fecha_hora,tipo,id) values (?,?,?,default)
Hibernate: insert into aforo_registros (business_id,fecha_hora,tipo,id) values (?,?,?,default)
Hibernate: insert into aforo_registros (business_id,fecha_hora,tipo,id) values (?,?,?,default)
Hibernate: insert into aforo_registros (business_id,fecha_hora,tipo,id) values (?,?,?,default)
Hibernate: insert into aforo_registros (business_id,fecha_hora,tipo,id) values (?,?,?,default)
Hibernate: insert into aforo_registros (business_id,fecha_hora,tipo,id) values (?,?,?,default)
Hibernate: insert into aforo_registros (business_id,fecha_hora,tipo,id) values (?,?,?,default)
Hibernate: insert into aforo_registros (business_id,fecha_hora,tipo,id) values (?,?,?,default)
Hibernate: insert into aforo_registros (business_id,fecha_hora,tipo,id) values (?,?,?,default)
Hibernate: insert into aforo_registros (business_id,fecha_hora,tipo,id) values (?,?,?,default)
Hibernate: insert into aforo_registros (business_id,fecha_hora,tipo,id) values (?,?,?,default)
Hibernate: insert into aforo_registros (business_id,fecha_hora,tipo,id) values (?,?,?,default)
Hibernate: insert into aforo_registros (business_id,fecha_hora,tipo,id) values (?,?,?,default)
Hibernate: insert into aforo_registros (business_id,fecha_hora,tipo,id) values (?,?,?,default)
Hibernate: insert into aforo_registros (business_id,fecha_hora,tipo,id) values (?,?,?,default)
Hibernate: insert into aforo_registros (business_id,fecha_hora,tipo,id) values (?,?,?,default)
Hibernate: insert into aforo_registros (business_id,fecha_hora,tipo,id) values (?,?,?,default)
Hibernate: insert into aforo_registros (business_id,fecha_hora,tipo,id) values (?,?,?,default)
Hibernate: insert into aforo_registros (business_id,fecha_hora,tipo,id) values (?,?,?,default)
Hibernate: insert into aforo_registros (business_id,fecha_hora,tipo,id) values (?,?,?,default)
Hibernate: insert into aforo_registros (business_id,fecha_hora,tipo,id) values (?,?,?,default)
Hibernate: insert into aforo_registros (business_id,fecha_hora,tipo,id) values (?,?,?,default)
Hibernate: insert into aforo_registros (business_id,fecha_hora,tipo,id) values (?,?,?,default)
Hibernate: insert into aforo_registros (business_id,fecha_hora,tipo,id) values (?,?,?,default)
Hibernate: insert into aforo_registros (business_id,fecha_hora,tipo,id) values (?,?,?,default)
Hibernate: insert into aforo_registros (business_id,fecha_hora,tipo,id) values (?,?,?,default)
Hibernate: insert into aforo_registros (business_id,fecha_hora,tipo,id) values (?,?,?,default)
Hibernate: insert into aforo_registros (business_id,fecha_hora,tipo,id) values (?,?,?,default)
Hibernate: insert into aforo_registros (business_id,fecha_hora,tipo,id) values (?,?,?,default)
Hibernate: insert into aforo_registros (business_id,fecha_hora,tipo,id) values (?,?,?,default)
Hibernate: insert into aforo_registros (business_id,fecha_hora,tipo,id) values (?,?,?,default)
Hibernate: insert into aforo_registros (business_id,fecha_hora,tipo,id) values (?,?,?,default)
Hibernate: insert into aforo_registros (business_id,fecha_hora,tipo,id) values (?,?,?,default)
Hibernate: insert into aforo_registros (business_id,fecha_hora,tipo,id) values (?,?,?,default)
Hibernate: insert into aforo_registros (business_id,fecha_hora,tipo,id) values (?,?,?,default)
Hibernate: insert into aforo_registros (business_id,fecha_hora,tipo,id) values (?,?,?,default)
Hibernate: insert into aforo_registros (business_id,fecha_hora,tipo,id) values (?,?,?,default)
Hibernate: insert into aforo_registros (business_id,fecha_hora,tipo,id) values (?,?,?,default)
Hibernate: insert into aforo_registros (business_id,fecha_hora,tipo,id) values (?,?,?,default)
Hibernate: insert into aforo_registros (business_id,fecha_hora,tipo,id) values (?,?,?,default)
Hibernate: insert into aforo_registros (business_id,fecha_hora,tipo,id) values (?,?,?,default)
Hibernate: insert into aforo_registros (business_id,fecha_hora,tipo,id) values (?,?,?,default)
Hibernate: insert into aforo_registros (business_id,fecha_hora,tipo,id) values (?,?,?,default)
Hibernate: insert into aforo_registros (business_id,fecha_hora,tipo,id) values (?,?,?,default)
Hibernate: insert into aforo_registros (business_id,fecha_hora,tipo,id) values (?,?,?,default)
Hibernate: insert into aforo_registros (business_id,fecha_hora,tipo,id) values (?,?,?,default)
Hibernate: insert into aforo_registros (business_id,fecha_hora,tipo,id) values (?,?,?,default)
Hibernate: insert into aforo_registros (business_id,fecha_hora,tipo,id) values (?,?,?,default)
Hibernate: insert into aforo_registros (business_id,fecha_hora,tipo,id) values (?,?,?,default)
Hibernate: insert into aforo_registros (business_id,fecha_hora,tipo,id) values (?,?,?,default)
Hibernate: insert into aforo_registros (business_id,fecha_hora,tipo,id) values (?,?,?,default)
Hibernate: insert into aforo_registros (business_id,fecha_hora,tipo,id) values (?,?,?,default)
Hibernate: insert into aforo_registros (business_id,fecha_hora,tipo,id) values (?,?,?,default)
Hibernate: insert into aforo_registros (business_id,fecha_hora,tipo,id) values (?,?,?,default)
Hibernate: insert into aforo_registros (business_id,fecha_hora,tipo,id) values (?,?,?,default)
Hibernate: insert into aforo_registros (business_id,fecha_hora,tipo,id) values (?,?,?,default)
Hibernate: insert into aforo_registros (business_id,fecha_hora,tipo,id) values (?,?,?,default)
Hibernate: insert into aforo_registros (business_id,fecha_hora,tipo,id) values (?,?,?,default)
Hibernate: insert into aforo_registros (business_id,fecha_hora,tipo,id) values (?,?,?,default)
Hibernate: insert into aforo_registros (business_id,fecha_hora,tipo,id) values (?,?,?,default)
Hibernate: insert into aforo_registros (business_id,fecha_hora,tipo,id) values (?,?,?,default)
Hibernate: insert into aforo_registros (business_id,fecha_hora,tipo,id) values (?,?,?,default)
Hibernate: insert into aforo_registros (business_id,fecha_hora,tipo,id) values (?,?,?,default)
Hibernate: insert into aforo_registros (business_id,fecha_hora,tipo,id) values (?,?,?,default)
Hibernate: insert into aforo_registros (business_id,fecha_hora,tipo,id) values (?,?,?,default)
Hibernate: insert into aforo_registros (business_id,fecha_hora,tipo,id) values (?,?,?,default)
Hibernate: insert into aforo_registros (business_id,fecha_hora,tipo,id) values (?,?,?,default)
Hibernate: insert into aforo_registros (business_id,fecha_hora,tipo,id) values (?,?,?,default)
Hibernate: insert into aforo_registros (business_id,fecha_hora,tipo,id) values (?,?,?,default)
Hibernate: insert into aforo_registros (business_id,fecha_hora,tipo,id) values (?,?,?,default)
Hibernate: insert into aforo_registros (business_id,fecha_hora,tipo,id) values (?,?,?,default)
Hibernate: insert into aforo_registros (business_id,fecha_hora,tipo,id) values (?,?,?,default)
Hibernate: insert into aforo_registros (business_id,fecha_hora,tipo,id) values (?,?,?,default)
Hibernate: insert into aforo_registros (business_id,fecha_hora,tipo,id) values (?,?,?,default)
Hibernate: insert into aforo_registros (business_id,fecha_hora,tipo,id) values (?,?,?,default)
Hibernate: insert into aforo_registros (business_id,fecha_hora,tipo,id) values (?,?,?,default)
Hibernate: insert into aforo_registros (business_id,fecha_hora,tipo,id) values (?,?,?,default)
Hibernate: insert into aforo_registros (business_id,fecha_hora,tipo,id) values (?,?,?,default)
Hibernate: insert into aforo_registros (business_id,fecha_hora,tipo,id) values (?,?,?,default)
Hibernate: insert into aforo_registros (business_id,fecha_hora,tipo,id) values (?,?,?,default)
Hibernate: insert into aforo_registros (business_id,fecha_hora,tipo,id) values (?,?,?,default)
Hibernate: insert into aforo_registros (business_id,fecha_hora,tipo,id) values (?,?,?,default)
Hibernate: insert into aforo_registros (business_id,fecha_hora,tipo,id) values (?,?,?,default)
Hibernate: insert into aforo_registros (business_id,fecha_hora,tipo,id) values (?,?,?,default)
Hibernate: insert into aforo_registros (business_id,fecha_hora,tipo,id) values (?,?,?,default)
Hibernate: insert into aforo_registros (business_id,fecha_hora,tipo,id) values (?,?,?,default)
Hibernate: insert into aforo_registros (business_id,fecha_hora,tipo,id) values (?,?,?,default)
Hibernate: insert into aforo_registros (business_id,fecha_hora,tipo,id) values (?,?,?,default)
Hibernate: insert into aforo_registros (business_id,fecha_hora,tipo,id) values (?,?,?,default)
Hibernate: insert into aforo_registros (business_id,fecha_hora,tipo,id) values (?,?,?,default)
Hibernate: insert into aforo_registros (business_id,fecha_hora,tipo,id) values (?,?,?,default)
Hibernate: insert into aforo_registros (business_id,fecha_hora,tipo,id) values (?,?,?,default)
Hibernate: insert into aforo_registros (business_id,fecha_hora,tipo,id) values (?,?,?,default)
Hibernate: insert into aforo_registros (business_id,fecha_hora,tipo,id) values (?,?,?,default)
Hibernate: insert into aforo_registros (business_id,fecha_hora,tipo,id) values (?,?,?,default)
Hibernate: insert into aforo_registros (business_id,fecha_hora,tipo,id) values (?,?,?,default)
Hibernate: insert into aforo_registros (business_id,fecha_hora,tipo,id) values (?,?,?,default)
Hibernate: insert into aforo_registros (business_id,fecha_hora,tipo,id) values (?,?,?,default)
Hibernate: insert into aforo_registros (business_id,fecha_hora,tipo,id) values (?,?,?,default)
Hibernate: insert into aforo_registros (business_id,fecha_hora,tipo,id) values (?,?,?,default)
Hibernate: insert into aforo_registros (business_id,fecha_hora,tipo,id) values (?,?,?,default)
Hibernate: insert into aforo_registros (business_id,fecha_hora,tipo,id) values (?,?,?,default)
Hibernate: insert into aforo_registros (business_id,fecha_hora,tipo,id) values (?,?,?,default)
Hibernate: insert into aforo_registros (business_id,fecha_hora,tipo,id) values (?,?,?,default)
Hibernate: insert into aforo_registros (business_id,fecha_hora,tipo,id) values (?,?,?,default)
Hibernate: insert into aforo_registros (business_id,fecha_hora,tipo,id) values (?,?,?,default)
Hibernate: insert into aforo_registros (business_id,fecha_hora,tipo,id) values (?,?,?,default)
Hibernate: insert into aforo_registros (business_id,fecha_hora,tipo,id) values (?,?,?,default)
Hibernate: insert into aforo_registros (business_id,fecha_hora,tipo,id) values (?,?,?,default)
Hibernate: insert into aforo_registros (business_id,fecha_hora,tipo,id) values (?,?,?,default)
Hibernate: insert into aforo_registros (business_id,fecha_hora,tipo,id) values (?,?,?,default)
Hibernate: insert into aforo_registros (business_id,fecha_hora,tipo,id) values (?,?,?,default)
Hibernate: insert into aforo_registros (business_id,fecha_hora,tipo,id) values (?,?,?,default)
Hibernate: insert into aforo_registros (business_id,fecha_hora,tipo,id) values (?,?,?,default)
Hibernate: insert into aforo_registros (business_id,fecha_hora,tipo,id) values (?,?,?,default)
Hibernate: insert into aforo_registros (business_id,fecha_hora,tipo,id) values (?,?,?,default)
Hibernate: insert into aforo_registros (business_id,fecha_hora,tipo,id) values (?,?,?,default)
Hibernate: insert into aforo_registros (business_id,fecha_hora,tipo,id) values (?,?,?,default)
Hibernate: insert into aforo_registros (business_id,fecha_hora,tipo,id) values (?,?,?,default)
Hibernate: insert into aforo_registros (business_id,fecha_hora,tipo,id) values (?,?,?,default)
Hibernate: insert into aforo_registros (business_id,fecha_hora,tipo,id) values (?,?,?,default)
Hibernate: insert into aforo_registros (business_id,fecha_hora,tipo,id) values (?,?,?,default)
Hibernate: insert into aforo_registros (business_id,fecha_hora,tipo,id) values (?,?,?,default)
Hibernate: insert into aforo_registros (business_id,fecha_hora,tipo,id) values (?,?,?,default)
Hibernate: insert into aforo_registros (business_id,fecha_hora,tipo,id) values (?,?,?,default)
Hibernate: insert into aforo_registros (business_id,fecha_hora,tipo,id) values (?,?,?,default)
Hibernate: insert into aforo_registros (business_id,fecha_hora,tipo,id) values (?,?,?,default)
Hibernate: insert into aforo_registros (business_id,fecha_hora,tipo,id) values (?,?,?,default)
Hibernate: insert into aforo_registros (business_id,fecha_hora,tipo,id) values (?,?,?,default)
Hibernate: insert into aforo_registros (business_id,fecha_hora,tipo,id) values (?,?,?,default)
Hibernate: insert into aforo_registros (business_id,fecha_hora,tipo,id) values (?,?,?,default)
Hibernate: insert into aforo_registros (business_id,fecha_hora,tipo,id) values (?,?,?,default)
Hibernate: insert into aforo_registros (business_id,fecha_hora,tipo,id) values (?,?,?,default)
Hibernate: insert into aforo_registros (business_id,fecha_hora,tipo,id) values (?,?,?,default)
Hibernate: insert into aforo_registros (business_id,fecha_hora,tipo,id) values (?,?,?,default)
Hibernate: insert into aforo_registros (business_id,fecha_hora,tipo,id) values (?,?,?,default)
Hibernate: insert into aforo_registros (business_id,fecha_hora,tipo,id) values (?,?,?,default)
Hibernate: insert into aforo_registros (business_id,fecha_hora,tipo,id) values (?,?,?,default)
Hibernate: insert into aforo_registros (business_id,fecha_hora,tipo,id) values (?,?,?,default)
Hibernate: insert into aforo_registros (business_id,fecha_hora,tipo,id) values (?,?,?,default)
Hibernate: insert into aforo_registros (business_id,fecha_hora,tipo,id) values (?,?,?,default)
Hibernate: insert into aforo_registros (business_id,fecha_hora,tipo,id) values (?,?,?,default)
Hibernate: insert into aforo_registros (business_id,fecha_hora,tipo,id) values (?,?,?,default)
Hibernate: insert into aforo_registros (business_id,fecha_hora,tipo,id) values (?,?,?,default)
Hibernate: insert into aforo_registros (business_id,fecha_hora,tipo,id) values (?,?,?,default)
Hibernate: insert into aforo_registros (business_id,fecha_hora,tipo,id) values (?,?,?,default)
Hibernate: insert into aforo_registros (business_id,fecha_hora,tipo,id) values (?,?,?,default)
Hibernate: insert into aforo_registros (business_id,fecha_hora,tipo,id) values (?,?,?,default)
Hibernate: insert into aforo_registros (business_id,fecha_hora,tipo,id) values (?,?,?,default)
Hibernate: insert into aforo_registros (business_id,fecha_hora,tipo,id) values (?,?,?,default)
Hibernate: insert into aforo_registros (business_id,fecha_hora,tipo,id) values (?,?,?,default)
Hibernate: insert into aforo_registros (business_id,fecha_hora,tipo,id) values (?,?,?,default)
Hibernate: insert into aforo_registros (business_id,fecha_hora,tipo,id) values (?,?,?,default)
Hibernate: insert into aforo_registros (business_id,fecha_hora,tipo,id) values (?,?,?,default)
Hibernate: insert into aforo_registros (business_id,fecha_hora,tipo,id) values (?,?,?,default)
Hibernate: insert into aforo_registros (business_id,fecha_hora,tipo,id) values (?,?,?,default)
Hibernate: insert into aforo_registros (business_id,fecha_hora,tipo,id) values (?,?,?,default)
Hibernate: insert into aforo_registros (business_id,fecha_hora,tipo,id) values (?,?,?,default)
Hibernate: insert into aforo_registros (business_id,fecha_hora,tipo,id) values (?,?,?,default)
Hibernate: insert into aforo_registros (business_id,fecha_hora,tipo,id) values (?,?,?,default)
Hibernate: insert into aforo_registros (business_id,fecha_hora,tipo,id) values (?,?,?,default)
Hibernate: insert into aforo_registros (business_id,fecha_hora,tipo,id) values (?,?,?,default)
Hibernate: insert into aforo_registros (business_id,fecha_hora,tipo,id) values (?,?,?,default)
Hibernate: insert into aforo_registros (business_id,fecha_hora,tipo,id) values (?,?,?,default)
Hibernate: insert into aforo_registros (business_id,fecha_hora,tipo,id) values (?,?,?,default)
Hibernate: insert into aforo_registros (business_id,fecha_hora,tipo,id) values (?,?,?,default)
Hibernate: insert into aforo_registros (business_id,fecha_hora,tipo,id) values (?,?,?,default)
Hibernate: insert into aforo_registros (business_id,fecha_hora,tipo,id) values (?,?,?,default)
Hibernate: insert into aforo_registros (business_id,fecha_hora,tipo,id) values (?,?,?,default)
Hibernate: insert into aforo_registros (business_id,fecha_hora,tipo,id) values (?,?,?,default)
Hibernate: insert into aforo_registros (business_id,fecha_hora,tipo,id) values (?,?,?,default)
Hibernate: insert into aforo_registros (business_id,fecha_hora,tipo,id) values (?,?,?,default)
Hibernate: insert into aforo_registros (business_id,fecha_hora,tipo,id) values (?,?,?,default)
Hibernate: insert into aforo_registros (business_id,fecha_hora,tipo,id) values (?,?,?,default)
Hibernate: insert into aforo_registros (business_id,fecha_hora,tipo,id) values (?,?,?,default)
Hibernate: insert into aforo_registros (business_id,fecha_hora,tipo,id) values (?,?,?,default)
Hibernate: insert into aforo_registros (business_id,fecha_hora,tipo,id) values (?,?,?,default)
Hibernate: insert into aforo_registros (business_id,fecha_hora,tipo,id) values (?,?,?,default)
Hibernate: insert into aforo_registros (business_id,fecha_hora,tipo,id) values (?,?,?,default)
Hibernate: insert into aforo_registros (business_id,fecha_hora,tipo,id) values (?,?,?,default)
Hibernate: insert into aforo_registros (business_id,fecha_hora,tipo,id) values (?,?,?,default)
Hibernate: insert into aforo_registros (business_id,fecha_hora,tipo,id) values (?,?,?,default)
Hibernate: insert into aforo_registros (business_id,fecha_hora,tipo,id) values (?,?,?,default)
Hibernate: insert into aforo_registros (business_id,fecha_hora,tipo,id) values (?,?,?,default)
Hibernate: insert into aforo_registros (business_id,fecha_hora,tipo,id) values (?,?,?,default)
Hibernate: insert into aforo_registros (business_id,fecha_hora,tipo,id) values (?,?,?,default)
Hibernate: insert into aforo_registros (business_id,fecha_hora,tipo,id) values (?,?,?,default)
Hibernate: insert into aforo_registros (business_id,fecha_hora,tipo,id) values (?,?,?,default)
Hibernate: insert into aforo_registros (business_id,fecha_hora,tipo,id) values (?,?,?,default)
Hibernate: insert into aforo_registros (business_id,fecha_hora,tipo,id) values (?,?,?,default)
Hibernate: insert into aforo_registros (business_id,fecha_hora,tipo,id) values (?,?,?,default)
Hibernate: insert into aforo_registros (business_id,fecha_hora,tipo,id) values (?,?,?,default)
Hibernate: insert into aforo_registros (business_id,fecha_hora,tipo,id) values (?,?,?,default)
Hibernate: insert into aforo_registros (business_id,fecha_hora,tipo,id) values (?,?,?,default)
Hibernate: insert into aforo_registros (business_id,fecha_hora,tipo,id) values (?,?,?,default)
Hibernate: insert into aforo_registros (business_id,fecha_hora,tipo,id) values (?,?,?,default)
Hibernate: insert into aforo_registros (business_id,fecha_hora,tipo,id) values (?,?,?,default)
Hibernate: insert into aforo_registros (business_id,fecha_hora,tipo,id) values (?,?,?,default)
Hibernate: insert into aforo_registros (business_id,fecha_hora,tipo,id) values (?,?,?,default)
Hibernate: insert into aforo_registros (business_id,fecha_hora,tipo,id) values (?,?,?,default)
Hibernate: insert into aforo_registros (business_id,fecha_hora,tipo,id) values (?,?,?,default)
Hibernate: insert into aforo_registros (business_id,fecha_hora,tipo,id) values (?,?,?,default)
Hibernate: insert into aforo_registros (business_id,fecha_hora,tipo,id) values (?,?,?,default)
Hibernate: insert into aforo_registros (business_id,fecha_hora,tipo,id) values (?,?,?,default)
Hibernate: insert into aforo_registros (business_id,fecha_hora,tipo,id) values (?,?,?,default)
Hibernate: insert into aforo_registros (business_id,fecha_hora,tipo,id) values (?,?,?,default)
Hibernate: insert into aforo_registros (business_id,fecha_hora,tipo,id) values (?,?,?,default)
Hibernate: insert into aforo_registros (business_id,fecha_hora,tipo,id) values (?,?,?,default)
Hibernate: insert into aforo_registros (business_id,fecha_hora,tipo,id) values (?,?,?,default)
Hibernate: insert into aforo_registros (business_id,fecha_hora,tipo,id) values (?,?,?,default)
Hibernate: insert into aforo_registros (business_id,fecha_hora,tipo,id) values (?,?,?,default)
Hibernate: insert into aforo_registros (business_id,fecha_hora,tipo,id) values (?,?,?,default)
Hibernate: insert into aforo_registros (business_id,fecha_hora,tipo,id) values (?,?,?,default)
Hibernate: insert into aforo_registros (business_id,fecha_hora,tipo,id) values (?,?,?,default)
Hibernate: insert into aforo_registros (business_id,fecha_hora,tipo,id) values (?,?,?,default)
Hibernate: insert into aforo_registros (business_id,fecha_hora,tipo,id) values (?,?,?,default)
Hibernate: insert into aforo_registros (business_id,fecha_hora,tipo,id) values (?,?,?,default)
Hibernate: insert into aforo_registros (business_id,fecha_hora,tipo,id) values (?,?,?,default)
Hibernate: insert into aforo_registros (business_id,fecha_hora,tipo,id) values (?,?,?,default)
Hibernate: insert into aforo_registros (business_id,fecha_hora,tipo,id) values (?,?,?,default)
Hibernate: insert into aforo_registros (business_id,fecha_hora,tipo,id) values (?,?,?,default)
Hibernate: insert into aforo_registros (business_id,fecha_hora,tipo,id) values (?,?,?,default)
Hibernate: insert into aforo_registros (business_id,fecha_hora,tipo,id) values (?,?,?,default)
Hibernate: insert into aforo_registros (business_id,fecha_hora,tipo,id) values (?,?,?,default)
Hibernate: insert into aforo_registros (business_id,fecha_hora,tipo,id) values (?,?,?,default)
Hibernate: insert into aforo_registros (business_id,fecha_hora,tipo,id) values (?,?,?,default)
Hibernate: insert into aforo_registros (business_id,fecha_hora,tipo,id) values (?,?,?,default)
Hibernate: insert into aforo_registros (business_id,fecha_hora,tipo,id) values (?,?,?,default)
Hibernate: insert into aforo_registros (business_id,fecha_hora,tipo,id) values (?,?,?,default)
Hibernate: insert into aforo_registros (business_id,fecha_hora,tipo,id) values (?,?,?,default)
Hibernate: insert into aforo_registros (business_id,fecha_hora,tipo,id) values (?,?,?,default)
Hibernate: insert into aforo_registros (business_id,fecha_hora,tipo,id) values (?,?,?,default)
Hibernate: insert into aforo_registros (business_id,fecha_hora,tipo,id) values (?,?,?,default)
Hibernate: insert into aforo_registros (business_id,fecha_hora,tipo,id) values (?,?,?,default)
Hibernate: insert into aforo_registros (business_id,fecha_hora,tipo,id) values (?,?,?,default)
Hibernate: insert into aforo_registros (business_id,fecha_hora,tipo,id) values (?,?,?,default)
Hibernate: insert into aforo_registros (business_id,fecha_hora,tipo,id) values (?,?,?,default)
Hibernate: insert into aforo_registros (business_id,fecha_hora,tipo,id) values (?,?,?,default)
Hibernate: insert into aforo_registros (business_id,fecha_hora,tipo,id) values (?,?,?,default)
Hibernate: insert into aforo_registros (business_id,fecha_hora,tipo,id) values (?,?,?,default)
Hibernate: insert into aforo_registros (business_id,fecha_hora,tipo,id) values (?,?,?,default)
Hibernate: insert into aforo_registros (business_id,fecha_hora,tipo,id) values (?,?,?,default)
Hibernate: insert into aforo_registros (business_id,fecha_hora,tipo,id) values (?,?,?,default)
Hibernate: insert into aforo_registros (business_id,fecha_hora,tipo,id) values (?,?,?,default)
Hibernate: insert into aforo_registros (business_id,fecha_hora,tipo,id) values (?,?,?,default)
Hibernate: insert into aforo_registros (business_id,fecha_hora,tipo,id) values (?,?,?,default)
Hibernate: insert into aforo_registros (business_id,fecha_hora,tipo,id) values (?,?,?,default)
Hibernate: insert into aforo_registros (business_id,fecha_hora,tipo,id) values (?,?,?,default)
Hibernate: insert into aforo_registros (business_id,fecha_hora,tipo,id) values (?,?,?,default)
Hibernate: insert into aforo_registros (business_id,fecha_hora,tipo,id) values (?,?,?,default)
Hibernate: insert into aforo_registros (business_id,fecha_hora,tipo,id) values (?,?,?,default)
Hibernate: insert into aforo_registros (business_id,fecha_hora,tipo,id) values (?,?,?,default)
Hibernate: insert into aforo_registros (business_id,fecha_hora,tipo,id) values (?,?,?,default)
Hibernate: insert into aforo_registros (business_id,fecha_hora,tipo,id) values (?,?,?,default)
Hibernate: insert into aforo_registros (business_id,fecha_hora,tipo,id) values (?,?,?,default)
Hibernate: insert into aforo_registros (business_id,fecha_hora,tipo,id) values (?,?,?,default)
Hibernate: insert into aforo_registros (business_id,fecha_hora,tipo,id) values (?,?,?,default)
Hibernate: insert into aforo_registros (business_id,fecha_hora,tipo,id) values (?,?,?,default)
Hibernate: insert into aforo_registros (business_id,fecha_hora,tipo,id) values (?,?,?,default)
Hibernate: insert into aforo_registros (business_id,fecha_hora,tipo,id) values (?,?,?,default)
Hibernate: insert into aforo_registros (business_id,fecha_hora,tipo,id) values (?,?,?,default)
Hibernate: insert into aforo_registros (business_id,fecha_hora,tipo,id) values (?,?,?,default)
Hibernate: insert into aforo_registros (business_id,fecha_hora,tipo,id) values (?,?,?,default)
Hibernate: insert into aforo_registros (business_id,fecha_hora,tipo,id) values (?,?,?,default)
Hibernate: insert into aforo_registros (business_id,fecha_hora,tipo,id) values (?,?,?,default)
Hibernate: insert into aforo_registros (business_id,fecha_hora,tipo,id) values (?,?,?,default)
Hibernate: insert into aforo_registros (business_id,fecha_hora,tipo,id) values (?,?,?,default)
Hibernate: insert into aforo_registros (business_id,fecha_hora,tipo,id) values (?,?,?,default)
Hibernate: insert into aforo_registros (business_id,fecha_hora,tipo,id) values (?,?,?,default)
Hibernate: insert into aforo_registros (business_id,fecha_hora,tipo,id) values (?,?,?,default)
Hibernate: insert into aforo_registros (business_id,fecha_hora,tipo,id) values (?,?,?,default)
Hibernate: insert into aforo_registros (business_id,fecha_hora,tipo,id) values (?,?,?,default)
Hibernate: insert into aforo_registros (business_id,fecha_hora,tipo,id) values (?,?,?,default)
Hibernate: insert into aforo_registros (business_id,fecha_hora,tipo,id) values (?,?,?,default)
Hibernate: insert into aforo_registros (business_id,fecha_hora,tipo,id) values (?,?,?,default)
Hibernate: insert into aforo_registros (business_id,fecha_hora,tipo,id) values (?,?,?,default)
Hibernate: insert into aforo_registros (business_id,fecha_hora,tipo,id) values (?,?,?,default)
Hibernate: insert into aforo_registros (business_id,fecha_hora,tipo,id) values (?,?,?,default)
Hibernate: insert into aforo_registros (business_id,fecha_hora,tipo,id) values (?,?,?,default)
Hibernate: insert into aforo_registros (business_id,fecha_hora,tipo,id) values (?,?,?,default)
Hibernate: insert into aforo_registros (business_id,fecha_hora,tipo,id) values (?,?,?,default)
Hibernate: insert into aforo_registros (business_id,fecha_hora,tipo,id) values (?,?,?,default)
Hibernate: insert into aforo_registros (business_id,fecha_hora,tipo,id) values (?,?,?,default)
Hibernate: insert into aforo_registros (business_id,fecha_hora,tipo,id) values (?,?,?,default)
Hibernate: insert into aforo_registros (business_id,fecha_hora,tipo,id) values (?,?,?,default)
Hibernate: insert into aforo_registros (business_id,fecha_hora,tipo,id) values (?,?,?,default)
Hibernate: insert into aforo_registros (business_id,fecha_hora,tipo,id) values (?,?,?,default)
Hibernate: insert into aforo_registros (business_id,fecha_hora,tipo,id) values (?,?,?,default)
Hibernate: insert into aforo_registros (business_id,fecha_hora,tipo,id) values (?,?,?,default)
Hibernate: insert into aforo_registros (business_id,fecha_hora,tipo,id) values (?,?,?,default)
Hibernate: insert into aforo_registros (business_id,fecha_hora,tipo,id) values (?,?,?,default)
Hibernate: insert into aforo_registros (business_id,fecha_hora,tipo,id) values (?,?,?,default)
Hibernate: insert into aforo_registros (business_id,fecha_hora,tipo,id) values (?,?,?,default)
Hibernate: insert into aforo_registros (business_id,fecha_hora,tipo,id) values (?,?,?,default)
Hibernate: insert into aforo_registros (business_id,fecha_hora,tipo,id) values (?,?,?,default)
Hibernate: insert into aforo_registros (business_id,fecha_hora,tipo,id) values (?,?,?,default)
Hibernate: insert into aforo_registros (business_id,fecha_hora,tipo,id) values (?,?,?,default)
Hibernate: insert into aforo_registros (business_id,fecha_hora,tipo,id) values (?,?,?,default)
Hibernate: insert into aforo_registros (business_id,fecha_hora,tipo,id) values (?,?,?,default)
Hibernate: insert into aforo_registros (business_id,fecha_hora,tipo,id) values (?,?,?,default)
Hibernate: insert into aforo_registros (business_id,fecha_hora,tipo,id) values (?,?,?,default)
Hibernate: insert into aforo_registros (business_id,fecha_hora,tipo,id) values (?,?,?,default)
Hibernate: insert into aforo_registros (business_id,fecha_hora,tipo,id) values (?,?,?,default)
Hibernate: insert into aforo_registros (business_id,fecha_hora,tipo,id) values (?,?,?,default)
Hibernate: insert into aforo_registros (business_id,fecha_hora,tipo,id) values (?,?,?,default)
Hibernate: insert into aforo_registros (business_id,fecha_hora,tipo,id) values (?,?,?,default)
Hibernate: insert into aforo_registros (business_id,fecha_hora,tipo,id) values (?,?,?,default)
Hibernate: insert into aforo_registros (business_id,fecha_hora,tipo,id) values (?,?,?,default)
Hibernate: insert into aforo_registros (business_id,fecha_hora,tipo,id) values (?,?,?,default)
Hibernate: insert into aforo_registros (business_id,fecha_hora,tipo,id) values (?,?,?,default)
Hibernate: insert into aforo_registros (business_id,fecha_hora,tipo,id) values (?,?,?,default)
Hibernate: insert into aforo_registros (business_id,fecha_hora,tipo,id) values (?,?,?,default)
Hibernate: insert into aforo_registros (business_id,fecha_hora,tipo,id) values (?,?,?,default)
Hibernate: insert into aforo_registros (business_id,fecha_hora,tipo,id) values (?,?,?,default)
Hibernate: insert into aforo_registros (business_id,fecha_hora,tipo,id) values (?,?,?,default)
Hibernate: insert into aforo_registros (business_id,fecha_hora,tipo,id) values (?,?,?,default)
Hibernate: insert into aforo_registros (business_id,fecha_hora,tipo,id) values (?,?,?,default)
Hibernate: insert into aforo_registros (business_id,fecha_hora,tipo,id) values (?,?,?,default)
Hibernate: insert into aforo_registros (business_id,fecha_hora,tipo,id) values (?,?,?,default)
Hibernate: insert into aforo_registros (business_id,fecha_hora,tipo,id) values (?,?,?,default)
Hibernate: insert into aforo_registros (business_id,fecha_hora,tipo,id) values (?,?,?,default)
Hibernate: insert into aforo_registros (business_id,fecha_hora,tipo,id) values (?,?,?,default)
Hibernate: insert into aforo_registros (business_id,fecha_hora,tipo,id) values (?,?,?,default)
Hibernate: insert into aforo_registros (business_id,fecha_hora,tipo,id) values (?,?,?,default)
Hibernate: insert into aforo_registros (business_id,fecha_hora,tipo,id) values (?,?,?,default)
Hibernate: insert into aforo_registros (business_id,fecha_hora,tipo,id) values (?,?,?,default)
Hibernate: insert into aforo_registros (business_id,fecha_hora,tipo,id) values (?,?,?,default)
Hibernate: insert into aforo_registros (business_id,fecha_hora,tipo,id) values (?,?,?,default)
Hibernate: insert into aforo_registros (business_id,fecha_hora,tipo,id) values (?,?,?,default)
Hibernate: insert into aforo_registros (business_id,fecha_hora,tipo,id) values (?,?,?,default)
Hibernate: insert into aforo_registros (business_id,fecha_hora,tipo,id) values (?,?,?,default)
Hibernate: insert into aforo_registros (business_id,fecha_hora,tipo,id) values (?,?,?,default)
Hibernate: insert into aforo_registros (business_id,fecha_hora,tipo,id) values (?,?,?,default)
Hibernate: insert into aforo_registros (business_id,fecha_hora,tipo,id) values (?,?,?,default)
Hibernate: insert into aforo_registros (business_id,fecha_hora,tipo,id) values (?,?,?,default)
Hibernate: insert into aforo_registros (business_id,fecha_hora,tipo,id) values (?,?,?,default)
Hibernate: insert into aforo_registros (business_id,fecha_hora,tipo,id) values (?,?,?,default)
Hibernate: insert into aforo_registros (business_id,fecha_hora,tipo,id) values (?,?,?,default)
Hibernate: insert into aforo_registros (business_id,fecha_hora,tipo,id) values (?,?,?,default)
Hibernate: insert into aforo_registros (business_id,fecha_hora,tipo,id) values (?,?,?,default)
Hibernate: insert into aforo_registros (business_id,fecha_hora,tipo,id) values (?,?,?,default)
Hibernate: insert into aforo_registros (business_id,fecha_hora,tipo,id) values (?,?,?,default)
Hibernate: insert into aforo_registros (business_id,fecha_hora,tipo,id) values (?,?,?,default)
Hibernate: insert into aforo_registros (business_id,fecha_hora,tipo,id) values (?,?,?,default)
Hibernate: insert into aforo_registros (business_id,fecha_hora,tipo,id) values (?,?,?,default)
Hibernate: insert into aforo_registros (business_id,fecha_hora,tipo,id) values (?,?,?,default)
Hibernate: insert into aforo_registros (business_id,fecha_hora,tipo,id) values (?,?,?,default)
Hibernate: insert into aforo_registros (business_id,fecha_hora,tipo,id) values (?,?,?,default)
Hibernate: insert into aforo_registros (business_id,fecha_hora,tipo,id) values (?,?,?,default)
Hibernate: insert into aforo_registros (business_id,fecha_hora,tipo,id) values (?,?,?,default)
Hibernate: insert into aforo_registros (business_id,fecha_hora,tipo,id) values (?,?,?,default)
Hibernate: insert into aforo_registros (business_id,fecha_hora,tipo,id) values (?,?,?,default)
Hibernate: insert into aforo_registros (business_id,fecha_hora,tipo,id) values (?,?,?,default)
Hibernate: insert into aforo_registros (business_id,fecha_hora,tipo,id) values (?,?,?,default)
Hibernate: insert into aforo_registros (business_id,fecha_hora,tipo,id) values (?,?,?,default)
Hibernate: insert into aforo_registros (business_id,fecha_hora,tipo,id) values (?,?,?,default)
Hibernate: insert into aforo_registros (business_id,fecha_hora,tipo,id) values (?,?,?,default)
Hibernate: insert into aforo_registros (business_id,fecha_hora,tipo,id) values (?,?,?,default)
Hibernate: insert into aforo_registros (business_id,fecha_hora,tipo,id) values (?,?,?,default)
Hibernate: insert into aforo_registros (business_id,fecha_hora,tipo,id) values (?,?,?,default)
Hibernate: insert into aforo_registros (business_id,fecha_hora,tipo,id) values (?,?,?,default)
Hibernate: insert into aforo_registros (business_id,fecha_hora,tipo,id) values (?,?,?,default)
Hibernate: insert into aforo_registros (business_id,fecha_hora,tipo,id) values (?,?,?,default)
Hibernate: insert into aforo_registros (business_id,fecha_hora,tipo,id) values (?,?,?,default)
Hibernate: insert into aforo_registros (business_id,fecha_hora,tipo,id) values (?,?,?,default)
Hibernate: insert into aforo_registros (business_id,fecha_hora,tipo,id) values (?,?,?,default)
Hibernate: insert into aforo_registros (business_id,fecha_hora,tipo,id) values (?,?,?,default)
Hibernate: insert into aforo_registros (business_id,fecha_hora,tipo,id) values (?,?,?,default)
Hibernate: insert into aforo_registros (business_id,fecha_hora,tipo,id) values (?,?,?,default)
Hibernate: insert into aforo_registros (business_id,fecha_hora,tipo,id) values (?,?,?,default)
Hibernate: insert into aforo_registros (business_id,fecha_hora,tipo,id) values (?,?,?,default)
Hibernate: insert into aforo_registros (business_id,fecha_hora,tipo,id) values (?,?,?,default)
Hibernate: insert into aforo_registros (business_id,fecha_hora,tipo,id) values (?,?,?,default)
Hibernate: insert into aforo_registros (business_id,fecha_hora,tipo,id) values (?,?,?,default)
Hibernate: insert into aforo_registros (business_id,fecha_hora,tipo,id) values (?,?,?,default)
Hibernate: insert into aforo_registros (business_id,fecha_hora,tipo,id) values (?,?,?,default)
Hibernate: insert into aforo_registros (business_id,fecha_hora,tipo,id) values (?,?,?,default)
Hibernate: insert into aforo_registros (business_id,fecha_hora,tipo,id) values (?,?,?,default)
Hibernate: insert into aforo_registros (business_id,fecha_hora,tipo,id) values (?,?,?,default)
Hibernate: insert into aforo_registros (business_id,fecha_hora,tipo,id) values (?,?,?,default)
Hibernate: insert into aforo_registros (business_id,fecha_hora,tipo,id) values (?,?,?,default)
Hibernate: insert into aforo_registros (business_id,fecha_hora,tipo,id) values (?,?,?,default)
Hibernate: insert into aforo_registros (business_id,fecha_hora,tipo,id) values (?,?,?,default)
Hibernate: insert into aforo_registros (business_id,fecha_hora,tipo,id) values (?,?,?,default)
Hibernate: insert into aforo_registros (business_id,fecha_hora,tipo,id) values (?,?,?,default)
Hibernate: insert into aforo_registros (business_id,fecha_hora,tipo,id) values (?,?,?,default)
Hibernate: insert into aforo_registros (business_id,fecha_hora,tipo,id) values (?,?,?,default)
Hibernate: insert into aforo_registros (business_id,fecha_hora,tipo,id) values (?,?,?,default)
Hibernate: insert into aforo_registros (business_id,fecha_hora,tipo,id) values (?,?,?,default)
Hibernate: insert into aforo_registros (business_id,fecha_hora,tipo,id) values (?,?,?,default)
Hibernate: insert into aforo_registros (business_id,fecha_hora,tipo,id) values (?,?,?,default)
Hibernate: insert into aforo_registros (business_id,fecha_hora,tipo,id) values (?,?,?,default)
Hibernate: insert into aforo_registros (business_id,fecha_hora,tipo,id) values (?,?,?,default)
Hibernate: insert into aforo_registros (business_id,fecha_hora,tipo,id) values (?,?,?,default)
Hibernate: insert into aforo_registros (business_id,fecha_hora,tipo,id) values (?,?,?,default)
Hibernate: insert into aforo_registros (business_id,fecha_hora,tipo,id) values (?,?,?,default)
Hibernate: insert into aforo_registros (business_id,fecha_hora,tipo,id) values (?,?,?,default)
Hibernate: insert into aforo_registros (business_id,fecha_hora,tipo,id) values (?,?,?,default)
Hibernate: insert into aforo_registros (business_id,fecha_hora,tipo,id) values (?,?,?,default)
Hibernate: insert into aforo_registros (business_id,fecha_hora,tipo,id) values (?,?,?,default)
Hibernate: insert into aforo_registros (business_id,fecha_hora,tipo,id) values (?,?,?,default)
Hibernate: insert into aforo_registros (business_id,fecha_hora,tipo,id) values (?,?,?,default)
Hibernate: insert into aforo_registros (business_id,fecha_hora,tipo,id) values (?,?,?,default)
Hibernate: insert into aforo_registros (business_id,fecha_hora,tipo,id) values (?,?,?,default)
Hibernate: insert into aforo_registros (business_id,fecha_hora,tipo,id) values (?,?,?,default)
Hibernate: insert into aforo_registros (business_id,fecha_hora,tipo,id) values (?,?,?,default)
Hibernate: insert into aforo_registros (business_id,fecha_hora,tipo,id) values (?,?,?,default)
Hibernate: insert into aforo_registros (business_id,fecha_hora,tipo,id) values (?,?,?,default)
Hibernate: insert into aforo_registros (business_id,fecha_hora,tipo,id) values (?,?,?,default)
Hibernate: insert into aforo_registros (business_id,fecha_hora,tipo,id) values (?,?,?,default)
Hibernate: insert into aforo_registros (business_id,fecha_hora,tipo,id) values (?,?,?,default)
Hibernate: insert into aforo_registros (business_id,fecha_hora,tipo,id) values (?,?,?,default)
Hibernate: insert into aforo_registros (business_id,fecha_hora,tipo,id) values (?,?,?,default)
Hibernate: insert into aforo_registros (business_id,fecha_hora,tipo,id) values (?,?,?,default)
Hibernate: insert into aforo_registros (business_id,fecha_hora,tipo,id) values (?,?,?,default)
Hibernate: insert into aforo_registros (business_id,fecha_hora,tipo,id) values (?,?,?,default)
Hibernate: insert into aforo_registros (business_id,fecha_hora,tipo,id) values (?,?,?,default)
Hibernate: insert into aforo_registros (business_id,fecha_hora,tipo,id) values (?,?,?,default)
Hibernate: insert into aforo_registros (business_id,fecha_hora,tipo,id) values (?,?,?,default)
Hibernate: insert into aforo_registros (business_id,fecha_hora,tipo,id) values (?,?,?,default)
Hibernate: insert into aforo_registros (business_id,fecha_hora,tipo,id) values (?,?,?,default)
Hibernate: insert into aforo_registros (business_id,fecha_hora,tipo,id) values (?,?,?,default)
Hibernate: insert into aforo_registros (business_id,fecha_hora,tipo,id) values (?,?,?,default)
Hibernate: insert into aforo_registros (business_id,fecha_hora,tipo,id) values (?,?,?,default)
Hibernate: insert into aforo_registros (business_id,fecha_hora,tipo,id) values (?,?,?,default)
Hibernate: insert into aforo_registros (business_id,fecha_hora,tipo,id) values (?,?,?,default)
Hibernate: insert into aforo_registros (business_id,fecha_hora,tipo,id) values (?,?,?,default)
Hibernate: insert into aforo_registros (business_id,fecha_hora,tipo,id) values (?,?,?,default)
Hibernate: insert into aforo_registros (business_id,fecha_hora,tipo,id) values (?,?,?,default)
Hibernate: insert into aforo_registros (business_id,fecha_hora,tipo,id) values (?,?,?,default)
Hibernate: insert into aforo_registros (business_id,fecha_hora,tipo,id) values (?,?,?,default)
Hibernate: insert into aforo_registros (business_id,fecha_hora,tipo,id) values (?,?,?,default)
Hibernate: insert into aforo_registros (business_id,fecha_hora,tipo,id) values (?,?,?,default)
Hibernate: insert into aforo_registros (business_id,fecha_hora,tipo,id) values (?,?,?,default)
Hibernate: insert into aforo_registros (business_id,fecha_hora,tipo,id) values (?,?,?,default)
Hibernate: insert into aforo_registros (business_id,fecha_hora,tipo,id) values (?,?,?,default)
Hibernate: insert into aforo_registros (business_id,fecha_hora,tipo,id) values (?,?,?,default)
Hibernate: insert into aforo_registros (business_id,fecha_hora,tipo,id) values (?,?,?,default)
Hibernate: insert into aforo_registros (business_id,fecha_hora,tipo,id) values (?,?,?,default)
Hibernate: insert into aforo_registros (business_id,fecha_hora,tipo,id) values (?,?,?,default)
Hibernate: insert into aforo_registros (business_id,fecha_hora,tipo,id) values (?,?,?,default)
Hibernate: insert into aforo_registros (business_id,fecha_hora,tipo,id) values (?,?,?,default)
Hibernate: insert into aforo_registros (business_id,fecha_hora,tipo,id) values (?,?,?,default)
Hibernate: insert into aforo_registros (business_id,fecha_hora,tipo,id) values (?,?,?,default)
Hibernate: insert into aforo_registros (business_id,fecha_hora,tipo,id) values (?,?,?,default)
Hibernate: insert into aforo_registros (business_id,fecha_hora,tipo,id) values (?,?,?,default)
Hibernate: insert into aforo_registros (business_id,fecha_hora,tipo,id) values (?,?,?,default)
Hibernate: insert into aforo_registros (business_id,fecha_hora,tipo,id) values (?,?,?,default)
Hibernate: insert into aforo_registros (business_id,fecha_hora,tipo,id) values (?,?,?,default)
Hibernate: insert into aforo_registros (business_id,fecha_hora,tipo,id) values (?,?,?,default)
Hibernate: insert into aforo_registros (business_id,fecha_hora,tipo,id) values (?,?,?,default)
Hibernate: insert into aforo_registros (business_id,fecha_hora,tipo,id) values (?,?,?,default)
Hibernate: insert into aforo_registros (business_id,fecha_hora,tipo,id) values (?,?,?,default)
Hibernate: insert into aforo_registros (business_id,fecha_hora,tipo,id) values (?,?,?,default)
Hibernate: insert into aforo_registros (business_id,fecha_hora,tipo,id) values (?,?,?,default)
Hibernate: insert into aforo_registros (business_id,fecha_hora,tipo,id) values (?,?,?,default)
Hibernate: insert into aforo_registros (business_id,fecha_hora,tipo,id) values (?,?,?,default)
Hibernate: insert into aforo_registros (business_id,fecha_hora,tipo,id) values (?,?,?,default)
Hibernate: insert into aforo_registros (business_id,fecha_hora,tipo,id) values (?,?,?,default)
Hibernate: insert into aforo_registros (business_id,fecha_hora,tipo,id) values (?,?,?,default)
Hibernate: insert into aforo_registros (business_id,fecha_hora,tipo,id) values (?,?,?,default)
Hibernate: insert into aforo_registros (business_id,fecha_hora,tipo,id) values (?,?,?,default)
Hibernate: insert into aforo_registros (business_id,fecha_hora,tipo,id) values (?,?,?,default)
Hibernate: insert into aforo_registros (business_id,fecha_hora,tipo,id) values (?,?,?,default)
Hibernate: insert into aforo_registros (business_id,fecha_hora,tipo,id) values (?,?,?,default)
Hibernate: insert into aforo_registros (business_id,fecha_hora,tipo,id) values (?,?,?,default)
Hibernate: insert into aforo_registros (business_id,fecha_hora,tipo,id) values (?,?,?,default)
Hibernate: insert into aforo_registros (business_id,fecha_hora,tipo,id) values (?,?,?,default)
Hibernate: insert into aforo_registros (business_id,fecha_hora,tipo,id) values (?,?,?,default)
Hibernate: insert into aforo_registros (business_id,fecha_hora,tipo,id) values (?,?,?,default)
Hibernate: insert into aforo_registros (business_id,fecha_hora,tipo,id) values (?,?,?,default)
Hibernate: insert into aforo_registros (business_id,fecha_hora,tipo,id) values (?,?,?,default)
Hibernate: insert into aforo_registros (business_id,fecha_hora,tipo,id) values (?,?,?,default)
Hibernate: insert into aforo_registros (business_id,fecha_hora,tipo,id) values (?,?,?,default)
Hibernate: insert into aforo_registros (business_id,fecha_hora,tipo,id) values (?,?,?,default)
Hibernate: insert into aforo_registros (business_id,fecha_hora,tipo,id) values (?,?,?,default)
Hibernate: insert into aforo_registros (business_id,fecha_hora,tipo,id) values (?,?,?,default)
Hibernate: insert into aforo_registros (business_id,fecha_hora,tipo,id) values (?,?,?,default)
Hibernate: insert into aforo_registros (business_id,fecha_hora,tipo,id) values (?,?,?,default)
Hibernate: insert into aforo_registros (business_id,fecha_hora,tipo,id) values (?,?,?,default)
Hibernate: insert into aforo_registros (business_id,fecha_hora,tipo,id) values (?,?,?,default)
Hibernate: insert into aforo_registros (business_id,fecha_hora,tipo,id) values (?,?,?,default)
Hibernate: insert into aforo_registros (business_id,fecha_hora,tipo,id) values (?,?,?,default)
Hibernate: insert into aforo_registros (business_id,fecha_hora,tipo,id) values (?,?,?,default)
Hibernate: insert into aforo_registros (business_id,fecha_hora,tipo,id) values (?,?,?,default)
Hibernate: insert into aforo_registros (business_id,fecha_hora,tipo,id) values (?,?,?,default)
Hibernate: insert into aforo_registros (business_id,fecha_hora,tipo,id) values (?,?,?,default)
Hibernate: insert into aforo_registros (business_id,fecha_hora,tipo,id) values (?,?,?,default)
Hibernate: insert into aforo_registros (business_id,fecha_hora,tipo,id) values (?,?,?,default)
Hibernate: insert into aforo_registros (business_id,fecha_hora,tipo,id) values (?,?,?,default)
Hibernate: insert into aforo_registros (business_id,fecha_hora,tipo,id) values (?,?,?,default)
Hibernate: insert into aforo_registros (business_id,fecha_hora,tipo,id) values (?,?,?,default)
Hibernate: insert into aforo_registros (business_id,fecha_hora,tipo,id) values (?,?,?,default)
Hibernate: insert into aforo_registros (business_id,fecha_hora,tipo,id) values (?,?,?,default)
Hibernate: insert into aforo_registros (business_id,fecha_hora,tipo,id) values (?,?,?,default)
Hibernate: insert into aforo_registros (business_id,fecha_hora,tipo,id) values (?,?,?,default)
Hibernate: insert into aforo_registros (business_id,fecha_hora,tipo,id) values (?,?,?,default)
Hibernate: insert into aforo_registros (business_id,fecha_hora,tipo,id) values (?,?,?,default)
Hibernate: insert into aforo_registros (business_id,fecha_hora,tipo,id) values (?,?,?,default)
Hibernate: insert into aforo_registros (business_id,fecha_hora,tipo,id) values (?,?,?,default)
Hibernate: insert into aforo_registros (business_id,fecha_hora,tipo,id) values (?,?,?,default)
Hibernate: insert into aforo_registros (business_id,fecha_hora,tipo,id) values (?,?,?,default)
Hibernate: insert into aforo_registros (business_id,fecha_hora,tipo,id) values (?,?,?,default)
Hibernate: insert into aforo_registros (business_id,fecha_hora,tipo,id) values (?,?,?,default)
Hibernate: insert into aforo_registros (business_id,fecha_hora,tipo,id) values (?,?,?,default)
Hibernate: insert into aforo_registros (business_id,fecha_hora,tipo,id) values (?,?,?,default)
Hibernate: insert into aforo_registros (business_id,fecha_hora,tipo,id) values (?,?,?,default)
Hibernate: insert into aforo_registros (business_id,fecha_hora,tipo,id) values (?,?,?,default)
Hibernate: insert into aforo_registros (business_id,fecha_hora,tipo,id) values (?,?,?,default)
Hibernate: insert into aforo_registros (business_id,fecha_hora,tipo,id) values (?,?,?,default)
Hibernate: insert into aforo_registros (business_id,fecha_hora,tipo,id) values (?,?,?,default)
Hibernate: insert into aforo_registros (business_id,fecha_hora,tipo,id) values (?,?,?,default)
Hibernate: insert into aforo_registros (business_id,fecha_hora,tipo,id) values (?,?,?,default)
Hibernate: insert into aforo_registros (business_id,fecha_hora,tipo,id) values (?,?,?,default)
Hibernate: insert into aforo_registros (business_id,fecha_hora,tipo,id) values (?,?,?,default)
Hibernate: insert into aforo_registros (business_id,fecha_hora,tipo,id) values (?,?,?,default)
Hibernate: insert into aforo_registros (business_id,fecha_hora,tipo,id) values (?,?,?,default)
Hibernate: insert into aforo_registros (business_id,fecha_hora,tipo,id) values (?,?,?,default)
Hibernate: insert into aforo_registros (business_id,fecha_hora,tipo,id) values (?,?,?,default)
Hibernate: insert into aforo_registros (business_id,fecha_hora,tipo,id) values (?,?,?,default)
Hibernate: insert into aforo_registros (business_id,fecha_hora,tipo,id) values (?,?,?,default)
Hibernate: insert into aforo_registros (business_id,fecha_hora,tipo,id) values (?,?,?,default)
Hibernate: insert into aforo_registros (business_id,fecha_hora,tipo,id) values (?,?,?,default)
Hibernate: insert into aforo_registros (business_id,fecha_hora,tipo,id) values (?,?,?,default)
Hibernate: insert into aforo_registros (business_id,fecha_hora,tipo,id) values (?,?,?,default)
Hibernate: insert into aforo_registros (business_id,fecha_hora,tipo,id) values (?,?,?,default)
Hibernate: insert into aforo_registros (business_id,fecha_hora,tipo,id) values (?,?,?,default)
Hibernate: insert into aforo_registros (business_id,fecha_hora,tipo,id) values (?,?,?,default)
Hibernate: insert into aforo_registros (business_id,fecha_hora,tipo,id) values (?,?,?,default)
Hibernate: insert into aforo_registros (business_id,fecha_hora,tipo,id) values (?,?,?,default)
Hibernate: insert into aforo_registros (business_id,fecha_hora,tipo,id) values (?,?,?,default)
Hibernate: insert into aforo_registros (business_id,fecha_hora,tipo,id) values (?,?,?,default)
Hibernate: insert into aforo_registros (business_id,fecha_hora,tipo,id) values (?,?,?,default)
Hibernate: insert into aforo_registros (business_id,fecha_hora,tipo,id) values (?,?,?,default)
Hibernate: insert into aforo_registros (business_id,fecha_hora,tipo,id) values (?,?,?,default)
Hibernate: insert into aforo_registros (business_id,fecha_hora,tipo,id) values (?,?,?,default)
Hibernate: insert into aforo_registros (business_id,fecha_hora,tipo,id) values (?,?,?,default)
Hibernate: insert into aforo_registros (business_id,fecha_hora,tipo,id) values (?,?,?,default)
Hibernate: insert into aforo_registros (business_id,fecha_hora,tipo,id) values (?,?,?,default)
Hibernate: insert into aforo_registros (business_id,fecha_hora,tipo,id) values (?,?,?,default)
Hibernate: insert into aforo_registros (business_id,fecha_hora,tipo,id) values (?,?,?,default)
Hibernate: insert into aforo_registros (business_id,fecha_hora,tipo,id) values (?,?,?,default)
Hibernate: insert into aforo_registros (business_id,fecha_hora,tipo,id) values (?,?,?,default)
Hibernate: insert into aforo_registros (business_id,fecha_hora,tipo,id) values (?,?,?,default)
Hibernate: insert into aforo_registros (business_id,fecha_hora,tipo,id) values (?,?,?,default)
Hibernate: insert into aforo_registros (business_id,fecha_hora,tipo,id) values (?,?,?,default)
Hibernate: insert into aforo_registros (business_id,fecha_hora,tipo,id) values (?,?,?,default)
Hibernate: insert into aforo_registros (business_id,fecha_hora,tipo,id) values (?,?,?,default)
Hibernate: insert into aforo_registros (business_id,fecha_hora,tipo,id) values (?,?,?,default)
Hibernate: insert into aforo_registros (business_id,fecha_hora,tipo,id) values (?,?,?,default)
Hibernate: insert into aforo_registros (business_id,fecha_hora,tipo,id) values (?,?,?,default)
Hibernate: insert into aforo_registros (business_id,fecha_hora,tipo,id) values (?,?,?,default)
Hibernate: insert into aforo_registros (business_id,fecha_hora,tipo,id) values (?,?,?,default)
Hibernate: insert into aforo_registros (business_id,fecha_hora,tipo,id) values (?,?,?,default)
Hibernate: insert into aforo_registros (business_id,fecha_hora,tipo,id) values (?,?,?,default)
Hibernate: insert into aforo_registros (business_id,fecha_hora,tipo,id) values (?,?,?,default)
Hibernate: insert into aforo_registros (business_id,fecha_hora,tipo,id) values (?,?,?,default)
Hibernate: insert into aforo_registros (business_id,fecha_hora,tipo,id) values (?,?,?,default)
Hibernate: insert into aforo_registros (business_id,fecha_hora,tipo,id) values (?,?,?,default)
Hibernate: insert into aforo_registros (business_id,fecha_hora,tipo,id) values (?,?,?,default)
Hibernate: insert into aforo_registros (business_id,fecha_hora,tipo,id) values (?,?,?,default)
Hibernate: insert into aforo_registros (business_id,fecha_hora,tipo,id) values (?,?,?,default)
Hibernate: insert into aforo_registros (business_id,fecha_hora,tipo,id) values (?,?,?,default)
Hibernate: insert into aforo_registros (business_id,fecha_hora,tipo,id) values (?,?,?,default)
Hibernate: insert into aforo_registros (business_id,fecha_hora,tipo,id) values (?,?,?,default)
Hibernate: insert into aforo_registros (business_id,fecha_hora,tipo,id) values (?,?,?,default)
Hibernate: insert into aforo_registros (business_id,fecha_hora,tipo,id) values (?,?,?,default)
Hibernate: insert into aforo_registros (business_id,fecha_hora,tipo,id) values (?,?,?,default)
Hibernate: insert into aforo_registros (business_id,fecha_hora,tipo,id) values (?,?,?,default)
Hibernate: insert into aforo_registros (business_id,fecha_hora,tipo,id) values (?,?,?,default)
Hibernate: insert into aforo_registros (business_id,fecha_hora,tipo,id) values (?,?,?,default)
Hibernate: insert into aforo_registros (business_id,fecha_hora,tipo,id) values (?,?,?,default)
Hibernate: insert into aforo_registros (business_id,fecha_hora,tipo,id) values (?,?,?,default)
Hibernate: insert into aforo_registros (business_id,fecha_hora,tipo,id) values (?,?,?,default)
Hibernate: insert into aforo_registros (business_id,fecha_hora,tipo,id) values (?,?,?,default)
Hibernate: insert into aforo_registros (business_id,fecha_hora,tipo,id) values (?,?,?,default)
Hibernate: insert into aforo_registros (business_id,fecha_hora,tipo,id) values (?,?,?,default)
Hibernate: insert into aforo_registros (business_id,fecha_hora,tipo,id) values (?,?,?,default)
Hibernate: insert into aforo_registros (business_id,fecha_hora,tipo,id) values (?,?,?,default)
Hibernate: insert into aforo_registros (business_id,fecha_hora,tipo,id) values (?,?,?,default)
Hibernate: insert into aforo_registros (business_id,fecha_hora,tipo,id) values (?,?,?,default)
Hibernate: insert into aforo_registros (business_id,fecha_hora,tipo,id) values (?,?,?,default)
Hibernate: insert into aforo_registros (business_id,fecha_hora,tipo,id) values (?,?,?,default)
Hibernate: insert into aforo_registros (business_id,fecha_hora,tipo,id) values (?,?,?,default)
Hibernate: insert into aforo_registros (business_id,fecha_hora,tipo,id) values (?,?,?,default)
Hibernate: insert into aforo_registros (business_id,fecha_hora,tipo,id) values (?,?,?,default)
Hibernate: insert into aforo_registros (business_id,fecha_hora,tipo,id) values (?,?,?,default)
Hibernate: insert into aforo_registros (business_id,fecha_hora,tipo,id) values (?,?,?,default)
Hibernate: insert into aforo_registros (business_id,fecha_hora,tipo,id) values (?,?,?,default)
Hibernate: insert into aforo_registros (business_id,fecha_hora,tipo,id) values (?,?,?,default)
Hibernate: insert into aforo_registros (business_id,fecha_hora,tipo,id) values (?,?,?,default)
Hibernate: insert into aforo_registros (business_id,fecha_hora,tipo,id) values (?,?,?,default)
Hibernate: insert into aforo_registros (business_id,fecha_hora,tipo,id) values (?,?,?,default)
Hibernate: insert into aforo_registros (business_id,fecha_hora,tipo,id) values (?,?,?,default)
Hibernate: insert into aforo_registros (business_id,fecha_hora,tipo,id) values (?,?,?,default)
Hibernate: insert into aforo_registros (business_id,fecha_hora,tipo,id) values (?,?,?,default)
Hibernate: insert into aforo_registros (business_id,fecha_hora,tipo,id) values (?,?,?,default)
Hibernate: insert into aforo_registros (business_id,fecha_hora,tipo,id) values (?,?,?,default)
Hibernate: insert into aforo_registros (business_id,fecha_hora,tipo,id) values (?,?,?,default)
Hibernate: insert into aforo_registros (business_id,fecha_hora,tipo,id) values (?,?,?,default)
Hibernate: insert into aforo_registros (business_id,fecha_hora,tipo,id) values (?,?,?,default)
Hibernate: insert into aforo_registros (business_id,fecha_hora,tipo,id) values (?,?,?,default)
Hibernate: insert into aforo_registros (business_id,fecha_hora,tipo,id) values (?,?,?,default)
Hibernate: insert into aforo_registros (business_id,fecha_hora,tipo,id) values (?,?,?,default)
Hibernate: insert into aforo_registros (business_id,fecha_hora,tipo,id) values (?,?,?,default)
Hibernate: insert into aforo_registros (business_id,fecha_hora,tipo,id) values (?,?,?,default)
Hibernate: insert into aforo_registros (business_id,fecha_hora,tipo,id) values (?,?,?,default)
Hibernate: insert into aforo_registros (business_id,fecha_hora,tipo,id) values (?,?,?,default)
Hibernate: insert into aforo_registros (business_id,fecha_hora,tipo,id) values (?,?,?,default)
Hibernate: insert into aforo_registros (business_id,fecha_hora,tipo,id) values (?,?,?,default)
Hibernate: insert into aforo_registros (business_id,fecha_hora,tipo,id) values (?,?,?,default)
Hibernate: insert into aforo_registros (business_id,fecha_hora,tipo,id) values (?,?,?,default)
Hibernate: insert into aforo_registros (business_id,fecha_hora,tipo,id) values (?,?,?,default)
Hibernate: insert into aforo_registros (business_id,fecha_hora,tipo,id) values (?,?,?,default)
Hibernate: insert into aforo_registros (business_id,fecha_hora,tipo,id) values (?,?,?,default)
Hibernate: insert into aforo_registros (business_id,fecha_hora,tipo,id) values (?,?,?,default)
Hibernate: insert into aforo_registros (business_id,fecha_hora,tipo,id) values (?,?,?,default)
Hibernate: insert into aforo_registros (business_id,fecha_hora,tipo,id) values (?,?,?,default)
Hibernate: insert into aforo_registros (business_id,fecha_hora,tipo,id) values (?,?,?,default)
Hibernate: insert into aforo_registros (business_id,fecha_hora,tipo,id) values (?,?,?,default)
Hibernate: insert into aforo_registros (business_id,fecha_hora,tipo,id) values (?,?,?,default)
Hibernate: insert into aforo_registros (business_id,fecha_hora,tipo,id) values (?,?,?,default)
Hibernate: insert into aforo_registros (business_id,fecha_hora,tipo,id) values (?,?,?,default)
Hibernate: insert into aforo_registros (business_id,fecha_hora,tipo,id) values (?,?,?,default)
Hibernate: insert into aforo_registros (business_id,fecha_hora,tipo,id) values (?,?,?,default)
Hibernate: insert into aforo_registros (business_id,fecha_hora,tipo,id) values (?,?,?,default)
Hibernate: insert into aforo_registros (business_id,fecha_hora,tipo,id) values (?,?,?,default)
Hibernate: insert into aforo_registros (business_id,fecha_hora,tipo,id) values (?,?,?,default)
Hibernate: insert into aforo_registros (business_id,fecha_hora,tipo,id) values (?,?,?,default)
Hibernate: insert into aforo_registros (business_id,fecha_hora,tipo,id) values (?,?,?,default)
Hibernate: insert into aforo_registros (business_id,fecha_hora,tipo,id) values (?,?,?,default)
Hibernate: insert into aforo_registros (business_id,fecha_hora,tipo,id) values (?,?,?,default)
Hibernate: insert into aforo_registros (business_id,fecha_hora,tipo,id) values (?,?,?,default)
Hibernate: insert into aforo_registros (business_id,fecha_hora,tipo,id) values (?,?,?,default)
Hibernate: insert into aforo_registros (business_id,fecha_hora,tipo,id) values (?,?,?,default)
Hibernate: insert into aforo_registros (business_id,fecha_hora,tipo,id) values (?,?,?,default)
Hibernate: insert into aforo_registros (business_id,fecha_hora,tipo,id) values (?,?,?,default)
Hibernate: insert into aforo_registros (business_id,fecha_hora,tipo,id) values (?,?,?,default)
Hibernate: insert into aforo_registros (business_id,fecha_hora,tipo,id) values (?,?,?,default)
Hibernate: insert into aforo_registros (business_id,fecha_hora,tipo,id) values (?,?,?,default)
Hibernate: insert into aforo_registros (business_id,fecha_hora,tipo,id) values (?,?,?,default)
Hibernate: insert into aforo_registros (business_id,fecha_hora,tipo,id) values (?,?,?,default)
Hibernate: insert into aforo_registros (business_id,fecha_hora,tipo,id) values (?,?,?,default)
Hibernate: insert into aforo_registros (business_id,fecha_hora,tipo,id) values (?,?,?,default)
Hibernate: insert into aforo_registros (business_id,fecha_hora,tipo,id) values (?,?,?,default)
Hibernate: insert into aforo_registros (business_id,fecha_hora,tipo,id) values (?,?,?,default)
Hibernate: insert into aforo_registros (business_id,fecha_hora,tipo,id) values (?,?,?,default)
Hibernate: insert into aforo_registros (business_id,fecha_hora,tipo,id) values (?,?,?,default)
Hibernate: insert into aforo_registros (business_id,fecha_hora,tipo,id) values (?,?,?,default)
Hibernate: insert into aforo_registros (business_id,fecha_hora,tipo,id) values (?,?,?,default)
Hibernate: insert into aforo_registros (business_id,fecha_hora,tipo,id) values (?,?,?,default)
Hibernate: insert into aforo_registros (business_id,fecha_hora,tipo,id) values (?,?,?,default)
Hibernate: insert into aforo_registros (business_id,fecha_hora,tipo,id) values (?,?,?,default)
Hibernate: insert into aforo_registros (business_id,fecha_hora,tipo,id) values (?,?,?,default)
Hibernate: insert into aforo_registros (business_id,fecha_hora,tipo,id) values (?,?,?,default)
Hibernate: insert into aforo_registros (business_id,fecha_hora,tipo,id) values (?,?,?,default)
Hibernate: insert into aforo_registros (business_id,fecha_hora,tipo,id) values (?,?,?,default)
Hibernate: insert into aforo_registros (business_id,fecha_hora,tipo,id) values (?,?,?,default)
Hibernate: insert into aforo_registros (business_id,fecha_hora,tipo,id) values (?,?,?,default)
Hibernate: insert into aforo_registros (business_id,fecha_hora,tipo,id) values (?,?,?,default)
Hibernate: insert into aforo_registros (business_id,fecha_hora,tipo,id) values (?,?,?,default)
Hibernate: insert into aforo_registros (business_id,fecha_hora,tipo,id) values (?,?,?,default)
Hibernate: insert into aforo_registros (business_id,fecha_hora,tipo,id) values (?,?,?,default)
Hibernate: insert into aforo_registros (business_id,fecha_hora,tipo,id) values (?,?,?,default)
Hibernate: insert into aforo_registros (business_id,fecha_hora,tipo,id) values (?,?,?,default)
Hibernate: insert into aforo_registros (business_id,fecha_hora,tipo,id) values (?,?,?,default)
Hibernate: insert into aforo_registros (business_id,fecha_hora,tipo,id) values (?,?,?,default)
Hibernate: insert into aforo_registros (business_id,fecha_hora,tipo,id) values (?,?,?,default)
Hibernate: insert into aforo_registros (business_id,fecha_hora,tipo,id) values (?,?,?,default)
Hibernate: insert into aforo_registros (business_id,fecha_hora,tipo,id) values (?,?,?,default)
Hibernate: insert into aforo_registros (business_id,fecha_hora,tipo,id) values (?,?,?,default)
Hibernate: insert into aforo_registros (business_id,fecha_hora,tipo,id) values (?,?,?,default)
Hibernate: insert into aforo_registros (business_id,fecha_hora,tipo,id) values (?,?,?,default)
Hibernate: insert into aforo_registros (business_id,fecha_hora,tipo,id) values (?,?,?,default)
Hibernate: insert into aforo_registros (business_id,fecha_hora,tipo,id) values (?,?,?,default)
Hibernate: insert into aforo_registros (business_id,fecha_hora,tipo,id) values (?,?,?,default)
Hibernate: insert into aforo_registros (business_id,fecha_hora,tipo,id) values (?,?,?,default)
Hibernate: insert into aforo_registros (business_id,fecha_hora,tipo,id) values (?,?,?,default)
Hibernate: insert into aforo_registros (business_id,fecha_hora,tipo,id) values (?,?,?,default)
Hibernate: insert into aforo_registros (business_id,fecha_hora,tipo,id) values (?,?,?,default)
Hibernate: insert into aforo_registros (business_id,fecha_hora,tipo,id) values (?,?,?,default)
Hibernate: insert into aforo_registros (business_id,fecha_hora,tipo,id) values (?,?,?,default)
Hibernate: insert into aforo_registros (business_id,fecha_hora,tipo,id) values (?,?,?,default)
Hibernate: insert into aforo_registros (business_id,fecha_hora,tipo,id) values (?,?,?,default)
Hibernate: insert into aforo_registros (business_id,fecha_hora,tipo,id) values (?,?,?,default)
Hibernate: insert into aforo_registros (business_id,fecha_hora,tipo,id) values (?,?,?,default)
Hibernate: insert into aforo_registros (business_id,fecha_hora,tipo,id) values (?,?,?,default)
Hibernate: insert into aforo_registros (business_id,fecha_hora,tipo,id) values (?,?,?,default)
Hibernate: insert into aforo_registros (business_id,fecha_hora,tipo,id) values (?,?,?,default)
Hibernate: insert into aforo_registros (business_id,fecha_hora,tipo,id) values (?,?,?,default)
Hibernate: insert into aforo_registros (business_id,fecha_hora,tipo,id) values (?,?,?,default)
Hibernate: insert into aforo_registros (business_id,fecha_hora,tipo,id) values (?,?,?,default)
Hibernate: insert into aforo_registros (business_id,fecha_hora,tipo,id) values (?,?,?,default)
Hibernate: insert into aforo_registros (business_id,fecha_hora,tipo,id) values (?,?,?,default)
Hibernate: insert into aforo_registros (business_id,fecha_hora,tipo,id) values (?,?,?,default)
Hibernate: insert into aforo_registros (business_id,fecha_hora,tipo,id) values (?,?,?,default)
Hibernate: insert into aforo_registros (business_id,fecha_hora,tipo,id) values (?,?,?,default)
Hibernate: insert into aforo_registros (business_id,fecha_hora,tipo,id) values (?,?,?,default)
Hibernate: insert into aforo_registros (business_id,fecha_hora,tipo,id) values (?,?,?,default)
Hibernate: insert into aforo_registros (business_id,fecha_hora,tipo,id) values (?,?,?,default)
Hibernate: insert into aforo_registros (business_id,fecha_hora,tipo,id) values (?,?,?,default)
Hibernate: insert into aforo_registros (business_id,fecha_hora,tipo,id) values (?,?,?,default)
Hibernate: insert into aforo_registros (business_id,fecha_hora,tipo,id) values (?,?,?,default)
Hibernate: insert into aforo_registros (business_id,fecha_hora,tipo,id) values (?,?,?,default)
Hibernate: insert into aforo_registros (business_id,fecha_hora,tipo,id) values (?,?,?,default)
Hibernate: insert into aforo_registros (business_id,fecha_hora,tipo,id) values (?,?,?,default)
Hibernate: insert into aforo_registros (business_id,fecha_hora,tipo,id) values (?,?,?,default)
Hibernate: insert into aforo_registros (business_id,fecha_hora,tipo,id) values (?,?,?,default)
Hibernate: insert into aforo_registros (business_id,fecha_hora,tipo,id) values (?,?,?,default)
Hibernate: insert into aforo_registros (business_id,fecha_hora,tipo,id) values (?,?,?,default)
Hibernate: insert into aforo_registros (business_id,fecha_hora,tipo,id) values (?,?,?,default)
Hibernate: insert into aforo_registros (business_id,fecha_hora,tipo,id) values (?,?,?,default)
Hibernate: insert into aforo_registros (business_id,fecha_hora,tipo,id) values (?,?,?,default)
Hibernate: insert into aforo_registros (business_id,fecha_hora,tipo,id) values (?,?,?,default)
Hibernate: insert into aforo_registros (business_id,fecha_hora,tipo,id) values (?,?,?,default)
Hibernate: insert into aforo_registros (business_id,fecha_hora,tipo,id) values (?,?,?,default)
Hibernate: insert into aforo_registros (business_id,fecha_hora,tipo,id) values (?,?,?,default)
Hibernate: insert into aforo_registros (business_id,fecha_hora,tipo,id) values (?,?,?,default)
Hibernate: insert into aforo_registros (business_id,fecha_hora,tipo,id) values (?,?,?,default)
Hibernate: insert into aforo_registros (business_id,fecha_hora,tipo,id) values (?,?,?,default)
Hibernate: insert into aforo_registros (business_id,fecha_hora,tipo,id) values (?,?,?,default)
Hibernate: insert into aforo_registros (business_id,fecha_hora,tipo,id) values (?,?,?,default)
Hibernate: insert into aforo_registros (business_id,fecha_hora,tipo,id) values (?,?,?,default)
Hibernate: insert into aforo_registros (business_id,fecha_hora,tipo,id) values (?,?,?,default)
Hibernate: insert into aforo_registros (business_id,fecha_hora,tipo,id) values (?,?,?,default)
Hibernate: insert into aforo_registros (business_id,fecha_hora,tipo,id) values (?,?,?,default)
Hibernate: insert into aforo_registros (business_id,fecha_hora,tipo,id) values (?,?,?,default)
Hibernate: insert into aforo_registros (business_id,fecha_hora,tipo,id) values (?,?,?,default)
Hibernate: insert into aforo_registros (business_id,fecha_hora,tipo,id) values (?,?,?,default)
Hibernate: insert into aforo_registros (business_id,fecha_hora,tipo,id) values (?,?,?,default)
Hibernate: insert into aforo_registros (business_id,fecha_hora,tipo,id) values (?,?,?,default)
Hibernate: insert into aforo_registros (business_id,fecha_hora,tipo,id) values (?,?,?,default)
Hibernate: insert into aforo_registros (business_id,fecha_hora,tipo,id) values (?,?,?,default)
Hibernate: insert into aforo_registros (business_id,fecha_hora,tipo,id) values (?,?,?,default)
Hibernate: insert into aforo_registros (business_id,fecha_hora,tipo,id) values (?,?,?,default)
Hibernate: insert into aforo_registros (business_id,fecha_hora,tipo,id) values (?,?,?,default)
Hibernate: insert into aforo_registros (business_id,fecha_hora,tipo,id) values (?,?,?,default)
Hibernate: insert into aforo_registros (business_id,fecha_hora,tipo,id) values (?,?,?,default)
Hibernate: insert into aforo_registros (business_id,fecha_hora,tipo,id) values (?,?,?,default)
Hibernate: insert into aforo_registros (business_id,fecha_hora,tipo,id) values (?,?,?,default)
Hibernate: insert into aforo_registros (business_id,fecha_hora,tipo,id) values (?,?,?,default)
Hibernate: insert into aforo_registros (business_id,fecha_hora,tipo,id) values (?,?,?,default)
Hibernate: insert into aforo_registros (business_id,fecha_hora,tipo,id) values (?,?,?,default)
Hibernate: insert into aforo_registros (business_id,fecha_hora,tipo,id) values (?,?,?,default)
Hibernate: insert into aforo_registros (business_id,fecha_hora,tipo,id) values (?,?,?,default)
Hibernate: insert into aforo_registros (business_id,fecha_hora,tipo,id) values (?,?,?,default)
Hibernate: insert into aforo_registros (business_id,fecha_hora,tipo,id) values (?,?,?,default)
Hibernate: insert into aforo_registros (business_id,fecha_hora,tipo,id) values (?,?,?,default)
Hibernate: insert into aforo_registros (business_id,fecha_hora,tipo,id) values (?,?,?,default)
Hibernate: insert into aforo_registros (business_id,fecha_hora,tipo,id) values (?,?,?,default)
Hibernate: insert into aforo_registros (business_id,fecha_hora,tipo,id) values (?,?,?,default)
Hibernate: insert into aforo_registros (business_id,fecha_hora,tipo,id) values (?,?,?,default)
Hibernate: insert into aforo_registros (business_id,fecha_hora,tipo,id) values (?,?,?,default)
Hibernate: insert into aforo_registros (business_id,fecha_hora,tipo,id) values (?,?,?,default)
Hibernate: insert into aforo_registros (business_id,fecha_hora,tipo,id) values (?,?,?,default)
Hibernate: insert into aforo_registros (business_id,fecha_hora,tipo,id) values (?,?,?,default)
Hibernate: insert into aforo_registros (business_id,fecha_hora,tipo,id) values (?,?,?,default)
Hibernate: insert into aforo_registros (business_id,fecha_hora,tipo,id) values (?,?,?,default)
Hibernate: insert into aforo_registros (business_id,fecha_hora,tipo,id) values (?,?,?,default)
Hibernate: insert into aforo_registros (business_id,fecha_hora,tipo,id) values (?,?,?,default)
Hibernate: insert into aforo_registros (business_id,fecha_hora,tipo,id) values (?,?,?,default)
Hibernate: insert into aforo_registros (business_id,fecha_hora,tipo,id) values (?,?,?,default)
Hibernate: insert into aforo_registros (business_id,fecha_hora,tipo,id) values (?,?,?,default)
Hibernate: insert into aforo_registros (business_id,fecha_hora,tipo,id) values (?,?,?,default)
Hibernate: insert into aforo_registros (business_id,fecha_hora,tipo,id) values (?,?,?,default)
Hibernate: insert into aforo_registros (business_id,fecha_hora,tipo,id) values (?,?,?,default)
Hibernate: insert into aforo_registros (business_id,fecha_hora,tipo,id) values (?,?,?,default)
Hibernate: insert into aforo_registros (business_id,fecha_hora,tipo,id) values (?,?,?,default)
Hibernate: insert into aforo_registros (business_id,fecha_hora,tipo,id) values (?,?,?,default)
Hibernate: insert into aforo_registros (business_id,fecha_hora,tipo,id) values (?,?,?,default)
Hibernate: insert into aforo_registros (business_id,fecha_hora,tipo,id) values (?,?,?,default)
Hibernate: insert into aforo_registros (business_id,fecha_hora,tipo,id) values (?,?,?,default)
Hibernate: insert into aforo_registros (business_id,fecha_hora,tipo,id) values (?,?,?,default)
Hibernate: insert into aforo_registros (business_id,fecha_hora,tipo,id) values (?,?,?,default)
Hibernate: insert into aforo_registros (business_id,fecha_hora,tipo,id) values (?,?,?,default)
Hibernate: insert into aforo_registros (business_id,fecha_hora,tipo,id) values (?,?,?,default)
Hibernate: insert into aforo_registros (business_id,fecha_hora,tipo,id) values (?,?,?,default)
Hibernate: insert into aforo_registros (business_id,fecha_hora,tipo,id) values (?,?,?,default)
Hibernate: insert into aforo_registros (business_id,fecha_hora,tipo,id) values (?,?,?,default)
Hibernate: insert into aforo_registros (business_id,fecha_hora,tipo,id) values (?,?,?,default)
Hibernate: insert into aforo_registros (business_id,fecha_hora,tipo,id) values (?,?,?,default)
Hibernate: insert into aforo_registros (business_id,fecha_hora,tipo,id) values (?,?,?,default)
Hibernate: insert into aforo_registros (business_id,fecha_hora,tipo,id) values (?,?,?,default)
Hibernate: insert into aforo_registros (business_id,fecha_hora,tipo,id) values (?,?,?,default)
Hibernate: insert into aforo_registros (business_id,fecha_hora,tipo,id) values (?,?,?,default)
Hibernate: insert into aforo_registros (business_id,fecha_hora,tipo,id) values (?,?,?,default)
Hibernate: insert into aforo_registros (business_id,fecha_hora,tipo,id) values (?,?,?,default)
Hibernate: insert into aforo_registros (business_id,fecha_hora,tipo,id) values (?,?,?,default)
Hibernate: insert into aforo_registros (business_id,fecha_hora,tipo,id) values (?,?,?,default)
Hibernate: insert into aforo_registros (business_id,fecha_hora,tipo,id) values (?,?,?,default)
Hibernate: insert into aforo_registros (business_id,fecha_hora,tipo,id) values (?,?,?,default)
Hibernate: insert into aforo_registros (business_id,fecha_hora,tipo,id) values (?,?,?,default)
Hibernate: insert into aforo_registros (business_id,fecha_hora,tipo,id) values (?,?,?,default)
Hibernate: insert into aforo_registros (business_id,fecha_hora,tipo,id) values (?,?,?,default)
Hibernate: insert into aforo_registros (business_id,fecha_hora,tipo,id) values (?,?,?,default)
Hibernate: insert into aforo_registros (business_id,fecha_hora,tipo,id) values (?,?,?,default)
Hibernate: insert into aforo_registros (business_id,fecha_hora,tipo,id) values (?,?,?,default)
Hibernate: insert into aforo_registros (business_id,fecha_hora,tipo,id) values (?,?,?,default)
Hibernate: insert into aforo_registros (business_id,fecha_hora,tipo,id) values (?,?,?,default)
Hibernate: insert into aforo_registros (business_id,fecha_hora,tipo,id) values (?,?,?,default)
Hibernate: insert into aforo_registros (business_id,fecha_hora,tipo,id) values (?,?,?,default)
Hibernate: insert into aforo_registros (business_id,fecha_hora,tipo,id) values (?,?,?,default)
Hibernate: insert into aforo_registros (business_id,fecha_hora,tipo,id) values (?,?,?,default)
Hibernate: insert into aforo_registros (business_id,fecha_hora,tipo,id) values (?,?,?,default)
Hibernate: insert into aforo_registros (business_id,fecha_hora,tipo,id) values (?,?,?,default)
Hibernate: insert into aforo_registros (business_id,fecha_hora,tipo,id) values (?,?,?,default)
Hibernate: insert into aforo_registros (business_id,fecha_hora,tipo,id) values (?,?,?,default)
Hibernate: insert into aforo_registros (business_id,fecha_hora,tipo,id) values (?,?,?,default)
Hibernate: insert into aforo_registros (business_id,fecha_hora,tipo,id) values (?,?,?,default)
Hibernate: insert into aforo_registros (business_id,fecha_hora,tipo,id) values (?,?,?,default)
Hibernate: insert into aforo_registros (business_id,fecha_hora,tipo,id) values (?,?,?,default)
Hibernate: insert into aforo_registros (business_id,fecha_hora,tipo,id) values (?,?,?,default)
Hibernate: insert into aforo_registros (business_id,fecha_hora,tipo,id) values (?,?,?,default)
Hibernate: insert into aforo_registros (business_id,fecha_hora,tipo,id) values (?,?,?,default)
Hibernate: insert into aforo_registros (business_id,fecha_hora,tipo,id) values (?,?,?,default)
Hibernate: insert into aforo_registros (business_id,fecha_hora,tipo,id) values (?,?,?,default)
Hibernate: insert into aforo_registros (business_id,fecha_hora,tipo,id) values (?,?,?,default)
Hibernate: insert into aforo_registros (business_id,fecha_hora,tipo,id) values (?,?,?,default)
Hibernate: insert into aforo_registros (business_id,fecha_hora,tipo,id) values (?,?,?,default)
Hibernate: insert into aforo_registros (business_id,fecha_hora,tipo,id) values (?,?,?,default)
Hibernate: insert into aforo_registros (business_id,fecha_hora,tipo,id) values (?,?,?,default)
Hibernate: insert into aforo_registros (business_id,fecha_hora,tipo,id) values (?,?,?,default)
Hibernate: insert into aforo_registros (business_id,fecha_hora,tipo,id) values (?,?,?,default)
Hibernate: insert into aforo_registros (business_id,fecha_hora,tipo,id) values (?,?,?,default)
Hibernate: insert into aforo_registros (business_id,fecha_hora,tipo,id) values (?,?,?,default)
Hibernate: insert into aforo_registros (business_id,fecha_hora,tipo,id) values (?,?,?,default)
Hibernate: insert into aforo_registros (business_id,fecha_hora,tipo,id) values (?,?,?,default)
Hibernate: insert into aforo_registros (business_id,fecha_hora,tipo,id) values (?,?,?,default)
Hibernate: insert into aforo_registros (business_id,fecha_hora,tipo,id) values (?,?,?,default)
Hibernate: insert into aforo_registros (business_id,fecha_hora,tipo,id) values (?,?,?,default)
Hibernate: insert into aforo_registros (business_id,fecha_hora,tipo,id) values (?,?,?,default)
Hibernate: insert into aforo_registros (business_id,fecha_hora,tipo,id) values (?,?,?,default)
Hibernate: insert into aforo_registros (business_id,fecha_hora,tipo,id) values (?,?,?,default)
Hibernate: insert into aforo_registros (business_id,fecha_hora,tipo,id) values (?,?,?,default)
Hibernate: insert into aforo_registros (business_id,fecha_hora,tipo,id) values (?,?,?,default)
Hibernate: insert into aforo_registros (business_id,fecha_hora,tipo,id) values (?,?,?,default)
Hibernate: insert into aforo_registros (business_id,fecha_hora,tipo,id) values (?,?,?,default)
Hibernate: insert into aforo_registros (business_id,fecha_hora,tipo,id) values (?,?,?,default)
Hibernate: insert into aforo_registros (business_id,fecha_hora,tipo,id) values (?,?,?,default)
Hibernate: insert into aforo_registros (business_id,fecha_hora,tipo,id) values (?,?,?,default)
Hibernate: insert into aforo_registros (business_id,fecha_hora,tipo,id) values (?,?,?,default)
Hibernate: insert into aforo_registros (business_id,fecha_hora,tipo,id) values (?,?,?,default)
Hibernate: insert into aforo_registros (business_id,fecha_hora,tipo,id) values (?,?,?,default)
Hibernate: insert into aforo_registros (business_id,fecha_hora,tipo,id) values (?,?,?,default)
Hibernate: insert into aforo_registros (business_id,fecha_hora,tipo,id) values (?,?,?,default)
Hibernate: insert into aforo_registros (business_id,fecha_hora,tipo,id) values (?,?,?,default)
Hibernate: insert into aforo_registros (business_id,fecha_hora,tipo,id) values (?,?,?,default)
Hibernate: insert into aforo_registros (business_id,fecha_hora,tipo,id) values (?,?,?,default)
Hibernate: insert into aforo_registros (business_id,fecha_hora,tipo,id) values (?,?,?,default)
Hibernate: insert into aforo_registros (business_id,fecha_hora,tipo,id) values (?,?,?,default)
Hibernate: insert into aforo_registros (business_id,fecha_hora,tipo,id) values (?,?,?,default)
Hibernate: insert into aforo_registros (business_id,fecha_hora,tipo,id) values (?,?,?,default)
Hibernate: insert into aforo_registros (business_id,fecha_hora,tipo,id) values (?,?,?,default)
Hibernate: insert into aforo_registros (business_id,fecha_hora,tipo,id) values (?,?,?,default)
Hibernate: insert into aforo_registros (business_id,fecha_hora,tipo,id) values (?,?,?,default)
Hibernate: insert into aforo_registros (business_id,fecha_hora,tipo,id) values (?,?,?,default)
Hibernate: insert into aforo_registros (business_id,fecha_hora,tipo,id) values (?,?,?,default)
Hibernate: insert into aforo_registros (business_id,fecha_hora,tipo,id) values (?,?,?,default)
Hibernate: insert into aforo_registros (business_id,fecha_hora,tipo,id) values (?,?,?,default)
Hibernate: insert into aforo_registros (business_id,fecha_hora,tipo,id) values (?,?,?,default)
Hibernate: insert into aforo_registros (business_id,fecha_hora,tipo,id) values (?,?,?,default)
Hibernate: insert into aforo_registros (business_id,fecha_hora,tipo,id) values (?,?,?,default)
Hibernate: insert into aforo_registros (business_id,fecha_hora,tipo,id) values (?,?,?,default)
Hibernate: insert into aforo_registros (business_id,fecha_hora,tipo,id) values (?,?,?,default)
Hibernate: insert into aforo_registros (business_id,fecha_hora,tipo,id) values (?,?,?,default)
Hibernate: insert into aforo_registros (business_id,fecha_hora,tipo,id) values (?,?,?,default)
Hibernate: insert into aforo_registros (business_id,fecha_hora,tipo,id) values (?,?,?,default)
Hibernate: insert into aforo_registros (business_id,fecha_hora,tipo,id) values (?,?,?,default)
Hibernate: insert into aforo_registros (business_id,fecha_hora,tipo,id) values (?,?,?,default)
Hibernate: insert into aforo_registros (business_id,fecha_hora,tipo,id) values (?,?,?,default)
Hibernate: insert into aforo_registros (business_id,fecha_hora,tipo,id) values (?,?,?,default)
Hibernate: insert into aforo_registros (business_id,fecha_hora,tipo,id) values (?,?,?,default)
Hibernate: insert into aforo_registros (business_id,fecha_hora,tipo,id) values (?,?,?,default)
Hibernate: insert into aforo_registros (business_id,fecha_hora,tipo,id) values (?,?,?,default)
Hibernate: insert into aforo_registros (business_id,fecha_hora,tipo,id) values (?,?,?,default)
Hibernate: insert into aforo_registros (business_id,fecha_hora,tipo,id) values (?,?,?,default)
Hibernate: insert into aforo_registros (business_id,fecha_hora,tipo,id) values (?,?,?,default)
Hibernate: insert into aforo_registros (business_id,fecha_hora,tipo,id) values (?,?,?,default)
Hibernate: insert into aforo_registros (business_id,fecha_hora,tipo,id) values (?,?,?,default)
Hibernate: insert into aforo_registros (business_id,fecha_hora,tipo,id) values (?,?,?,default)
Hibernate: insert into aforo_registros (business_id,fecha_hora,tipo,id) values (?,?,?,default)
Hibernate: insert into aforo_registros (business_id,fecha_hora,tipo,id) values (?,?,?,default)
Hibernate: insert into aforo_registros (business_id,fecha_hora,tipo,id) values (?,?,?,default)
Hibernate: insert into aforo_registros (business_id,fecha_hora,tipo,id) values (?,?,?,default)
Hibernate: insert into aforo_registros (business_id,fecha_hora,tipo,id) values (?,?,?,default)
Hibernate: insert into aforo_registros (business_id,fecha_hora,tipo,id) values (?,?,?,default)
Hibernate: insert into aforo_registros (business_id,fecha_hora,tipo,id) values (?,?,?,default)
Hibernate: insert into aforo_registros (business_id,fecha_hora,tipo,id) values (?,?,?,default)
Hibernate: insert into aforo_registros (business_id,fecha_hora,tipo,id) values (?,?,?,default)
Hibernate: insert into aforo_registros (business_id,fecha_hora,tipo,id) values (?,?,?,default)
Hibernate: insert into aforo_registros (business_id,fecha_hora,tipo,id) values (?,?,?,default)
Hibernate: insert into aforo_registros (business_id,fecha_hora,tipo,id) values (?,?,?,default)
Hibernate: insert into aforo_registros (business_id,fecha_hora,tipo,id) values (?,?,?,default)
Hibernate: insert into aforo_registros (business_id,fecha_hora,tipo,id) values (?,?,?,default)
Hibernate: insert into aforo_registros (business_id,fecha_hora,tipo,id) values (?,?,?,default)
Hibernate: insert into aforo_registros (business_id,fecha_hora,tipo,id) values (?,?,?,default)
Hibernate: insert into aforo_registros (business_id,fecha_hora,tipo,id) values (?,?,?,default)
Hibernate: insert into aforo_registros (business_id,fecha_hora,tipo,id) values (?,?,?,default)
Hibernate: insert into aforo_registros (business_id,fecha_hora,tipo,id) values (?,?,?,default)
Hibernate: insert into aforo_registros (business_id,fecha_hora,tipo,id) values (?,?,?,default)
Hibernate: insert into aforo_registros (business_id,fecha_hora,tipo,id) values (?,?,?,default)
Hibernate: insert into aforo_registros (business_id,fecha_hora,tipo,id) values (?,?,?,default)
Hibernate: insert into aforo_registros (business_id,fecha_hora,tipo,id) values (?,?,?,default)
Hibernate: insert into aforo_registros (business_id,fecha_hora,tipo,id) values (?,?,?,default)
Hibernate: insert into aforo_registros (business_id,fecha_hora,tipo,id) values (?,?,?,default)
Hibernate: insert into aforo_registros (business_id,fecha_hora,tipo,id) values (?,?,?,default)
Hibernate: insert into aforo_registros (business_id,fecha_hora,tipo,id) values (?,?,?,default)
Hibernate: insert into aforo_registros (business_id,fecha_hora,tipo,id) values (?,?,?,default)
Hibernate: insert into aforo_registros (business_id,fecha_hora,tipo,id) values (?,?,?,default)
Hibernate: insert into aforo_registros (business_id,fecha_hora,tipo,id) values (?,?,?,default)
Hibernate: insert into aforo_registros (business_id,fecha_hora,tipo,id) values (?,?,?,default)
Hibernate: insert into aforo_registros (business_id,fecha_hora,tipo,id) values (?,?,?,default)
Hibernate: insert into aforo_registros (business_id,fecha_hora,tipo,id) values (?,?,?,default)
Hibernate: insert into aforo_registros (business_id,fecha_hora,tipo,id) values (?,?,?,default)
Hibernate: insert into aforo_registros (business_id,fecha_hora,tipo,id) values (?,?,?,default)
Hibernate: insert into aforo_registros (business_id,fecha_hora,tipo,id) values (?,?,?,default)
Hibernate: insert into aforo_registros (business_id,fecha_hora,tipo,id) values (?,?,?,default)
Hibernate: insert into aforo_registros (business_id,fecha_hora,tipo,id) values (?,?,?,default)
Hibernate: insert into aforo_registros (business_id,fecha_hora,tipo,id) values (?,?,?,default)
Hibernate: insert into aforo_registros (business_id,fecha_hora,tipo,id) values (?,?,?,default)
Hibernate: insert into aforo_registros (business_id,fecha_hora,tipo,id) values (?,?,?,default)
Hibernate: insert into aforo_registros (business_id,fecha_hora,tipo,id) values (?,?,?,default)
Hibernate: insert into aforo_registros (business_id,fecha_hora,tipo,id) values (?,?,?,default)
Hibernate: insert into aforo_registros (business_id,fecha_hora,tipo,id) values (?,?,?,default)
Hibernate: insert into aforo_registros (business_id,fecha_hora,tipo,id) values (?,?,?,default)
Hibernate: insert into aforo_registros (business_id,fecha_hora,tipo,id) values (?,?,?,default)
Hibernate: insert into aforo_registros (business_id,fecha_hora,tipo,id) values (?,?,?,default)
Hibernate: insert into aforo_registros (business_id,fecha_hora,tipo,id) values (?,?,?,default)
Hibernate: insert into aforo_registros (business_id,fecha_hora,tipo,id) values (?,?,?,default)
Hibernate: insert into aforo_registros (business_id,fecha_hora,tipo,id) values (?,?,?,default)
Hibernate: insert into aforo_registros (business_id,fecha_hora,tipo,id) values (?,?,?,default)
Hibernate: insert into aforo_registros (business_id,fecha_hora,tipo,id) values (?,?,?,default)
Hibernate: insert into aforo_registros (business_id,fecha_hora,tipo,id) values (?,?,?,default)
Hibernate: insert into aforo_registros (business_id,fecha_hora,tipo,id) values (?,?,?,default)
Hibernate: insert into aforo_registros (business_id,fecha_hora,tipo,id) values (?,?,?,default)
Hibernate: insert into aforo_registros (business_id,fecha_hora,tipo,id) values (?,?,?,default)
Hibernate: insert into aforo_registros (business_id,fecha_hora,tipo,id) values (?,?,?,default)
Hibernate: insert into aforo_registros (business_id,fecha_hora,tipo,id) values (?,?,?,default)
Hibernate: insert into aforo_registros (business_id,fecha_hora,tipo,id) values (?,?,?,default)
Hibernate: insert into aforo_registros (business_id,fecha_hora,tipo,id) values (?,?,?,default)
Hibernate: insert into aforo_registros (business_id,fecha_hora,tipo,id) values (?,?,?,default)
Hibernate: insert into aforo_registros (business_id,fecha_hora,tipo,id) values (?,?,?,default)
Hibernate: insert into aforo_registros (business_id,fecha_hora,tipo,id) values (?,?,?,default)
Hibernate: insert into aforo_registros (business_id,fecha_hora,tipo,id) values (?,?,?,default)
Hibernate: insert into aforo_registros (business_id,fecha_hora,tipo,id) values (?,?,?,default)
Hibernate: insert into aforo_registros (business_id,fecha_hora,tipo,id) values (?,?,?,default)
Hibernate: insert into aforo_registros (business_id,fecha_hora,tipo,id) values (?,?,?,default)
Hibernate: insert into aforo_registros (business_id,fecha_hora,tipo,id) values (?,?,?,default)
Hibernate: insert into aforo_registros (business_id,fecha_hora,tipo,id) values (?,?,?,default)
Hibernate: insert into aforo_registros (business_id,fecha_hora,tipo,id) values (?,?,?,default)
Hibernate: insert into aforo_registros (business_id,fecha_hora,tipo,id) values (?,?,?,default)
Hibernate: insert into aforo_registros (business_id,fecha_hora,tipo,id) values (?,?,?,default)
Hibernate: insert into aforo_registros (business_id,fecha_hora,tipo,id) values (?,?,?,default)
Hibernate: insert into aforo_registros (business_id,fecha_hora,tipo,id) values (?,?,?,default)
Hibernate: insert into aforo_registros (business_id,fecha_hora,tipo,id) values (?,?,?,default)
Hibernate: insert into aforo_registros (business_id,fecha_hora,tipo,id) values (?,?,?,default)
Hibernate: insert into aforo_registros (business_id,fecha_hora,tipo,id) values (?,?,?,default)
Hibernate: insert into aforo_registros (business_id,fecha_hora,tipo,id) values (?,?,?,default)
Hibernate: insert into aforo_registros (business_id,fecha_hora,tipo,id) values (?,?,?,default)
Hibernate: insert into aforo_registros (business_id,fecha_hora,tipo,id) values (?,?,?,default)
Hibernate: insert into aforo_registros (business_id,fecha_hora,tipo,id) values (?,?,?,default)
Hibernate: insert into aforo_registros (business_id,fecha_hora,tipo,id) values (?,?,?,default)
Hibernate: insert into aforo_registros (business_id,fecha_hora,tipo,id) values (?,?,?,default)
Hibernate: insert into aforo_registros (business_id,fecha_hora,tipo,id) values (?,?,?,default)
Hibernate: insert into aforo_registros (business_id,fecha_hora,tipo,id) values (?,?,?,default)
Hibernate: insert into aforo_registros (business_id,fecha_hora,tipo,id) values (?,?,?,default)
Hibernate: insert into aforo_registros (business_id,fecha_hora,tipo,id) values (?,?,?,default)
Hibernate: insert into aforo_registros (business_id,fecha_hora,tipo,id) values (?,?,?,default)
Hibernate: insert into aforo_registros (business_id,fecha_hora,tipo,id) values (?,?,?,default)
Hibernate: insert into aforo_registros (business_id,fecha_hora,tipo,id) values (?,?,?,default)
Hibernate: insert into aforo_registros (business_id,fecha_hora,tipo,id) values (?,?,?,default)
Hibernate: insert into aforo_registros (business_id,fecha_hora,tipo,id) values (?,?,?,default)
Hibernate: insert into aforo_registros (business_id,fecha_hora,tipo,id) values (?,?,?,default)
Hibernate: insert into aforo_registros (business_id,fecha_hora,tipo,id) values (?,?,?,default)
Hibernate: insert into aforo_registros (business_id,fecha_hora,tipo,id) values (?,?,?,default)
Hibernate: insert into aforo_registros (business_id,fecha_hora,tipo,id) values (?,?,?,default)
Hibernate: insert into aforo_registros (business_id,fecha_hora,tipo,id) values (?,?,?,default)
Hibernate: insert into aforo_registros (business_id,fecha_hora,tipo,id) values (?,?,?,default)
Hibernate: insert into aforo_registros (business_id,fecha_hora,tipo,id) values (?,?,?,default)
Hibernate: insert into aforo_registros (business_id,fecha_hora,tipo,id) values (?,?,?,default)
Hibernate: insert into aforo_registros (business_id,fecha_hora,tipo,id) values (?,?,?,default)
Hibernate: insert into aforo_registros (business_id,fecha_hora,tipo,id) values (?,?,?,default)
Hibernate: insert into aforo_registros (business_id,fecha_hora,tipo,id) values (?,?,?,default)
Hibernate: insert into aforo_registros (business_id,fecha_hora,tipo,id) values (?,?,?,default)
Hibernate: insert into aforo_registros (business_id,fecha_hora,tipo,id) values (?,?,?,default)
Hibernate: insert into aforo_registros (business_id,fecha_hora,tipo,id) values (?,?,?,default)
Hibernate: insert into aforo_registros (business_id,fecha_hora,tipo,id) values (?,?,?,default)
Hibernate: insert into aforo_registros (business_id,fecha_hora,tipo,id) values (?,?,?,default)
Hibernate: insert into aforo_registros (business_id,fecha_hora,tipo,id) values (?,?,?,default)
Hibernate: insert into aforo_registros (business_id,fecha_hora,tipo,id) values (?,?,?,default)
Hibernate: insert into aforo_registros (business_id,fecha_hora,tipo,id) values (?,?,?,default)
Hibernate: insert into aforo_registros (business_id,fecha_hora,tipo,id) values (?,?,?,default)
Hibernate: insert into aforo_registros (business_id,fecha_hora,tipo,id) values (?,?,?,default)
Hibernate: insert into aforo_registros (business_id,fecha_hora,tipo,id) values (?,?,?,default)
Hibernate: insert into aforo_registros (business_id,fecha_hora,tipo,id) values (?,?,?,default)
Hibernate: insert into aforo_registros (business_id,fecha_hora,tipo,id) values (?,?,?,default)
Hibernate: insert into aforo_registros (business_id,fecha_hora,tipo,id) values (?,?,?,default)
Hibernate: insert into aforo_registros (business_id,fecha_hora,tipo,id) values (?,?,?,default)
Hibernate: insert into aforo_registros (business_id,fecha_hora,tipo,id) values (?,?,?,default)
Hibernate: insert into aforo_registros (business_id,fecha_hora,tipo,id) values (?,?,?,default)
Hibernate: insert into aforo_registros (business_id,fecha_hora,tipo,id) values (?,?,?,default)
Hibernate: insert into aforo_registros (business_id,fecha_hora,tipo,id) values (?,?,?,default)
Hibernate: insert into aforo_registros (business_id,fecha_hora,tipo,id) values (?,?,?,default)
Hibernate: insert into aforo_registros (business_id,fecha_hora,tipo,id) values (?,?,?,default)
Hibernate: insert into aforo_registros (business_id,fecha_hora,tipo,id) values (?,?,?,default)
Hibernate: insert into aforo_registros (business_id,fecha_hora,tipo,id) values (?,?,?,default)
Hibernate: insert into aforo_registros (business_id,fecha_hora,tipo,id) values (?,?,?,default)
Hibernate: insert into aforo_registros (business_id,fecha_hora,tipo,id) values (?,?,?,default)
Hibernate: insert into aforo_registros (business_id,fecha_hora,tipo,id) values (?,?,?,default)
Hibernate: insert into aforo_registros (business_id,fecha_hora,tipo,id) values (?,?,?,default)
Hibernate: insert into aforo_registros (business_id,fecha_hora,tipo,id) values (?,?,?,default)
Hibernate: insert into aforo_registros (business_id,fecha_hora,tipo,id) values (?,?,?,default)
Hibernate: insert into aforo_registros (business_id,fecha_hora,tipo,id) values (?,?,?,default)
Hibernate: insert into aforo_registros (business_id,fecha_hora,tipo,id) values (?,?,?,default)
Hibernate: insert into aforo_registros (business_id,fecha_hora,tipo,id) values (?,?,?,default)
Hibernate: insert into aforo_registros (business_id,fecha_hora,tipo,id) values (?,?,?,default)
Hibernate: insert into aforo_registros (business_id,fecha_hora,tipo,id) values (?,?,?,default)
Hibernate: insert into aforo_registros (business_id,fecha_hora,tipo,id) values (?,?,?,default)
Hibernate: insert into aforo_registros (business_id,fecha_hora,tipo,id) values (?,?,?,default)
Hibernate: insert into aforo_registros (business_id,fecha_hora,tipo,id) values (?,?,?,default)
Hibernate: insert into aforo_registros (business_id,fecha_hora,tipo,id) values (?,?,?,default)
Hibernate: insert into aforo_registros (business_id,fecha_hora,tipo,id) values (?,?,?,default)
Hibernate: insert into aforo_registros (business_id,fecha_hora,tipo,id) values (?,?,?,default)
Hibernate: insert into aforo_registros (business_id,fecha_hora,tipo,id) values (?,?,?,default)
Hibernate: insert into aforo_registros (business_id,fecha_hora,tipo,id) values (?,?,?,default)
Hibernate: insert into aforo_registros (business_id,fecha_hora,tipo,id) values (?,?,?,default)
Hibernate: insert into aforo_registros (business_id,fecha_hora,tipo,id) values (?,?,?,default)
Hibernate: insert into aforo_registros (business_id,fecha_hora,tipo,id) values (?,?,?,default)
Hibernate: insert into aforo_registros (business_id,fecha_hora,tipo,id) values (?,?,?,default)
Hibernate: insert into aforo_registros (business_id,fecha_hora,tipo,id) values (?,?,?,default)
Hibernate: insert into aforo_registros (business_id,fecha_hora,tipo,id) values (?,?,?,default)
Hibernate: insert into aforo_registros (business_id,fecha_hora,tipo,id) values (?,?,?,default)
Hibernate: insert into aforo_registros (business_id,fecha_hora,tipo,id) values (?,?,?,default)
Hibernate: insert into aforo_registros (business_id,fecha_hora,tipo,id) values (?,?,?,default)
Hibernate: insert into aforo_registros (business_id,fecha_hora,tipo,id) values (?,?,?,default)
Hibernate: insert into aforo_registros (business_id,fecha_hora,tipo,id) values (?,?,?,default)
Hibernate: insert into aforo_registros (business_id,fecha_hora,tipo,id) values (?,?,?,default)
Hibernate: insert into aforo_registros (business_id,fecha_hora,tipo,id) values (?,?,?,default)
Hibernate: insert into aforo_registros (business_id,fecha_hora,tipo,id) values (?,?,?,default)
Hibernate: insert into aforo_registros (business_id,fecha_hora,tipo,id) values (?,?,?,default)
Hibernate: insert into aforo_registros (business_id,fecha_hora,tipo,id) values (?,?,?,default)
Hibernate: insert into aforo_registros (business_id,fecha_hora,tipo,id) values (?,?,?,default)
Hibernate: insert into aforo_registros (business_id,fecha_hora,tipo,id) values (?,?,?,default)
Hibernate: insert into aforo_registros (business_id,fecha_hora,tipo,id) values (?,?,?,default)
Hibernate: insert into aforo_registros (business_id,fecha_hora,tipo,id) values (?,?,?,default)
Hibernate: insert into aforo_registros (business_id,fecha_hora,tipo,id) values (?,?,?,default)
Hibernate: insert into aforo_registros (business_id,fecha_hora,tipo,id) values (?,?,?,default)
Hibernate: insert into aforo_registros (business_id,fecha_hora,tipo,id) values (?,?,?,default)
Hibernate: insert into aforo_registros (business_id,fecha_hora,tipo,id) values (?,?,?,default)
Hibernate: insert into aforo_registros (business_id,fecha_hora,tipo,id) values (?,?,?,default)
Hibernate: insert into aforo_registros (business_id,fecha_hora,tipo,id) values (?,?,?,default)
Hibernate: insert into aforo_registros (business_id,fecha_hora,tipo,id) values (?,?,?,default)
Hibernate: insert into aforo_registros (business_id,fecha_hora,tipo,id) values (?,?,?,default)
Hibernate: insert into aforo_registros (business_id,fecha_hora,tipo,id) values (?,?,?,default)
Hibernate: insert into aforo_registros (business_id,fecha_hora,tipo,id) values (?,?,?,default)
Hibernate: insert into aforo_registros (business_id,fecha_hora,tipo,id) values (?,?,?,default)
Hibernate: insert into aforo_registros (business_id,fecha_hora,tipo,id) values (?,?,?,default)
Hibernate: insert into aforo_registros (business_id,fecha_hora,tipo,id) values (?,?,?,default)
Hibernate: insert into aforo_registros (business_id,fecha_hora,tipo,id) values (?,?,?,default)
Hibernate: insert into aforo_registros (business_id,fecha_hora,tipo,id) values (?,?,?,default)
Hibernate: insert into aforo_registros (business_id,fecha_hora,tipo,id) values (?,?,?,default)
Hibernate: insert into aforo_registros (business_id,fecha_hora,tipo,id) values (?,?,?,default)
Hibernate: insert into aforo_registros (business_id,fecha_hora,tipo,id) values (?,?,?,default)
Hibernate: insert into aforo_registros (business_id,fecha_hora,tipo,id) values (?,?,?,default)
Hibernate: insert into aforo_registros (business_id,fecha_hora,tipo,id) values (?,?,?,default)
Hibernate: insert into aforo_registros (business_id,fecha_hora,tipo,id) values (?,?,?,default)
Hibernate: insert into aforo_registros (business_id,fecha_hora,tipo,id) values (?,?,?,default)
Hibernate: insert into aforo_registros (business_id,fecha_hora,tipo,id) values (?,?,?,default)
Hibernate: insert into aforo_registros (business_id,fecha_hora,tipo,id) values (?,?,?,default)
Hibernate: insert into aforo_registros (business_id,fecha_hora,tipo,id) values (?,?,?,default)
Hibernate: insert into aforo_registros (business_id,fecha_hora,tipo,id) values (?,?,?,default)
Hibernate: insert into aforo_registros (business_id,fecha_hora,tipo,id) values (?,?,?,default)
Hibernate: insert into aforo_registros (business_id,fecha_hora,tipo,id) values (?,?,?,default)
Hibernate: insert into aforo_registros (business_id,fecha_hora,tipo,id) values (?,?,?,default)
Hibernate: insert into aforo_registros (business_id,fecha_hora,tipo,id) values (?,?,?,default)
Hibernate: insert into aforo_registros (business_id,fecha_hora,tipo,id) values (?,?,?,default)
Hibernate: insert into aforo_registros (business_id,fecha_hora,tipo,id) values (?,?,?,default)
Hibernate: insert into aforo_registros (business_id,fecha_hora,tipo,id) values (?,?,?,default)
Hibernate: insert into aforo_registros (business_id,fecha_hora,tipo,id) values (?,?,?,default)
Hibernate: insert into aforo_registros (business_id,fecha_hora,tipo,id) values (?,?,?,default)
Hibernate: insert into aforo_registros (business_id,fecha_hora,tipo,id) values (?,?,?,default)
Hibernate: insert into aforo_registros (business_id,fecha_hora,tipo,id) values (?,?,?,default)
Hibernate: insert into aforo_registros (business_id,fecha_hora,tipo,id) values (?,?,?,default)
Hibernate: insert into aforo_registros (business_id,fecha_hora,tipo,id) values (?,?,?,default)
Hibernate: insert into aforo_registros (business_id,fecha_hora,tipo,id) values (?,?,?,default)
Hibernate: insert into aforo_registros (business_id,fecha_hora,tipo,id) values (?,?,?,default)
Hibernate: insert into aforo_registros (business_id,fecha_hora,tipo,id) values (?,?,?,default)
Hibernate: insert into aforo_registros (business_id,fecha_hora,tipo,id) values (?,?,?,default)
Hibernate: insert into aforo_registros (business_id,fecha_hora,tipo,id) values (?,?,?,default)
Hibernate: insert into aforo_registros (business_id,fecha_hora,tipo,id) values (?,?,?,default)
Hibernate: insert into aforo_registros (business_id,fecha_hora,tipo,id) values (?,?,?,default)
Hibernate: insert into aforo_registros (business_id,fecha_hora,tipo,id) values (?,?,?,default)
Hibernate: insert into aforo_registros (business_id,fecha_hora,tipo,id) values (?,?,?,default)
Hibernate: insert into aforo_registros (business_id,fecha_hora,tipo,id) values (?,?,?,default)
Hibernate: insert into aforo_registros (business_id,fecha_hora,tipo,id) values (?,?,?,default)
Hibernate: insert into aforo_registros (business_id,fecha_hora,tipo,id) values (?,?,?,default)
Hibernate: insert into aforo_registros (business_id,fecha_hora,tipo,id) values (?,?,?,default)
Hibernate: insert into aforo_registros (business_id,fecha_hora,tipo,id) values (?,?,?,default)
Hibernate: insert into aforo_registros (business_id,fecha_hora,tipo,id) values (?,?,?,default)
Hibernate: insert into aforo_registros (business_id,fecha_hora,tipo,id) values (?,?,?,default)
Hibernate: insert into aforo_registros (business_id,fecha_hora,tipo,id) values (?,?,?,default)
Hibernate: insert into aforo_registros (business_id,fecha_hora,tipo,id) values (?,?,?,default)
Hibernate: insert into aforo_registros (business_id,fecha_hora,tipo,id) values (?,?,?,default)
Hibernate: insert into aforo_registros (business_id,fecha_hora,tipo,id) values (?,?,?,default)
Hibernate: insert into aforo_registros (business_id,fecha_hora,tipo,id) values (?,?,?,default)
Hibernate: insert into aforo_registros (business_id,fecha_hora,tipo,id) values (?,?,?,default)
Hibernate: insert into aforo_registros (business_id,fecha_hora,tipo,id) values (?,?,?,default)
Hibernate: insert into aforo_registros (business_id,fecha_hora,tipo,id) values (?,?,?,default)
Hibernate: insert into aforo_registros (business_id,fecha_hora,tipo,id) values (?,?,?,default)
Hibernate: insert into aforo_registros (business_id,fecha_hora,tipo,id) values (?,?,?,default)
Hibernate: insert into aforo_registros (business_id,fecha_hora,tipo,id) values (?,?,?,default)
Hibernate: insert into aforo_registros (business_id,fecha_hora,tipo,id) values (?,?,?,default)
Hibernate: insert into aforo_registros (business_id,fecha_hora,tipo,id) values (?,?,?,default)
Hibernate: insert into aforo_registros (business_id,fecha_hora,tipo,id) values (?,?,?,default)
Hibernate: insert into aforo_registros (business_id,fecha_hora,tipo,id) values (?,?,?,default)
Hibernate: insert into aforo_registros (business_id,fecha_hora,tipo,id) values (?,?,?,default)
Hibernate: insert into aforo_registros (business_id,fecha_hora,tipo,id) values (?,?,?,default)
Hibernate: insert into aforo_registros (business_id,fecha_hora,tipo,id) values (?,?,?,default)
Hibernate: insert into aforo_registros (business_id,fecha_hora,tipo,id) values (?,?,?,default)
Hibernate: insert into aforo_registros (business_id,fecha_hora,tipo,id) values (?,?,?,default)
Hibernate: insert into aforo_registros (business_id,fecha_hora,tipo,id) values (?,?,?,default)
Hibernate: insert into aforo_registros (business_id,fecha_hora,tipo,id) values (?,?,?,default)
Hibernate: insert into aforo_registros (business_id,fecha_hora,tipo,id) values (?,?,?,default)
Hibernate: insert into aforo_registros (business_id,fecha_hora,tipo,id) values (?,?,?,default)
Hibernate: insert into aforo_registros (business_id,fecha_hora,tipo,id) values (?,?,?,default)
Hibernate: insert into aforo_registros (business_id,fecha_hora,tipo,id) values (?,?,?,default)
Hibernate: insert into aforo_registros (business_id,fecha_hora,tipo,id) values (?,?,?,default)
Hibernate: insert into aforo_registros (business_id,fecha_hora,tipo,id) values (?,?,?,default)
Hibernate: insert into aforo_registros (business_id,fecha_hora,tipo,id) values (?,?,?,default)
Hibernate: insert into aforo_registros (business_id,fecha_hora,tipo,id) values (?,?,?,default)
Hibernate: insert into aforo_registros (business_id,fecha_hora,tipo,id) values (?,?,?,default)
Hibernate: insert into aforo_registros (business_id,fecha_hora,tipo,id) values (?,?,?,default)
Hibernate: insert into aforo_registros (business_id,fecha_hora,tipo,id) values (?,?,?,default)
Hibernate: insert into aforo_registros (business_id,fecha_hora,tipo,id) values (?,?,?,default)
Hibernate: insert into aforo_registros (business_id,fecha_hora,tipo,id) values (?,?,?,default)
Hibernate: insert into aforo_registros (business_id,fecha_hora,tipo,id) values (?,?,?,default)
Hibernate: insert into aforo_registros (business_id,fecha_hora,tipo,id) values (?,?,?,default)
Hibernate: insert into aforo_registros (business_id,fecha_hora,tipo,id) values (?,?,?,default)
Hibernate: insert into aforo_registros (business_id,fecha_hora,tipo,id) values (?,?,?,default)
Hibernate: insert into aforo_registros (business_id,fecha_hora,tipo,id) values (?,?,?,default)
Hibernate: insert into aforo_registros (business_id,fecha_hora,tipo,id) values (?,?,?,default)
Hibernate: insert into aforo_registros (business_id,fecha_hora,tipo,id) values (?,?,?,default)
Hibernate: insert into aforo_registros (business_id,fecha_hora,tipo,id) values (?,?,?,default)
Hibernate: insert into aforo_registros (business_id,fecha_hora,tipo,id) values (?,?,?,default)
Hibernate: insert into aforo_registros (business_id,fecha_hora,tipo,id) values (?,?,?,default)
Hibernate: insert into aforo_registros (business_id,fecha_hora,tipo,id) values (?,?,?,default)
Hibernate: insert into aforo_registros (business_id,fecha_hora,tipo,id) values (?,?,?,default)
Hibernate: insert into aforo_registros (business_id,fecha_hora,tipo,id) values (?,?,?,default)
Hibernate: insert into aforo_registros (business_id,fecha_hora,tipo,id) values (?,?,?,default)
Hibernate: insert into aforo_registros (business_id,fecha_hora,tipo,id) values (?,?,?,default)
Hibernate: insert into aforo_registros (business_id,fecha_hora,tipo,id) values (?,?,?,default)
Hibernate: insert into aforo_registros (business_id,fecha_hora,tipo,id) values (?,?,?,default)
Hibernate: insert into aforo_registros (business_id,fecha_hora,tipo,id) values (?,?,?,default)
Hibernate: insert into aforo_registros (business_id,fecha_hora,tipo,id) values (?,?,?,default)
Hibernate: insert into aforo_registros (business_id,fecha_hora,tipo,id) values (?,?,?,default)
Hibernate: insert into aforo_registros (business_id,fecha_hora,tipo,id) values (?,?,?,default)
Hibernate: insert into aforo_registros (business_id,fecha_hora,tipo,id) values (?,?,?,default)
Hibernate: insert into aforo_registros (business_id,fecha_hora,tipo,id) values (?,?,?,default)
Hibernate: insert into aforo_registros (business_id,fecha_hora,tipo,id) values (?,?,?,default)
Hibernate: insert into aforo_registros (business_id,fecha_hora,tipo,id) values (?,?,?,default)
Hibernate: insert into aforo_registros (business_id,fecha_hora,tipo,id) values (?,?,?,default)
Hibernate: insert into aforo_registros (business_id,fecha_hora,tipo,id) values (?,?,?,default)
Hibernate: insert into aforo_registros (business_id,fecha_hora,tipo,id) values (?,?,?,default)
Hibernate: insert into aforo_registros (business_id,fecha_hora,tipo,id) values (?,?,?,default)
Hibernate: insert into aforo_registros (business_id,fecha_hora,tipo,id) values (?,?,?,default)
Hibernate: insert into aforo_registros (business_id,fecha_hora,tipo,id) values (?,?,?,default)
Hibernate: insert into aforo_registros (business_id,fecha_hora,tipo,id) values (?,?,?,default)
Hibernate: insert into aforo_registros (business_id,fecha_hora,tipo,id) values (?,?,?,default)
Hibernate: insert into aforo_registros (business_id,fecha_hora,tipo,id) values (?,?,?,default)
Hibernate: insert into aforo_registros (business_id,fecha_hora,tipo,id) values (?,?,?,default)
Hibernate: insert into aforo_registros (business_id,fecha_hora,tipo,id) values (?,?,?,default)
Hibernate: insert into aforo_registros (business_id,fecha_hora,tipo,id) values (?,?,?,default)
Hibernate: insert into aforo_registros (business_id,fecha_hora,tipo,id) values (?,?,?,default)
Hibernate: insert into aforo_registros (business_id,fecha_hora,tipo,id) values (?,?,?,default)
Hibernate: insert into aforo_registros (business_id,fecha_hora,tipo,id) values (?,?,?,default)
Hibernate: insert into aforo_registros (business_id,fecha_hora,tipo,id) values (?,?,?,default)
Hibernate: insert into aforo_registros (business_id,fecha_hora,tipo,id) values (?,?,?,default)
Hibernate: insert into aforo_registros (business_id,fecha_hora,tipo,id) values (?,?,?,default)
Hibernate: insert into aforo_registros (business_id,fecha_hora,tipo,id) values (?,?,?,default)
Hibernate: insert into aforo_registros (business_id,fecha_hora,tipo,id) values (?,?,?,default)
Hibernate: insert into aforo_registros (business_id,fecha_hora,tipo,id) values (?,?,?,default)
Hibernate: insert into aforo_registros (business_id,fecha_hora,tipo,id) values (?,?,?,default)
Hibernate: insert into aforo_registros (business_id,fecha_hora,tipo,id) values (?,?,?,default)
Hibernate: insert into aforo_registros (business_id,fecha_hora,tipo,id) values (?,?,?,default)
Hibernate: insert into aforo_registros (business_id,fecha_hora,tipo,id) values (?,?,?,default)
Hibernate: insert into aforo_registros (business_id,fecha_hora,tipo,id) values (?,?,?,default)
Hibernate: insert into aforo_registros (business_id,fecha_hora,tipo,id) values (?,?,?,default)
Hibernate: insert into aforo_registros (business_id,fecha_hora,tipo,id) values (?,?,?,default)
Hibernate: insert into aforo_registros (business_id,fecha_hora,tipo,id) values (?,?,?,default)
Hibernate: insert into aforo_registros (business_id,fecha_hora,tipo,id) values (?,?,?,default)
Hibernate: insert into aforo_registros (business_id,fecha_hora,tipo,id) values (?,?,?,default)
Hibernate: insert into aforo_registros (business_id,fecha_hora,tipo,id) values (?,?,?,default)
Hibernate: insert into aforo_registros (business_id,fecha_hora,tipo,id) values (?,?,?,default)
Hibernate: insert into aforo_registros (business_id,fecha_hora,tipo,id) values (?,?,?,default)
Hibernate: insert into aforo_registros (business_id,fecha_hora,tipo,id) values (?,?,?,default)
Hibernate: insert into aforo_registros (business_id,fecha_hora,tipo,id) values (?,?,?,default)
Hibernate: insert into aforo_registros (business_id,fecha_hora,tipo,id) values (?,?,?,default)
Hibernate: insert into aforo_registros (business_id,fecha_hora,tipo,id) values (?,?,?,default)
Hibernate: insert into aforo_registros (business_id,fecha_hora,tipo,id) values (?,?,?,default)
Hibernate: insert into aforo_registros (business_id,fecha_hora,tipo,id) values (?,?,?,default)
Hibernate: insert into aforo_registros (business_id,fecha_hora,tipo,id) values (?,?,?,default)
Hibernate: insert into aforo_registros (business_id,fecha_hora,tipo,id) values (?,?,?,default)
Hibernate: insert into aforo_registros (business_id,fecha_hora,tipo,id) values (?,?,?,default)
Hibernate: insert into aforo_registros (business_id,fecha_hora,tipo,id) values (?,?,?,default)
Hibernate: insert into aforo_registros (business_id,fecha_hora,tipo,id) values (?,?,?,default)
Hibernate: insert into aforo_registros (business_id,fecha_hora,tipo,id) values (?,?,?,default)
Hibernate: insert into aforo_registros (business_id,fecha_hora,tipo,id) values (?,?,?,default)
Hibernate: insert into aforo_registros (business_id,fecha_hora,tipo,id) values (?,?,?,default)
Hibernate: insert into aforo_registros (business_id,fecha_hora,tipo,id) values (?,?,?,default)
Hibernate: insert into aforo_registros (business_id,fecha_hora,tipo,id) values (?,?,?,default)
Hibernate: insert into aforo_registros (business_id,fecha_hora,tipo,id) values (?,?,?,default)
Hibernate: insert into aforo_registros (business_id,fecha_hora,tipo,id) values (?,?,?,default)
Hibernate: insert into aforo_registros (business_id,fecha_hora,tipo,id) values (?,?,?,default)
Hibernate: insert into aforo_registros (business_id,fecha_hora,tipo,id) values (?,?,?,default)
Hibernate: insert into aforo_registros (business_id,fecha_hora,tipo,id) values (?,?,?,default)
Hibernate: insert into aforo_registros (business_id,fecha_hora,tipo,id) values (?,?,?,default)
Hibernate: insert into aforo_registros (business_id,fecha_hora,tipo,id) values (?,?,?,default)
Hibernate: insert into aforo_registros (business_id,fecha_hora,tipo,id) values (?,?,?,default)
Hibernate: insert into aforo_registros (business_id,fecha_hora,tipo,id) values (?,?,?,default)
Hibernate: insert into aforo_registros (business_id,fecha_hora,tipo,id) values (?,?,?,default)
Hibernate: insert into aforo_registros (business_id,fecha_hora,tipo,id) values (?,?,?,default)
Hibernate: insert into aforo_registros (business_id,fecha_hora,tipo,id) values (?,?,?,default)
Hibernate: insert into aforo_registros (business_id,fecha_hora,tipo,id) values (?,?,?,default)
Hibernate: insert into aforo_registros (business_id,fecha_hora,tipo,id) values (?,?,?,default)
Hibernate: insert into aforo_registros (business_id,fecha_hora,tipo,id) values (?,?,?,default)
Hibernate: insert into aforo_registros (business_id,fecha_hora,tipo,id) values (?,?,?,default)
Hibernate: insert into aforo_registros (business_id,fecha_hora,tipo,id) values (?,?,?,default)
Hibernate: insert into aforo_registros (business_id,fecha_hora,tipo,id) values (?,?,?,default)
Hibernate: insert into aforo_registros (business_id,fecha_hora,tipo,id) values (?,?,?,default)
Hibernate: insert into aforo_registros (business_id,fecha_hora,tipo,id) values (?,?,?,default)
Hibernate: insert into aforo_registros (business_id,fecha_hora,tipo,id) values (?,?,?,default)
Hibernate: insert into aforo_registros (business_id,fecha_hora,tipo,id) values (?,?,?,default)
Hibernate: insert into aforo_registros (business_id,fecha_hora,tipo,id) values (?,?,?,default)
Hibernate: insert into aforo_registros (business_id,fecha_hora,tipo,id) values (?,?,?,default)
Hibernate: insert into aforo_registros (business_id,fecha_hora,tipo,id) values (?,?,?,default)
Hibernate: insert into aforo_registros (business_id,fecha_hora,tipo,id) values (?,?,?,default)
Hibernate: insert into aforo_registros (business_id,fecha_hora,tipo,id) values (?,?,?,default)
Hibernate: insert into aforo_registros (business_id,fecha_hora,tipo,id) values (?,?,?,default)
Hibernate: insert into aforo_registros (business_id,fecha_hora,tipo,id) values (?,?,?,default)
Hibernate: insert into aforo_registros (business_id,fecha_hora,tipo,id) values (?,?,?,default)
Hibernate: insert into aforo_registros (business_id,fecha_hora,tipo,id) values (?,?,?,default)
Hibernate: insert into aforo_registros (business_id,fecha_hora,tipo,id) values (?,?,?,default)
Hibernate: insert into aforo_registros (business_id,fecha_hora,tipo,id) values (?,?,?,default)
Hibernate: insert into aforo_registros (business_id,fecha_hora,tipo,id) values (?,?,?,default)
Hibernate: insert into aforo_registros (business_id,fecha_hora,tipo,id) values (?,?,?,default)
Hibernate: insert into aforo_registros (business_id,fecha_hora,tipo,id) values (?,?,?,default)
Hibernate: insert into aforo_registros (business_id,fecha_hora,tipo,id) values (?,?,?,default)
Hibernate: insert into aforo_registros (business_id,fecha_hora,tipo,id) values (?,?,?,default)
Hibernate: insert into aforo_registros (business_id,fecha_hora,tipo,id) values (?,?,?,default)
Hibernate: insert into aforo_registros (business_id,fecha_hora,tipo,id) values (?,?,?,default)
Hibernate: insert into aforo_registros (business_id,fecha_hora,tipo,id) values (?,?,?,default)
Hibernate: insert into aforo_registros (business_id,fecha_hora,tipo,id) values (?,?,?,default)
Hibernate: insert into aforo_registros (business_id,fecha_hora,tipo,id) values (?,?,?,default)
Hibernate: insert into aforo_registros (business_id,fecha_hora,tipo,id) values (?,?,?,default)
Hibernate: insert into aforo_registros (business_id,fecha_hora,tipo,id) values (?,?,?,default)
Hibernate: insert into aforo_registros (business_id,fecha_hora,tipo,id) values (?,?,?,default)
Hibernate: insert into aforo_registros (business_id,fecha_hora,tipo,id) values (?,?,?,default)
Hibernate: insert into aforo_registros (business_id,fecha_hora,tipo,id) values (?,?,?,default)
Hibernate: insert into aforo_registros (business_id,fecha_hora,tipo,id) values (?,?,?,default)
Hibernate: insert into aforo_registros (business_id,fecha_hora,tipo,id) values (?,?,?,default)
Hibernate: insert into aforo_registros (business_id,fecha_hora,tipo,id) values (?,?,?,default)
Hibernate: insert into aforo_registros (business_id,fecha_hora,tipo,id) values (?,?,?,default)
Hibernate: insert into aforo_registros (business_id,fecha_hora,tipo,id) values (?,?,?,default)
Hibernate: insert into aforo_registros (business_id,fecha_hora,tipo,id) values (?,?,?,default)
Hibernate: insert into aforo_registros (business_id,fecha_hora,tipo,id) values (?,?,?,default)
Hibernate: insert into aforo_registros (business_id,fecha_hora,tipo,id) values (?,?,?,default)
Hibernate: insert into aforo_registros (business_id,fecha_hora,tipo,id) values (?,?,?,default)
Hibernate: insert into aforo_registros (business_id,fecha_hora,tipo,id) values (?,?,?,default)
Hibernate: insert into aforo_registros (business_id,fecha_hora,tipo,id) values (?,?,?,default)
Hibernate: insert into aforo_registros (business_id,fecha_hora,tipo,id) values (?,?,?,default)
Hibernate: insert into aforo_registros (business_id,fecha_hora,tipo,id) values (?,?,?,default)
Hibernate: insert into aforo_registros (business_id,fecha_hora,tipo,id) values (?,?,?,default)
Hibernate: insert into aforo_registros (business_id,fecha_hora,tipo,id) values (?,?,?,default)
Hibernate: insert into aforo_registros (business_id,fecha_hora,tipo,id) values (?,?,?,default)
Hibernate: insert into aforo_registros (business_id,fecha_hora,tipo,id) values (?,?,?,default)
Hibernate: insert into aforo_registros (business_id,fecha_hora,tipo,id) values (?,?,?,default)
Hibernate: insert into aforo_registros (business_id,fecha_hora,tipo,id) values (?,?,?,default)
Hibernate: insert into aforo_registros (business_id,fecha_hora,tipo,id) values (?,?,?,default)
Hibernate: insert into aforo_registros (business_id,fecha_hora,tipo,id) values (?,?,?,default)
Hibernate: insert into aforo_registros (business_id,fecha_hora,tipo,id) values (?,?,?,default)
Hibernate: insert into aforo_registros (business_id,fecha_hora,tipo,id) values (?,?,?,default)
Hibernate: insert into aforo_registros (business_id,fecha_hora,tipo,id) values (?,?,?,default)
Hibernate: insert into aforo_registros (business_id,fecha_hora,tipo,id) values (?,?,?,default)
Hibernate: insert into aforo_registros (business_id,fecha_hora,tipo,id) values (?,?,?,default)
Hibernate: insert into aforo_registros (business_id,fecha_hora,tipo,id) values (?,?,?,default)
Hibernate: insert into aforo_registros (business_id,fecha_hora,tipo,id) values (?,?,?,default)
Hibernate: insert into aforo_registros (business_id,fecha_hora,tipo,id) values (?,?,?,default)
Hibernate: insert into aforo_registros (business_id,fecha_hora,tipo,id) values (?,?,?,default)
Hibernate: insert into aforo_registros (business_id,fecha_hora,tipo,id) values (?,?,?,default)
Hibernate: insert into aforo_registros (business_id,fecha_hora,tipo,id) values (?,?,?,default)
Hibernate: insert into aforo_registros (business_id,fecha_hora,tipo,id) values (?,?,?,default)
Hibernate: insert into aforo_registros (business_id,fecha_hora,tipo,id) values (?,?,?,default)
Hibernate: insert into aforo_registros (business_id,fecha_hora,tipo,id) values (?,?,?,default)
Hibernate: insert into aforo_registros (business_id,fecha_hora,tipo,id) values (?,?,?,default)
Hibernate: insert into aforo_registros (business_id,fecha_hora,tipo,id) values (?,?,?,default)
Hibernate: insert into aforo_registros (business_id,fecha_hora,tipo,id) values (?,?,?,default)
Hibernate: insert into aforo_registros (business_id,fecha_hora,tipo,id) values (?,?,?,default)
Hibernate: insert into aforo_registros (business_id,fecha_hora,tipo,id) values (?,?,?,default)
Hibernate: insert into aforo_registros (business_id,fecha_hora,tipo,id) values (?,?,?,default)
Hibernate: insert into aforo_registros (business_id,fecha_hora,tipo,id) values (?,?,?,default)
Hibernate: insert into aforo_registros (business_id,fecha_hora,tipo,id) values (?,?,?,default)
Hibernate: insert into aforo_registros (business_id,fecha_hora,tipo,id) values (?,?,?,default)
Hibernate: insert into aforo_registros (business_id,fecha_hora,tipo,id) values (?,?,?,default)
Hibernate: insert into aforo_registros (business_id,fecha_hora,tipo,id) values (?,?,?,default)
Hibernate: insert into aforo_registros (business_id,fecha_hora,tipo,id) values (?,?,?,default)
Hibernate: insert into aforo_registros (business_id,fecha_hora,tipo,id) values (?,?,?,default)
Hibernate: insert into aforo_registros (business_id,fecha_hora,tipo,id) values (?,?,?,default)
Hibernate: insert into aforo_registros (business_id,fecha_hora,tipo,id) values (?,?,?,default)
Hibernate: insert into aforo_registros (business_id,fecha_hora,tipo,id) values (?,?,?,default)
Hibernate: insert into aforo_registros (business_id,fecha_hora,tipo,id) values (?,?,?,default)
Hibernate: insert into aforo_registros (business_id,fecha_hora,tipo,id) values (?,?,?,default)
Hibernate: insert into aforo_registros (business_id,fecha_hora,tipo,id) values (?,?,?,default)
Hibernate: insert into aforo_registros (business_id,fecha_hora,tipo,id) values (?,?,?,default)
Hibernate: insert into aforo_registros (business_id,fecha_hora,tipo,id) values (?,?,?,default)
Hibernate: insert into aforo_registros (business_id,fecha_hora,tipo,id) values (?,?,?,default)
Hibernate: insert into aforo_registros (business_id,fecha_hora,tipo,id) values (?,?,?,default)
Hibernate: insert into aforo_registros (business_id,fecha_hora,tipo,id) values (?,?,?,default)
Hibernate: insert into aforo_registros (business_id,fecha_hora,tipo,id) values (?,?,?,default)
Hibernate: insert into aforo_registros (business_id,fecha_hora,tipo,id) values (?,?,?,default)
Hibernate: insert into aforo_registros (business_id,fecha_hora,tipo,id) values (?,?,?,default)
Hibernate: insert into aforo_registros (business_id,fecha_hora,tipo,id) values (?,?,?,default)
Hibernate: insert into aforo_registros (business_id,fecha_hora,tipo,id) values (?,?,?,default)
Hibernate: insert into aforo_registros (business_id,fecha_hora,tipo,id) values (?,?,?,default)
Hibernate: insert into aforo_registros (business_id,fecha_hora,tipo,id) values (?,?,?,default)
Hibernate: insert into aforo_registros (business_id,fecha_hora,tipo,id) values (?,?,?,default)
Hibernate: insert into aforo_registros (business_id,fecha_hora,tipo,id) values (?,?,?,default)
Hibernate: insert into aforo_registros (business_id,fecha_hora,tipo,id) values (?,?,?,default)
Hibernate: insert into aforo_registros (business_id,fecha_hora,tipo,id) values (?,?,?,default)
Hibernate: insert into aforo_registros (business_id,fecha_hora,tipo,id) values (?,?,?,default)
Hibernate: insert into aforo_registros (business_id,fecha_hora,tipo,id) values (?,?,?,default)
Hibernate: insert into aforo_registros (business_id,fecha_hora,tipo,id) values (?,?,?,default)
Hibernate: insert into aforo_registros (business_id,fecha_hora,tipo,id) values (?,?,?,default)
Hibernate: insert into aforo_registros (business_id,fecha_hora,tipo,id) values (?,?,?,default)
Hibernate: insert into aforo_registros (business_id,fecha_hora,tipo,id) values (?,?,?,default)
Hibernate: insert into aforo_registros (business_id,fecha_hora,tipo,id) values (?,?,?,default)
Hibernate: insert into aforo_registros (business_id,fecha_hora,tipo,id) values (?,?,?,default)
Hibernate: insert into aforo_registros (business_id,fecha_hora,tipo,id) values (?,?,?,default)
Hibernate: insert into aforo_registros (business_id,fecha_hora,tipo,id) values (?,?,?,default)
Hibernate: insert into aforo_registros (business_id,fecha_hora,tipo,id) values (?,?,?,default)
Hibernate: insert into aforo_registros (business_id,fecha_hora,tipo,id) values (?,?,?,default)
Hibernate: insert into aforo_registros (business_id,fecha_hora,tipo,id) values (?,?,?,default)
Hibernate: insert into aforo_registros (business_id,fecha_hora,tipo,id) values (?,?,?,default)
Hibernate: insert into aforo_registros (business_id,fecha_hora,tipo,id) values (?,?,?,default)
Hibernate: insert into aforo_registros (business_id,fecha_hora,tipo,id) values (?,?,?,default)
Hibernate: insert into aforo_registros (business_id,fecha_hora,tipo,id) values (?,?,?,default)
Hibernate: insert into aforo_registros (business_id,fecha_hora,tipo,id) values (?,?,?,default)
Hibernate: insert into aforo_registros (business_id,fecha_hora,tipo,id) values (?,?,?,default)
Hibernate: insert into aforo_registros (business_id,fecha_hora,tipo,id) values (?,?,?,default)
Hibernate: insert into aforo_registros (business_id,fecha_hora,tipo,id) values (?,?,?,default)
Hibernate: insert into aforo_registros (business_id,fecha_hora,tipo,id) values (?,?,?,default)
Hibernate: insert into aforo_registros (business_id,fecha_hora,tipo,id) values (?,?,?,default)
Hibernate: insert into aforo_registros (business_id,fecha_hora,tipo,id) values (?,?,?,default)
Hibernate: insert into aforo_registros (business_id,fecha_hora,tipo,id) values (?,?,?,default)
Hibernate: insert into aforo_registros (business_id,fecha_hora,tipo,id) values (?,?,?,default)
Hibernate: insert into aforo_registros (business_id,fecha_hora,tipo,id) values (?,?,?,default)
Hibernate: insert into aforo_registros (business_id,fecha_hora,tipo,id) values (?,?,?,default)
Hibernate: insert into aforo_registros (business_id,fecha_hora,tipo,id) values (?,?,?,default)
Hibernate: insert into aforo_registros (business_id,fecha_hora,tipo,id) values (?,?,?,default)
Hibernate: insert into aforo_registros (business_id,fecha_hora,tipo,id) values (?,?,?,default)
Hibernate: insert into aforo_registros (business_id,fecha_hora,tipo,id) values (?,?,?,default)
Hibernate: insert into aforo_registros (business_id,fecha_hora,tipo,id) values (?,?,?,default)
Hibernate: insert into aforo_registros (business_id,fecha_hora,tipo,id) values (?,?,?,default)
Hibernate: insert into aforo_registros (business_id,fecha_hora,tipo,id) values (?,?,?,default)
Hibernate: insert into aforo_registros (business_id,fecha_hora,tipo,id) values (?,?,?,default)
Hibernate: insert into aforo_registros (business_id,fecha_hora,tipo,id) values (?,?,?,default)
Hibernate: insert into aforo_registros (business_id,fecha_hora,tipo,id) values (?,?,?,default)
Hibernate: insert into aforo_registros (business_id,fecha_hora,tipo,id) values (?,?,?,default)
Hibernate: insert into aforo_registros (business_id,fecha_hora,tipo,id) values (?,?,?,default)
Hibernate: insert into aforo_registros (business_id,fecha_hora,tipo,id) values (?,?,?,default)
Hibernate: insert into aforo_registros (business_id,fecha_hora,tipo,id) values (?,?,?,default)
Hibernate: insert into aforo_registros (business_id,fecha_hora,tipo,id) values (?,?,?,default)
Hibernate: insert into aforo_registros (business_id,fecha_hora,tipo,id) values (?,?,?,default)
Hibernate: insert into aforo_registros (business_id,fecha_hora,tipo,id) values (?,?,?,default)
Hibernate: insert into aforo_registros (business_id,fecha_hora,tipo,id) values (?,?,?,default)
Hibernate: insert into aforo_registros (business_id,fecha_hora,tipo,id) values (?,?,?,default)
Hibernate: insert into aforo_registros (business_id,fecha_hora,tipo,id) values (?,?,?,default)
Hibernate: insert into aforo_registros (business_id,fecha_hora,tipo,id) values (?,?,?,default)
Hibernate: insert into aforo_registros (business_id,fecha_hora,tipo,id) values (?,?,?,default)
Hibernate: insert into aforo_registros (business_id,fecha_hora,tipo,id) values (?,?,?,default)
Hibernate: insert into aforo_registros (business_id,fecha_hora,tipo,id) values (?,?,?,default)
Hibernate: insert into aforo_registros (business_id,fecha_hora,tipo,id) values (?,?,?,default)
Hibernate: insert into aforo_registros (business_id,fecha_hora,tipo,id) values (?,?,?,default)
Hibernate: insert into aforo_registros (business_id,fecha_hora,tipo,id) values (?,?,?,default)
Hibernate: insert into aforo_registros (business_id,fecha_hora,tipo,id) values (?,?,?,default)
Hibernate: insert into aforo_registros (business_id,fecha_hora,tipo,id) values (?,?,?,default)
Hibernate: insert into aforo_registros (business_id,fecha_hora,tipo,id) values (?,?,?,default)
Hibernate: insert into aforo_registros (business_id,fecha_hora,tipo,id) values (?,?,?,default)
Hibernate: insert into aforo_registros (business_id,fecha_hora,tipo,id) values (?,?,?,default)
Hibernate: insert into aforo_registros (business_id,fecha_hora,tipo,id) values (?,?,?,default)
Hibernate: insert into aforo_registros (business_id,fecha_hora,tipo,id) values (?,?,?,default)
Hibernate: insert into aforo_registros (business_id,fecha_hora,tipo,id) values (?,?,?,default)
Hibernate: insert into aforo_registros (business_id,fecha_hora,tipo,id) values (?,?,?,default)
Hibernate: insert into aforo_registros (business_id,fecha_hora,tipo,id) values (?,?,?,default)
Hibernate: insert into aforo_registros (business_id,fecha_hora,tipo,id) values (?,?,?,default)
Hibernate: insert into aforo_registros (business_id,fecha_hora,tipo,id) values (?,?,?,default)
Hibernate: insert into aforo_registros (business_id,fecha_hora,tipo,id) values (?,?,?,default)
Hibernate: insert into aforo_registros (business_id,fecha_hora,tipo,id) values (?,?,?,default)
Hibernate: insert into aforo_registros (business_id,fecha_hora,tipo,id) values (?,?,?,default)
Hibernate: insert into aforo_registros (business_id,fecha_hora,tipo,id) values (?,?,?,default)
Hibernate: insert into aforo_registros (business_id,fecha_hora,tipo,id) values (?,?,?,default)
Hibernate: insert into aforo_registros (business_id,fecha_hora,tipo,id) values (?,?,?,default)
Hibernate: insert into aforo_registros (business_id,fecha_hora,tipo,id) values (?,?,?,default)
Hibernate: insert into aforo_registros (business_id,fecha_hora,tipo,id) values (?,?,?,default)
Hibernate: insert into aforo_registros (business_id,fecha_hora,tipo,id) values (?,?,?,default)
Hibernate: insert into aforo_registros (business_id,fecha_hora,tipo,id) values (?,?,?,default)
Hibernate: insert into aforo_registros (business_id,fecha_hora,tipo,id) values (?,?,?,default)
Hibernate: insert into aforo_registros (business_id,fecha_hora,tipo,id) values (?,?,?,default)
Hibernate: insert into aforo_registros (business_id,fecha_hora,tipo,id) values (?,?,?,default)
Hibernate: insert into aforo_registros (business_id,fecha_hora,tipo,id) values (?,?,?,default)
Hibernate: insert into aforo_registros (business_id,fecha_hora,tipo,id) values (?,?,?,default)
Hibernate: insert into aforo_registros (business_id,fecha_hora,tipo,id) values (?,?,?,default)
Hibernate: insert into aforo_registros (business_id,fecha_hora,tipo,id) values (?,?,?,default)
Hibernate: insert into aforo_registros (business_id,fecha_hora,tipo,id) values (?,?,?,default)
Hibernate: insert into aforo_registros (business_id,fecha_hora,tipo,id) values (?,?,?,default)
Hibernate: insert into aforo_registros (business_id,fecha_hora,tipo,id) values (?,?,?,default)
Hibernate: insert into aforo_registros (business_id,fecha_hora,tipo,id) values (?,?,?,default)
Hibernate: insert into aforo_registros (business_id,fecha_hora,tipo,id) values (?,?,?,default)
Hibernate: insert into aforo_registros (business_id,fecha_hora,tipo,id) values (?,?,?,default)
Hibernate: insert into aforo_registros (business_id,fecha_hora,tipo,id) values (?,?,?,default)
Hibernate: insert into aforo_registros (business_id,fecha_hora,tipo,id) values (?,?,?,default)
Hibernate: insert into aforo_registros (business_id,fecha_hora,tipo,id) values (?,?,?,default)
Hibernate: insert into aforo_registros (business_id,fecha_hora,tipo,id) values (?,?,?,default)
Hibernate: insert into aforo_registros (business_id,fecha_hora,tipo,id) values (?,?,?,default)
Hibernate: insert into aforo_registros (business_id,fecha_hora,tipo,id) values (?,?,?,default)
Hibernate: insert into aforo_registros (business_id,fecha_hora,tipo,id) values (?,?,?,default)
Hibernate: insert into aforo_registros (business_id,fecha_hora,tipo,id) values (?,?,?,default)
Hibernate: insert into aforo_registros (business_id,fecha_hora,tipo,id) values (?,?,?,default)
Hibernate: insert into aforo_registros (business_id,fecha_hora,tipo,id) values (?,?,?,default)
Hibernate: insert into aforo_registros (business_id,fecha_hora,tipo,id) values (?,?,?,default)
Hibernate: insert into aforo_registros (business_id,fecha_hora,tipo,id) values (?,?,?,default)
Hibernate: insert into aforo_registros (business_id,fecha_hora,tipo,id) values (?,?,?,default)
Hibernate: insert into aforo_registros (business_id,fecha_hora,tipo,id) values (?,?,?,default)
Hibernate: insert into aforo_registros (business_id,fecha_hora,tipo,id) values (?,?,?,default)
Hibernate: insert into aforo_registros (business_id,fecha_hora,tipo,id) values (?,?,?,default)
Hibernate: insert into aforo_registros (business_id,fecha_hora,tipo,id) values (?,?,?,default)
Hibernate: insert into aforo_registros (business_id,fecha_hora,tipo,id) values (?,?,?,default)
Hibernate: insert into aforo_registros (business_id,fecha_hora,tipo,id) values (?,?,?,default)
Hibernate: insert into aforo_registros (business_id,fecha_hora,tipo,id) values (?,?,?,default)
Hibernate: insert into aforo_registros (business_id,fecha_hora,tipo,id) values (?,?,?,default)
Hibernate: insert into aforo_registros (business_id,fecha_hora,tipo,id) values (?,?,?,default)
Hibernate: insert into aforo_registros (business_id,fecha_hora,tipo,id) values (?,?,?,default)
Hibernate: insert into aforo_registros (business_id,fecha_hora,tipo,id) values (?,?,?,default)
Hibernate: insert into aforo_registros (business_id,fecha_hora,tipo,id) values (?,?,?,default)
Hibernate: insert into aforo_registros (business_id,fecha_hora,tipo,id) values (?,?,?,default)
Hibernate: insert into aforo_registros (business_id,fecha_hora,tipo,id) values (?,?,?,default)
Hibernate: insert into aforo_registros (business_id,fecha_hora,tipo,id) values (?,?,?,default)
Hibernate: insert into aforo_registros (business_id,fecha_hora,tipo,id) values (?,?,?,default)
Hibernate: insert into aforo_registros (business_id,fecha_hora,tipo,id) values (?,?,?,default)
Hibernate: insert into aforo_registros (business_id,fecha_hora,tipo,id) values (?,?,?,default)
Hibernate: insert into aforo_registros (business_id,fecha_hora,tipo,id) values (?,?,?,default)
Hibernate: insert into aforo_registros (business_id,fecha_hora,tipo,id) values (?,?,?,default)
Hibernate: insert into aforo_registros (business_id,fecha_hora,tipo,id) values (?,?,?,default)
Hibernate: insert into aforo_registros (business_id,fecha_hora,tipo,id) values (?,?,?,default)
Hibernate: insert into aforo_registros (business_id,fecha_hora,tipo,id) values (?,?,?,default)
Hibernate: insert into aforo_registros (business_id,fecha_hora,tipo,id) values (?,?,?,default)
Hibernate: insert into aforo_registros (business_id,fecha_hora,tipo,id) values (?,?,?,default)
Hibernate: insert into aforo_registros (business_id,fecha_hora,tipo,id) values (?,?,?,default)
Hibernate: insert into aforo_registros (business_id,fecha_hora,tipo,id) values (?,?,?,default)
Hibernate: insert into aforo_registros (business_id,fecha_hora,tipo,id) values (?,?,?,default)
Hibernate: insert into aforo_registros (business_id,fecha_hora,tipo,id) values (?,?,?,default)
Hibernate: insert into aforo_registros (business_id,fecha_hora,tipo,id) values (?,?,?,default)
Hibernate: insert into aforo_registros (business_id,fecha_hora,tipo,id) values (?,?,?,default)
Hibernate: insert into aforo_registros (business_id,fecha_hora,tipo,id) values (?,?,?,default)
Hibernate: insert into aforo_registros (business_id,fecha_hora,tipo,id) values (?,?,?,default)
Hibernate: insert into aforo_registros (business_id,fecha_hora,tipo,id) values (?,?,?,default)
Hibernate: insert into aforo_registros (business_id,fecha_hora,tipo,id) values (?,?,?,default)
Hibernate: insert into aforo_registros (business_id,fecha_hora,tipo,id) values (?,?,?,default)
Hibernate: insert into aforo_registros (business_id,fecha_hora,tipo,id) values (?,?,?,default)
Hibernate: insert into aforo_registros (business_id,fecha_hora,tipo,id) values (?,?,?,default)
Hibernate: insert into aforo_registros (business_id,fecha_hora,tipo,id) values (?,?,?,default)
Hibernate: insert into aforo_registros (business_id,fecha_hora,tipo,id) values (?,?,?,default)
Hibernate: insert into aforo_registros (business_id,fecha_hora,tipo,id) values (?,?,?,default)
Hibernate: insert into aforo_registros (business_id,fecha_hora,tipo,id) values (?,?,?,default)
Hibernate: insert into aforo_registros (business_id,fecha_hora,tipo,id) values (?,?,?,default)
Hibernate: insert into aforo_registros (business_id,fecha_hora,tipo,id) values (?,?,?,default)
Hibernate: insert into aforo_registros (business_id,fecha_hora,tipo,id) values (?,?,?,default)
Hibernate: insert into aforo_registros (business_id,fecha_hora,tipo,id) values (?,?,?,default)
Hibernate: insert into aforo_registros (business_id,fecha_hora,tipo,id) values (?,?,?,default)
Hibernate: insert into aforo_registros (business_id,fecha_hora,tipo,id) values (?,?,?,default)
Hibernate: insert into aforo_registros (business_id,fecha_hora,tipo,id) values (?,?,?,default)
Hibernate: insert into aforo_registros (business_id,fecha_hora,tipo,id) values (?,?,?,default)
Hibernate: insert into aforo_registros (business_id,fecha_hora,tipo,id) values (?,?,?,default)
Hibernate: insert into aforo_registros (business_id,fecha_hora,tipo,id) values (?,?,?,default)
Hibernate: insert into aforo_registros (business_id,fecha_hora,tipo,id) values (?,?,?,default)
Hibernate: insert into aforo_registros (business_id,fecha_hora,tipo,id) values (?,?,?,default)
Hibernate: insert into aforo_registros (business_id,fecha_hora,tipo,id) values (?,?,?,default)
Hibernate: insert into aforo_registros (business_id,fecha_hora,tipo,id) values (?,?,?,default)
Hibernate: insert into aforo_registros (business_id,fecha_hora,tipo,id) values (?,?,?,default)
Hibernate: insert into aforo_registros (business_id,fecha_hora,tipo,id) values (?,?,?,default)
Hibernate: insert into aforo_registros (business_id,fecha_hora,tipo,id) values (?,?,?,default)
Hibernate: insert into aforo_registros (business_id,fecha_hora,tipo,id) values (?,?,?,default)
Hibernate: insert into aforo_registros (business_id,fecha_hora,tipo,id) values (?,?,?,default)
Hibernate: insert into aforo_registros (business_id,fecha_hora,tipo,id) values (?,?,?,default)
Hibernate: insert into aforo_registros (business_id,fecha_hora,tipo,id) values (?,?,?,default)
Hibernate: insert into aforo_registros (business_id,fecha_hora,tipo,id) values (?,?,?,default)
Hibernate: insert into aforo_registros (business_id,fecha_hora,tipo,id) values (?,?,?,default)
Hibernate: insert into aforo_registros (business_id,fecha_hora,tipo,id) values (?,?,?,default)
Hibernate: insert into aforo_registros (business_id,fecha_hora,tipo,id) values (?,?,?,default)
Hibernate: insert into aforo_registros (business_id,fecha_hora,tipo,id) values (?,?,?,default)
Hibernate: insert into aforo_registros (business_id,fecha_hora,tipo,id) values (?,?,?,default)
Hibernate: insert into aforo_registros (business_id,fecha_hora,tipo,id) values (?,?,?,default)
Hibernate: insert into aforo_registros (business_id,fecha_hora,tipo,id) values (?,?,?,default)
Hibernate: insert into aforo_registros (business_id,fecha_hora,tipo,id) values (?,?,?,default)
Hibernate: insert into aforo_registros (business_id,fecha_hora,tipo,id) values (?,?,?,default)
Hibernate: insert into aforo_registros (business_id,fecha_hora,tipo,id) values (?,?,?,default)
Hibernate: insert into aforo_registros (business_id,fecha_hora,tipo,id) values (?,?,?,default)
Hibernate: insert into aforo_registros (business_id,fecha_hora,tipo,id) values (?,?,?,default)
Hibernate: insert into aforo_registros (business_id,fecha_hora,tipo,id) values (?,?,?,default)
Hibernate: insert into aforo_registros (business_id,fecha_hora,tipo,id) values (?,?,?,default)
Hibernate: insert into aforo_registros (business_id,fecha_hora,tipo,id) values (?,?,?,default)
Hibernate: insert into aforo_registros (business_id,fecha_hora,tipo,id) values (?,?,?,default)
Hibernate: insert into aforo_registros (business_id,fecha_hora,tipo,id) values (?,?,?,default)
Hibernate: insert into aforo_registros (business_id,fecha_hora,tipo,id) values (?,?,?,default)
Hibernate: insert into aforo_registros (business_id,fecha_hora,tipo,id) values (?,?,?,default)
Hibernate: insert into aforo_registros (business_id,fecha_hora,tipo,id) values (?,?,?,default)
Hibernate: insert into aforo_registros (business_id,fecha_hora,tipo,id) values (?,?,?,default)
Hibernate: insert into aforo_registros (business_id,fecha_hora,tipo,id) values (?,?,?,default)
Hibernate: insert into aforo_registros (business_id,fecha_hora,tipo,id) values (?,?,?,default)
Hibernate: insert into aforo_registros (business_id,fecha_hora,tipo,id) values (?,?,?,default)
Hibernate: insert into aforo_registros (business_id,fecha_hora,tipo,id) values (?,?,?,default)
Hibernate: insert into aforo_registros (business_id,fecha_hora,tipo,id) values (?,?,?,default)
Hibernate: insert into aforo_registros (business_id,fecha_hora,tipo,id) values (?,?,?,default)
Hibernate: insert into aforo_registros (business_id,fecha_hora,tipo,id) values (?,?,?,default)
Hibernate: insert into aforo_registros (business_id,fecha_hora,tipo,id) values (?,?,?,default)
Hibernate: insert into aforo_registros (business_id,fecha_hora,tipo,id) values (?,?,?,default)
Hibernate: insert into aforo_registros (business_id,fecha_hora,tipo,id) values (?,?,?,default)
Hibernate: insert into aforo_registros (business_id,fecha_hora,tipo,id) values (?,?,?,default)
Hibernate: insert into aforo_registros (business_id,fecha_hora,tipo,id) values (?,?,?,default)
Hibernate: insert into aforo_registros (business_id,fecha_hora,tipo,id) values (?,?,?,default)
Hibernate: insert into aforo_registros (business_id,fecha_hora,tipo,id) values (?,?,?,default)
Hibernate: insert into aforo_registros (business_id,fecha_hora,tipo,id) values (?,?,?,default)
Hibernate: insert into aforo_registros (business_id,fecha_hora,tipo,id) values (?,?,?,default)
Hibernate: insert into aforo_registros (business_id,fecha_hora,tipo,id) values (?,?,?,default)
Hibernate: insert into aforo_registros (business_id,fecha_hora,tipo,id) values (?,?,?,default)
Hibernate: insert into aforo_registros (business_id,fecha_hora,tipo,id) values (?,?,?,default)
Hibernate: insert into aforo_registros (business_id,fecha_hora,tipo,id) values (?,?,?,default)
Hibernate: insert into aforo_registros (business_id,fecha_hora,tipo,id) values (?,?,?,default)
Hibernate: insert into aforo_registros (business_id,fecha_hora,tipo,id) values (?,?,?,default)
Hibernate: insert into aforo_registros (business_id,fecha_hora,tipo,id) values (?,?,?,default)
Hibernate: insert into aforo_registros (business_id,fecha_hora,tipo,id) values (?,?,?,default)
Hibernate: insert into aforo_registros (business_id,fecha_hora,tipo,id) values (?,?,?,default)
Hibernate: insert into aforo_registros (business_id,fecha_hora,tipo,id) values (?,?,?,default)
Hibernate: insert into aforo_registros (business_id,fecha_hora,tipo,id) values (?,?,?,default)
Hibernate: insert into aforo_registros (business_id,fecha_hora,tipo,id) values (?,?,?,default)
Hibernate: insert into aforo_registros (business_id,fecha_hora,tipo,id) values (?,?,?,default)
Hibernate: insert into aforo_registros (business_id,fecha_hora,tipo,id) values (?,?,?,default)
Hibernate: insert into aforo_registros (business_id,fecha_hora,tipo,id) values (?,?,?,default)
Hibernate: insert into aforo_registros (business_id,fecha_hora,tipo,id) values (?,?,?,default)
Hibernate: insert into aforo_registros (business_id,fecha_hora,tipo,id) values (?,?,?,default)
Hibernate: insert into aforo_registros (business_id,fecha_hora,tipo,id) values (?,?,?,default)
Hibernate: insert into aforo_registros (business_id,fecha_hora,tipo,id) values (?,?,?,default)
Hibernate: insert into aforo_registros (business_id,fecha_hora,tipo,id) values (?,?,?,default)
Hibernate: insert into aforo_registros (business_id,fecha_hora,tipo,id) values (?,?,?,default)
Hibernate: insert into aforo_registros (business_id,fecha_hora,tipo,id) values (?,?,?,default)
Hibernate: insert into aforo_registros (business_id,fecha_hora,tipo,id) values (?,?,?,default)
Hibernate: insert into aforo_registros (business_id,fecha_hora,tipo,id) values (?,?,?,default)
Hibernate: insert into aforo_registros (business_id,fecha_hora,tipo,id) values (?,?,?,default)
Hibernate: insert into aforo_registros (business_id,fecha_hora,tipo,id) values (?,?,?,default)
Hibernate: insert into aforo_registros (business_id,fecha_hora,tipo,id) values (?,?,?,default)
Hibernate: insert into aforo_registros (business_id,fecha_hora,tipo,id) values (?,?,?,default)
Hibernate: insert into aforo_registros (business_id,fecha_hora,tipo,id) values (?,?,?,default)
Hibernate: insert into aforo_registros (business_id,fecha_hora,tipo,id) values (?,?,?,default)
Hibernate: insert into aforo_registros (business_id,fecha_hora,tipo,id) values (?,?,?,default)
Hibernate: insert into aforo_registros (business_id,fecha_hora,tipo,id) values (?,?,?,default)
Hibernate: insert into aforo_registros (business_id,fecha_hora,tipo,id) values (?,?,?,default)
Hibernate: insert into aforo_registros (business_id,fecha_hora,tipo,id) values (?,?,?,default)
Hibernate: insert into aforo_registros (business_id,fecha_hora,tipo,id) values (?,?,?,default)
Hibernate: insert into aforo_registros (business_id,fecha_hora,tipo,id) values (?,?,?,default)
Hibernate: insert into aforo_registros (business_id,fecha_hora,tipo,id) values (?,?,?,default)
Hibernate: insert into aforo_registros (business_id,fecha_hora,tipo,id) values (?,?,?,default)
Hibernate: insert into aforo_registros (business_id,fecha_hora,tipo,id) values (?,?,?,default)
Hibernate: insert into aforo_registros (business_id,fecha_hora,tipo,id) values (?,?,?,default)
Hibernate: insert into aforo_registros (business_id,fecha_hora,tipo,id) values (?,?,?,default)
Hibernate: insert into aforo_registros (business_id,fecha_hora,tipo,id) values (?,?,?,default)
Hibernate: insert into aforo_registros (business_id,fecha_hora,tipo,id) values (?,?,?,default)
Hibernate: insert into aforo_registros (business_id,fecha_hora,tipo,id) values (?,?,?,default)
Hibernate: insert into aforo_registros (business_id,fecha_hora,tipo,id) values (?,?,?,default)
Hibernate: insert into aforo_registros (business_id,fecha_hora,tipo,id) values (?,?,?,default)
Hibernate: insert into aforo_registros (business_id,fecha_hora,tipo,id) values (?,?,?,default)
Hibernate: insert into aforo_registros (business_id,fecha_hora,tipo,id) values (?,?,?,default)
Hibernate: insert into aforo_registros (business_id,fecha_hora,tipo,id) values (?,?,?,default)
Hibernate: insert into aforo_registros (business_id,fecha_hora,tipo,id) values (?,?,?,default)
Hibernate: insert into aforo_registros (business_id,fecha_hora,tipo,id) values (?,?,?,default)
Hibernate: insert into aforo_registros (business_id,fecha_hora,tipo,id) values (?,?,?,default)
Hibernate: insert into aforo_registros (business_id,fecha_hora,tipo,id) values (?,?,?,default)
Hibernate: insert into aforo_registros (business_id,fecha_hora,tipo,id) values (?,?,?,default)
Hibernate: insert into aforo_registros (business_id,fecha_hora,tipo,id) values (?,?,?,default)
Hibernate: insert into aforo_registros (business_id,fecha_hora,tipo,id) values (?,?,?,default)
Hibernate: insert into aforo_registros (business_id,fecha_hora,tipo,id) values (?,?,?,default)
Hibernate: insert into aforo_registros (business_id,fecha_hora,tipo,id) values (?,?,?,default)
Hibernate: insert into aforo_registros (business_id,fecha_hora,tipo,id) values (?,?,?,default)
Hibernate: insert into aforo_registros (business_id,fecha_hora,tipo,id) values (?,?,?,default)
Hibernate: insert into aforo_registros (business_id,fecha_hora,tipo,id) values (?,?,?,default)
Hibernate: insert into aforo_registros (business_id,fecha_hora,tipo,id) values (?,?,?,default)
Hibernate: insert into aforo_registros (business_id,fecha_hora,tipo,id) values (?,?,?,default)
Hibernate: insert into aforo_registros (business_id,fecha_hora,tipo,id) values (?,?,?,default)
Hibernate: insert into aforo_registros (business_id,fecha_hora,tipo,id) values (?,?,?,default)
Hibernate: insert into aforo_registros (business_id,fecha_hora,tipo,id) values (?,?,?,default)
Hibernate: insert into aforo_registros (business_id,fecha_hora,tipo,id) values (?,?,?,default)
Hibernate: insert into aforo_registros (business_id,fecha_hora,tipo,id) values (?,?,?,default)
Hibernate: insert into aforo_registros (business_id,fecha_hora,tipo,id) values (?,?,?,default)
Hibernate: insert into aforo_registros (business_id,fecha_hora,tipo,id) values (?,?,?,default)
Hibernate: insert into aforo_registros (business_id,fecha_hora,tipo,id) values (?,?,?,default)
Hibernate: insert into aforo_registros (business_id,fecha_hora,tipo,id) values (?,?,?,default)
Hibernate: insert into aforo_registros (business_id,fecha_hora,tipo,id) values (?,?,?,default)
Hibernate: insert into aforo_registros (business_id,fecha_hora,tipo,id) values (?,?,?,default)
Hibernate: insert into aforo_registros (business_id,fecha_hora,tipo,id) values (?,?,?,default)
Hibernate: insert into aforo_registros (business_id,fecha_hora,tipo,id) values (?,?,?,default)
Hibernate: insert into aforo_registros (business_id,fecha_hora,tipo,id) values (?,?,?,default)
Hibernate: insert into aforo_registros (business_id,fecha_hora,tipo,id) values (?,?,?,default)
Hibernate: insert into aforo_registros (business_id,fecha_hora,tipo,id) values (?,?,?,default)
Hibernate: insert into aforo_registros (business_id,fecha_hora,tipo,id) values (?,?,?,default)
Hibernate: insert into aforo_registros (business_id,fecha_hora,tipo,id) values (?,?,?,default)
Hibernate: insert into aforo_registros (business_id,fecha_hora,tipo,id) values (?,?,?,default)
Hibernate: insert into aforo_registros (business_id,fecha_hora,tipo,id) values (?,?,?,default)
Hibernate: insert into aforo_registros (business_id,fecha_hora,tipo,id) values (?,?,?,default)
Hibernate: insert into aforo_registros (business_id,fecha_hora,tipo,id) values (?,?,?,default)
Hibernate: insert into aforo_registros (business_id,fecha_hora,tipo,id) values (?,?,?,default)
Hibernate: insert into aforo_registros (business_id,fecha_hora,tipo,id) values (?,?,?,default)
Hibernate: insert into aforo_registros (business_id,fecha_hora,tipo,id) values (?,?,?,default)
Hibernate: insert into aforo_registros (business_id,fecha_hora,tipo,id) values (?,?,?,default)
Hibernate: insert into aforo_registros (business_id,fecha_hora,tipo,id) values (?,?,?,default)
Hibernate: insert into aforo_registros (business_id,fecha_hora,tipo,id) values (?,?,?,default)
Hibernate: insert into aforo_registros (business_id,fecha_hora,tipo,id) values (?,?,?,default)
Hibernate: insert into aforo_registros (business_id,fecha_hora,tipo,id) values (?,?,?,default)
Hibernate: insert into aforo_registros (business_id,fecha_hora,tipo,id) values (?,?,?,default)
Hibernate: insert into aforo_registros (business_id,fecha_hora,tipo,id) values (?,?,?,default)
Hibernate: insert into aforo_registros (business_id,fecha_hora,tipo,id) values (?,?,?,default)
Hibernate: insert into aforo_registros (business_id,fecha_hora,tipo,id) values (?,?,?,default)
Hibernate: insert into aforo_registros (business_id,fecha_hora,tipo,id) values (?,?,?,default)
Hibernate: insert into aforo_registros (business_id,fecha_hora,tipo,id) values (?,?,?,default)
Hibernate: insert into aforo_registros (business_id,fecha_hora,tipo,id) values (?,?,?,default)
Hibernate: insert into aforo_registros (business_id,fecha_hora,tipo,id) values (?,?,?,default)
Hibernate: insert into aforo_registros (business_id,fecha_hora,tipo,id) values (?,?,?,default)
Hibernate: insert into aforo_registros (business_id,fecha_hora,tipo,id) values (?,?,?,default)
Hibernate: insert into aforo_registros (business_id,fecha_hora,tipo,id) values (?,?,?,default)
Hibernate: insert into aforo_registros (business_id,fecha_hora,tipo,id) values (?,?,?,default)
Hibernate: insert into aforo_registros (business_id,fecha_hora,tipo,id) values (?,?,?,default)
Hibernate: insert into aforo_registros (business_id,fecha_hora,tipo,id) values (?,?,?,default)
Hibernate: insert into aforo_registros (business_id,fecha_hora,tipo,id) values (?,?,?,default)
Hibernate: insert into aforo_registros (business_id,fecha_hora,tipo,id) values (?,?,?,default)
Hibernate: insert into aforo_registros (business_id,fecha_hora,tipo,id) values (?,?,?,default)
Hibernate: insert into aforo_registros (business_id,fecha_hora,tipo,id) values (?,?,?,default)
Hibernate: insert into aforo_registros (business_id,fecha_hora,tipo,id) values (?,?,?,default)
Hibernate: insert into aforo_registros (business_id,fecha_hora,tipo,id) values (?,?,?,default)
Hibernate: insert into aforo_registros (business_id,fecha_hora,tipo,id) values (?,?,?,default)
Hibernate: insert into aforo_registros (business_id,fecha_hora,tipo,id) values (?,?,?,default)
Hibernate: insert into aforo_registros (business_id,fecha_hora,tipo,id) values (?,?,?,default)
Hibernate: insert into aforo_registros (business_id,fecha_hora,tipo,id) values (?,?,?,default)
Hibernate: insert into aforo_registros (business_id,fecha_hora,tipo,id) values (?,?,?,default)
Hibernate: insert into aforo_registros (business_id,fecha_hora,tipo,id) values (?,?,?,default)
Hibernate: insert into aforo_registros (business_id,fecha_hora,tipo,id) values (?,?,?,default)
Hibernate: insert into aforo_registros (business_id,fecha_hora,tipo,id) values (?,?,?,default)
Hibernate: insert into aforo_registros (business_id,fecha_hora,tipo,id) values (?,?,?,default)
Hibernate: insert into aforo_registros (business_id,fecha_hora,tipo,id) values (?,?,?,default)
Hibernate: insert into aforo_registros (business_id,fecha_hora,tipo,id) values (?,?,?,default)
Hibernate: insert into aforo_registros (business_id,fecha_hora,tipo,id) values (?,?,?,default)
Hibernate: insert into aforo_registros (business_id,fecha_hora,tipo,id) values (?,?,?,default)
Hibernate: insert into aforo_registros (business_id,fecha_hora,tipo,id) values (?,?,?,default)
Hibernate: insert into aforo_registros (business_id,fecha_hora,tipo,id) values (?,?,?,default)
Hibernate: insert into aforo_registros (business_id,fecha_hora,tipo,id) values (?,?,?,default)
Hibernate: insert into aforo_registros (business_id,fecha_hora,tipo,id) values (?,?,?,default)
Hibernate: insert into aforo_registros (business_id,fecha_hora,tipo,id) values (?,?,?,default)
Hibernate: insert into aforo_registros (business_id,fecha_hora,tipo,id) values (?,?,?,default)
Hibernate: insert into aforo_registros (business_id,fecha_hora,tipo,id) values (?,?,?,default)
Hibernate: insert into aforo_registros (business_id,fecha_hora,tipo,id) values (?,?,?,default)
Hibernate: insert into aforo_registros (business_id,fecha_hora,tipo,id) values (?,?,?,default)
Hibernate: insert into aforo_registros (business_id,fecha_hora,tipo,id) values (?,?,?,default)
Hibernate: insert into aforo_registros (business_id,fecha_hora,tipo,id) values (?,?,?,default)
Hibernate: insert into aforo_registros (business_id,fecha_hora,tipo,id) values (?,?,?,default)
Hibernate: insert into aforo_registros (business_id,fecha_hora,tipo,id) values (?,?,?,default)
Hibernate: insert into aforo_registros (business_id,fecha_hora,tipo,id) values (?,?,?,default)
Hibernate: insert into aforo_registros (business_id,fecha_hora,tipo,id) values (?,?,?,default)
Hibernate: insert into aforo_registros (business_id,fecha_hora,tipo,id) values (?,?,?,default)
Hibernate: insert into aforo_registros (business_id,fecha_hora,tipo,id) values (?,?,?,default)
Hibernate: insert into aforo_registros (business_id,fecha_hora,tipo,id) values (?,?,?,default)
Hibernate: insert into aforo_registros (business_id,fecha_hora,tipo,id) values (?,?,?,default)
Hibernate: insert into aforo_registros (business_id,fecha_hora,tipo,id) values (?,?,?,default)
Hibernate: insert into aforo_registros (business_id,fecha_hora,tipo,id) values (?,?,?,default)
Hibernate: insert into aforo_registros (business_id,fecha_hora,tipo,id) values (?,?,?,default)
Hibernate: insert into aforo_registros (business_id,fecha_hora,tipo,id) values (?,?,?,default)
Hibernate: insert into aforo_registros (business_id,fecha_hora,tipo,id) values (?,?,?,default)
Hibernate: insert into aforo_registros (business_id,fecha_hora,tipo,id) values (?,?,?,default)
Hibernate: insert into aforo_registros (business_id,fecha_hora,tipo,id) values (?,?,?,default)
Hibernate: insert into aforo_registros (business_id,fecha_hora,tipo,id) values (?,?,?,default)
Hibernate: insert into aforo_registros (business_id,fecha_hora,tipo,id) values (?,?,?,default)
Hibernate: insert into aforo_registros (business_id,fecha_hora,tipo,id) values (?,?,?,default)
Hibernate: insert into aforo_registros (business_id,fecha_hora,tipo,id) values (?,?,?,default)
Hibernate: insert into aforo_registros (business_id,fecha_hora,tipo,id) values (?,?,?,default)
Hibernate: insert into aforo_registros (business_id,fecha_hora,tipo,id) values (?,?,?,default)
Hibernate: insert into aforo_registros (business_id,fecha_hora,tipo,id) values (?,?,?,default)
Hibernate: insert into aforo_registros (business_id,fecha_hora,tipo,id) values (?,?,?,default)
Hibernate: insert into aforo_registros (business_id,fecha_hora,tipo,id) values (?,?,?,default)
Hibernate: insert into aforo_registros (business_id,fecha_hora,tipo,id) values (?,?,?,default)
Hibernate: insert into aforo_registros (business_id,fecha_hora,tipo,id) values (?,?,?,default)
Hibernate: insert into aforo_registros (business_id,fecha_hora,tipo,id) values (?,?,?,default)
Hibernate: insert into aforo_registros (business_id,fecha_hora,tipo,id) values (?,?,?,default)
Hibernate: insert into aforo_registros (business_id,fecha_hora,tipo,id) values (?,?,?,default)
Hibernate: insert into aforo_registros (business_id,fecha_hora,tipo,id) values (?,?,?,default)
Hibernate: insert into aforo_registros (business_id,fecha_hora,tipo,id) values (?,?,?,default)
Hibernate: insert into aforo_registros (business_id,fecha_hora,tipo,id) values (?,?,?,default)
Hibernate: insert into aforo_registros (business_id,fecha_hora,tipo,id) values (?,?,?,default)
Hibernate: insert into aforo_registros (business_id,fecha_hora,tipo,id) values (?,?,?,default)
Hibernate: insert into aforo_registros (business_id,fecha_hora,tipo,id) values (?,?,?,default)
Hibernate: insert into aforo_registros (business_id,fecha_hora,tipo,id) values (?,?,?,default)
Hibernate: insert into aforo_registros (business_id,fecha_hora,tipo,id) values (?,?,?,default)
Hibernate: insert into aforo_registros (business_id,fecha_hora,tipo,id) values (?,?,?,default)
Hibernate: insert into aforo_registros (business_id,fecha_hora,tipo,id) values (?,?,?,default)
Hibernate: insert into aforo_registros (business_id,fecha_hora,tipo,id) values (?,?,?,default)
Hibernate: insert into aforo_registros (business_id,fecha_hora,tipo,id) values (?,?,?,default)
Hibernate: insert into aforo_registros (business_id,fecha_hora,tipo,id) values (?,?,?,default)
Hibernate: insert into aforo_registros (business_id,fecha_hora,tipo,id) values (?,?,?,default)
Hibernate: insert into aforo_registros (business_id,fecha_hora,tipo,id) values (?,?,?,default)
Hibernate: insert into aforo_registros (business_id,fecha_hora,tipo,id) values (?,?,?,default)
Hibernate: insert into aforo_registros (business_id,fecha_hora,tipo,id) values (?,?,?,default)
Hibernate: insert into aforo_registros (business_id,fecha_hora,tipo,id) values (?,?,?,default)
Hibernate: insert into aforo_registros (business_id,fecha_hora,tipo,id) values (?,?,?,default)
Hibernate: insert into aforo_registros (business_id,fecha_hora,tipo,id) values (?,?,?,default)
Hibernate: insert into aforo_registros (business_id,fecha_hora,tipo,id) values (?,?,?,default)
Hibernate: insert into aforo_registros (business_id,fecha_hora,tipo,id) values (?,?,?,default)
Hibernate: insert into aforo_registros (business_id,fecha_hora,tipo,id) values (?,?,?,default)
Hibernate: insert into aforo_registros (business_id,fecha_hora,tipo,id) values (?,?,?,default)
Hibernate: insert into aforo_registros (business_id,fecha_hora,tipo,id) values (?,?,?,default)
Hibernate: insert into aforo_registros (business_id,fecha_hora,tipo,id) values (?,?,?,default)
Hibernate: insert into aforo_registros (business_id,fecha_hora,tipo,id) values (?,?,?,default)
Hibernate: insert into aforo_registros (business_id,fecha_hora,tipo,id) values (?,?,?,default)
Hibernate: insert into aforo_registros (business_id,fecha_hora,tipo,id) values (?,?,?,default)
Hibernate: insert into aforo_registros (business_id,fecha_hora,tipo,id) values (?,?,?,default)
Hibernate: insert into aforo_registros (business_id,fecha_hora,tipo,id) values (?,?,?,default)
Hibernate: insert into aforo_registros (business_id,fecha_hora,tipo,id) values (?,?,?,default)
Hibernate: insert into aforo_registros (business_id,fecha_hora,tipo,id) values (?,?,?,default)
Hibernate: insert into aforo_registros (business_id,fecha_hora,tipo,id) values (?,?,?,default)
Hibernate: insert into aforo_registros (business_id,fecha_hora,tipo,id) values (?,?,?,default)
Hibernate: insert into aforo_registros (business_id,fecha_hora,tipo,id) values (?,?,?,default)
Hibernate: insert into aforo_registros (business_id,fecha_hora,tipo,id) values (?,?,?,default)
Hibernate: insert into aforo_registros (business_id,fecha_hora,tipo,id) values (?,?,?,default)
Hibernate: insert into aforo_registros (business_id,fecha_hora,tipo,id) values (?,?,?,default)
Hibernate: insert into aforo_registros (business_id,fecha_hora,tipo,id) values (?,?,?,default)
Hibernate: insert into aforo_registros (business_id,fecha_hora,tipo,id) values (?,?,?,default)
Hibernate: insert into aforo_registros (business_id,fecha_hora,tipo,id) values (?,?,?,default)
Hibernate: insert into aforo_registros (business_id,fecha_hora,tipo,id) values (?,?,?,default)
Hibernate: insert into aforo_registros (business_id,fecha_hora,tipo,id) values (?,?,?,default)
Hibernate: insert into aforo_registros (business_id,fecha_hora,tipo,id) values (?,?,?,default)
Hibernate: insert into aforo_registros (business_id,fecha_hora,tipo,id) values (?,?,?,default)
Hibernate: insert into aforo_registros (business_id,fecha_hora,tipo,id) values (?,?,?,default)
Hibernate: insert into aforo_registros (business_id,fecha_hora,tipo,id) values (?,?,?,default)
Hibernate: insert into aforo_registros (business_id,fecha_hora,tipo,id) values (?,?,?,default)
Hibernate: insert into aforo_registros (business_id,fecha_hora,tipo,id) values (?,?,?,default)
Hibernate: insert into aforo_registros (business_id,fecha_hora,tipo,id) values (?,?,?,default)
Hibernate: insert into aforo_registros (business_id,fecha_hora,tipo,id) values (?,?,?,default)
Hibernate: insert into aforo_registros (business_id,fecha_hora,tipo,id) values (?,?,?,default)
Hibernate: insert into aforo_registros (business_id,fecha_hora,tipo,id) values (?,?,?,default)
Hibernate: insert into aforo_registros (business_id,fecha_hora,tipo,id) values (?,?,?,default)
Hibernate: insert into aforo_registros (business_id,fecha_hora,tipo,id) values (?,?,?,default)
Hibernate: insert into aforo_registros (business_id,fecha_hora,tipo,id) values (?,?,?,default)
Hibernate: insert into aforo_registros (business_id,fecha_hora,tipo,id) values (?,?,?,default)
Hibernate: insert into aforo_registros (business_id,fecha_hora,tipo,id) values (?,?,?,default)
Hibernate: insert into aforo_registros (business_id,fecha_hora,tipo,id) values (?,?,?,default)
Hibernate: insert into aforo_registros (business_id,fecha_hora,tipo,id) values (?,?,?,default)
Hibernate: insert into aforo_registros (business_id,fecha_hora,tipo,id) values (?,?,?,default)
Hibernate: insert into aforo_registros (business_id,fecha_hora,tipo,id) values (?,?,?,default)
Hibernate: insert into aforo_registros (business_id,fecha_hora,tipo,id) values (?,?,?,default)
Hibernate: insert into aforo_registros (business_id,fecha_hora,tipo,id) values (?,?,?,default)
Hibernate: insert into aforo_registros (business_id,fecha_hora,tipo,id) values (?,?,?,default)
Hibernate: insert into aforo_registros (business_id,fecha_hora,tipo,id) values (?,?,?,default)
Hibernate: insert into aforo_registros (business_id,fecha_hora,tipo,id) values (?,?,?,default)
Hibernate: insert into aforo_registros (business_id,fecha_hora,tipo,id) values (?,?,?,default)
Hibernate: insert into aforo_registros (business_id,fecha_hora,tipo,id) values (?,?,?,default)
Hibernate: insert into aforo_registros (business_id,fecha_hora,tipo,id) values (?,?,?,default)
Hibernate: insert into aforo_registros (business_id,fecha_hora,tipo,id) values (?,?,?,default)
Hibernate: insert into aforo_registros (business_id,fecha_hora,tipo,id) values (?,?,?,default)
Hibernate: insert into aforo_registros (business_id,fecha_hora,tipo,id) values (?,?,?,default)
Hibernate: insert into aforo_registros (business_id,fecha_hora,tipo,id) values (?,?,?,default)
Hibernate: insert into aforo_registros (business_id,fecha_hora,tipo,id) values (?,?,?,default)
Hibernate: insert into aforo_registros (business_id,fecha_hora,tipo,id) values (?,?,?,default)
Hibernate: insert into aforo_registros (business_id,fecha_hora,tipo,id) values (?,?,?,default)
Hibernate: insert into aforo_registros (business_id,fecha_hora,tipo,id) values (?,?,?,default)
Hibernate: insert into aforo_registros (business_id,fecha_hora,tipo,id) values (?,?,?,default)
Hibernate: insert into aforo_registros (business_id,fecha_hora,tipo,id) values (?,?,?,default)
Hibernate: insert into aforo_registros (business_id,fecha_hora,tipo,id) values (?,?,?,default)
Hibernate: insert into aforo_registros (business_id,fecha_hora,tipo,id) values (?,?,?,default)
Hibernate: insert into aforo_registros (business_id,fecha_hora,tipo,id) values (?,?,?,default)
Hibernate: insert into aforo_registros (business_id,fecha_hora,tipo,id) values (?,?,?,default)
Hibernate: insert into aforo_registros (business_id,fecha_hora,tipo,id) values (?,?,?,default)
Hibernate: insert into aforo_registros (business_id,fecha_hora,tipo,id) values (?,?,?,default)
Hibernate: insert into aforo_registros (business_id,fecha_hora,tipo,id) values (?,?,?,default)
Hibernate: insert into aforo_registros (business_id,fecha_hora,tipo,id) values (?,?,?,default)
Hibernate: insert into aforo_registros (business_id,fecha_hora,tipo,id) values (?,?,?,default)
Hibernate: insert into aforo_registros (business_id,fecha_hora,tipo,id) values (?,?,?,default)
Hibernate: insert into aforo_registros (business_id,fecha_hora,tipo,id) values (?,?,?,default)
Hibernate: insert into aforo_registros (business_id,fecha_hora,tipo,id) values (?,?,?,default)
Hibernate: insert into aforo_registros (business_id,fecha_hora,tipo,id) values (?,?,?,default)
Hibernate: insert into aforo_registros (business_id,fecha_hora,tipo,id) values (?,?,?,default)
Hibernate: insert into aforo_registros (business_id,fecha_hora,tipo,id) values (?,?,?,default)
Hibernate: insert into aforo_registros (business_id,fecha_hora,tipo,id) values (?,?,?,default)
Hibernate: insert into aforo_registros (business_id,fecha_hora,tipo,id) values (?,?,?,default)
Hibernate: insert into aforo_registros (business_id,fecha_hora,tipo,id) values (?,?,?,default)
Hibernate: insert into aforo_registros (business_id,fecha_hora,tipo,id) values (?,?,?,default)
Hibernate: insert into aforo_registros (business_id,fecha_hora,tipo,id) values (?,?,?,default)
Hibernate: insert into aforo_registros (business_id,fecha_hora,tipo,id) values (?,?,?,default)
Hibernate: insert into aforo_registros (business_id,fecha_hora,tipo,id) values (?,?,?,default)
Hibernate: insert into aforo_registros (business_id,fecha_hora,tipo,id) values (?,?,?,default)
Hibernate: insert into aforo_registros (business_id,fecha_hora,tipo,id) values (?,?,?,default)
Hibernate: insert into aforo_registros (business_id,fecha_hora,tipo,id) values (?,?,?,default)
Hibernate: insert into aforo_registros (business_id,fecha_hora,tipo,id) values (?,?,?,default)
Hibernate: insert into aforo_registros (business_id,fecha_hora,tipo,id) values (?,?,?,default)
Hibernate: insert into aforo_registros (business_id,fecha_hora,tipo,id) values (?,?,?,default)
Hibernate: insert into aforo_registros (business_id,fecha_hora,tipo,id) values (?,?,?,default)
Hibernate: insert into aforo_registros (business_id,fecha_hora,tipo,id) values (?,?,?,default)
Hibernate: insert into aforo_registros (business_id,fecha_hora,tipo,id) values (?,?,?,default)
Hibernate: insert into aforo_registros (business_id,fecha_hora,tipo,id) values (?,?,?,default)
Hibernate: insert into aforo_registros (business_id,fecha_hora,tipo,id) values (?,?,?,default)
Hibernate: insert into aforo_registros (business_id,fecha_hora,tipo,id) values (?,?,?,default)
Hibernate: insert into aforo_registros (business_id,fecha_hora,tipo,id) values (?,?,?,default)
Hibernate: insert into aforo_registros (business_id,fecha_hora,tipo,id) values (?,?,?,default)
Hibernate: insert into aforo_registros (business_id,fecha_hora,tipo,id) values (?,?,?,default)
Hibernate: insert into aforo_registros (business_id,fecha_hora,tipo,id) values (?,?,?,default)
Hibernate: insert into aforo_registros (business_id,fecha_hora,tipo,id) values (?,?,?,default)
Hibernate: insert into aforo_registros (business_id,fecha_hora,tipo,id) values (?,?,?,default)
Hibernate: insert into aforo_registros (business_id,fecha_hora,tipo,id) values (?,?,?,default)
Hibernate: insert into aforo_registros (business_id,fecha_hora,tipo,id) values (?,?,?,default)
Hibernate: insert into aforo_registros (business_id,fecha_hora,tipo,id) values (?,?,?,default)
Hibernate: insert into aforo_registros (business_id,fecha_hora,tipo,id) values (?,?,?,default)
Hibernate: insert into aforo_registros (business_id,fecha_hora,tipo,id) values (?,?,?,default)
Hibernate: insert into aforo_registros (business_id,fecha_hora,tipo,id) values (?,?,?,default)
Hibernate: insert into aforo_registros (business_id,fecha_hora,tipo,id) values (?,?,?,default)
Hibernate: insert into aforo_registros (business_id,fecha_hora,tipo,id) values (?,?,?,default)
Hibernate: insert into aforo_registros (business_id,fecha_hora,tipo,id) values (?,?,?,default)
Hibernate: insert into aforo_registros (business_id,fecha_hora,tipo,id) values (?,?,?,default)
Hibernate: insert into aforo_registros (business_id,fecha_hora,tipo,id) values (?,?,?,default)
Hibernate: insert into aforo_registros (business_id,fecha_hora,tipo,id) values (?,?,?,default)
Hibernate: insert into aforo_registros (business_id,fecha_hora,tipo,id) values (?,?,?,default)
Hibernate: insert into aforo_registros (business_id,fecha_hora,tipo,id) values (?,?,?,default)
Hibernate: insert into aforo_registros (business_id,fecha_hora,tipo,id) values (?,?,?,default)
Hibernate: insert into aforo_registros (business_id,fecha_hora,tipo,id) values (?,?,?,default)
Hibernate: insert into aforo_registros (business_id,fecha_hora,tipo,id) values (?,?,?,default)
Hibernate: insert into aforo_registros (business_id,fecha_hora,tipo,id) values (?,?,?,default)
Hibernate: insert into aforo_registros (business_id,fecha_hora,tipo,id) values (?,?,?,default)
Hibernate: insert into aforo_registros (business_id,fecha_hora,tipo,id) values (?,?,?,default)
Hibernate: insert into aforo_registros (business_id,fecha_hora,tipo,id) values (?,?,?,default)
Hibernate: insert into aforo_registros (business_id,fecha_hora,tipo,id) values (?,?,?,default)
Hibernate: insert into aforo_registros (business_id,fecha_hora,tipo,id) values (?,?,?,default)
Hibernate: insert into aforo_registros (business_id,fecha_hora,tipo,id) values (?,?,?,default)
Hibernate: insert into aforo_registros (business_id,fecha_hora,tipo,id) values (?,?,?,default)
Hibernate: insert into aforo_registros (business_id,fecha_hora,tipo,id) values (?,?,?,default)
Hibernate: insert into aforo_registros (business_id,fecha_hora,tipo,id) values (?,?,?,default)
Hibernate: insert into aforo_registros (business_id,fecha_hora,tipo,id) values (?,?,?,default)
Hibernate: insert into aforo_registros (business_id,fecha_hora,tipo,id) values (?,?,?,default)
Hibernate: insert into aforo_registros (business_id,fecha_hora,tipo,id) values (?,?,?,default)
Hibernate: insert into aforo_registros (business_id,fecha_hora,tipo,id) values (?,?,?,default)
Hibernate: insert into aforo_registros (business_id,fecha_hora,tipo,id) values (?,?,?,default)
Hibernate: insert into aforo_registros (business_id,fecha_hora,tipo,id) values (?,?,?,default)
Hibernate: insert into aforo_registros (business_id,fecha_hora,tipo,id) values (?,?,?,default)
Hibernate: insert into aforo_registros (business_id,fecha_hora,tipo,id) values (?,?,?,default)
Hibernate: insert into aforo_registros (business_id,fecha_hora,tipo,id) values (?,?,?,default)
Hibernate: insert into aforo_registros (business_id,fecha_hora,tipo,id) values (?,?,?,default)
Hibernate: insert into aforo_registros (business_id,fecha_hora,tipo,id) values (?,?,?,default)
Hibernate: insert into aforo_registros (business_id,fecha_hora,tipo,id) values (?,?,?,default)
Hibernate: insert into aforo_registros (business_id,fecha_hora,tipo,id) values (?,?,?,default)
Hibernate: insert into aforo_registros (business_id,fecha_hora,tipo,id) values (?,?,?,default)
Hibernate: insert into aforo_registros (business_id,fecha_hora,tipo,id) values (?,?,?,default)
Hibernate: insert into aforo_registros (business_id,fecha_hora,tipo,id) values (?,?,?,default)
Hibernate: insert into aforo_registros (business_id,fecha_hora,tipo,id) values (?,?,?,default)
Hibernate: insert into aforo_registros (business_id,fecha_hora,tipo,id) values (?,?,?,default)
Hibernate: insert into aforo_registros (business_id,fecha_hora,tipo,id) values (?,?,?,default)
Hibernate: insert into aforo_registros (business_id,fecha_hora,tipo,id) values (?,?,?,default)
Hibernate: insert into aforo_registros (business_id,fecha_hora,tipo,id) values (?,?,?,default)
Hibernate: insert into aforo_registros (business_id,fecha_hora,tipo,id) values (?,?,?,default)
Hibernate: insert into aforo_registros (business_id,fecha_hora,tipo,id) values (?,?,?,default)
Hibernate: insert into aforo_registros (business_id,fecha_hora,tipo,id) values (?,?,?,default)
Hibernate: insert into aforo_registros (business_id,fecha_hora,tipo,id) values (?,?,?,default)
Hibernate: insert into aforo_registros (business_id,fecha_hora,tipo,id) values (?,?,?,default)
Hibernate: insert into aforo_registros (business_id,fecha_hora,tipo,id) values (?,?,?,default)
Hibernate: insert into aforo_registros (business_id,fecha_hora,tipo,id) values (?,?,?,default)
Hibernate: insert into aforo_registros (business_id,fecha_hora,tipo,id) values (?,?,?,default)
Hibernate: insert into aforo_registros (business_id,fecha_hora,tipo,id) values (?,?,?,default)
Hibernate: insert into aforo_registros (business_id,fecha_hora,tipo,id) values (?,?,?,default)
Hibernate: insert into aforo_registros (business_id,fecha_hora,tipo,id) values (?,?,?,default)
Hibernate: insert into aforo_registros (business_id,fecha_hora,tipo,id) values (?,?,?,default)
Hibernate: insert into aforo_registros (business_id,fecha_hora,tipo,id) values (?,?,?,default)
Hibernate: insert into aforo_registros (business_id,fecha_hora,tipo,id) values (?,?,?,default)
Hibernate: insert into aforo_registros (business_id,fecha_hora,tipo,id) values (?,?,?,default)
Hibernate: insert into aforo_registros (business_id,fecha_hora,tipo,id) values (?,?,?,default)
Hibernate: insert into aforo_registros (business_id,fecha_hora,tipo,id) values (?,?,?,default)
Hibernate: insert into aforo_registros (business_id,fecha_hora,tipo,id) values (?,?,?,default)
Hibernate: insert into aforo_registros (business_id,fecha_hora,tipo,id) values (?,?,?,default)
Hibernate: insert into aforo_registros (business_id,fecha_hora,tipo,id) values (?,?,?,default)
Hibernate: insert into aforo_registros (business_id,fecha_hora,tipo,id) values (?,?,?,default)
Hibernate: insert into aforo_registros (business_id,fecha_hora,tipo,id) values (?,?,?,default)
Hibernate: insert into aforo_registros (business_id,fecha_hora,tipo,id) values (?,?,?,default)
Hibernate: insert into aforo_registros (business_id,fecha_hora,tipo,id) values (?,?,?,default)
Hibernate: insert into aforo_registros (business_id,fecha_hora,tipo,id) values (?,?,?,default)
Hibernate: insert into aforo_registros (business_id,fecha_hora,tipo,id) values (?,?,?,default)
Hibernate: insert into aforo_registros (business_id,fecha_hora,tipo,id) values (?,?,?,default)
Hibernate: insert into aforo_registros (business_id,fecha_hora,tipo,id) values (?,?,?,default)
Hibernate: insert into aforo_registros (business_id,fecha_hora,tipo,id) values (?,?,?,default)
Hibernate: insert into aforo_registros (business_id,fecha_hora,tipo,id) values (?,?,?,default)
Hibernate: insert into aforo_registros (business_id,fecha_hora,tipo,id) values (?,?,?,default)
Hibernate: insert into aforo_registros (business_id,fecha_hora,tipo,id) values (?,?,?,default)
Hibernate: insert into aforo_registros (business_id,fecha_hora,tipo,id) values (?,?,?,default)
Hibernate: insert into aforo_registros (business_id,fecha_hora,tipo,id) values (?,?,?,default)
Hibernate: insert into aforo_registros (business_id,fecha_hora,tipo,id) values (?,?,?,default)
Hibernate: insert into aforo_registros (business_id,fecha_hora,tipo,id) values (?,?,?,default)
Hibernate: insert into aforo_registros (business_id,fecha_hora,tipo,id) values (?,?,?,default)
Hibernate: insert into aforo_registros (business_id,fecha_hora,tipo,id) values (?,?,?,default)
Hibernate: insert into aforo_registros (business_id,fecha_hora,tipo,id) values (?,?,?,default)
Hibernate: insert into aforo_registros (business_id,fecha_hora,tipo,id) values (?,?,?,default)
Hibernate: insert into aforo_registros (business_id,fecha_hora,tipo,id) values (?,?,?,default)
Hibernate: insert into aforo_registros (business_id,fecha_hora,tipo,id) values (?,?,?,default)
Hibernate: insert into aforo_registros (business_id,fecha_hora,tipo,id) values (?,?,?,default)
Hibernate: insert into aforo_registros (business_id,fecha_hora,tipo,id) values (?,?,?,default)
Hibernate: insert into aforo_registros (business_id,fecha_hora,tipo,id) values (?,?,?,default)
Hibernate: insert into aforo_registros (business_id,fecha_hora,tipo,id) values (?,?,?,default)
Hibernate: insert into aforo_registros (business_id,fecha_hora,tipo,id) values (?,?,?,default)
Hibernate: insert into aforo_registros (business_id,fecha_hora,tipo,id) values (?,?,?,default)
Hibernate: insert into aforo_registros (business_id,fecha_hora,tipo,id) values (?,?,?,default)
Hibernate: insert into aforo_registros (business_id,fecha_hora,tipo,id) values (?,?,?,default)
Hibernate: insert into aforo_registros (business_id,fecha_hora,tipo,id) values (?,?,?,default)
Hibernate: insert into aforo_registros (business_id,fecha_hora,tipo,id) values (?,?,?,default)
Hibernate: insert into aforo_registros (business_id,fecha_hora,tipo,id) values (?,?,?,default)
Hibernate: insert into aforo_registros (business_id,fecha_hora,tipo,id) values (?,?,?,default)
Hibernate: insert into aforo_registros (business_id,fecha_hora,tipo,id) values (?,?,?,default)
Hibernate: insert into aforo_registros (business_id,fecha_hora,tipo,id) values (?,?,?,default)
Hibernate: insert into aforo_registros (business_id,fecha_hora,tipo,id) values (?,?,?,default)
Hibernate: insert into aforo_registros (business_id,fecha_hora,tipo,id) values (?,?,?,default)
Hibernate: insert into aforo_registros (business_id,fecha_hora,tipo,id) values (?,?,?,default)
Hibernate: insert into aforo_registros (business_id,fecha_hora,tipo,id) values (?,?,?,default)
Hibernate: insert into aforo_registros (business_id,fecha_hora,tipo,id) values (?,?,?,default)
Hibernate: insert into aforo_registros (business_id,fecha_hora,tipo,id) values (?,?,?,default)
Hibernate: insert into aforo_registros (business_id,fecha_hora,tipo,id) values (?,?,?,default)
Hibernate: insert into aforo_registros (business_id,fecha_hora,tipo,id) values (?,?,?,default)
Hibernate: insert into aforo_registros (business_id,fecha_hora,tipo,id) values (?,?,?,default)
Hibernate: insert into aforo_registros (business_id,fecha_hora,tipo,id) values (?,?,?,default)
Hibernate: insert into aforo_registros (business_id,fecha_hora,tipo,id) values (?,?,?,default)
Hibernate: insert into aforo_registros (business_id,fecha_hora,tipo,id) values (?,?,?,default)
Hibernate: insert into aforo_registros (business_id,fecha_hora,tipo,id) values (?,?,?,default)
Hibernate: insert into aforo_registros (business_id,fecha_hora,tipo,id) values (?,?,?,default)
Hibernate: insert into aforo_registros (business_id,fecha_hora,tipo,id) values (?,?,?,default)
Hibernate: insert into aforo_registros (business_id,fecha_hora,tipo,id) values (?,?,?,default)
Hibernate: insert into aforo_registros (business_id,fecha_hora,tipo,id) values (?,?,?,default)
Hibernate: insert into aforo_registros (business_id,fecha_hora,tipo,id) values (?,?,?,default)
Hibernate: insert into aforo_registros (business_id,fecha_hora,tipo,id) values (?,?,?,default)
Hibernate: insert into aforo_registros (business_id,fecha_hora,tipo,id) values (?,?,?,default)
Hibernate: insert into aforo_registros (business_id,fecha_hora,tipo,id) values (?,?,?,default)
Hibernate: insert into aforo_registros (business_id,fecha_hora,tipo,id) values (?,?,?,default)
Hibernate: insert into aforo_registros (business_id,fecha_hora,tipo,id) values (?,?,?,default)
Hibernate: insert into aforo_registros (business_id,fecha_hora,tipo,id) values (?,?,?,default)
Hibernate: insert into aforo_registros (business_id,fecha_hora,tipo,id) values (?,?,?,default)
Hibernate: insert into aforo_registros (business_id,fecha_hora,tipo,id) values (?,?,?,default)
Hibernate: insert into aforo_registros (business_id,fecha_hora,tipo,id) values (?,?,?,default)
Hibernate: insert into aforo_registros (business_id,fecha_hora,tipo,id) values (?,?,?,default)
Hibernate: insert into aforo_registros (business_id,fecha_hora,tipo,id) values (?,?,?,default)
Hibernate: insert into aforo_registros (business_id,fecha_hora,tipo,id) values (?,?,?,default)
Hibernate: insert into aforo_registros (business_id,fecha_hora,tipo,id) values (?,?,?,default)
Hibernate: insert into aforo_registros (business_id,fecha_hora,tipo,id) values (?,?,?,default)
Hibernate: insert into aforo_registros (business_id,fecha_hora,tipo,id) values (?,?,?,default)
Hibernate: insert into aforo_registros (business_id,fecha_hora,tipo,id) values (?,?,?,default)
Hibernate: insert into aforo_registros (business_id,fecha_hora,tipo,id) values (?,?,?,default)
Hibernate: insert into aforo_registros (business_id,fecha_hora,tipo,id) values (?,?,?,default)
Hibernate: insert into aforo_registros (business_id,fecha_hora,tipo,id) values (?,?,?,default)
Hibernate: insert into aforo_registros (business_id,fecha_hora,tipo,id) values (?,?,?,default)
Hibernate: insert into aforo_registros (business_id,fecha_hora,tipo,id) values (?,?,?,default)
Hibernate: insert into aforo_registros (business_id,fecha_hora,tipo,id) values (?,?,?,default)
Hibernate: insert into aforo_registros (business_id,fecha_hora,tipo,id) values (?,?,?,default)
Hibernate: insert into aforo_registros (business_id,fecha_hora,tipo,id) values (?,?,?,default)
Hibernate: insert into aforo_registros (business_id,fecha_hora,tipo,id) values (?,?,?,default)
Hibernate: insert into aforo_registros (business_id,fecha_hora,tipo,id) values (?,?,?,default)
Hibernate: insert into aforo_registros (business_id,fecha_hora,tipo,id) values (?,?,?,default)
Hibernate: insert into aforo_registros (business_id,fecha_hora,tipo,id) values (?,?,?,default)
Hibernate: insert into aforo_registros (business_id,fecha_hora,tipo,id) values (?,?,?,default)
Hibernate: insert into aforo_registros (business_id,fecha_hora,tipo,id) values (?,?,?,default)
Hibernate: insert into aforo_registros (business_id,fecha_hora,tipo,id) values (?,?,?,default)
Hibernate: insert into aforo_registros (business_id,fecha_hora,tipo,id) values (?,?,?,default)
Hibernate: insert into aforo_registros (business_id,fecha_hora,tipo,id) values (?,?,?,default)
Hibernate: insert into aforo_registros (business_id,fecha_hora,tipo,id) values (?,?,?,default)
Hibernate: insert into aforo_registros (business_id,fecha_hora,tipo,id) values (?,?,?,default)
Hibernate: insert into aforo_registros (business_id,fecha_hora,tipo,id) values (?,?,?,default)
Hibernate: insert into aforo_registros (business_id,fecha_hora,tipo,id) values (?,?,?,default)
Hibernate: insert into aforo_registros (business_id,fecha_hora,tipo,id) values (?,?,?,default)
Hibernate: insert into aforo_registros (business_id,fecha_hora,tipo,id) values (?,?,?,default)
Hibernate: insert into aforo_registros (business_id,fecha_hora,tipo,id) values (?,?,?,default)
Hibernate: insert into aforo_registros (business_id,fecha_hora,tipo,id) values (?,?,?,default)
Hibernate: insert into aforo_registros (business_id,fecha_hora,tipo,id) values (?,?,?,default)
Hibernate: insert into aforo_registros (business_id,fecha_hora,tipo,id) values (?,?,?,default)
Hibernate: insert into aforo_registros (business_id,fecha_hora,tipo,id) values (?,?,?,default)
Hibernate: insert into aforo_registros (business_id,fecha_hora,tipo,id) values (?,?,?,default)
Hibernate: insert into aforo_registros (business_id,fecha_hora,tipo,id) values (?,?,?,default)
Hibernate: insert into aforo_registros (business_id,fecha_hora,tipo,id) values (?,?,?,default)
Hibernate: insert into aforo_registros (business_id,fecha_hora,tipo,id) values (?,?,?,default)
Hibernate: insert into aforo_registros (business_id,fecha_hora,tipo,id) values (?,?,?,default)
Hibernate: insert into aforo_registros (business_id,fecha_hora,tipo,id) values (?,?,?,default)
Hibernate: insert into aforo_registros (business_id,fecha_hora,tipo,id) values (?,?,?,default)
Hibernate: insert into aforo_registros (business_id,fecha_hora,tipo,id) values (?,?,?,default)
Hibernate: insert into aforo_registros (business_id,fecha_hora,tipo,id) values (?,?,?,default)
Hibernate: insert into aforo_registros (business_id,fecha_hora,tipo,id) values (?,?,?,default)
Hibernate: insert into aforo_registros (business_id,fecha_hora,tipo,id) values (?,?,?,default)
Hibernate: insert into aforo_registros (business_id,fecha_hora,tipo,id) values (?,?,?,default)
Hibernate: insert into aforo_registros (business_id,fecha_hora,tipo,id) values (?,?,?,default)
Hibernate: insert into aforo_registros (business_id,fecha_hora,tipo,id) values (?,?,?,default)
Hibernate: insert into aforo_registros (business_id,fecha_hora,tipo,id) values (?,?,?,default)
Hibernate: insert into aforo_registros (business_id,fecha_hora,tipo,id) values (?,?,?,default)
Hibernate: insert into aforo_registros (business_id,fecha_hora,tipo,id) values (?,?,?,default)
Hibernate: insert into aforo_registros (business_id,fecha_hora,tipo,id) values (?,?,?,default)
Hibernate: insert into aforo_registros (business_id,fecha_hora,tipo,id) values (?,?,?,default)
Hibernate: insert into aforo_registros (business_id,fecha_hora,tipo,id) values (?,?,?,default)
Hibernate: insert into aforo_registros (business_id,fecha_hora,tipo,id) values (?,?,?,default)
Hibernate: insert into aforo_registros (business_id,fecha_hora,tipo,id) values (?,?,?,default)
Hibernate: insert into aforo_registros (business_id,fecha_hora,tipo,id) values (?,?,?,default)
Hibernate: insert into aforo_registros (business_id,fecha_hora,tipo,id) values (?,?,?,default)
Hibernate: insert into aforo_registros (business_id,fecha_hora,tipo,id) values (?,?,?,default)
Hibernate: insert into aforo_registros (business_id,fecha_hora,tipo,id) values (?,?,?,default)
Hibernate: insert into aforo_registros (business_id,fecha_hora,tipo,id) values (?,?,?,default)
Hibernate: insert into aforo_registros (business_id,fecha_hora,tipo,id) values (?,?,?,default)
Hibernate: insert into aforo_registros (business_id,fecha_hora,tipo,id) values (?,?,?,default)
Hibernate: insert into aforo_registros (business_id,fecha_hora,tipo,id) values (?,?,?,default)
Hibernate: insert into aforo_registros (business_id,fecha_hora,tipo,id) values (?,?,?,default)
Hibernate: insert into aforo_registros (business_id,fecha_hora,tipo,id) values (?,?,?,default)
Hibernate: insert into aforo_registros (business_id,fecha_hora,tipo,id) values (?,?,?,default)
Hibernate: insert into aforo_registros (business_id,fecha_hora,tipo,id) values (?,?,?,default)
Hibernate: insert into aforo_registros (business_id,fecha_hora,tipo,id) values (?,?,?,default)
Hibernate: insert into aforo_registros (business_id,fecha_hora,tipo,id) values (?,?,?,default)
Hibernate: insert into aforo_registros (business_id,fecha_hora,tipo,id) values (?,?,?,default)
Hibernate: insert into aforo_registros (business_id,fecha_hora,tipo,id) values (?,?,?,default)
Hibernate: insert into aforo_registros (business_id,fecha_hora,tipo,id) values (?,?,?,default)
Hibernate: insert into aforo_registros (business_id,fecha_hora,tipo,id) values (?,?,?,default)
Hibernate: insert into aforo_registros (business_id,fecha_hora,tipo,id) values (?,?,?,default)
Hibernate: insert into aforo_registros (business_id,fecha_hora,tipo,id) values (?,?,?,default)
Hibernate: insert into aforo_registros (business_id,fecha_hora,tipo,id) values (?,?,?,default)
Hibernate: insert into aforo_registros (business_id,fecha_hora,tipo,id) values (?,?,?,default)
Hibernate: insert into aforo_registros (business_id,fecha_hora,tipo,id) values (?,?,?,default)
Hibernate: insert into aforo_registros (business_id,fecha_hora,tipo,id) values (?,?,?,default)
Hibernate: insert into aforo_registros (business_id,fecha_hora,tipo,id) values (?,?,?,default)
Hibernate: insert into aforo_registros (business_id,fecha_hora,tipo,id) values (?,?,?,default)
Hibernate: insert into aforo_registros (business_id,fecha_hora,tipo,id) values (?,?,?,default)
Hibernate: insert into aforo_registros (business_id,fecha_hora,tipo,id) values (?,?,?,default)
Hibernate: insert into aforo_registros (business_id,fecha_hora,tipo,id) values (?,?,?,default)
Hibernate: insert into aforo_registros (business_id,fecha_hora,tipo,id) values (?,?,?,default)
Hibernate: insert into aforo_registros (business_id,fecha_hora,tipo,id) values (?,?,?,default)
Hibernate: insert into aforo_registros (business_id,fecha_hora,tipo,id) values (?,?,?,default)
Hibernate: insert into aforo_registros (business_id,fecha_hora,tipo,id) values (?,?,?,default)
Hibernate: insert into aforo_registros (business_id,fecha_hora,tipo,id) values (?,?,?,default)
Hibernate: insert into aforo_registros (business_id,fecha_hora,tipo,id) values (?,?,?,default)
Hibernate: insert into aforo_registros (business_id,fecha_hora,tipo,id) values (?,?,?,default)
Hibernate: insert into aforo_registros (business_id,fecha_hora,tipo,id) values (?,?,?,default)
Hibernate: insert into aforo_registros (business_id,fecha_hora,tipo,id) values (?,?,?,default)
Hibernate: insert into aforo_registros (business_id,fecha_hora,tipo,id) values (?,?,?,default)
Hibernate: insert into aforo_registros (business_id,fecha_hora,tipo,id) values (?,?,?,default)
Hibernate: insert into aforo_registros (business_id,fecha_hora,tipo,id) values (?,?,?,default)
Hibernate: insert into aforo_registros (business_id,fecha_hora,tipo,id) values (?,?,?,default)
Hibernate: insert into aforo_registros (business_id,fecha_hora,tipo,id) values (?,?,?,default)
Hibernate: insert into aforo_registros (business_id,fecha_hora,tipo,id) values (?,?,?,default)
Hibernate: insert into aforo_registros (business_id,fecha_hora,tipo,id) values (?,?,?,default)
Hibernate: insert into aforo_registros (business_id,fecha_hora,tipo,id) values (?,?,?,default)
Hibernate: insert into aforo_registros (business_id,fecha_hora,tipo,id) values (?,?,?,default)
Hibernate: insert into aforo_registros (business_id,fecha_hora,tipo,id) values (?,?,?,default)
Hibernate: insert into aforo_registros (business_id,fecha_hora,tipo,id) values (?,?,?,default)
Hibernate: insert into aforo_registros (business_id,fecha_hora,tipo,id) values (?,?,?,default)
Hibernate: insert into aforo_registros (business_id,fecha_hora,tipo,id) values (?,?,?,default)
Hibernate: insert into aforo_registros (business_id,fecha_hora,tipo,id) values (?,?,?,default)
Hibernate: insert into aforo_registros (business_id,fecha_hora,tipo,id) values (?,?,?,default)
Hibernate: insert into aforo_registros (business_id,fecha_hora,tipo,id) values (?,?,?,default)
Hibernate: insert into aforo_registros (business_id,fecha_hora,tipo,id) values (?,?,?,default)
Hibernate: insert into aforo_registros (business_id,fecha_hora,tipo,id) values (?,?,?,default)
Hibernate: insert into aforo_registros (business_id,fecha_hora,tipo,id) values (?,?,?,default)
Hibernate: insert into aforo_registros (business_id,fecha_hora,tipo,id) values (?,?,?,default)
Hibernate: insert into aforo_registros (business_id,fecha_hora,tipo,id) values (?,?,?,default)
Hibernate: insert into aforo_registros (business_id,fecha_hora,tipo,id) values (?,?,?,default)
Hibernate: insert into aforo_registros (business_id,fecha_hora,tipo,id) values (?,?,?,default)
Hibernate: insert into aforo_registros (business_id,fecha_hora,tipo,id) values (?,?,?,default)
Hibernate: insert into aforo_registros (business_id,fecha_hora,tipo,id) values (?,?,?,default)
Hibernate: insert into aforo_registros (business_id,fecha_hora,tipo,id) values (?,?,?,default)
Hibernate: insert into aforo_registros (business_id,fecha_hora,tipo,id) values (?,?,?,default)
Hibernate: insert into aforo_registros (business_id,fecha_hora,tipo,id) values (?,?,?,default)
Hibernate: insert into aforo_registros (business_id,fecha_hora,tipo,id) values (?,?,?,default)
Hibernate: insert into aforo_registros (business_id,fecha_hora,tipo,id) values (?,?,?,default)
Hibernate: insert into aforo_registros (business_id,fecha_hora,tipo,id) values (?,?,?,default)
Hibernate: insert into aforo_registros (business_id,fecha_hora,tipo,id) values (?,?,?,default)
Hibernate: insert into aforo_registros (business_id,fecha_hora,tipo,id) values (?,?,?,default)
Hibernate: insert into aforo_registros (business_id,fecha_hora,tipo,id) values (?,?,?,default)
Hibernate: insert into aforo_registros (business_id,fecha_hora,tipo,id) values (?,?,?,default)
Hibernate: insert into aforo_registros (business_id,fecha_hora,tipo,id) values (?,?,?,default)
Hibernate: insert into aforo_registros (business_id,fecha_hora,tipo,id) values (?,?,?,default)
Hibernate: insert into aforo_registros (business_id,fecha_hora,tipo,id) values (?,?,?,default)
Hibernate: insert into aforo_registros (business_id,fecha_hora,tipo,id) values (?,?,?,default)
Hibernate: insert into aforo_registros (business_id,fecha_hora,tipo,id) values (?,?,?,default)
Hibernate: insert into aforo_registros (business_id,fecha_hora,tipo,id) values (?,?,?,default)
Hibernate: insert into aforo_registros (business_id,fecha_hora,tipo,id) values (?,?,?,default)
Hibernate: insert into aforo_registros (business_id,fecha_hora,tipo,id) values (?,?,?,default)
Hibernate: insert into aforo_registros (business_id,fecha_hora,tipo,id) values (?,?,?,default)
Hibernate: insert into aforo_registros (business_id,fecha_hora,tipo,id) values (?,?,?,default)
Hibernate: insert into aforo_registros (business_id,fecha_hora,tipo,id) values (?,?,?,default)
Hibernate: insert into aforo_registros (business_id,fecha_hora,tipo,id) values (?,?,?,default)
Hibernate: insert into aforo_registros (business_id,fecha_hora,tipo,id) values (?,?,?,default)
Hibernate: insert into aforo_registros (business_id,fecha_hora,tipo,id) values (?,?,?,default)
Hibernate: insert into aforo_registros (business_id,fecha_hora,tipo,id) values (?,?,?,default)
Hibernate: insert into aforo_registros (business_id,fecha_hora,tipo,id) values (?,?,?,default)
Hibernate: insert into aforo_registros (business_id,fecha_hora,tipo,id) values (?,?,?,default)
Hibernate: insert into aforo_registros (business_id,fecha_hora,tipo,id) values (?,?,?,default)
Hibernate: insert into aforo_registros (business_id,fecha_hora,tipo,id) values (?,?,?,default)
Hibernate: insert into aforo_registros (business_id,fecha_hora,tipo,id) values (?,?,?,default)
Hibernate: insert into aforo_registros (business_id,fecha_hora,tipo,id) values (?,?,?,default)
Hibernate: insert into aforo_registros (business_id,fecha_hora,tipo,id) values (?,?,?,default)
Hibernate: insert into aforo_registros (business_id,fecha_hora,tipo,id) values (?,?,?,default)
Hibernate: insert into aforo_registros (business_id,fecha_hora,tipo,id) values (?,?,?,default)
Hibernate: insert into aforo_registros (business_id,fecha_hora,tipo,id) values (?,?,?,default)
Hibernate: insert into aforo_registros (business_id,fecha_hora,tipo,id) values (?,?,?,default)
Hibernate: insert into aforo_registros (business_id,fecha_hora,tipo,id) values (?,?,?,default)
Hibernate: insert into aforo_registros (business_id,fecha_hora,tipo,id) values (?,?,?,default)
Hibernate: insert into aforo_registros (business_id,fecha_hora,tipo,id) values (?,?,?,default)
Hibernate: insert into aforo_registros (business_id,fecha_hora,tipo,id) values (?,?,?,default)
Hibernate: insert into aforo_registros (business_id,fecha_hora,tipo,id) values (?,?,?,default)
Hibernate: insert into aforo_registros (business_id,fecha_hora,tipo,id) values (?,?,?,default)
Hibernate: insert into aforo_registros (business_id,fecha_hora,tipo,id) values (?,?,?,default)
Hibernate: insert into aforo_registros (business_id,fecha_hora,tipo,id) values (?,?,?,default)
Hibernate: insert into aforo_registros (business_id,fecha_hora,tipo,id) values (?,?,?,default)
Hibernate: insert into aforo_registros (business_id,fecha_hora,tipo,id) values (?,?,?,default)
Hibernate: insert into aforo_registros (business_id,fecha_hora,tipo,id) values (?,?,?,default)
Hibernate: insert into aforo_registros (business_id,fecha_hora,tipo,id) values (?,?,?,default)
Hibernate: insert into aforo_registros (business_id,fecha_hora,tipo,id) values (?,?,?,default)
Hibernate: insert into aforo_registros (business_id,fecha_hora,tipo,id) values (?,?,?,default)
Hibernate: insert into aforo_registros (business_id,fecha_hora,tipo,id) values (?,?,?,default)
Hibernate: insert into aforo_registros (business_id,fecha_hora,tipo,id) values (?,?,?,default)
Hibernate: insert into aforo_registros (business_id,fecha_hora,tipo,id) values (?,?,?,default)
Hibernate: insert into aforo_registros (business_id,fecha_hora,tipo,id) values (?,?,?,default)
Hibernate: insert into aforo_registros (business_id,fecha_hora,tipo,id) values (?,?,?,default)
Hibernate: insert into aforo_registros (business_id,fecha_hora,tipo,id) values (?,?,?,default)
Hibernate: insert into aforo_registros (business_id,fecha_hora,tipo,id) values (?,?,?,default)
Hibernate: insert into aforo_registros (business_id,fecha_hora,tipo,id) values (?,?,?,default)
Hibernate: insert into aforo_registros (business_id,fecha_hora,tipo,id) values (?,?,?,default)
Hibernate: insert into aforo_registros (business_id,fecha_hora,tipo,id) values (?,?,?,default)
Hibernate: insert into aforo_registros (business_id,fecha_hora,tipo,id) values (?,?,?,default)
Hibernate: insert into aforo_registros (business_id,fecha_hora,tipo,id) values (?,?,?,default)
Hibernate: insert into aforo_registros (business_id,fecha_hora,tipo,id) values (?,?,?,default)
Hibernate: insert into aforo_registros (business_id,fecha_hora,tipo,id) values (?,?,?,default)
Hibernate: insert into aforo_registros (business_id,fecha_hora,tipo,id) values (?,?,?,default)
Hibernate: insert into aforo_registros (business_id,fecha_hora,tipo,id) values (?,?,?,default)
Hibernate: insert into aforo_registros (business_id,fecha_hora,tipo,id) values (?,?,?,default)
Hibernate: insert into aforo_registros (business_id,fecha_hora,tipo,id) values (?,?,?,default)
Hibernate: insert into aforo_registros (business_id,fecha_hora,tipo,id) values (?,?,?,default)
Hibernate: insert into aforo_registros (business_id,fecha_hora,tipo,id) values (?,?,?,default)
Hibernate: insert into aforo_registros (business_id,fecha_hora,tipo,id) values (?,?,?,default)
Hibernate: insert into aforo_registros (business_id,fecha_hora,tipo,id) values (?,?,?,default)
Hibernate: insert into aforo_registros (business_id,fecha_hora,tipo,id) values (?,?,?,default)
Hibernate: insert into aforo_registros (business_id,fecha_hora,tipo,id) values (?,?,?,default)
Hibernate: insert into aforo_registros (business_id,fecha_hora,tipo,id) values (?,?,?,default)
Hibernate: insert into aforo_registros (business_id,fecha_hora,tipo,id) values (?,?,?,default)
Hibernate: insert into aforo_registros (business_id,fecha_hora,tipo,id) values (?,?,?,default)
Hibernate: insert into aforo_registros (business_id,fecha_hora,tipo,id) values (?,?,?,default)
Hibernate: insert into aforo_registros (business_id,fecha_hora,tipo,id) values (?,?,?,default)
Hibernate: insert into aforo_registros (business_id,fecha_hora,tipo,id) values (?,?,?,default)
Hibernate: insert into aforo_registros (business_id,fecha_hora,tipo,id) values (?,?,?,default)
Hibernate: insert into aforo_registros (business_id,fecha_hora,tipo,id) values (?,?,?,default)
Hibernate: insert into aforo_registros (business_id,fecha_hora,tipo,id) values (?,?,?,default)
Hibernate: insert into aforo_registros (business_id,fecha_hora,tipo,id) values (?,?,?,default)
Hibernate: insert into aforo_registros (business_id,fecha_hora,tipo,id) values (?,?,?,default)
Hibernate: insert into aforo_registros (business_id,fecha_hora,tipo,id) values (?,?,?,default)
Hibernate: insert into aforo_registros (business_id,fecha_hora,tipo,id) values (?,?,?,default)
Hibernate: insert into aforo_registros (business_id,fecha_hora,tipo,id) values (?,?,?,default)
Hibernate: insert into aforo_registros (business_id,fecha_hora,tipo,id) values (?,?,?,default)
Hibernate: insert into aforo_registros (business_id,fecha_hora,tipo,id) values (?,?,?,default)
Hibernate: insert into aforo_registros (business_id,fecha_hora,tipo,id) values (?,?,?,default)
Hibernate: insert into aforo_registros (business_id,fecha_hora,tipo,id) values (?,?,?,default)
Hibernate: insert into aforo_registros (business_id,fecha_hora,tipo,id) values (?,?,?,default)
Hibernate: insert into aforo_registros (business_id,fecha_hora,tipo,id) values (?,?,?,default)
Hibernate: insert into aforo_registros (business_id,fecha_hora,tipo,id) values (?,?,?,default)
Hibernate: insert into aforo_registros (business_id,fecha_hora,tipo,id) values (?,?,?,default)
Hibernate: insert into aforo_registros (business_id,fecha_hora,tipo,id) values (?,?,?,default)
Hibernate: insert into aforo_registros (business_id,fecha_hora,tipo,id) values (?,?,?,default)
Hibernate: insert into aforo_registros (business_id,fecha_hora,tipo,id) values (?,?,?,default)
Hibernate: insert into aforo_registros (business_id,fecha_hora,tipo,id) values (?,?,?,default)
Hibernate: insert into aforo_registros (business_id,fecha_hora,tipo,id) values (?,?,?,default)
Hibernate: insert into aforo_registros (business_id,fecha_hora,tipo,id) values (?,?,?,default)
Hibernate: insert into aforo_registros (business_id,fecha_hora,tipo,id) values (?,?,?,default)
Hibernate: insert into aforo_registros (business_id,fecha_hora,tipo,id) values (?,?,?,default)
Hibernate: insert into aforo_registros (business_id,fecha_hora,tipo,id) values (?,?,?,default)
Hibernate: insert into aforo_registros (business_id,fecha_hora,tipo,id) values (?,?,?,default)
Hibernate: insert into aforo_registros (business_id,fecha_hora,tipo,id) values (?,?,?,default)
Hibernate: insert into aforo_registros (business_id,fecha_hora,tipo,id) values (?,?,?,default)
Hibernate: insert into aforo_registros (business_id,fecha_hora,tipo,id) values (?,?,?,default)
Hibernate: insert into aforo_registros (business_id,fecha_hora,tipo,id) values (?,?,?,default)
Hibernate: insert into aforo_registros (business_id,fecha_hora,tipo,id) values (?,?,?,default)
Hibernate: insert into aforo_registros (business_id,fecha_hora,tipo,id) values (?,?,?,default)
Hibernate: insert into aforo_registros (business_id,fecha_hora,tipo,id) values (?,?,?,default)
Hibernate: insert into aforo_registros (business_id,fecha_hora,tipo,id) values (?,?,?,default)
Hibernate: insert into aforo_registros (business_id,fecha_hora,tipo,id) values (?,?,?,default)
Hibernate: insert into aforo_registros (business_id,fecha_hora,tipo,id) values (?,?,?,default)
Hibernate: insert into aforo_registros (business_id,fecha_hora,tipo,id) values (?,?,?,default)
Hibernate: insert into aforo_registros (business_id,fecha_hora,tipo,id) values (?,?,?,default)
Hibernate: insert into aforo_registros (business_id,fecha_hora,tipo,id) values (?,?,?,default)
Hibernate: insert into aforo_registros (business_id,fecha_hora,tipo,id) values (?,?,?,default)
Hibernate: insert into aforo_registros (business_id,fecha_hora,tipo,id) values (?,?,?,default)
Hibernate: insert into aforo_registros (business_id,fecha_hora,tipo,id) values (?,?,?,default)
Hibernate: insert into aforo_registros (business_id,fecha_hora,tipo,id) values (?,?,?,default)
Hibernate: insert into aforo_registros (business_id,fecha_hora,tipo,id) values (?,?,?,default)
Hibernate: insert into aforo_registros (business_id,fecha_hora,tipo,id) values (?,?,?,default)
Hibernate: insert into aforo_registros (business_id,fecha_hora,tipo,id) values (?,?,?,default)
Hibernate: insert into aforo_registros (business_id,fecha_hora,tipo,id) values (?,?,?,default)
Hibernate: insert into aforo_registros (business_id,fecha_hora,tipo,id) values (?,?,?,default)
Hibernate: insert into aforo_registros (business_id,fecha_hora,tipo,id) values (?,?,?,default)
Hibernate: insert into aforo_registros (business_id,fecha_hora,tipo,id) values (?,?,?,default)
Hibernate: insert into aforo_registros (business_id,fecha_hora,tipo,id) values (?,?,?,default)
Hibernate: insert into aforo_registros (business_id,fecha_hora,tipo,id) values (?,?,?,default)
Hibernate: insert into aforo_registros (business_id,fecha_hora,tipo,id) values (?,?,?,default)
Hibernate: insert into aforo_registros (business_id,fecha_hora,tipo,id) values (?,?,?,default)
Hibernate: insert into aforo_registros (business_id,fecha_hora,tipo,id) values (?,?,?,default)
Hibernate: insert into aforo_registros (business_id,fecha_hora,tipo,id) values (?,?,?,default)
Hibernate: insert into aforo_registros (business_id,fecha_hora,tipo,id) values (?,?,?,default)
Hibernate: insert into aforo_registros (business_id,fecha_hora,tipo,id) values (?,?,?,default)
Hibernate: insert into aforo_registros (business_id,fecha_hora,tipo,id) values (?,?,?,default)
Hibernate: insert into aforo_registros (business_id,fecha_hora,tipo,id) values (?,?,?,default)
Hibernate: insert into aforo_registros (business_id,fecha_hora,tipo,id) values (?,?,?,default)
Hibernate: insert into aforo_registros (business_id,fecha_hora,tipo,id) values (?,?,?,default)
Hibernate: insert into aforo_registros (business_id,fecha_hora,tipo,id) values (?,?,?,default)
Hibernate: insert into aforo_registros (business_id,fecha_hora,tipo,id) values (?,?,?,default)
Hibernate: insert into aforo_registros (business_id,fecha_hora,tipo,id) values (?,?,?,default)
Hibernate: insert into aforo_registros (business_id,fecha_hora,tipo,id) values (?,?,?,default)
Hibernate: insert into aforo_registros (business_id,fecha_hora,tipo,id) values (?,?,?,default)
Hibernate: insert into aforo_registros (business_id,fecha_hora,tipo,id) values (?,?,?,default)
Hibernate: insert into aforo_registros (business_id,fecha_hora,tipo,id) values (?,?,?,default)
Hibernate: insert into aforo_registros (business_id,fecha_hora,tipo,id) values (?,?,?,default)
Hibernate: insert into aforo_registros (business_id,fecha_hora,tipo,id) values (?,?,?,default)
Hibernate: insert into aforo_registros (business_id,fecha_hora,tipo,id) values (?,?,?,default)
Hibernate: insert into aforo_registros (business_id,fecha_hora,tipo,id) values (?,?,?,default)
Hibernate: insert into aforo_registros (business_id,fecha_hora,tipo,id) values (?,?,?,default)
Hibernate: insert into aforo_registros (business_id,fecha_hora,tipo,id) values (?,?,?,default)
Hibernate: insert into aforo_registros (business_id,fecha_hora,tipo,id) values (?,?,?,default)
Hibernate: insert into aforo_registros (business_id,fecha_hora,tipo,id) values (?,?,?,default)
Hibernate: insert into aforo_registros (business_id,fecha_hora,tipo,id) values (?,?,?,default)
Hibernate: insert into aforo_registros (business_id,fecha_hora,tipo,id) values (?,?,?,default)
Hibernate: insert into aforo_registros (business_id,fecha_hora,tipo,id) values (?,?,?,default)
Hibernate: insert into aforo_registros (business_id,fecha_hora,tipo,id) values (?,?,?,default)
Hibernate: insert into aforo_registros (business_id,fecha_hora,tipo,id) values (?,?,?,default)
Hibernate: insert into aforo_registros (business_id,fecha_hora,tipo,id) values (?,?,?,default)
Hibernate: insert into aforo_registros (business_id,fecha_hora,tipo,id) values (?,?,?,default)
Hibernate: insert into aforo_registros (business_id,fecha_hora,tipo,id) values (?,?,?,default)
Hibernate: insert into aforo_registros (business_id,fecha_hora,tipo,id) values (?,?,?,default)
Hibernate: insert into aforo_registros (business_id,fecha_hora,tipo,id) values (?,?,?,default)
Hibernate: insert into aforo_registros (business_id,fecha_hora,tipo,id) values (?,?,?,default)
Hibernate: insert into aforo_registros (business_id,fecha_hora,tipo,id) values (?,?,?,default)
Hibernate: insert into aforo_registros (business_id,fecha_hora,tipo,id) values (?,?,?,default)
Hibernate: insert into aforo_registros (business_id,fecha_hora,tipo,id) values (?,?,?,default)
Hibernate: insert into aforo_registros (business_id,fecha_hora,tipo,id) values (?,?,?,default)
Hibernate: insert into aforo_registros (business_id,fecha_hora,tipo,id) values (?,?,?,default)
Hibernate: insert into aforo_registros (business_id,fecha_hora,tipo,id) values (?,?,?,default)
Hibernate: insert into aforo_registros (business_id,fecha_hora,tipo,id) values (?,?,?,default)
Hibernate: insert into aforo_registros (business_id,fecha_hora,tipo,id) values (?,?,?,default)
Hibernate: insert into aforo_registros (business_id,fecha_hora,tipo,id) values (?,?,?,default)
Hibernate: insert into aforo_registros (business_id,fecha_hora,tipo,id) values (?,?,?,default)
Hibernate: insert into aforo_registros (business_id,fecha_hora,tipo,id) values (?,?,?,default)
Hibernate: insert into aforo_registros (business_id,fecha_hora,tipo,id) values (?,?,?,default)
Hibernate: insert into aforo_registros (business_id,fecha_hora,tipo,id) values (?,?,?,default)
Hibernate: insert into aforo_registros (business_id,fecha_hora,tipo,id) values (?,?,?,default)
Hibernate: insert into aforo_registros (business_id,fecha_hora,tipo,id) values (?,?,?,default)
Hibernate: insert into aforo_registros (business_id,fecha_hora,tipo,id) values (?,?,?,default)
Hibernate: insert into aforo_registros (business_id,fecha_hora,tipo,id) values (?,?,?,default)
Hibernate: insert into aforo_registros (business_id,fecha_hora,tipo,id) values (?,?,?,default)
Hibernate: insert into aforo_registros (business_id,fecha_hora,tipo,id) values (?,?,?,default)
Hibernate: insert into aforo_registros (business_id,fecha_hora,tipo,id) values (?,?,?,default)
Hibernate: insert into aforo_registros (business_id,fecha_hora,tipo,id) values (?,?,?,default)
Hibernate: insert into aforo_registros (business_id,fecha_hora,tipo,id) values (?,?,?,default)
Hibernate: insert into aforo_registros (business_id,fecha_hora,tipo,id) values (?,?,?,default)
Hibernate: insert into aforo_registros (business_id,fecha_hora,tipo,id) values (?,?,?,default)
Hibernate: insert into aforo_registros (business_id,fecha_hora,tipo,id) values (?,?,?,default)
Hibernate: insert into aforo_registros (business_id,fecha_hora,tipo,id) values (?,?,?,default)
Hibernate: insert into aforo_registros (business_id,fecha_hora,tipo,id) values (?,?,?,default)
Hibernate: insert into aforo_registros (business_id,fecha_hora,tipo,id) values (?,?,?,default)
Hibernate: insert into aforo_registros (business_id,fecha_hora,tipo,id) values (?,?,?,default)
Hibernate: insert into aforo_registros (business_id,fecha_hora,tipo,id) values (?,?,?,default)
Hibernate: insert into aforo_registros (business_id,fecha_hora,tipo,id) values (?,?,?,default)
Hibernate: insert into aforo_registros (business_id,fecha_hora,tipo,id) values (?,?,?,default)
Hibernate: insert into aforo_registros (business_id,fecha_hora,tipo,id) values (?,?,?,default)
Hibernate: insert into aforo_registros (business_id,fecha_hora,tipo,id) values (?,?,?,default)
Hibernate: insert into aforo_registros (business_id,fecha_hora,tipo,id) values (?,?,?,default)
Hibernate: insert into aforo_registros (business_id,fecha_hora,tipo,id) values (?,?,?,default)
Hibernate: insert into aforo_registros (business_id,fecha_hora,tipo,id) values (?,?,?,default)
Hibernate: insert into aforo_registros (business_id,fecha_hora,tipo,id) values (?,?,?,default)
Hibernate: insert into aforo_registros (business_id,fecha_hora,tipo,id) values (?,?,?,default)
Hibernate: insert into aforo_registros (business_id,fecha_hora,tipo,id) values (?,?,?,default)
Hibernate: insert into aforo_registros (business_id,fecha_hora,tipo,id) values (?,?,?,default)
Hibernate: insert into aforo_registros (business_id,fecha_hora,tipo,id) values (?,?,?,default)
Hibernate: insert into aforo_registros (business_id,fecha_hora,tipo,id) values (?,?,?,default)
Hibernate: insert into aforo_registros (business_id,fecha_hora,tipo,id) values (?,?,?,default)
Hibernate: insert into aforo_registros (business_id,fecha_hora,tipo,id) values (?,?,?,default)
Hibernate: insert into aforo_registros (business_id,fecha_hora,tipo,id) values (?,?,?,default)
Hibernate: insert into aforo_registros (business_id,fecha_hora,tipo,id) values (?,?,?,default)
Hibernate: insert into aforo_registros (business_id,fecha_hora,tipo,id) values (?,?,?,default)
Hibernate: insert into aforo_registros (business_id,fecha_hora,tipo,id) values (?,?,?,default)
Hibernate: insert into aforo_registros (business_id,fecha_hora,tipo,id) values (?,?,?,default)
Hibernate: insert into aforo_registros (business_id,fecha_hora,tipo,id) values (?,?,?,default)
Hibernate: insert into aforo_registros (business_id,fecha_hora,tipo,id) values (?,?,?,default)
Hibernate: insert into aforo_registros (business_id,fecha_hora,tipo,id) values (?,?,?,default)
Hibernate: insert into aforo_registros (business_id,fecha_hora,tipo,id) values (?,?,?,default)
Hibernate: insert into aforo_registros (business_id,fecha_hora,tipo,id) values (?,?,?,default)
Hibernate: insert into aforo_registros (business_id,fecha_hora,tipo,id) values (?,?,?,default)
Hibernate: insert into aforo_registros (business_id,fecha_hora,tipo,id) values (?,?,?,default)
Hibernate: insert into aforo_registros (business_id,fecha_hora,tipo,id) values (?,?,?,default)
Hibernate: insert into aforo_registros (business_id,fecha_hora,tipo,id) values (?,?,?,default)
Hibernate: insert into aforo_registros (business_id,fecha_hora,tipo,id) values (?,?,?,default)
Hibernate: insert into aforo_registros (business_id,fecha_hora,tipo,id) values (?,?,?,default)
Hibernate: insert into aforo_registros (business_id,fecha_hora,tipo,id) values (?,?,?,default)
Hibernate: insert into aforo_registros (business_id,fecha_hora,tipo,id) values (?,?,?,default)
Hibernate: insert into aforo_registros (business_id,fecha_hora,tipo,id) values (?,?,?,default)
Hibernate: insert into aforo_registros (business_id,fecha_hora,tipo,id) values (?,?,?,default)
Hibernate: insert into aforo_registros (business_id,fecha_hora,tipo,id) values (?,?,?,default)
Hibernate: insert into aforo_registros (business_id,fecha_hora,tipo,id) values (?,?,?,default)
Hibernate: insert into aforo_registros (business_id,fecha_hora,tipo,id) values (?,?,?,default)
Hibernate: insert into aforo_registros (business_id,fecha_hora,tipo,id) values (?,?,?,default)
Hibernate: insert into aforo_registros (business_id,fecha_hora,tipo,id) values (?,?,?,default)
Hibernate: insert into aforo_registros (business_id,fecha_hora,tipo,id) values (?,?,?,default)
Hibernate: insert into aforo_registros (business_id,fecha_hora,tipo,id) values (?,?,?,default)
Hibernate: insert into aforo_registros (business_id,fecha_hora,tipo,id) values (?,?,?,default)
Hibernate: insert into aforo_registros (business_id,fecha_hora,tipo,id) values (?,?,?,default)
Hibernate: insert into aforo_registros (business_id,fecha_hora,tipo,id) values (?,?,?,default)
Hibernate: insert into aforo_registros (business_id,fecha_hora,tipo,id) values (?,?,?,default)
Hibernate: insert into aforo_registros (business_id,fecha_hora,tipo,id) values (?,?,?,default)
Hibernate: insert into aforo_registros (business_id,fecha_hora,tipo,id) values (?,?,?,default)
Hibernate: insert into aforo_registros (business_id,fecha_hora,tipo,id) values (?,?,?,default)
Hibernate: insert into aforo_registros (business_id,fecha_hora,tipo,id) values (?,?,?,default)
Hibernate: insert into aforo_registros (business_id,fecha_hora,tipo,id) values (?,?,?,default)
Hibernate: insert into aforo_registros (business_id,fecha_hora,tipo,id) values (?,?,?,default)
Hibernate: insert into aforo_registros (business_id,fecha_hora,tipo,id) values (?,?,?,default)
Hibernate: insert into aforo_registros (business_id,fecha_hora,tipo,id) values (?,?,?,default)
Hibernate: insert into aforo_registros (business_id,fecha_hora,tipo,id) values (?,?,?,default)
Hibernate: insert into aforo_registros (business_id,fecha_hora,tipo,id) values (?,?,?,default)
Hibernate: insert into aforo_registros (business_id,fecha_hora,tipo,id) values (?,?,?,default)
Hibernate: insert into aforo_registros (business_id,fecha_hora,tipo,id) values (?,?,?,default)
Hibernate: insert into aforo_registros (business_id,fecha_hora,tipo,id) values (?,?,?,default)
Hibernate: insert into aforo_registros (business_id,fecha_hora,tipo,id) values (?,?,?,default)
Hibernate: insert into aforo_registros (business_id,fecha_hora,tipo,id) values (?,?,?,default)
Hibernate: insert into aforo_registros (business_id,fecha_hora,tipo,id) values (?,?,?,default)
Hibernate: insert into aforo_registros (business_id,fecha_hora,tipo,id) values (?,?,?,default)
Hibernate: insert into aforo_registros (business_id,fecha_hora,tipo,id) values (?,?,?,default)
Hibernate: insert into aforo_registros (business_id,fecha_hora,tipo,id) values (?,?,?,default)
Hibernate: insert into aforo_registros (business_id,fecha_hora,tipo,id) values (?,?,?,default)
Hibernate: insert into aforo_registros (business_id,fecha_hora,tipo,id) values (?,?,?,default)
Hibernate: insert into aforo_registros (business_id,fecha_hora,tipo,id) values (?,?,?,default)
Hibernate: insert into aforo_registros (business_id,fecha_hora,tipo,id) values (?,?,?,default)
Hibernate: insert into aforo_registros (business_id,fecha_hora,tipo,id) values (?,?,?,default)
Hibernate: insert into aforo_registros (business_id,fecha_hora,tipo,id) values (?,?,?,default)
Hibernate: insert into aforo_registros (business_id,fecha_hora,tipo,id) values (?,?,?,default)
Hibernate: insert into aforo_registros (business_id,fecha_hora,tipo,id) values (?,?,?,default)
Hibernate: insert into aforo_registros (business_id,fecha_hora,tipo,id) values (?,?,?,default)
Hibernate: insert into aforo_registros (business_id,fecha_hora,tipo,id) values (?,?,?,default)
Hibernate: insert into aforo_registros (business_id,fecha_hora,tipo,id) values (?,?,?,default)
Hibernate: insert into aforo_registros (business_id,fecha_hora,tipo,id) values (?,?,?,default)
Hibernate: insert into aforo_registros (business_id,fecha_hora,tipo,id) values (?,?,?,default)
Hibernate: insert into aforo_registros (business_id,fecha_hora,tipo,id) values (?,?,?,default)
Hibernate: insert into aforo_registros (business_id,fecha_hora,tipo,id) values (?,?,?,default)
Hibernate: insert into aforo_registros (business_id,fecha_hora,tipo,id) values (?,?,?,default)
Hibernate: insert into aforo_registros (business_id,fecha_hora,tipo,id) values (?,?,?,default)
Hibernate: insert into aforo_registros (business_id,fecha_hora,tipo,id) values (?,?,?,default)
Hibernate: insert into aforo_registros (business_id,fecha_hora,tipo,id) values (?,?,?,default)
Hibernate: insert into aforo_registros (business_id,fecha_hora,tipo,id) values (?,?,?,default)
Hibernate: insert into aforo_registros (business_id,fecha_hora,tipo,id) values (?,?,?,default)
Hibernate: insert into aforo_registros (business_id,fecha_hora,tipo,id) values (?,?,?,default)
Hibernate: insert into aforo_registros (business_id,fecha_hora,tipo,id) values (?,?,?,default)
Hibernate: insert into aforo_registros (business_id,fecha_hora,tipo,id) values (?,?,?,default)
Hibernate: insert into aforo_registros (business_id,fecha_hora,tipo,id) values (?,?,?,default)
Hibernate: insert into aforo_registros (business_id,fecha_hora,tipo,id) values (?,?,?,default)
Hibernate: insert into aforo_registros (business_id,fecha_hora,tipo,id) values (?,?,?,default)
Hibernate: insert into aforo_registros (business_id,fecha_hora,tipo,id) values (?,?,?,default)
Hibernate: insert into aforo_registros (business_id,fecha_hora,tipo,id) values (?,?,?,default)
Hibernate: insert into aforo_registros (business_id,fecha_hora,tipo,id) values (?,?,?,default)
Hibernate: insert into aforo_registros (business_id,fecha_hora,tipo,id) values (?,?,?,default)
Hibernate: insert into aforo_registros (business_id,fecha_hora,tipo,id) values (?,?,?,default)
Hibernate: insert into aforo_registros (business_id,fecha_hora,tipo,id) values (?,?,?,default)
Hibernate: insert into aforo_registros (business_id,fecha_hora,tipo,id) values (?,?,?,default)
Hibernate: insert into aforo_registros (business_id,fecha_hora,tipo,id) values (?,?,?,default)
Hibernate: insert into aforo_registros (business_id,fecha_hora,tipo,id) values (?,?,?,default)
Hibernate: insert into aforo_registros (business_id,fecha_hora,tipo,id) values (?,?,?,default)
Hibernate: insert into aforo_registros (business_id,fecha_hora,tipo,id) values (?,?,?,default)
Hibernate: insert into aforo_registros (business_id,fecha_hora,tipo,id) values (?,?,?,default)
Hibernate: insert into aforo_registros (business_id,fecha_hora,tipo,id) values (?,?,?,default)
Hibernate: insert into aforo_registros (business_id,fecha_hora,tipo,id) values (?,?,?,default)
Hibernate: insert into aforo_registros (business_id,fecha_hora,tipo,id) values (?,?,?,default)
Hibernate: insert into aforo_registros (business_id,fecha_hora,tipo,id) values (?,?,?,default)
Hibernate: insert into aforo_registros (business_id,fecha_hora,tipo,id) values (?,?,?,default)
Hibernate: insert into aforo_registros (business_id,fecha_hora,tipo,id) values (?,?,?,default)
Hibernate: insert into aforo_registros (business_id,fecha_hora,tipo,id) values (?,?,?,default)
Hibernate: insert into aforo_registros (business_id,fecha_hora,tipo,id) values (?,?,?,default)
Hibernate: insert into aforo_registros (business_id,fecha_hora,tipo,id) values (?,?,?,default)
Hibernate: insert into aforo_registros (business_id,fecha_hora,tipo,id) values (?,?,?,default)
Hibernate: insert into aforo_registros (business_id,fecha_hora,tipo,id) values (?,?,?,default)
Hibernate: insert into aforo_registros (business_id,fecha_hora,tipo,id) values (?,?,?,default)
Hibernate: insert into aforo_registros (business_id,fecha_hora,tipo,id) values (?,?,?,default)
Hibernate: insert into aforo_registros (business_id,fecha_hora,tipo,id) values (?,?,?,default)
Hibernate: insert into aforo_registros (business_id,fecha_hora,tipo,id) values (?,?,?,default)
Hibernate: insert into aforo_registros (business_id,fecha_hora,tipo,id) values (?,?,?,default)
Hibernate: insert into aforo_registros (business_id,fecha_hora,tipo,id) values (?,?,?,default)
Hibernate: insert into aforo_registros (business_id,fecha_hora,tipo,id) values (?,?,?,default)
Hibernate: insert into aforo_registros (business_id,fecha_hora,tipo,id) values (?,?,?,default)
Hibernate: insert into aforo_registros (business_id,fecha_hora,tipo,id) values (?,?,?,default)
Hibernate: insert into aforo_registros (business_id,fecha_hora,tipo,id) values (?,?,?,default)
Hibernate: insert into aforo_registros (business_id,fecha_hora,tipo,id) values (?,?,?,default)
Hibernate: insert into aforo_registros (business_id,fecha_hora,tipo,id) values (?,?,?,default)
Hibernate: insert into aforo_registros (business_id,fecha_hora,tipo,id) values (?,?,?,default)
Hibernate: insert into aforo_registros (business_id,fecha_hora,tipo,id) values (?,?,?,default)
Hibernate: insert into aforo_registros (business_id,fecha_hora,tipo,id) values (?,?,?,default)
Hibernate: insert into aforo_registros (business_id,fecha_hora,tipo,id) values (?,?,?,default)
Hibernate: insert into aforo_registros (business_id,fecha_hora,tipo,id) values (?,?,?,default)
Hibernate: insert into aforo_registros (business_id,fecha_hora,tipo,id) values (?,?,?,default)
Hibernate: insert into aforo_registros (business_id,fecha_hora,tipo,id) values (?,?,?,default)
Hibernate: insert into aforo_registros (business_id,fecha_hora,tipo,id) values (?,?,?,default)
Hibernate: insert into aforo_registros (business_id,fecha_hora,tipo,id) values (?,?,?,default)
Hibernate: insert into aforo_registros (business_id,fecha_hora,tipo,id) values (?,?,?,default)
Hibernate: insert into aforo_registros (business_id,fecha_hora,tipo,id) values (?,?,?,default)
Hibernate: insert into aforo_registros (business_id,fecha_hora,tipo,id) values (?,?,?,default)
Hibernate: insert into aforo_registros (business_id,fecha_hora,tipo,id) values (?,?,?,default)
Hibernate: insert into aforo_registros (business_id,fecha_hora,tipo,id) values (?,?,?,default)
Hibernate: insert into aforo_registros (business_id,fecha_hora,tipo,id) values (?,?,?,default)
Hibernate: insert into aforo_registros (business_id,fecha_hora,tipo,id) values (?,?,?,default)
Hibernate: insert into aforo_registros (business_id,fecha_hora,tipo,id) values (?,?,?,default)
Hibernate: insert into aforo_registros (business_id,fecha_hora,tipo,id) values (?,?,?,default)
Hibernate: insert into aforo_registros (business_id,fecha_hora,tipo,id) values (?,?,?,default)
Hibernate: insert into aforo_registros (business_id,fecha_hora,tipo,id) values (?,?,?,default)
Hibernate: insert into aforo_registros (business_id,fecha_hora,tipo,id) values (?,?,?,default)
Hibernate: insert into aforo_registros (business_id,fecha_hora,tipo,id) values (?,?,?,default)
Hibernate: insert into aforo_registros (business_id,fecha_hora,tipo,id) values (?,?,?,default)
Hibernate: insert into aforo_registros (business_id,fecha_hora,tipo,id) values (?,?,?,default)
Hibernate: insert into aforo_registros (business_id,fecha_hora,tipo,id) values (?,?,?,default)
Hibernate: insert into aforo_registros (business_id,fecha_hora,tipo,id) values (?,?,?,default)
Hibernate: insert into aforo_registros (business_id,fecha_hora,tipo,id) values (?,?,?,default)
Hibernate: insert into aforo_registros (business_id,fecha_hora,tipo,id) values (?,?,?,default)
Hibernate: insert into aforo_registros (business_id,fecha_hora,tipo,id) values (?,?,?,default)
Hibernate: insert into aforo_registros (business_id,fecha_hora,tipo,id) values (?,?,?,default)
Hibernate: insert into aforo_registros (business_id,fecha_hora,tipo,id) values (?,?,?,default)
Hibernate: insert into aforo_registros (business_id,fecha_hora,tipo,id) values (?,?,?,default)
Hibernate: insert into aforo_registros (business_id,fecha_hora,tipo,id) values (?,?,?,default)
Hibernate: insert into aforo_registros (business_id,fecha_hora,tipo,id) values (?,?,?,default)
Hibernate: insert into aforo_registros (business_id,fecha_hora,tipo,id) values (?,?,?,default)
Hibernate: insert into aforo_registros (business_id,fecha_hora,tipo,id) values (?,?,?,default)
Hibernate: insert into aforo_registros (business_id,fecha_hora,tipo,id) values (?,?,?,default)
Hibernate: insert into aforo_registros (business_id,fecha_hora,tipo,id) values (?,?,?,default)
Hibernate: insert into aforo_registros (business_id,fecha_hora,tipo,id) values (?,?,?,default)
Hibernate: insert into aforo_registros (business_id,fecha_hora,tipo,id) values (?,?,?,default)
Hibernate: insert into aforo_registros (business_id,fecha_hora,tipo,id) values (?,?,?,default)
Hibernate: insert into aforo_registros (business_id,fecha_hora,tipo,id) values (?,?,?,default)
Hibernate: insert into aforo_registros (business_id,fecha_hora,tipo,id) values (?,?,?,default)
Hibernate: insert into aforo_registros (business_id,fecha_hora,tipo,id) values (?,?,?,default)
Hibernate: insert into aforo_registros (business_id,fecha_hora,tipo,id) values (?,?,?,default)
Hibernate: insert into aforo_registros (business_id,fecha_hora,tipo,id) values (?,?,?,default)
Hibernate: insert into aforo_registros (business_id,fecha_hora,tipo,id) values (?,?,?,default)
Hibernate: insert into aforo_registros (business_id,fecha_hora,tipo,id) values (?,?,?,default)
Hibernate: insert into aforo_registros (business_id,fecha_hora,tipo,id) values (?,?,?,default)
Hibernate: insert into aforo_registros (business_id,fecha_hora,tipo,id) values (?,?,?,default)
Hibernate: insert into aforo_registros (business_id,fecha_hora,tipo,id) values (?,?,?,default)
Hibernate: insert into aforo_registros (business_id,fecha_hora,tipo,id) values (?,?,?,default)
Hibernate: insert into aforo_registros (business_id,fecha_hora,tipo,id) values (?,?,?,default)
Hibernate: insert into aforo_registros (business_id,fecha_hora,tipo,id) values (?,?,?,default)
Hibernate: insert into aforo_registros (business_id,fecha_hora,tipo,id) values (?,?,?,default)
Hibernate: insert into aforo_registros (business_id,fecha_hora,tipo,id) values (?,?,?,default)
Hibernate: insert into aforo_registros (business_id,fecha_hora,tipo,id) values (?,?,?,default)
Hibernate: insert into aforo_registros (business_id,fecha_hora,tipo,id) values (?,?,?,default)
Hibernate: insert into aforo_registros (business_id,fecha_hora,tipo,id) values (?,?,?,default)
Hibernate: insert into aforo_registros (business_id,fecha_hora,tipo,id) values (?,?,?,default)
Hibernate: insert into aforo_registros (business_id,fecha_hora,tipo,id) values (?,?,?,default)
Hibernate: insert into aforo_registros (business_id,fecha_hora,tipo,id) values (?,?,?,default)
Hibernate: insert into aforo_registros (business_id,fecha_hora,tipo,id) values (?,?,?,default)
Hibernate: insert into aforo_registros (business_id,fecha_hora,tipo,id) values (?,?,?,default)
Hibernate: insert into aforo_registros (business_id,fecha_hora,tipo,id) values (?,?,?,default)
Hibernate: insert into aforo_registros (business_id,fecha_hora,tipo,id) values (?,?,?,default)
Hibernate: insert into aforo_registros (business_id,fecha_hora,tipo,id) values (?,?,?,default)
Hibernate: insert into aforo_registros (business_id,fecha_hora,tipo,id) values (?,?,?,default)
Hibernate: insert into aforo_registros (business_id,fecha_hora,tipo,id) values (?,?,?,default)
Hibernate: insert into aforo_registros (business_id,fecha_hora,tipo,id) values (?,?,?,default)
Hibernate: insert into aforo_registros (business_id,fecha_hora,tipo,id) values (?,?,?,default)
Hibernate: insert into aforo_registros (business_id,fecha_hora,tipo,id) values (?,?,?,default)
Hibernate: insert into aforo_registros (business_id,fecha_hora,tipo,id) values (?,?,?,default)
Hibernate: insert into aforo_registros (business_id,fecha_hora,tipo,id) values (?,?,?,default)
Hibernate: insert into aforo_registros (business_id,fecha_hora,tipo,id) values (?,?,?,default)
Hibernate: insert into aforo_registros (business_id,fecha_hora,tipo,id) values (?,?,?,default)
Hibernate: insert into aforo_registros (business_id,fecha_hora,tipo,id) values (?,?,?,default)
Hibernate: insert into aforo_registros (business_id,fecha_hora,tipo,id) values (?,?,?,default)
Hibernate: insert into aforo_registros (business_id,fecha_hora,tipo,id) values (?,?,?,default)
Hibernate: insert into aforo_registros (business_id,fecha_hora,tipo,id) values (?,?,?,default)
Hibernate: insert into aforo_registros (business_id,fecha_hora,tipo,id) values (?,?,?,default)
Hibernate: insert into aforo_registros (business_id,fecha_hora,tipo,id) values (?,?,?,default)
Hibernate: insert into aforo_registros (business_id,fecha_hora,tipo,id) values (?,?,?,default)
Hibernate: insert into aforo_registros (business_id,fecha_hora,tipo,id) values (?,?,?,default)
Hibernate: insert into aforo_registros (business_id,fecha_hora,tipo,id) values (?,?,?,default)
Hibernate: insert into aforo_registros (business_id,fecha_hora,tipo,id) values (?,?,?,default)
Hibernate: insert into aforo_registros (business_id,fecha_hora,tipo,id) values (?,?,?,default)
Hibernate: insert into aforo_registros (business_id,fecha_hora,tipo,id) values (?,?,?,default)
Hibernate: insert into aforo_registros (business_id,fecha_hora,tipo,id) values (?,?,?,default)
Hibernate: insert into aforo_registros (business_id,fecha_hora,tipo,id) values (?,?,?,default)
Hibernate: insert into aforo_registros (business_id,fecha_hora,tipo,id) values (?,?,?,default)
Hibernate: insert into aforo_registros (business_id,fecha_hora,tipo,id) values (?,?,?,default)
Hibernate: insert into aforo_registros (business_id,fecha_hora,tipo,id) values (?,?,?,default)
Hibernate: insert into aforo_registros (business_id,fecha_hora,tipo,id) values (?,?,?,default)
Hibernate: insert into aforo_registros (business_id,fecha_hora,tipo,id) values (?,?,?,default)
Hibernate: insert into aforo_registros (business_id,fecha_hora,tipo,id) values (?,?,?,default)
Hibernate: insert into aforo_registros (business_id,fecha_hora,tipo,id) values (?,?,?,default)
Hibernate: insert into aforo_registros (business_id,fecha_hora,tipo,id) values (?,?,?,default)
Hibernate: insert into aforo_registros (business_id,fecha_hora,tipo,id) values (?,?,?,default)
Hibernate: insert into aforo_registros (business_id,fecha_hora,tipo,id) values (?,?,?,default)
Hibernate: insert into aforo_registros (business_id,fecha_hora,tipo,id) values (?,?,?,default)
Hibernate: insert into aforo_registros (business_id,fecha_hora,tipo,id) values (?,?,?,default)
Hibernate: insert into aforo_registros (business_id,fecha_hora,tipo,id) values (?,?,?,default)
Hibernate: insert into aforo_registros (business_id,fecha_hora,tipo,id) values (?,?,?,default)
Hibernate: insert into aforo_registros (business_id,fecha_hora,tipo,id) values (?,?,?,default)
Hibernate: insert into aforo_registros (business_id,fecha_hora,tipo,id) values (?,?,?,default)
Hibernate: insert into aforo_registros (business_id,fecha_hora,tipo,id) values (?,?,?,default)
Hibernate: insert into aforo_registros (business_id,fecha_hora,tipo,id) values (?,?,?,default)
Hibernate: insert into aforo_registros (business_id,fecha_hora,tipo,id) values (?,?,?,default)
Hibernate: insert into aforo_registros (business_id,fecha_hora,tipo,id) values (?,?,?,default)
Hibernate: insert into aforo_registros (business_id,fecha_hora,tipo,id) values (?,?,?,default)
Hibernate: insert into aforo_registros (business_id,fecha_hora,tipo,id) values (?,?,?,default)
Hibernate: insert into aforo_registros (business_id,fecha_hora,tipo,id) values (?,?,?,default)
Hibernate: insert into aforo_registros (business_id,fecha_hora,tipo,id) values (?,?,?,default)
Hibernate: insert into aforo_registros (business_id,fecha_hora,tipo,id) values (?,?,?,default)
Hibernate: insert into aforo_registros (business_id,fecha_hora,tipo,id) values (?,?,?,default)
Hibernate: insert into aforo_registros (business_id,fecha_hora,tipo,id) values (?,?,?,default)
Hibernate: insert into aforo_registros (business_id,fecha_hora,tipo,id) values (?,?,?,default)
Hibernate: insert into aforo_registros (business_id,fecha_hora,tipo,id) values (?,?,?,default)
Hibernate: insert into aforo_registros (business_id,fecha_hora,tipo,id) values (?,?,?,default)
Hibernate: insert into aforo_registros (business_id,fecha_hora,tipo,id) values (?,?,?,default)
Hibernate: insert into aforo_registros (business_id,fecha_hora,tipo,id) values (?,?,?,default)
Hibernate: insert into aforo_registros (business_id,fecha_hora,tipo,id) values (?,?,?,default)
Hibernate: insert into aforo_registros (business_id,fecha_hora,tipo,id) values (?,?,?,default)
Hibernate: insert into aforo_registros (business_id,fecha_hora,tipo,id) values (?,?,?,default)
Hibernate: insert into aforo_registros (business_id,fecha_hora,tipo,id) values (?,?,?,default)
Hibernate: insert into aforo_registros (business_id,fecha_hora,tipo,id) values (?,?,?,default)
Hibernate: insert into aforo_registros (business_id,fecha_hora,tipo,id) values (?,?,?,default)
Hibernate: insert into aforo_registros (business_id,fecha_hora,tipo,id) values (?,?,?,default)
Hibernate: insert into aforo_registros (business_id,fecha_hora,tipo,id) values (?,?,?,default)
Hibernate: insert into aforo_registros (business_id,fecha_hora,tipo,id) values (?,?,?,default)
Hibernate: insert into aforo_registros (business_id,fecha_hora,tipo,id) values (?,?,?,default)
Hibernate: insert into aforo_registros (business_id,fecha_hora,tipo,id) values (?,?,?,default)
Hibernate: insert into aforo_registros (business_id,fecha_hora,tipo,id) values (?,?,?,default)
Hibernate: insert into aforo_registros (business_id,fecha_hora,tipo,id) values (?,?,?,default)
Hibernate: insert into aforo_registros (business_id,fecha_hora,tipo,id) values (?,?,?,default)
Hibernate: insert into aforo_registros (business_id,fecha_hora,tipo,id) values (?,?,?,default)
Hibernate: insert into aforo_registros (business_id,fecha_hora,tipo,id) values (?,?,?,default)
Hibernate: insert into aforo_registros (business_id,fecha_hora,tipo,id) values (?,?,?,default)
Hibernate: insert into aforo_registros (business_id,fecha_hora,tipo,id) values (?,?,?,default)
Hibernate: insert into aforo_registros (business_id,fecha_hora,tipo,id) values (?,?,?,default)
Hibernate: insert into aforo_registros (business_id,fecha_hora,tipo,id) values (?,?,?,default)
Hibernate: insert into aforo_registros (business_id,fecha_hora,tipo,id) values (?,?,?,default)
Hibernate: insert into aforo_registros (business_id,fecha_hora,tipo,id) values (?,?,?,default)
Hibernate: insert into aforo_registros (business_id,fecha_hora,tipo,id) values (?,?,?,default)
Hibernate: insert into aforo_registros (business_id,fecha_hora,tipo,id) values (?,?,?,default)
Hibernate: insert into aforo_registros (business_id,fecha_hora,tipo,id) values (?,?,?,default)
Hibernate: insert into aforo_registros (business_id,fecha_hora,tipo,id) values (?,?,?,default)
Hibernate: insert into aforo_registros (business_id,fecha_hora,tipo,id) values (?,?,?,default)
Hibernate: insert into aforo_registros (business_id,fecha_hora,tipo,id) values (?,?,?,default)
Hibernate: insert into aforo_registros (business_id,fecha_hora,tipo,id) values (?,?,?,default)
Hibernate: insert into aforo_registros (business_id,fecha_hora,tipo,id) values (?,?,?,default)
Hibernate: insert into aforo_registros (business_id,fecha_hora,tipo,id) values (?,?,?,default)
Hibernate: insert into aforo_registros (business_id,fecha_hora,tipo,id) values (?,?,?,default)
Hibernate: insert into aforo_registros (business_id,fecha_hora,tipo,id) values (?,?,?,default)
Hibernate: insert into aforo_registros (business_id,fecha_hora,tipo,id) values (?,?,?,default)
Hibernate: insert into aforo_registros (business_id,fecha_hora,tipo,id) values (?,?,?,default)
Hibernate: insert into aforo_registros (business_id,fecha_hora,tipo,id) values (?,?,?,default)
Hibernate: insert into aforo_registros (business_id,fecha_hora,tipo,id) values (?,?,?,default)
Hibernate: insert into aforo_registros (business_id,fecha_hora,tipo,id) values (?,?,?,default)
Hibernate: insert into aforo_registros (business_id,fecha_hora,tipo,id) values (?,?,?,default)
Hibernate: insert into aforo_registros (business_id,fecha_hora,tipo,id) values (?,?,?,default)
Hibernate: insert into aforo_registros (business_id,fecha_hora,tipo,id) values (?,?,?,default)
Hibernate: insert into aforo_registros (business_id,fecha_hora,tipo,id) values (?,?,?,default)
Hibernate: insert into aforo_registros (business_id,fecha_hora,tipo,id) values (?,?,?,default)
Hibernate: insert into aforo_registros (business_id,fecha_hora,tipo,id) values (?,?,?,default)
Hibernate: insert into aforo_registros (business_id,fecha_hora,tipo,id) values (?,?,?,default)
Hibernate: insert into aforo_registros (business_id,fecha_hora,tipo,id) values (?,?,?,default)
Hibernate: insert into aforo_registros (business_id,fecha_hora,tipo,id) values (?,?,?,default)
Hibernate: insert into aforo_registros (business_id,fecha_hora,tipo,id) values (?,?,?,default)
Hibernate: insert into aforo_registros (business_id,fecha_hora,tipo,id) values (?,?,?,default)
Hibernate: insert into aforo_registros (business_id,fecha_hora,tipo,id) values (?,?,?,default)
Hibernate: insert into aforo_registros (business_id,fecha_hora,tipo,id) values (?,?,?,default)
Hibernate: insert into aforo_registros (business_id,fecha_hora,tipo,id) values (?,?,?,default)
Hibernate: insert into aforo_registros (business_id,fecha_hora,tipo,id) values (?,?,?,default)
Hibernate: insert into aforo_registros (business_id,fecha_hora,tipo,id) values (?,?,?,default)
Hibernate: insert into aforo_registros (business_id,fecha_hora,tipo,id) values (?,?,?,default)
Hibernate: insert into aforo_registros (business_id,fecha_hora,tipo,id) values (?,?,?,default)
Hibernate: insert into aforo_registros (business_id,fecha_hora,tipo,id) values (?,?,?,default)
Hibernate: insert into aforo_registros (business_id,fecha_hora,tipo,id) values (?,?,?,default)
Hibernate: insert into aforo_registros (business_id,fecha_hora,tipo,id) values (?,?,?,default)
Hibernate: insert into aforo_registros (business_id,fecha_hora,tipo,id) values (?,?,?,default)
Hibernate: insert into aforo_registros (business_id,fecha_hora,tipo,id) values (?,?,?,default)
Hibernate: insert into aforo_registros (business_id,fecha_hora,tipo,id) values (?,?,?,default)
Hibernate: insert into aforo_registros (business_id,fecha_hora,tipo,id) values (?,?,?,default)
Hibernate: insert into aforo_registros (business_id,fecha_hora,tipo,id) values (?,?,?,default)
Hibernate: insert into aforo_registros (business_id,fecha_hora,tipo,id) values (?,?,?,default)
Hibernate: insert into aforo_registros (business_id,fecha_hora,tipo,id) values (?,?,?,default)
Hibernate: insert into aforo_registros (business_id,fecha_hora,tipo,id) values (?,?,?,default)
Hibernate: insert into aforo_registros (business_id,fecha_hora,tipo,id) values (?,?,?,default)
Hibernate: insert into aforo_registros (business_id,fecha_hora,tipo,id) values (?,?,?,default)
Hibernate: insert into aforo_registros (business_id,fecha_hora,tipo,id) values (?,?,?,default)
Hibernate: insert into aforo_registros (business_id,fecha_hora,tipo,id) values (?,?,?,default)
Hibernate: insert into aforo_registros (business_id,fecha_hora,tipo,id) values (?,?,?,default)
Hibernate: insert into aforo_registros (business_id,fecha_hora,tipo,id) values (?,?,?,default)
Hibernate: insert into aforo_registros (business_id,fecha_hora,tipo,id) values (?,?,?,default)
Hibernate: insert into aforo_registros (business_id,fecha_hora,tipo,id) values (?,?,?,default)
Hibernate: insert into aforo_registros (business_id,fecha_hora,tipo,id) values (?,?,?,default)
Hibernate: insert into aforo_registros (business_id,fecha_hora,tipo,id) values (?,?,?,default)
Hibernate: insert into aforo_registros (business_id,fecha_hora,tipo,id) values (?,?,?,default)
Hibernate: insert into aforo_registros (business_id,fecha_hora,tipo,id) values (?,?,?,default)
Hibernate: insert into aforo_registros (business_id,fecha_hora,tipo,id) values (?,?,?,default)
Hibernate: insert into aforo_registros (business_id,fecha_hora,tipo,id) values (?,?,?,default)
Hibernate: insert into aforo_registros (business_id,fecha_hora,tipo,id) values (?,?,?,default)
Hibernate: insert into aforo_registros (business_id,fecha_hora,tipo,id) values (?,?,?,default)
Hibernate: insert into aforo_registros (business_id,fecha_hora,tipo,id) values (?,?,?,default)
Hibernate: insert into aforo_registros (business_id,fecha_hora,tipo,id) values (?,?,?,default)
Hibernate: insert into aforo_registros (business_id,fecha_hora,tipo,id) values (?,?,?,default)
Hibernate: insert into aforo_registros (business_id,fecha_hora,tipo,id) values (?,?,?,default)
Hibernate: insert into aforo_registros (business_id,fecha_hora,tipo,id) values (?,?,?,default)
Hibernate: insert into aforo_registros (business_id,fecha_hora,tipo,id) values (?,?,?,default)
Hibernate: insert into aforo_registros (business_id,fecha_hora,tipo,id) values (?,?,?,default)
Hibernate: insert into aforo_registros (business_id,fecha_hora,tipo,id) values (?,?,?,default)
Hibernate: insert into aforo_registros (business_id,fecha_hora,tipo,id) values (?,?,?,default)
Hibernate: insert into aforo_registros (business_id,fecha_hora,tipo,id) values (?,?,?,default)
Hibernate: insert into aforo_registros (business_id,fecha_hora,tipo,id) values (?,?,?,default)
Hibernate: insert into aforo_registros (business_id,fecha_hora,tipo,id) values (?,?,?,default)
Hibernate: insert into aforo_registros (business_id,fecha_hora,tipo,id) values (?,?,?,default)
Hibernate: insert into aforo_registros (business_id,fecha_hora,tipo,id) values (?,?,?,default)
Hibernate: insert into aforo_registros (business_id,fecha_hora,tipo,id) values (?,?,?,default)
Hibernate: insert into aforo_registros (business_id,fecha_hora,tipo,id) values (?,?,?,default)
Hibernate: insert into aforo_registros (business_id,fecha_hora,tipo,id) values (?,?,?,default)
Hibernate: insert into aforo_registros (business_id,fecha_hora,tipo,id) values (?,?,?,default)
Hibernate: insert into aforo_registros (business_id,fecha_hora,tipo,id) values (?,?,?,default)
Hibernate: insert into aforo_registros (business_id,fecha_hora,tipo,id) values (?,?,?,default)
Hibernate: insert into aforo_registros (business_id,fecha_hora,tipo,id) values (?,?,?,default)
Hibernate: insert into aforo_registros (business_id,fecha_hora,tipo,id) values (?,?,?,default)
Hibernate: insert into aforo_registros (business_id,fecha_hora,tipo,id) values (?,?,?,default)
Hibernate: insert into aforo_registros (business_id,fecha_hora,tipo,id) values (?,?,?,default)
Hibernate: insert into aforo_registros (business_id,fecha_hora,tipo,id) values (?,?,?,default)
Hibernate: insert into aforo_registros (business_id,fecha_hora,tipo,id) values (?,?,?,default)
Hibernate: insert into aforo_registros (business_id,fecha_hora,tipo,id) values (?,?,?,default)
Hibernate: insert into aforo_registros (business_id,fecha_hora,tipo,id) values (?,?,?,default)
Hibernate: insert into aforo_registros (business_id,fecha_hora,tipo,id) values (?,?,?,default)
Hibernate: insert into aforo_registros (business_id,fecha_hora,tipo,id) values (?,?,?,default)
Hibernate: insert into aforo_registros (business_id,fecha_hora,tipo,id) values (?,?,?,default)
Hibernate: insert into aforo_registros (business_id,fecha_hora,tipo,id) values (?,?,?,default)
Hibernate: insert into aforo_registros (business_id,fecha_hora,tipo,id) values (?,?,?,default)
Hibernate: insert into aforo_registros (business_id,fecha_hora,tipo,id) values (?,?,?,default)
Hibernate: insert into aforo_registros (business_id,fecha_hora,tipo,id) values (?,?,?,default)
Hibernate: insert into aforo_registros (business_id,fecha_hora,tipo,id) values (?,?,?,default)
Hibernate: insert into aforo_registros (business_id,fecha_hora,tipo,id) values (?,?,?,default)
Hibernate: insert into aforo_registros (business_id,fecha_hora,tipo,id) values (?,?,?,default)
Hibernate: insert into aforo_registros (business_id,fecha_hora,tipo,id) values (?,?,?,default)
Hibernate: insert into aforo_registros (business_id,fecha_hora,tipo,id) values (?,?,?,default)
Hibernate: insert into aforo_registros (business_id,fecha_hora,tipo,id) values (?,?,?,default)
Hibernate: insert into aforo_registros (business_id,fecha_hora,tipo,id) values (?,?,?,default)
Hibernate: insert into aforo_registros (business_id,fecha_hora,tipo,id) values (?,?,?,default)
Hibernate: insert into aforo_registros (business_id,fecha_hora,tipo,id) values (?,?,?,default)
Hibernate: insert into aforo_registros (business_id,fecha_hora,tipo,id) values (?,?,?,default)
Hibernate: insert into aforo_registros (business_id,fecha_hora,tipo,id) values (?,?,?,default)
Hibernate: insert into aforo_registros (business_id,fecha_hora,tipo,id) values (?,?,?,default)
Hibernate: insert into aforo_registros (business_id,fecha_hora,tipo,id) values (?,?,?,default)
Hibernate: insert into aforo_registros (business_id,fecha_hora,tipo,id) values (?,?,?,default)
Hibernate: insert into aforo_registros (business_id,fecha_hora,tipo,id) values (?,?,?,default)
Hibernate: insert into aforo_registros (business_id,fecha_hora,tipo,id) values (?,?,?,default)
Hibernate: insert into aforo_registros (business_id,fecha_hora,tipo,id) values (?,?,?,default)
Hibernate: insert into aforo_registros (business_id,fecha_hora,tipo,id) values (?,?,?,default)
Hibernate: insert into aforo_registros (business_id,fecha_hora,tipo,id) values (?,?,?,default)
Hibernate: insert into aforo_registros (business_id,fecha_hora,tipo,id) values (?,?,?,default)
Hibernate: insert into aforo_registros (business_id,fecha_hora,tipo,id) values (?,?,?,default)
Hibernate: insert into aforo_registros (business_id,fecha_hora,tipo,id) values (?,?,?,default)
Hibernate: insert into aforo_registros (business_id,fecha_hora,tipo,id) values (?,?,?,default)
Hibernate: insert into aforo_registros (business_id,fecha_hora,tipo,id) values (?,?,?,default)
Hibernate: insert into aforo_registros (business_id,fecha_hora,tipo,id) values (?,?,?,default)
Hibernate: insert into aforo_registros (business_id,fecha_hora,tipo,id) values (?,?,?,default)
Hibernate: insert into aforo_registros (business_id,fecha_hora,tipo,id) values (?,?,?,default)
Hibernate: insert into aforo_registros (business_id,fecha_hora,tipo,id) values (?,?,?,default)
Hibernate: insert into aforo_registros (business_id,fecha_hora,tipo,id) values (?,?,?,default)
Hibernate: insert into aforo_registros (business_id,fecha_hora,tipo,id) values (?,?,?,default)
Hibernate: insert into aforo_registros (business_id,fecha_hora,tipo,id) values (?,?,?,default)
Hibernate: insert into aforo_registros (business_id,fecha_hora,tipo,id) values (?,?,?,default)
Hibernate: insert into aforo_registros (business_id,fecha_hora,tipo,id) values (?,?,?,default)
Hibernate: insert into aforo_registros (business_id,fecha_hora,tipo,id) values (?,?,?,default)
Hibernate: insert into aforo_registros (business_id,fecha_hora,tipo,id) values (?,?,?,default)
Hibernate: insert into aforo_registros (business_id,fecha_hora,tipo,id) values (?,?,?,default)
Hibernate: insert into aforo_registros (business_id,fecha_hora,tipo,id) values (?,?,?,default)
Hibernate: insert into aforo_registros (business_id,fecha_hora,tipo,id) values (?,?,?,default)
Hibernate: insert into aforo_registros (business_id,fecha_hora,tipo,id) values (?,?,?,default)
Hibernate: insert into aforo_registros (business_id,fecha_hora,tipo,id) values (?,?,?,default)
Hibernate: insert into aforo_registros (business_id,fecha_hora,tipo,id) values (?,?,?,default)
Hibernate: insert into aforo_registros (business_id,fecha_hora,tipo,id) values (?,?,?,default)
Hibernate: insert into aforo_registros (business_id,fecha_hora,tipo,id) values (?,?,?,default)
Hibernate: insert into aforo_registros (business_id,fecha_hora,tipo,id) values (?,?,?,default)
Hibernate: insert into aforo_registros (business_id,fecha_hora,tipo,id) values (?,?,?,default)
Hibernate: insert into aforo_registros (business_id,fecha_hora,tipo,id) values (?,?,?,default)
Hibernate: insert into aforo_registros (business_id,fecha_hora,tipo,id) values (?,?,?,default)
Hibernate: insert into aforo_registros (business_id,fecha_hora,tipo,id) values (?,?,?,default)
Hibernate: insert into aforo_registros (business_id,fecha_hora,tipo,id) values (?,?,?,default)
Hibernate: insert into aforo_registros (business_id,fecha_hora,tipo,id) values (?,?,?,default)
Hibernate: insert into aforo_registros (business_id,fecha_hora,tipo,id) values (?,?,?,default)
Hibernate: insert into aforo_registros (business_id,fecha_hora,tipo,id) values (?,?,?,default)
Hibernate: insert into aforo_registros (business_id,fecha_hora,tipo,id) values (?,?,?,default)
Hibernate: insert into aforo_registros (business_id,fecha_hora,tipo,id) values (?,?,?,default)
Hibernate: insert into aforo_registros (business_id,fecha_hora,tipo,id) values (?,?,?,default)
Hibernate: insert into aforo_registros (business_id,fecha_hora,tipo,id) values (?,?,?,default)
Hibernate: insert into aforo_registros (business_id,fecha_hora,tipo,id) values (?,?,?,default)
Hibernate: insert into aforo_registros (business_id,fecha_hora,tipo,id) values (?,?,?,default)
Hibernate: insert into aforo_registros (business_id,fecha_hora,tipo,id) values (?,?,?,default)
Hibernate: insert into aforo_registros (business_id,fecha_hora,tipo,id) values (?,?,?,default)
Hibernate: insert into aforo_registros (business_id,fecha_hora,tipo,id) values (?,?,?,default)
Hibernate: insert into aforo_registros (business_id,fecha_hora,tipo,id) values (?,?,?,default)
Hibernate: insert into aforo_registros (business_id,fecha_hora,tipo,id) values (?,?,?,default)
Hibernate: insert into aforo_registros (business_id,fecha_hora,tipo,id) values (?,?,?,default)
Hibernate: insert into aforo_registros (business_id,fecha_hora,tipo,id) values (?,?,?,default)
Hibernate: insert into aforo_registros (business_id,fecha_hora,tipo,id) values (?,?,?,default)
Hibernate: insert into aforo_registros (business_id,fecha_hora,tipo,id) values (?,?,?,default)
Hibernate: insert into aforo_registros (business_id,fecha_hora,tipo,id) values (?,?,?,default)
Hibernate: insert into aforo_registros (business_id,fecha_hora,tipo,id) values (?,?,?,default)
Hibernate: insert into aforo_registros (business_id,fecha_hora,tipo,id) values (?,?,?,default)
Hibernate: insert into aforo_registros (business_id,fecha_hora,tipo,id) values (?,?,?,default)
Hibernate: insert into aforo_registros (business_id,fecha_hora,tipo,id) values (?,?,?,default)
Hibernate: insert into aforo_registros (business_id,fecha_hora,tipo,id) values (?,?,?,default)
Hibernate: insert into aforo_registros (business_id,fecha_hora,tipo,id) values (?,?,?,default)
Hibernate: insert into aforo_registros (business_id,fecha_hora,tipo,id) values (?,?,?,default)
Hibernate: insert into aforo_registros (business_id,fecha_hora,tipo,id) values (?,?,?,default)
Hibernate: insert into aforo_registros (business_id,fecha_hora,tipo,id) values (?,?,?,default)
Hibernate: insert into aforo_registros (business_id,fecha_hora,tipo,id) values (?,?,?,default)
Hibernate: insert into aforo_registros (business_id,fecha_hora,tipo,id) values (?,?,?,default)
Hibernate: insert into aforo_registros (business_id,fecha_hora,tipo,id) values (?,?,?,default)
Hibernate: insert into aforo_registros (business_id,fecha_hora,tipo,id) values (?,?,?,default)
Hibernate: insert into aforo_registros (business_id,fecha_hora,tipo,id) values (?,?,?,default)
Hibernate: insert into aforo_registros (business_id,fecha_hora,tipo,id) values (?,?,?,default)
Hibernate: insert into aforo_registros (business_id,fecha_hora,tipo,id) values (?,?,?,default)
Hibernate: insert into aforo_registros (business_id,fecha_hora,tipo,id) values (?,?,?,default)
Hibernate: insert into aforo_registros (business_id,fecha_hora,tipo,id) values (?,?,?,default)
Hibernate: insert into aforo_registros (business_id,fecha_hora,tipo,id) values (?,?,?,default)
Hibernate: insert into aforo_registros (business_id,fecha_hora,tipo,id) values (?,?,?,default)
Hibernate: insert into aforo_registros (business_id,fecha_hora,tipo,id) values (?,?,?,default)
Hibernate: insert into aforo_registros (business_id,fecha_hora,tipo,id) values (?,?,?,default)
Hibernate: insert into aforo_registros (business_id,fecha_hora,tipo,id) values (?,?,?,default)
Hibernate: insert into aforo_registros (business_id,fecha_hora,tipo,id) values (?,?,?,default)
Hibernate: insert into aforo_registros (business_id,fecha_hora,tipo,id) values (?,?,?,default)
Hibernate: insert into aforo_registros (business_id,fecha_hora,tipo,id) values (?,?,?,default)
Hibernate: insert into aforo_registros (business_id,fecha_hora,tipo,id) values (?,?,?,default)
Hibernate: insert into aforo_registros (business_id,fecha_hora,tipo,id) values (?,?,?,default)
Hibernate: insert into aforo_registros (business_id,fecha_hora,tipo,id) values (?,?,?,default)
Hibernate: insert into aforo_registros (business_id,fecha_hora,tipo,id) values (?,?,?,default)
Hibernate: insert into aforo_registros (business_id,fecha_hora,tipo,id) values (?,?,?,default)
Hibernate: insert into aforo_registros (business_id,fecha_hora,tipo,id) values (?,?,?,default)
Hibernate: insert into aforo_registros (business_id,fecha_hora,tipo,id) values (?,?,?,default)
Hibernate: insert into aforo_registros (business_id,fecha_hora,tipo,id) values (?,?,?,default)
Hibernate: insert into aforo_registros (business_id,fecha_hora,tipo,id) values (?,?,?,default)
Hibernate: insert into aforo_registros (business_id,fecha_hora,tipo,id) values (?,?,?,default)
Hibernate: insert into aforo_registros (business_id,fecha_hora,tipo,id) values (?,?,?,default)
Hibernate: insert into aforo_registros (business_id,fecha_hora,tipo,id) values (?,?,?,default)
Hibernate: insert into aforo_registros (business_id,fecha_hora,tipo,id) values (?,?,?,default)
Hibernate: insert into aforo_registros (business_id,fecha_hora,tipo,id) values (?,?,?,default)
Hibernate: insert into aforo_registros (business_id,fecha_hora,tipo,id) values (?,?,?,default)
Hibernate: insert into aforo_registros (business_id,fecha_hora,tipo,id) values (?,?,?,default)
Hibernate: insert into aforo_registros (business_id,fecha_hora,tipo,id) values (?,?,?,default)
Hibernate: insert into aforo_registros (business_id,fecha_hora,tipo,id) values (?,?,?,default)
Hibernate: insert into aforo_registros (business_id,fecha_hora,tipo,id) values (?,?,?,default)
Hibernate: insert into aforo_registros (business_id,fecha_hora,tipo,id) values (?,?,?,default)
Hibernate: insert into aforo_registros (business_id,fecha_hora,tipo,id) values (?,?,?,default)
Hibernate: insert into aforo_registros (business_id,fecha_hora,tipo,id) values (?,?,?,default)
Hibernate: insert into aforo_registros (business_id,fecha_hora,tipo,id) values (?,?,?,default)
Hibernate: insert into aforo_registros (business_id,fecha_hora,tipo,id) values (?,?,?,default)
Hibernate: insert into aforo_registros (business_id,fecha_hora,tipo,id) values (?,?,?,default)
Hibernate: insert into aforo_registros (business_id,fecha_hora,tipo,id) values (?,?,?,default)
Hibernate: insert into aforo_registros (business_id,fecha_hora,tipo,id) values (?,?,?,default)
Hibernate: insert into aforo_registros (business_id,fecha_hora,tipo,id) values (?,?,?,default)
Hibernate: insert into aforo_registros (business_id,fecha_hora,tipo,id) values (?,?,?,default)
Hibernate: insert into aforo_registros (business_id,fecha_hora,tipo,id) values (?,?,?,default)
Hibernate: insert into aforo_registros (business_id,fecha_hora,tipo,id) values (?,?,?,default)
Hibernate: insert into aforo_registros (business_id,fecha_hora,tipo,id) values (?,?,?,default)
Hibernate: insert into aforo_registros (business_id,fecha_hora,tipo,id) values (?,?,?,default)
Hibernate: insert into aforo_registros (business_id,fecha_hora,tipo,id) values (?,?,?,default)
Hibernate: insert into aforo_registros (business_id,fecha_hora,tipo,id) values (?,?,?,default)
Hibernate: insert into aforo_registros (business_id,fecha_hora,tipo,id) values (?,?,?,default)
Hibernate: insert into aforo_registros (business_id,fecha_hora,tipo,id) values (?,?,?,default)
Hibernate: insert into aforo_registros (business_id,fecha_hora,tipo,id) values (?,?,?,default)
Hibernate: insert into aforo_registros (business_id,fecha_hora,tipo,id) values (?,?,?,default)
Hibernate: insert into aforo_registros (business_id,fecha_hora,tipo,id) values (?,?,?,default)
Hibernate: insert into aforo_registros (business_id,fecha_hora,tipo,id) values (?,?,?,default)
Hibernate: insert into aforo_registros (business_id,fecha_hora,tipo,id) values (?,?,?,default)
Hibernate: insert into aforo_registros (business_id,fecha_hora,tipo,id) values (?,?,?,default)
Hibernate: insert into aforo_registros (business_id,fecha_hora,tipo,id) values (?,?,?,default)
Hibernate: insert into aforo_registros (business_id,fecha_hora,tipo,id) values (?,?,?,default)
Hibernate: insert into aforo_registros (business_id,fecha_hora,tipo,id) values (?,?,?,default)
Hibernate: insert into aforo_registros (business_id,fecha_hora,tipo,id) values (?,?,?,default)
Hibernate: insert into aforo_registros (business_id,fecha_hora,tipo,id) values (?,?,?,default)
Hibernate: insert into aforo_registros (business_id,fecha_hora,tipo,id) values (?,?,?,default)
Hibernate: insert into aforo_registros (business_id,fecha_hora,tipo,id) values (?,?,?,default)
Hibernate: insert into aforo_registros (business_id,fecha_hora,tipo,id) values (?,?,?,default)
Hibernate: insert into aforo_registros (business_id,fecha_hora,tipo,id) values (?,?,?,default)
Hibernate: insert into aforo_registros (business_id,fecha_hora,tipo,id) values (?,?,?,default)
Hibernate: insert into aforo_registros (business_id,fecha_hora,tipo,id) values (?,?,?,default)
Hibernate: insert into aforo_registros (business_id,fecha_hora,tipo,id) values (?,?,?,default)
Hibernate: insert into aforo_registros (business_id,fecha_hora,tipo,id) values (?,?,?,default)
Hibernate: insert into aforo_registros (business_id,fecha_hora,tipo,id) values (?,?,?,default)
Hibernate: insert into aforo_registros (business_id,fecha_hora,tipo,id) values (?,?,?,default)
Hibernate: insert into aforo_registros (business_id,fecha_hora,tipo,id) values (?,?,?,default)
Hibernate: insert into aforo_registros (business_id,fecha_hora,tipo,id) values (?,?,?,default)
Hibernate: insert into aforo_registros (business_id,fecha_hora,tipo,id) values (?,?,?,default)
Hibernate: insert into aforo_registros (business_id,fecha_hora,tipo,id) values (?,?,?,default)
Hibernate: insert into aforo_registros (business_id,fecha_hora,tipo,id) values (?,?,?,default)
Hibernate: insert into aforo_registros (business_id,fecha_hora,tipo,id) values (?,?,?,default)
Hibernate: insert into aforo_registros (business_id,fecha_hora,tipo,id) values (?,?,?,default)
Hibernate: insert into aforo_registros (business_id,fecha_hora,tipo,id) values (?,?,?,default)
Hibernate: insert into aforo_registros (business_id,fecha_hora,tipo,id) values (?,?,?,default)
Hibernate: insert into aforo_registros (business_id,fecha_hora,tipo,id) values (?,?,?,default)
Hibernate: insert into aforo_registros (business_id,fecha_hora,tipo,id) values (?,?,?,default)
Hibernate: insert into aforo_registros (business_id,fecha_hora,tipo,id) values (?,?,?,default)
Hibernate: insert into aforo_registros (business_id,fecha_hora,tipo,id) values (?,?,?,default)
Hibernate: insert into aforo_registros (business_id,fecha_hora,tipo,id) values (?,?,?,default)
Hibernate: insert into aforo_registros (business_id,fecha_hora,tipo,id) values (?,?,?,default)
Hibernate: insert into aforo_registros (business_id,fecha_hora,tipo,id) values (?,?,?,default)
Hibernate: insert into aforo_registros (business_id,fecha_hora,tipo,id) values (?,?,?,default)
Hibernate: insert into aforo_registros (business_id,fecha_hora,tipo,id) values (?,?,?,default)
Hibernate: insert into aforo_registros (business_id,fecha_hora,tipo,id) values (?,?,?,default)
Hibernate: insert into aforo_registros (business_id,fecha_hora,tipo,id) values (?,?,?,default)
Hibernate: insert into aforo_registros (business_id,fecha_hora,tipo,id) values (?,?,?,default)
Hibernate: insert into aforo_registros (business_id,fecha_hora,tipo,id) values (?,?,?,default)
Hibernate: insert into aforo_registros (business_id,fecha_hora,tipo,id) values (?,?,?,default)
Hibernate: insert into aforo_registros (business_id,fecha_hora,tipo,id) values (?,?,?,default)
Hibernate: insert into aforo_registros (business_id,fecha_hora,tipo,id) values (?,?,?,default)
Hibernate: insert into aforo_registros (business_id,fecha_hora,tipo,id) values (?,?,?,default)
Hibernate: insert into aforo_registros (business_id,fecha_hora,tipo,id) values (?,?,?,default)
Hibernate: insert into aforo_registros (business_id,fecha_hora,tipo,id) values (?,?,?,default)
Hibernate: insert into aforo_registros (business_id,fecha_hora,tipo,id) values (?,?,?,default)
Hibernate: insert into aforo_registros (business_id,fecha_hora,tipo,id) values (?,?,?,default)
Hibernate: insert into aforo_registros (business_id,fecha_hora,tipo,id) values (?,?,?,default)
Hibernate: insert into aforo_registros (business_id,fecha_hora,tipo,id) values (?,?,?,default)
Hibernate: insert into aforo_registros (business_id,fecha_hora,tipo,id) values (?,?,?,default)
Hibernate: insert into aforo_registros (business_id,fecha_hora,tipo,id) values (?,?,?,default)
Hibernate: insert into aforo_registros (business_id,fecha_hora,tipo,id) values (?,?,?,default)
Hibernate: insert into aforo_registros (business_id,fecha_hora,tipo,id) values (?,?,?,default)
Hibernate: insert into aforo_registros (business_id,fecha_hora,tipo,id) values (?,?,?,default)
Hibernate: insert into aforo_registros (business_id,fecha_hora,tipo,id) values (?,?,?,default)
Hibernate: insert into aforo_registros (business_id,fecha_hora,tipo,id) values (?,?,?,default)
Hibernate: insert into aforo_registros (business_id,fecha_hora,tipo,id) values (?,?,?,default)
Hibernate: insert into aforo_registros (business_id,fecha_hora,tipo,id) values (?,?,?,default)
Hibernate: insert into aforo_registros (business_id,fecha_hora,tipo,id) values (?,?,?,default)
Hibernate: insert into aforo_registros (business_id,fecha_hora,tipo,id) values (?,?,?,default)
Hibernate: insert into aforo_registros (business_id,fecha_hora,tipo,id) values (?,?,?,default)
Hibernate: insert into aforo_registros (business_id,fecha_hora,tipo,id) values (?,?,?,default)
Hibernate: insert into aforo_registros (business_id,fecha_hora,tipo,id) values (?,?,?,default)
Hibernate: insert into aforo_registros (business_id,fecha_hora,tipo,id) values (?,?,?,default)
Hibernate: insert into aforo_registros (business_id,fecha_hora,tipo,id) values (?,?,?,default)
Hibernate: insert into aforo_registros (business_id,fecha_hora,tipo,id) values (?,?,?,default)
Hibernate: insert into aforo_registros (business_id,fecha_hora,tipo,id) values (?,?,?,default)
Hibernate: insert into aforo_registros (business_id,fecha_hora,tipo,id) values (?,?,?,default)
Hibernate: insert into aforo_registros (business_id,fecha_hora,tipo,id) values (?,?,?,default)
Hibernate: insert into aforo_registros (business_id,fecha_hora,tipo,id) values (?,?,?,default)
Hibernate: insert into aforo_registros (business_id,fecha_hora,tipo,id) values (?,?,?,default)
Hibernate: insert into aforo_registros (business_id,fecha_hora,tipo,id) values (?,?,?,default)
Hibernate: insert into aforo_registros (business_id,fecha_hora,tipo,id) values (?,?,?,default)
Hibernate: insert into aforo_registros (business_id,fecha_hora,tipo,id) values (?,?,?,default)
Hibernate: insert into aforo_registros (business_id,fecha_hora,tipo,id) values (?,?,?,default)
Hibernate: insert into aforo_registros (business_id,fecha_hora,tipo,id) values (?,?,?,default)
Hibernate: insert into aforo_registros (business_id,fecha_hora,tipo,id) values (?,?,?,default)
Hibernate: insert into aforo_registros (business_id,fecha_hora,tipo,id) values (?,?,?,default)
Hibernate: insert into aforo_registros (business_id,fecha_hora,tipo,id) values (?,?,?,default)
Hibernate: insert into aforo_registros (business_id,fecha_hora,tipo,id) values (?,?,?,default)
Hibernate: insert into aforo_registros (business_id,fecha_hora,tipo,id) values (?,?,?,default)
Hibernate: insert into aforo_registros (business_id,fecha_hora,tipo,id) values (?,?,?,default)
Hibernate: insert into aforo_registros (business_id,fecha_hora,tipo,id) values (?,?,?,default)
Hibernate: insert into aforo_registros (business_id,fecha_hora,tipo,id) values (?,?,?,default)
Hibernate: insert into aforo_registros (business_id,fecha_hora,tipo,id) values (?,?,?,default)
Hibernate: insert into aforo_registros (business_id,fecha_hora,tipo,id) values (?,?,?,default)
Hibernate: insert into aforo_registros (business_id,fecha_hora,tipo,id) values (?,?,?,default)
Hibernate: insert into aforo_registros (business_id,fecha_hora,tipo,id) values (?,?,?,default)
Hibernate: insert into aforo_registros (business_id,fecha_hora,tipo,id) values (?,?,?,default)
Hibernate: insert into aforo_registros (business_id,fecha_hora,tipo,id) values (?,?,?,default)
Hibernate: insert into aforo_registros (business_id,fecha_hora,tipo,id) values (?,?,?,default)
Hibernate: insert into aforo_registros (business_id,fecha_hora,tipo,id) values (?,?,?,default)
Hibernate: insert into aforo_registros (business_id,fecha_hora,tipo,id) values (?,?,?,default)
Hibernate: insert into aforo_registros (business_id,fecha_hora,tipo,id) values (?,?,?,default)
Hibernate: insert into aforo_registros (business_id,fecha_hora,tipo,id) values (?,?,?,default)
Hibernate: insert into aforo_registros (business_id,fecha_hora,tipo,id) values (?,?,?,default)
Hibernate: insert into aforo_registros (business_id,fecha_hora,tipo,id) values (?,?,?,default)
Hibernate: insert into aforo_registros (business_id,fecha_hora,tipo,id) values (?,?,?,default)
Hibernate: insert into aforo_registros (business_id,fecha_hora,tipo,id) values (?,?,?,default)
Hibernate: insert into aforo_registros (business_id,fecha_hora,tipo,id) values (?,?,?,default)
Hibernate: insert into aforo_registros (business_id,fecha_hora,tipo,id) values (?,?,?,default)
Hibernate: insert into aforo_registros (business_id,fecha_hora,tipo,id) values (?,?,?,default)
Hibernate: insert into aforo_registros (business_id,fecha_hora,tipo,id) values (?,?,?,default)
Hibernate: insert into aforo_registros (business_id,fecha_hora,tipo,id) values (?,?,?,default)
Hibernate: insert into aforo_registros (business_id,fecha_hora,tipo,id) values (?,?,?,default)
Hibernate: insert into aforo_registros (business_id,fecha_hora,tipo,id) values (?,?,?,default)
Hibernate: insert into aforo_registros (business_id,fecha_hora,tipo,id) values (?,?,?,default)
Hibernate: insert into aforo_registros (business_id,fecha_hora,tipo,id) values (?,?,?,default)
Hibernate: insert into aforo_registros (business_id,fecha_hora,tipo,id) values (?,?,?,default)
Hibernate: insert into aforo_registros (business_id,fecha_hora,tipo,id) values (?,?,?,default)
Hibernate: insert into aforo_registros (business_id,fecha_hora,tipo,id) values (?,?,?,default)
Hibernate: insert into aforo_registros (business_id,fecha_hora,tipo,id) values (?,?,?,default)
Hibernate: insert into aforo_registros (business_id,fecha_hora,tipo,id) values (?,?,?,default)
Hibernate: insert into aforo_registros (business_id,fecha_hora,tipo,id) values (?,?,?,default)
Hibernate: insert into aforo_registros (business_id,fecha_hora,tipo,id) values (?,?,?,default)
Hibernate: insert into aforo_registros (business_id,fecha_hora,tipo,id) values (?,?,?,default)
Hibernate: insert into aforo_registros (business_id,fecha_hora,tipo,id) values (?,?,?,default)
Hibernate: insert into aforo_registros (business_id,fecha_hora,tipo,id) values (?,?,?,default)
Hibernate: insert into aforo_registros (business_id,fecha_hora,tipo,id) values (?,?,?,default)
Hibernate: insert into aforo_registros (business_id,fecha_hora,tipo,id) values (?,?,?,default)
Hibernate: insert into aforo_registros (business_id,fecha_hora,tipo,id) values (?,?,?,default)
Hibernate: insert into aforo_registros (business_id,fecha_hora,tipo,id) values (?,?,?,default)
Hibernate: insert into aforo_registros (business_id,fecha_hora,tipo,id) values (?,?,?,default)
Hibernate: insert into aforo_registros (business_id,fecha_hora,tipo,id) values (?,?,?,default)
Hibernate: insert into aforo_registros (business_id,fecha_hora,tipo,id) values (?,?,?,default)
Hibernate: insert into aforo_registros (business_id,fecha_hora,tipo,id) values (?,?,?,default)
Hibernate: insert into aforo_registros (business_id,fecha_hora,tipo,id) values (?,?,?,default)
Hibernate: insert into aforo_registros (business_id,fecha_hora,tipo,id) values (?,?,?,default)
Hibernate: insert into aforo_registros (business_id,fecha_hora,tipo,id) values (?,?,?,default)
Hibernate: insert into aforo_registros (business_id,fecha_hora,tipo,id) values (?,?,?,default)
Hibernate: insert into aforo_registros (business_id,fecha_hora,tipo,id) values (?,?,?,default)
Hibernate: insert into aforo_registros (business_id,fecha_hora,tipo,id) values (?,?,?,default)
Hibernate: insert into aforo_registros (business_id,fecha_hora,tipo,id) values (?,?,?,default)
Hibernate: insert into aforo_registros (business_id,fecha_hora,tipo,id) values (?,?,?,default)
Hibernate: insert into aforo_registros (business_id,fecha_hora,tipo,id) values (?,?,?,default)
Hibernate: insert into aforo_registros (business_id,fecha_hora,tipo,id) values (?,?,?,default)
Hibernate: insert into aforo_registros (business_id,fecha_hora,tipo,id) values (?,?,?,default)
Hibernate: insert into aforo_registros (business_id,fecha_hora,tipo,id) values (?,?,?,default)
Hibernate: insert into aforo_registros (business_id,fecha_hora,tipo,id) values (?,?,?,default)
Hibernate: insert into aforo_registros (business_id,fecha_hora,tipo,id) values (?,?,?,default)
Hibernate: insert into aforo_registros (business_id,fecha_hora,tipo,id) values (?,?,?,default)
Hibernate: insert into aforo_registros (business_id,fecha_hora,tipo,id) values (?,?,?,default)
Hibernate: insert into aforo_registros (business_id,fecha_hora,tipo,id) values (?,?,?,default)
Hibernate: insert into aforo_registros (business_id,fecha_hora,tipo,id) values (?,?,?,default)
Hibernate: insert into aforo_registros (business_id,fecha_hora,tipo,id) values (?,?,?,default)
Hibernate: insert into aforo_registros (business_id,fecha_hora,tipo,id) values (?,?,?,default)
Hibernate: insert into aforo_registros (business_id,fecha_hora,tipo,id) values (?,?,?,default)
Hibernate: insert into aforo_registros (business_id,fecha_hora,tipo,id) values (?,?,?,default)
Hibernate: insert into aforo_registros (business_id,fecha_hora,tipo,id) values (?,?,?,default)
Hibernate: insert into aforo_registros (business_id,fecha_hora,tipo,id) values (?,?,?,default)
Hibernate: insert into aforo_registros (business_id,fecha_hora,tipo,id) values (?,?,?,default)
Hibernate: insert into aforo_registros (business_id,fecha_hora,tipo,id) values (?,?,?,default)
Hibernate: insert into aforo_registros (business_id,fecha_hora,tipo,id) values (?,?,?,default)
Hibernate: insert into aforo_registros (business_id,fecha_hora,tipo,id) values (?,?,?,default)
Hibernate: insert into aforo_registros (business_id,fecha_hora,tipo,id) values (?,?,?,default)
Hibernate: insert into aforo_registros (business_id,fecha_hora,tipo,id) values (?,?,?,default)
Hibernate: insert into aforo_registros (business_id,fecha_hora,tipo,id) values (?,?,?,default)
Hibernate: insert into aforo_registros (business_id,fecha_hora,tipo,id) values (?,?,?,default)
Hibernate: insert into aforo_registros (business_id,fecha_hora,tipo,id) values (?,?,?,default)
Hibernate: insert into aforo_registros (business_id,fecha_hora,tipo,id) values (?,?,?,default)
Hibernate: insert into aforo_registros (business_id,fecha_hora,tipo,id) values (?,?,?,default)
Hibernate: insert into aforo_registros (business_id,fecha_hora,tipo,id) values (?,?,?,default)
Hibernate: insert into aforo_registros (business_id,fecha_hora,tipo,id) values (?,?,?,default)
Hibernate: insert into aforo_registros (business_id,fecha_hora,tipo,id) values (?,?,?,default)
Hibernate: insert into aforo_registros (business_id,fecha_hora,tipo,id) values (?,?,?,default)
Hibernate: insert into aforo_registros (business_id,fecha_hora,tipo,id) values (?,?,?,default)
Hibernate: insert into aforo_registros (business_id,fecha_hora,tipo,id) values (?,?,?,default)
Hibernate: insert into aforo_registros (business_id,fecha_hora,tipo,id) values (?,?,?,default)
Hibernate: insert into aforo_registros (business_id,fecha_hora,tipo,id) values (?,?,?,default)
Hibernate: insert into aforo_registros (business_id,fecha_hora,tipo,id) values (?,?,?,default)
Hibernate: insert into aforo_registros (business_id,fecha_hora,tipo,id) values (?,?,?,default)
Hibernate: insert into aforo_registros (business_id,fecha_hora,tipo,id) values (?,?,?,default)
Hibernate: insert into aforo_registros (business_id,fecha_hora,tipo,id) values (?,?,?,default)
Hibernate: insert into aforo_registros (business_id,fecha_hora,tipo,id) values (?,?,?,default)
Hibernate: insert into aforo_registros (business_id,fecha_hora,tipo,id) values (?,?,?,default)
Hibernate: insert into aforo_registros (business_id,fecha_hora,tipo,id) values (?,?,?,default)
Hibernate: insert into aforo_registros (business_id,fecha_hora,tipo,id) values (?,?,?,default)
Hibernate: insert into aforo_registros (business_id,fecha_hora,tipo,id) values (?,?,?,default)
Hibernate: insert into aforo_registros (business_id,fecha_hora,tipo,id) values (?,?,?,default)
Hibernate: insert into aforo_registros (business_id,fecha_hora,tipo,id) values (?,?,?,default)
Hibernate: insert into aforo_registros (business_id,fecha_hora,tipo,id) values (?,?,?,default)
Hibernate: insert into aforo_registros (business_id,fecha_hora,tipo,id) values (?,?,?,default)
Hibernate: insert into aforo_registros (business_id,fecha_hora,tipo,id) values (?,?,?,default)
Hibernate: insert into aforo_registros (business_id,fecha_hora,tipo,id) values (?,?,?,default)
Hibernate: insert into aforo_registros (business_id,fecha_hora,tipo,id) values (?,?,?,default)
Hibernate: insert into aforo_registros (business_id,fecha_hora,tipo,id) values (?,?,?,default)
Hibernate: insert into aforo_registros (business_id,fecha_hora,tipo,id) values (?,?,?,default)
Hibernate: insert into aforo_registros (business_id,fecha_hora,tipo,id) values (?,?,?,default)
Hibernate: insert into aforo_registros (business_id,fecha_hora,tipo,id) values (?,?,?,default)
Hibernate: insert into aforo_registros (business_id,fecha_hora,tipo,id) values (?,?,?,default)
Hibernate: insert into aforo_registros (business_id,fecha_hora,tipo,id) values (?,?,?,default)
Hibernate: insert into aforo_registros (business_id,fecha_hora,tipo,id) values (?,?,?,default)
Hibernate: insert into aforo_registros (business_id,fecha_hora,tipo,id) values (?,?,?,default)
Hibernate: insert into aforo_registros (business_id,fecha_hora,tipo,id) values (?,?,?,default)
Hibernate: insert into aforo_registros (business_id,fecha_hora,tipo,id) values (?,?,?,default)
Hibernate: insert into aforo_registros (business_id,fecha_hora,tipo,id) values (?,?,?,default)
Hibernate: insert into aforo_registros (business_id,fecha_hora,tipo,id) values (?,?,?,default)
Hibernate: insert into aforo_registros (business_id,fecha_hora,tipo,id) values (?,?,?,default)
Hibernate: insert into aforo_registros (business_id,fecha_hora,tipo,id) values (?,?,?,default)
Hibernate: insert into aforo_registros (business_id,fecha_hora,tipo,id) values (?,?,?,default)
Hibernate: insert into aforo_registros (business_id,fecha_hora,tipo,id) values (?,?,?,default)
Hibernate: insert into aforo_registros (business_id,fecha_hora,tipo,id) values (?,?,?,default)
Hibernate: insert into aforo_registros (business_id,fecha_hora,tipo,id) values (?,?,?,default)
Hibernate: insert into aforo_registros (business_id,fecha_hora,tipo,id) values (?,?,?,default)
Hibernate: insert into aforo_registros (business_id,fecha_hora,tipo,id) values (?,?,?,default)
Hibernate: insert into aforo_registros (business_id,fecha_hora,tipo,id) values (?,?,?,default)
Hibernate: insert into aforo_registros (business_id,fecha_hora,tipo,id) values (?,?,?,default)
Hibernate: insert into aforo_registros (business_id,fecha_hora,tipo,id) values (?,?,?,default)
Hibernate: insert into aforo_registros (business_id,fecha_hora,tipo,id) values (?,?,?,default)
Hibernate: insert into aforo_registros (business_id,fecha_hora,tipo,id) values (?,?,?,default)
Hibernate: insert into aforo_registros (business_id,fecha_hora,tipo,id) values (?,?,?,default)
Hibernate: insert into aforo_registros (business_id,fecha_hora,tipo,id) values (?,?,?,default)
Hibernate: insert into aforo_registros (business_id,fecha_hora,tipo,id) values (?,?,?,default)
Hibernate: insert into aforo_registros (business_id,fecha_hora,tipo,id) values (?,?,?,default)
Hibernate: insert into aforo_registros (business_id,fecha_hora,tipo,id) values (?,?,?,default)
Hibernate: insert into aforo_registros (business_id,fecha_hora,tipo,id) values (?,?,?,default)
Hibernate: insert into aforo_registros (business_id,fecha_hora,tipo,id) values (?,?,?,default)
Hibernate: insert into aforo_registros (business_id,fecha_hora,tipo,id) values (?,?,?,default)
Hibernate: insert into aforo_registros (business_id,fecha_hora,tipo,id) values (?,?,?,default)
Hibernate: insert into aforo_registros (business_id,fecha_hora,tipo,id) values (?,?,?,default)
Hibernate: insert into aforo_registros (business_id,fecha_hora,tipo,id) values (?,?,?,default)
Hibernate: insert into aforo_registros (business_id,fecha_hora,tipo,id) values (?,?,?,default)
Hibernate: insert into aforo_registros (business_id,fecha_hora,tipo,id) values (?,?,?,default)
Hibernate: insert into aforo_registros (business_id,fecha_hora,tipo,id) values (?,?,?,default)
Hibernate: insert into aforo_registros (business_id,fecha_hora,tipo,id) values (?,?,?,default)
Hibernate: insert into aforo_registros (business_id,fecha_hora,tipo,id) values (?,?,?,default)
Hibernate: insert into aforo_registros (business_id,fecha_hora,tipo,id) values (?,?,?,default)
Hibernate: insert into aforo_registros (business_id,fecha_hora,tipo,id) values (?,?,?,default)
Hibernate: insert into aforo_registros (business_id,fecha_hora,tipo,id) values (?,?,?,default)
Hibernate: insert into aforo_registros (business_id,fecha_hora,tipo,id) values (?,?,?,default)
Hibernate: insert into aforo_registros (business_id,fecha_hora,tipo,id) values (?,?,?,default)
Hibernate: insert into aforo_registros (business_id,fecha_hora,tipo,id) values (?,?,?,default)
Hibernate: insert into aforo_registros (business_id,fecha_hora,tipo,id) values (?,?,?,default)
Hibernate: insert into aforo_registros (business_id,fecha_hora,tipo,id) values (?,?,?,default)
Hibernate: insert into aforo_registros (business_id,fecha_hora,tipo,id) values (?,?,?,default)
Hibernate: insert into aforo_registros (business_id,fecha_hora,tipo,id) values (?,?,?,default)
Hibernate: insert into aforo_registros (business_id,fecha_hora,tipo,id) values (?,?,?,default)
Hibernate: insert into aforo_registros (business_id,fecha_hora,tipo,id) values (?,?,?,default)
Hibernate: insert into aforo_registros (business_id,fecha_hora,tipo,id) values (?,?,?,default)
Hibernate: insert into aforo_registros (business_id,fecha_hora,tipo,id) values (?,?,?,default)
Hibernate: insert into aforo_registros (business_id,fecha_hora,tipo,id) values (?,?,?,default)
Hibernate: insert into aforo_registros (business_id,fecha_hora,tipo,id) values (?,?,?,default)
Hibernate: insert into aforo_registros (business_id,fecha_hora,tipo,id) values (?,?,?,default)
Hibernate: insert into aforo_registros (business_id,fecha_hora,tipo,id) values (?,?,?,default)
Hibernate: insert into aforo_registros (business_id,fecha_hora,tipo,id) values (?,?,?,default)
Hibernate: insert into aforo_registros (business_id,fecha_hora,tipo,id) values (?,?,?,default)
Hibernate: insert into aforo_registros (business_id,fecha_hora,tipo,id) values (?,?,?,default)
Hibernate: insert into aforo_registros (business_id,fecha_hora,tipo,id) values (?,?,?,default)
Hibernate: insert into aforo_registros (business_id,fecha_hora,tipo,id) values (?,?,?,default)
Hibernate: insert into aforo_registros (business_id,fecha_hora,tipo,id) values (?,?,?,default)
Hibernate: insert into aforo_registros (business_id,fecha_hora,tipo,id) values (?,?,?,default)
Hibernate: insert into aforo_registros (business_id,fecha_hora,tipo,id) values (?,?,?,default)
Hibernate: insert into aforo_registros (business_id,fecha_hora,tipo,id) values (?,?,?,default)
Hibernate: insert into aforo_registros (business_id,fecha_hora,tipo,id) values (?,?,?,default)
Hibernate: insert into aforo_registros (business_id,fecha_hora,tipo,id) values (?,?,?,default)
Hibernate: insert into aforo_registros (business_id,fecha_hora,tipo,id) values (?,?,?,default)
Hibernate: insert into aforo_registros (business_id,fecha_hora,tipo,id) values (?,?,?,default)
Hibernate: insert into aforo_registros (business_id,fecha_hora,tipo,id) values (?,?,?,default)
Hibernate: insert into aforo_registros (business_id,fecha_hora,tipo,id) values (?,?,?,default)
Hibernate: insert into aforo_registros (business_id,fecha_hora,tipo,id) values (?,?,?,default)
Hibernate: insert into aforo_registros (business_id,fecha_hora,tipo,id) values (?,?,?,default)
Hibernate: insert into aforo_registros (business_id,fecha_hora,tipo,id) values (?,?,?,default)
Hibernate: insert into aforo_registros (business_id,fecha_hora,tipo,id) values (?,?,?,default)
Hibernate: insert into aforo_registros (business_id,fecha_hora,tipo,id) values (?,?,?,default)
Hibernate: insert into aforo_registros (business_id,fecha_hora,tipo,id) values (?,?,?,default)
Hibernate: insert into aforo_registros (business_id,fecha_hora,tipo,id) values (?,?,?,default)
Hibernate: insert into aforo_registros (business_id,fecha_hora,tipo,id) values (?,?,?,default)
Hibernate: insert into aforo_registros (business_id,fecha_hora,tipo,id) values (?,?,?,default)
Hibernate: insert into aforo_registros (business_id,fecha_hora,tipo,id) values (?,?,?,default)
Hibernate: insert into aforo_registros (business_id,fecha_hora,tipo,id) values (?,?,?,default)
Hibernate: insert into aforo_registros (business_id,fecha_hora,tipo,id) values (?,?,?,default)
Hibernate: insert into aforo_registros (business_id,fecha_hora,tipo,id) values (?,?,?,default)
Hibernate: insert into aforo_registros (business_id,fecha_hora,tipo,id) values (?,?,?,default)
Hibernate: insert into aforo_registros (business_id,fecha_hora,tipo,id) values (?,?,?,default)
Hibernate: insert into aforo_registros (business_id,fecha_hora,tipo,id) values (?,?,?,default)
Hibernate: insert into aforo_registros (business_id,fecha_hora,tipo,id) values (?,?,?,default)
Hibernate: insert into aforo_registros (business_id,fecha_hora,tipo,id) values (?,?,?,default)
Hibernate: insert into aforo_registros (business_id,fecha_hora,tipo,id) values (?,?,?,default)
Hibernate: insert into aforo_registros (business_id,fecha_hora,tipo,id) values (?,?,?,default)
Hibernate: insert into aforo_registros (business_id,fecha_hora,tipo,id) values (?,?,?,default)
Hibernate: insert into aforo_registros (business_id,fecha_hora,tipo,id) values (?,?,?,default)
Hibernate: insert into aforo_registros (business_id,fecha_hora,tipo,id) values (?,?,?,default)
Hibernate: insert into aforo_registros (business_id,fecha_hora,tipo,id) values (?,?,?,default)
Hibernate: insert into aforo_registros (business_id,fecha_hora,tipo,id) values (?,?,?,default)
Hibernate: insert into aforo_registros (business_id,fecha_hora,tipo,id) values (?,?,?,default)
Hibernate: insert into aforo_registros (business_id,fecha_hora,tipo,id) values (?,?,?,default)
Hibernate: insert into aforo_registros (business_id,fecha_hora,tipo,id) values (?,?,?,default)
Hibernate: insert into aforo_registros (business_id,fecha_hora,tipo,id) values (?,?,?,default)
Hibernate: insert into aforo_registros (business_id,fecha_hora,tipo,id) values (?,?,?,default)
Hibernate: insert into aforo_registros (business_id,fecha_hora,tipo,id) values (?,?,?,default)
Hibernate: insert into aforo_registros (business_id,fecha_hora,tipo,id) values (?,?,?,default)
Hibernate: insert into aforo_registros (business_id,fecha_hora,tipo,id) values (?,?,?,default)
Hibernate: insert into aforo_registros (business_id,fecha_hora,tipo,id) values (?,?,?,default)
Hibernate: insert into aforo_registros (business_id,fecha_hora,tipo,id) values (?,?,?,default)
Hibernate: insert into aforo_registros (business_id,fecha_hora,tipo,id) values (?,?,?,default)
Hibernate: insert into aforo_registros (business_id,fecha_hora,tipo,id) values (?,?,?,default)
Hibernate: insert into aforo_registros (business_id,fecha_hora,tipo,id) values (?,?,?,default)
Hibernate: insert into aforo_registros (business_id,fecha_hora,tipo,id) values (?,?,?,default)
Hibernate: insert into aforo_registros (business_id,fecha_hora,tipo,id) values (?,?,?,default)
Hibernate: insert into aforo_registros (business_id,fecha_hora,tipo,id) values (?,?,?,default)
Hibernate: insert into aforo_registros (business_id,fecha_hora,tipo,id) values (?,?,?,default)
Hibernate: insert into aforo_registros (business_id,fecha_hora,tipo,id) values (?,?,?,default)
Hibernate: insert into aforo_registros (business_id,fecha_hora,tipo,id) values (?,?,?,default)
Hibernate: insert into aforo_registros (business_id,fecha_hora,tipo,id) values (?,?,?,default)
Hibernate: insert into aforo_registros (business_id,fecha_hora,tipo,id) values (?,?,?,default)
Hibernate: insert into aforo_registros (business_id,fecha_hora,tipo,id) values (?,?,?,default)
Hibernate: insert into aforo_registros (business_id,fecha_hora,tipo,id) values (?,?,?,default)
Hibernate: insert into aforo_registros (business_id,fecha_hora,tipo,id) values (?,?,?,default)
Hibernate: insert into aforo_registros (business_id,fecha_hora,tipo,id) values (?,?,?,default)
Hibernate: insert into aforo_registros (business_id,fecha_hora,tipo,id) values (?,?,?,default)
Hibernate: insert into aforo_registros (business_id,fecha_hora,tipo,id) values (?,?,?,default)
Hibernate: insert into aforo_registros (business_id,fecha_hora,tipo,id) values (?,?,?,default)
Hibernate: insert into aforo_registros (business_id,fecha_hora,tipo,id) values (?,?,?,default)
Hibernate: insert into aforo_registros (business_id,fecha_hora,tipo,id) values (?,?,?,default)
Hibernate: insert into aforo_registros (business_id,fecha_hora,tipo,id) values (?,?,?,default)
Hibernate: insert into aforo_registros (business_id,fecha_hora,tipo,id) values (?,?,?,default)
Hibernate: insert into aforo_registros (business_id,fecha_hora,tipo,id) values (?,?,?,default)
Hibernate: insert into aforo_registros (business_id,fecha_hora,tipo,id) values (?,?,?,default)
Hibernate: insert into aforo_registros (business_id,fecha_hora,tipo,id) values (?,?,?,default)
Hibernate: insert into aforo_registros (business_id,fecha_hora,tipo,id) values (?,?,?,default)
Hibernate: insert into aforo_registros (business_id,fecha_hora,tipo,id) values (?,?,?,default)
Hibernate: insert into aforo_registros (business_id,fecha_hora,tipo,id) values (?,?,?,default)
Hibernate: insert into aforo_registros (business_id,fecha_hora,tipo,id) values (?,?,?,default)
Hibernate: insert into aforo_registros (business_id,fecha_hora,tipo,id) values (?,?,?,default)
Hibernate: insert into aforo_registros (business_id,fecha_hora,tipo,id) values (?,?,?,default)
Hibernate: insert into aforo_registros (business_id,fecha_hora,tipo,id) values (?,?,?,default)
Hibernate: insert into aforo_registros (business_id,fecha_hora,tipo,id) values (?,?,?,default)
Hibernate: insert into aforo_registros (business_id,fecha_hora,tipo,id) values (?,?,?,default)
Hibernate: insert into aforo_registros (business_id,fecha_hora,tipo,id) values (?,?,?,default)
Hibernate: insert into aforo_registros (business_id,fecha_hora,tipo,id) values (?,?,?,default)
Hibernate: insert into aforo_registros (business_id,fecha_hora,tipo,id) values (?,?,?,default)
Hibernate: insert into aforo_registros (business_id,fecha_hora,tipo,id) values (?,?,?,default)
Hibernate: insert into aforo_registros (business_id,fecha_hora,tipo,id) values (?,?,?,default)
Hibernate: insert into aforo_registros (business_id,fecha_hora,tipo,id) values (?,?,?,default)
Hibernate: insert into aforo_registros (business_id,fecha_hora,tipo,id) values (?,?,?,default)
Hibernate: insert into aforo_registros (business_id,fecha_hora,tipo,id) values (?,?,?,default)
Hibernate: insert into aforo_registros (business_id,fecha_hora,tipo,id) values (?,?,?,default)
Hibernate: insert into aforo_registros (business_id,fecha_hora,tipo,id) values (?,?,?,default)
Hibernate: insert into aforo_registros (business_id,fecha_hora,tipo,id) values (?,?,?,default)
Hibernate: insert into aforo_registros (business_id,fecha_hora,tipo,id) values (?,?,?,default)
Hibernate: insert into aforo_registros (business_id,fecha_hora,tipo,id) values (?,?,?,default)
Hibernate: insert into aforo_registros (business_id,fecha_hora,tipo,id) values (?,?,?,default)
Hibernate: insert into aforo_registros (business_id,fecha_hora,tipo,id) values (?,?,?,default)
Hibernate: insert into aforo_registros (business_id,fecha_hora,tipo,id) values (?,?,?,default)
Hibernate: insert into aforo_registros (business_id,fecha_hora,tipo,id) values (?,?,?,default)
Hibernate: insert into aforo_registros (business_id,fecha_hora,tipo,id) values (?,?,?,default)
Hibernate: insert into aforo_registros (business_id,fecha_hora,tipo,id) values (?,?,?,default)
Hibernate: insert into aforo_registros (business_id,fecha_hora,tipo,id) values (?,?,?,default)
Hibernate: insert into aforo_registros (business_id,fecha_hora,tipo,id) values (?,?,?,default)
Hibernate: insert into aforo_registros (business_id,fecha_hora,tipo,id) values (?,?,?,default)
Hibernate: insert into aforo_registros (business_id,fecha_hora,tipo,id) values (?,?,?,default)
Hibernate: insert into aforo_registros (business_id,fecha_hora,tipo,id) values (?,?,?,default)
Hibernate: insert into aforo_registros (business_id,fecha_hora,tipo,id) values (?,?,?,default)
Hibernate: insert into aforo_registros (business_id,fecha_hora,tipo,id) values (?,?,?,default)
Hibernate: insert into aforo_registros (business_id,fecha_hora,tipo,id) values (?,?,?,default)
Hibernate: insert into aforo_registros (business_id,fecha_hora,tipo,id) values (?,?,?,default)
Hibernate: insert into aforo_registros (business_id,fecha_hora,tipo,id) values (?,?,?,default)
Hibernate: insert into aforo_registros (business_id,fecha_hora,tipo,id) values (?,?,?,default)
Hibernate: insert into aforo_registros (business_id,fecha_hora,tipo,id) values (?,?,?,default)
Hibernate: insert into aforo_registros (business_id,fecha_hora,tipo,id) values (?,?,?,default)
Hibernate: insert into aforo_registros (business_id,fecha_hora,tipo,id) values (?,?,?,default)
Hibernate: insert into aforo_registros (business_id,fecha_hora,tipo,id) values (?,?,?,default)
Hibernate: insert into aforo_registros (business_id,fecha_hora,tipo,id) values (?,?,?,default)
Hibernate: insert into aforo_registros (business_id,fecha_hora,tipo,id) values (?,?,?,default)
Hibernate: insert into aforo_registros (business_id,fecha_hora,tipo,id) values (?,?,?,default)
Hibernate: insert into aforo_registros (business_id,fecha_hora,tipo,id) values (?,?,?,default)
Hibernate: insert into aforo_registros (business_id,fecha_hora,tipo,id) values (?,?,?,default)
Hibernate: insert into aforo_registros (business_id,fecha_hora,tipo,id) values (?,?,?,default)
Hibernate: insert into aforo_registros (business_id,fecha_hora,tipo,id) values (?,?,?,default)
Hibernate: insert into aforo_registros (business_id,fecha_hora,tipo,id) values (?,?,?,default)
Hibernate: insert into aforo_registros (business_id,fecha_hora,tipo,id) values (?,?,?,default)
Hibernate: insert into aforo_registros (business_id,fecha_hora,tipo,id) values (?,?,?,default)
Hibernate: insert into aforo_registros (business_id,fecha_hora,tipo,id) values (?,?,?,default)
Hibernate: insert into aforo_registros (business_id,fecha_hora,tipo,id) values (?,?,?,default)
Hibernate: insert into aforo_registros (business_id,fecha_hora,tipo,id) values (?,?,?,default)
Hibernate: insert into aforo_registros (business_id,fecha_hora,tipo,id) values (?,?,?,default)
Hibernate: insert into aforo_registros (business_id,fecha_hora,tipo,id) values (?,?,?,default)
Hibernate: insert into aforo_registros (business_id,fecha_hora,tipo,id) values (?,?,?,default)
Hibernate: insert into aforo_registros (business_id,fecha_hora,tipo,id) values (?,?,?,default)
Hibernate: insert into aforo_registros (business_id,fecha_hora,tipo,id) values (?,?,?,default)
Hibernate: insert into aforo_registros (business_id,fecha_hora,tipo,id) values (?,?,?,default)
Hibernate: insert into aforo_registros (business_id,fecha_hora,tipo,id) values (?,?,?,default)
Hibernate: insert into aforo_registros (business_id,fecha_hora,tipo,id) values (?,?,?,default)
Hibernate: insert into aforo_registros (business_id,fecha_hora,tipo,id) values (?,?,?,default)
Hibernate: insert into aforo_registros (business_id,fecha_hora,tipo,id) values (?,?,?,default)
Hibernate: insert into aforo_registros (business_id,fecha_hora,tipo,id) values (?,?,?,default)
Hibernate: insert into aforo_registros (business_id,fecha_hora,tipo,id) values (?,?,?,default)
Hibernate: insert into aforo_registros (business_id,fecha_hora,tipo,id) values (?,?,?,default)
Hibernate: insert into aforo_registros (business_id,fecha_hora,tipo,id) values (?,?,?,default)
Hibernate: insert into aforo_registros (business_id,fecha_hora,tipo,id) values (?,?,?,default)
Hibernate: insert into aforo_registros (business_id,fecha_hora,tipo,id) values (?,?,?,default)
Hibernate: insert into aforo_registros (business_id,fecha_hora,tipo,id) values (?,?,?,default)
Hibernate: insert into aforo_registros (business_id,fecha_hora,tipo,id) values (?,?,?,default)
Hibernate: insert into aforo_registros (business_id,fecha_hora,tipo,id) values (?,?,?,default)
Hibernate: insert into aforo_registros (business_id,fecha_hora,tipo,id) values (?,?,?,default)
Hibernate: insert into aforo_registros (business_id,fecha_hora,tipo,id) values (?,?,?,default)
Hibernate: insert into aforo_registros (business_id,fecha_hora,tipo,id) values (?,?,?,default)
Hibernate: insert into aforo_registros (business_id,fecha_hora,tipo,id) values (?,?,?,default)
Hibernate: insert into aforo_registros (business_id,fecha_hora,tipo,id) values (?,?,?,default)
Hibernate: insert into aforo_registros (business_id,fecha_hora,tipo,id) values (?,?,?,default)
Hibernate: insert into aforo_registros (business_id,fecha_hora,tipo,id) values (?,?,?,default)
Hibernate: insert into aforo_registros (business_id,fecha_hora,tipo,id) values (?,?,?,default)
Hibernate: insert into aforo_registros (business_id,fecha_hora,tipo,id) values (?,?,?,default)
Hibernate: insert into aforo_registros (business_id,fecha_hora,tipo,id) values (?,?,?,default)
Hibernate: insert into aforo_registros (business_id,fecha_hora,tipo,id) values (?,?,?,default)
Hibernate: insert into aforo_registros (business_id,fecha_hora,tipo,id) values (?,?,?,default)
Hibernate: insert into aforo_registros (business_id,fecha_hora,tipo,id) values (?,?,?,default)
Hibernate: insert into aforo_registros (business_id,fecha_hora,tipo,id) values (?,?,?,default)
Hibernate: insert into aforo_registros (business_id,fecha_hora,tipo,id) values (?,?,?,default)
Hibernate: insert into aforo_registros (business_id,fecha_hora,tipo,id) values (?,?,?,default)
Hibernate: insert into aforo_registros (business_id,fecha_hora,tipo,id) values (?,?,?,default)
Hibernate: insert into aforo_registros (business_id,fecha_hora,tipo,id) values (?,?,?,default)
Hibernate: insert into aforo_registros (business_id,fecha_hora,tipo,id) values (?,?,?,default)
Hibernate: insert into aforo_registros (business_id,fecha_hora,tipo,id) values (?,?,?,default)
Hibernate: insert into aforo_registros (business_id,fecha_hora,tipo,id) values (?,?,?,default)
Hibernate: insert into aforo_registros (business_id,fecha_hora,tipo,id) values (?,?,?,default)
Hibernate: insert into aforo_registros (business_id,fecha_hora,tipo,id) values (?,?,?,default)
Hibernate: insert into aforo_registros (business_id,fecha_hora,tipo,id) values (?,?,?,default)
Hibernate: insert into aforo_registros (business_id,fecha_hora,tipo,id) values (?,?,?,default)
Hibernate: insert into aforo_registros (business_id,fecha_hora,tipo,id) values (?,?,?,default)
Hibernate: insert into aforo_registros (business_id,fecha_hora,tipo,id) values (?,?,?,default)
Hibernate: insert into aforo_registros (business_id,fecha_hora,tipo,id) values (?,?,?,default)
Hibernate: insert into aforo_registros (business_id,fecha_hora,tipo,id) values (?,?,?,default)
Hibernate: insert into aforo_registros (business_id,fecha_hora,tipo,id) values (?,?,?,default)
Hibernate: insert into aforo_registros (business_id,fecha_hora,tipo,id) values (?,?,?,default)
Hibernate: insert into aforo_registros (business_id,fecha_hora,tipo,id) values (?,?,?,default)
Hibernate: insert into aforo_registros (business_id,fecha_hora,tipo,id) values (?,?,?,default)
Hibernate: insert into aforo_registros (business_id,fecha_hora,tipo,id) values (?,?,?,default)
Hibernate: insert into aforo_registros (business_id,fecha_hora,tipo,id) values (?,?,?,default)
Hibernate: insert into aforo_registros (business_id,fecha_hora,tipo,id) values (?,?,?,default)
Hibernate: insert into aforo_registros (business_id,fecha_hora,tipo,id) values (?,?,?,default)
Hibernate: insert into aforo_registros (business_id,fecha_hora,tipo,id) values (?,?,?,default)
Hibernate: insert into aforo_registros (business_id,fecha_hora,tipo,id) values (?,?,?,default)
Hibernate: insert into aforo_registros (business_id,fecha_hora,tipo,id) values (?,?,?,default)
Hibernate: insert into aforo_registros (business_id,fecha_hora,tipo,id) values (?,?,?,default)
Hibernate: insert into aforo_registros (business_id,fecha_hora,tipo,id) values (?,?,?,default)
Hibernate: insert into aforo_registros (business_id,fecha_hora,tipo,id) values (?,?,?,default)
Hibernate: insert into aforo_registros (business_id,fecha_hora,tipo,id) values (?,?,?,default)
Hibernate: insert into aforo_registros (business_id,fecha_hora,tipo,id) values (?,?,?,default)
Hibernate: insert into aforo_registros (business_id,fecha_hora,tipo,id) values (?,?,?,default)
Hibernate: insert into aforo_registros (business_id,fecha_hora,tipo,id) values (?,?,?,default)
Hibernate: insert into aforo_registros (business_id,fecha_hora,tipo,id) values (?,?,?,default)
Hibernate: insert into aforo_registros (business_id,fecha_hora,tipo,id) values (?,?,?,default)
Hibernate: insert into aforo_registros (business_id,fecha_hora,tipo,id) values (?,?,?,default)
Hibernate: insert into aforo_registros (business_id,fecha_hora,tipo,id) values (?,?,?,default)
Hibernate: insert into aforo_registros (business_id,fecha_hora,tipo,id) values (?,?,?,default)
Hibernate: insert into aforo_registros (business_id,fecha_hora,tipo,id) values (?,?,?,default)
Hibernate: insert into aforo_registros (business_id,fecha_hora,tipo,id) values (?,?,?,default)
Hibernate: insert into aforo_registros (business_id,fecha_hora,tipo,id) values (?,?,?,default)
Hibernate: insert into aforo_registros (business_id,fecha_hora,tipo,id) values (?,?,?,default)
Hibernate: insert into aforo_registros (business_id,fecha_hora,tipo,id) values (?,?,?,default)
Hibernate: insert into aforo_registros (business_id,fecha_hora,tipo,id) values (?,?,?,default)
Hibernate: insert into aforo_registros (business_id,fecha_hora,tipo,id) values (?,?,?,default)
Hibernate: insert into aforo_registros (business_id,fecha_hora,tipo,id) values (?,?,?,default)
Hibernate: insert into aforo_registros (business_id,fecha_hora,tipo,id) values (?,?,?,default)
Hibernate: insert into aforo_registros (business_id,fecha_hora,tipo,id) values (?,?,?,default)
Hibernate: insert into aforo_registros (business_id,fecha_hora,tipo,id) values (?,?,?,default)
Hibernate: insert into aforo_registros (business_id,fecha_hora,tipo,id) values (?,?,?,default)
Hibernate: insert into aforo_registros (business_id,fecha_hora,tipo,id) values (?,?,?,default)
Hibernate: insert into aforo_registros (business_id,fecha_hora,tipo,id) values (?,?,?,default)
Hibernate: insert into aforo_registros (business_id,fecha_hora,tipo,id) values (?,?,?,default)
Hibernate: insert into aforo_registros (business_id,fecha_hora,tipo,id) values (?,?,?,default)
Hibernate: insert into aforo_registros (business_id,fecha_hora,tipo,id) values (?,?,?,default)
Hibernate: insert into aforo_registros (business_id,fecha_hora,tipo,id) values (?,?,?,default)
Hibernate: insert into aforo_registros (business_id,fecha_hora,tipo,id) values (?,?,?,default)
Hibernate: insert into aforo_registros (business_id,fecha_hora,tipo,id) values (?,?,?,default)
Hibernate: insert into aforo_registros (business_id,fecha_hora,tipo,id) values (?,?,?,default)
Hibernate: insert into aforo_registros (business_id,fecha_hora,tipo,id) values (?,?,?,default)
Hibernate: insert into aforo_registros (business_id,fecha_hora,tipo,id) values (?,?,?,default)
Hibernate: insert into aforo_registros (business_id,fecha_hora,tipo,id) values (?,?,?,default)
Hibernate: insert into aforo_registros (business_id,fecha_hora,tipo,id) values (?,?,?,default)
Hibernate: insert into aforo_registros (business_id,fecha_hora,tipo,id) values (?,?,?,default)
Hibernate: insert into aforo_registros (business_id,fecha_hora,tipo,id) values (?,?,?,default)
Hibernate: insert into aforo_registros (business_id,fecha_hora,tipo,id) values (?,?,?,default)
Hibernate: insert into aforo_registros (business_id,fecha_hora,tipo,id) values (?,?,?,default)
Hibernate: insert into aforo_registros (business_id,fecha_hora,tipo,id) values (?,?,?,default)
Hibernate: insert into aforo_registros (business_id,fecha_hora,tipo,id) values (?,?,?,default)
Hibernate: insert into aforo_registros (business_id,fecha_hora,tipo,id) values (?,?,?,default)
Hibernate: insert into aforo_registros (business_id,fecha_hora,tipo,id) values (?,?,?,default)
Hibernate: insert into aforo_registros (business_id,fecha_hora,tipo,id) values (?,?,?,default)
Hibernate: insert into aforo_registros (business_id,fecha_hora,tipo,id) values (?,?,?,default)
Hibernate: insert into aforo_registros (business_id,fecha_hora,tipo,id) values (?,?,?,default)
Hibernate: insert into aforo_registros (business_id,fecha_hora,tipo,id) values (?,?,?,default)
Hibernate: insert into aforo_registros (business_id,fecha_hora,tipo,id) values (?,?,?,default)
Hibernate: insert into aforo_registros (business_id,fecha_hora,tipo,id) values (?,?,?,default)
Hibernate: insert into aforo_registros (business_id,fecha_hora,tipo,id) values (?,?,?,default)
Hibernate: insert into aforo_registros (business_id,fecha_hora,tipo,id) values (?,?,?,default)
Hibernate: insert into aforo_registros (business_id,fecha_hora,tipo,id) values (?,?,?,default)
Hibernate: insert into aforo_registros (business_id,fecha_hora,tipo,id) values (?,?,?,default)
Hibernate: insert into aforo_registros (business_id,fecha_hora,tipo,id) values (?,?,?,default)
Hibernate: insert into aforo_registros (business_id,fecha_hora,tipo,id) values (?,?,?,default)
Hibernate: insert into aforo_registros (business_id,fecha_hora,tipo,id) values (?,?,?,default)
Hibernate: insert into aforo_registros (business_id,fecha_hora,tipo,id) values (?,?,?,default)
Hibernate: insert into aforo_registros (business_id,fecha_hora,tipo,id) values (?,?,?,default)
Hibernate: insert into aforo_registros (business_id,fecha_hora,tipo,id) values (?,?,?,default)
Hibernate: insert into aforo_registros (business_id,fecha_hora,tipo,id) values (?,?,?,default)
Hibernate: insert into aforo_registros (business_id,fecha_hora,tipo,id) values (?,?,?,default)
Hibernate: insert into aforo_registros (business_id,fecha_hora,tipo,id) values (?,?,?,default)
Hibernate: insert into aforo_registros (business_id,fecha_hora,tipo,id) values (?,?,?,default)
Hibernate: insert into aforo_registros (business_id,fecha_hora,tipo,id) values (?,?,?,default)
Hibernate: insert into aforo_registros (business_id,fecha_hora,tipo,id) values (?,?,?,default)
Hibernate: insert into aforo_registros (business_id,fecha_hora,tipo,id) values (?,?,?,default)
Hibernate: insert into aforo_registros (business_id,fecha_hora,tipo,id) values (?,?,?,default)
Hibernate: insert into aforo_registros (business_id,fecha_hora,tipo,id) values (?,?,?,default)
Hibernate: insert into aforo_registros (business_id,fecha_hora,tipo,id) values (?,?,?,default)
Hibernate: insert into aforo_registros (business_id,fecha_hora,tipo,id) values (?,?,?,default)
Hibernate: insert into aforo_registros (business_id,fecha_hora,tipo,id) values (?,?,?,default)
Hibernate: insert into aforo_registros (business_id,fecha_hora,tipo,id) values (?,?,?,default)
Hibernate: insert into aforo_registros (business_id,fecha_hora,tipo,id) values (?,?,?,default)
Hibernate: insert into aforo_registros (business_id,fecha_hora,tipo,id) values (?,?,?,default)
Hibernate: insert into aforo_registros (business_id,fecha_hora,tipo,id) values (?,?,?,default)
Hibernate: insert into aforo_registros (business_id,fecha_hora,tipo,id) values (?,?,?,default)
Hibernate: insert into aforo_registros (business_id,fecha_hora,tipo,id) values (?,?,?,default)
Hibernate: insert into aforo_registros (business_id,fecha_hora,tipo,id) values (?,?,?,default)
Hibernate: insert into aforo_registros (business_id,fecha_hora,tipo,id) values (?,?,?,default)
Hibernate: insert into aforo_registros (business_id,fecha_hora,tipo,id) values (?,?,?,default)
Hibernate: insert into aforo_registros (business_id,fecha_hora,tipo,id) values (?,?,?,default)
Hibernate: insert into aforo_registros (business_id,fecha_hora,tipo,id) values (?,?,?,default)
Hibernate: insert into aforo_registros (business_id,fecha_hora,tipo,id) values (?,?,?,default)
Hibernate: insert into aforo_registros (business_id,fecha_hora,tipo,id) values (?,?,?,default)
Hibernate: insert into aforo_registros (business_id,fecha_hora,tipo,id) values (?,?,?,default)
Hibernate: insert into aforo_registros (business_id,fecha_hora,tipo,id) values (?,?,?,default)
Hibernate: insert into aforo_registros (business_id,fecha_hora,tipo,id) values (?,?,?,default)
Hibernate: insert into aforo_registros (business_id,fecha_hora,tipo,id) values (?,?,?,default)
Hibernate: insert into aforo_registros (business_id,fecha_hora,tipo,id) values (?,?,?,default)
Hibernate: insert into aforo_registros (business_id,fecha_hora,tipo,id) values (?,?,?,default)
Hibernate: insert into aforo_registros (business_id,fecha_hora,tipo,id) values (?,?,?,default)
Hibernate: insert into aforo_registros (business_id,fecha_hora,tipo,id) values (?,?,?,default)
Hibernate: insert into aforo_registros (business_id,fecha_hora,tipo,id) values (?,?,?,default)
Hibernate: insert into aforo_registros (business_id,fecha_hora,tipo,id) values (?,?,?,default)
Hibernate: insert into aforo_registros (business_id,fecha_hora,tipo,id) values (?,?,?,default)
Hibernate: insert into aforo_registros (business_id,fecha_hora,tipo,id) values (?,?,?,default)
Hibernate: insert into aforo_registros (business_id,fecha_hora,tipo,id) values (?,?,?,default)
Hibernate: insert into aforo_registros (business_id,fecha_hora,tipo,id) values (?,?,?,default)
Hibernate: insert into aforo_registros (business_id,fecha_hora,tipo,id) values (?,?,?,default)
Hibernate: insert into aforo_registros (business_id,fecha_hora,tipo,id) values (?,?,?,default)
Hibernate: insert into aforo_registros (business_id,fecha_hora,tipo,id) values (?,?,?,default)
Hibernate: insert into aforo_registros (business_id,fecha_hora,tipo,id) values (?,?,?,default)
Hibernate: insert into aforo_registros (business_id,fecha_hora,tipo,id) values (?,?,?,default)
Hibernate: insert into aforo_registros (business_id,fecha_hora,tipo,id) values (?,?,?,default)
Hibernate: insert into aforo_registros (business_id,fecha_hora,tipo,id) values (?,?,?,default)
Hibernate: insert into aforo_registros (business_id,fecha_hora,tipo,id) values (?,?,?,default)
Hibernate: insert into aforo_registros (business_id,fecha_hora,tipo,id) values (?,?,?,default)
Hibernate: insert into aforo_registros (business_id,fecha_hora,tipo,id) values (?,?,?,default)
Hibernate: insert into aforo_registros (business_id,fecha_hora,tipo,id) values (?,?,?,default)
Hibernate: insert into aforo_registros (business_id,fecha_hora,tipo,id) values (?,?,?,default)
Hibernate: insert into aforo_registros (business_id,fecha_hora,tipo,id) values (?,?,?,default)
Hibernate: insert into aforo_registros (business_id,fecha_hora,tipo,id) values (?,?,?,default)
Hibernate: insert into aforo_registros (business_id,fecha_hora,tipo,id) values (?,?,?,default)
Hibernate: insert into aforo_registros (business_id,fecha_hora,tipo,id) values (?,?,?,default)
Hibernate: insert into aforo_registros (business_id,fecha_hora,tipo,id) values (?,?,?,default)
Hibernate: insert into aforo_registros (business_id,fecha_hora,tipo,id) values (?,?,?,default)
Hibernate: insert into aforo_registros (business_id,fecha_hora,tipo,id) values (?,?,?,default)
Hibernate: insert into aforo_registros (business_id,fecha_hora,tipo,id) values (?,?,?,default)
Hibernate: insert into aforo_registros (business_id,fecha_hora,tipo,id) values (?,?,?,default)
Hibernate: insert into aforo_registros (business_id,fecha_hora,tipo,id) values (?,?,?,default)
Hibernate: insert into aforo_registros (business_id,fecha_hora,tipo,id) values (?,?,?,default)
Hibernate: insert into aforo_registros (business_id,fecha_hora,tipo,id) values (?,?,?,default)
Hibernate: insert into aforo_registros (business_id,fecha_hora,tipo,id) values (?,?,?,default)
Hibernate: insert into aforo_registros (business_id,fecha_hora,tipo,id) values (?,?,?,default)
Hibernate: insert into aforo_registros (business_id,fecha_hora,tipo,id) values (?,?,?,default)
Hibernate: insert into aforo_registros (business_id,fecha_hora,tipo,id) values (?,?,?,default)
Hibernate: insert into aforo_registros (business_id,fecha_hora,tipo,id) values (?,?,?,default)
Hibernate: insert into aforo_registros (business_id,fecha_hora,tipo,id) values (?,?,?,default)
Hibernate: insert into aforo_registros (business_id,fecha_hora,tipo,id) values (?,?,?,default)
Hibernate: insert into aforo_registros (business_id,fecha_hora,tipo,id) values (?,?,?,default)
Hibernate: insert into aforo_registros (business_id,fecha_hora,tipo,id) values (?,?,?,default)
Hibernate: insert into aforo_registros (business_id,fecha_hora,tipo,id) values (?,?,?,default)
Hibernate: insert into aforo_registros (business_id,fecha_hora,tipo,id) values (?,?,?,default)
Hibernate: insert into aforo_registros (business_id,fecha_hora,tipo,id) values (?,?,?,default)
Hibernate: insert into aforo_registros (business_id,fecha_hora,tipo,id) values (?,?,?,default)
Hibernate: insert into aforo_registros (business_id,fecha_hora,tipo,id) values (?,?,?,default)
Hibernate: insert into aforo_registros (business_id,fecha_hora,tipo,id) values (?,?,?,default)
Hibernate: insert into aforo_registros (business_id,fecha_hora,tipo,id) values (?,?,?,default)
Hibernate: insert into aforo_registros (business_id,fecha_hora,tipo,id) values (?,?,?,default)
Hibernate: insert into aforo_registros (business_id,fecha_hora,tipo,id) values (?,?,?,default)
Hibernate: insert into aforo_registros (business_id,fecha_hora,tipo,id) values (?,?,?,default)
Hibernate: insert into aforo_registros (business_id,fecha_hora,tipo,id) values (?,?,?,default)
Hibernate: insert into aforo_registros (business_id,fecha_hora,tipo,id) values (?,?,?,default)
Hibernate: insert into aforo_registros (business_id,fecha_hora,tipo,id) values (?,?,?,default)
Hibernate: insert into aforo_registros (business_id,fecha_hora,tipo,id) values (?,?,?,default)
Hibernate: insert into aforo_registros (business_id,fecha_hora,tipo,id) values (?,?,?,default)
Hibernate: insert into aforo_registros (business_id,fecha_hora,tipo,id) values (?,?,?,default)
Hibernate: insert into aforo_registros (business_id,fecha_hora,tipo,id) values (?,?,?,default)
Hibernate: insert into aforo_registros (business_id,fecha_hora,tipo,id) values (?,?,?,default)
Hibernate: insert into aforo_registros (business_id,fecha_hora,tipo,id) values (?,?,?,default)
Hibernate: insert into aforo_registros (business_id,fecha_hora,tipo,id) values (?,?,?,default)
Hibernate: insert into aforo_registros (business_id,fecha_hora,tipo,id) values (?,?,?,default)
Hibernate: insert into aforo_registros (business_id,fecha_hora,tipo,id) values (?,?,?,default)
Hibernate: insert into aforo_registros (business_id,fecha_hora,tipo,id) values (?,?,?,default)
Hibernate: insert into aforo_registros (business_id,fecha_hora,tipo,id) values (?,?,?,default)
Hibernate: insert into aforo_registros (business_id,fecha_hora,tipo,id) values (?,?,?,default)
Hibernate: insert into aforo_registros (business_id,fecha_hora,tipo,id) values (?,?,?,default)
Hibernate: insert into aforo_registros (business_id,fecha_hora,tipo,id) values (?,?,?,default)
Hibernate: insert into aforo_registros (business_id,fecha_hora,tipo,id) values (?,?,?,default)
Hibernate: insert into aforo_registros (business_id,fecha_hora,tipo,id) values (?,?,?,default)
Hibernate: insert into aforo_registros (business_id,fecha_hora,tipo,id) values (?,?,?,default)
Hibernate: insert into aforo_registros (business_id,fecha_hora,tipo,id) values (?,?,?,default)
Hibernate: insert into aforo_registros (business_id,fecha_hora,tipo,id) values (?,?,?,default)
Hibernate: insert into aforo_registros (business_id,fecha_hora,tipo,id) values (?,?,?,default)
Hibernate: insert into aforo_registros (business_id,fecha_hora,tipo,id) values (?,?,?,default)
Hibernate: insert into aforo_registros (business_id,fecha_hora,tipo,id) values (?,?,?,default)
Hibernate: insert into aforo_registros (business_id,fecha_hora,tipo,id) values (?,?,?,default)
Hibernate: insert into aforo_registros (business_id,fecha_hora,tipo,id) values (?,?,?,default)
Hibernate: insert into aforo_registros (business_id,fecha_hora,tipo,id) values (?,?,?,default)
Hibernate: insert into aforo_registros (business_id,fecha_hora,tipo,id) values (?,?,?,default)
Hibernate: insert into aforo_registros (business_id,fecha_hora,tipo,id) values (?,?,?,default)
Hibernate: insert into aforo_registros (business_id,fecha_hora,tipo,id) values (?,?,?,default)
Hibernate: insert into aforo_registros (business_id,fecha_hora,tipo,id) values (?,?,?,default)
Hibernate: insert into aforo_registros (business_id,fecha_hora,tipo,id) values (?,?,?,default)
Hibernate: insert into aforo_registros (business_id,fecha_hora,tipo,id) values (?,?,?,default)
Hibernate: insert into aforo_registros (business_id,fecha_hora,tipo,id) values (?,?,?,default)
Hibernate: insert into aforo_registros (business_id,fecha_hora,tipo,id) values (?,?,?,default)
Hibernate: insert into aforo_registros (business_id,fecha_hora,tipo,id) values (?,?,?,default)
Hibernate: insert into aforo_registros (business_id,fecha_hora,tipo,id) values (?,?,?,default)
Hibernate: insert into aforo_registros (business_id,fecha_hora,tipo,id) values (?,?,?,default)
Hibernate: insert into aforo_registros (business_id,fecha_hora,tipo,id) values (?,?,?,default)
Hibernate: insert into aforo_registros (business_id,fecha_hora,tipo,id) values (?,?,?,default)
Hibernate: insert into aforo_registros (business_id,fecha_hora,tipo,id) values (?,?,?,default)
Hibernate: insert into aforo_registros (business_id,fecha_hora,tipo,id) values (?,?,?,default)
Hibernate: insert into aforo_registros (business_id,fecha_hora,tipo,id) values (?,?,?,default)
Hibernate: insert into aforo_registros (business_id,fecha_hora,tipo,id) values (?,?,?,default)
Hibernate: insert into aforo_registros (business_id,fecha_hora,tipo,id) values (?,?,?,default)
Hibernate: insert into aforo_registros (business_id,fecha_hora,tipo,id) values (?,?,?,default)
Hibernate: insert into aforo_registros (business_id,fecha_hora,tipo,id) values (?,?,?,default)
Hibernate: insert into aforo_registros (business_id,fecha_hora,tipo,id) values (?,?,?,default)
Hibernate: insert into aforo_registros (business_id,fecha_hora,tipo,id) values (?,?,?,default)
Hibernate: insert into aforo_registros (business_id,fecha_hora,tipo,id) values (?,?,?,default)
Hibernate: insert into aforo_registros (business_id,fecha_hora,tipo,id) values (?,?,?,default)
Hibernate: insert into aforo_registros (business_id,fecha_hora,tipo,id) values (?,?,?,default)
Hibernate: insert into aforo_registros (business_id,fecha_hora,tipo,id) values (?,?,?,default)
Hibernate: insert into aforo_registros (business_id,fecha_hora,tipo,id) values (?,?,?,default)
Hibernate: insert into aforo_registros (business_id,fecha_hora,tipo,id) values (?,?,?,default)
Hibernate: insert into aforo_registros (business_id,fecha_hora,tipo,id) values (?,?,?,default)
Hibernate: insert into aforo_registros (business_id,fecha_hora,tipo,id) values (?,?,?,default)
Hibernate: insert into aforo_registros (business_id,fecha_hora,tipo,id) values (?,?,?,default)
Hibernate: insert into aforo_registros (business_id,fecha_hora,tipo,id) values (?,?,?,default)
Hibernate: insert into aforo_registros (business_id,fecha_hora,tipo,id) values (?,?,?,default)
Hibernate: insert into aforo_registros (business_id,fecha_hora,tipo,id) values (?,?,?,default)
Hibernate: insert into aforo_registros (business_id,fecha_hora,tipo,id) values (?,?,?,default)
Hibernate: insert into aforo_registros (business_id,fecha_hora,tipo,id) values (?,?,?,default)
Hibernate: insert into aforo_registros (business_id,fecha_hora,tipo,id) values (?,?,?,default)
Hibernate: insert into aforo_registros (business_id,fecha_hora,tipo,id) values (?,?,?,default)
Hibernate: insert into aforo_registros (business_id,fecha_hora,tipo,id) values (?,?,?,default)
Hibernate: insert into aforo_registros (business_id,fecha_hora,tipo,id) values (?,?,?,default)
Hibernate: insert into aforo_registros (business_id,fecha_hora,tipo,id) values (?,?,?,default)
Hibernate: insert into aforo_registros (business_id,fecha_hora,tipo,id) values (?,?,?,default)
Hibernate: insert into aforo_registros (business_id,fecha_hora,tipo,id) values (?,?,?,default)
Hibernate: insert into aforo_registros (business_id,fecha_hora,tipo,id) values (?,?,?,default)
Hibernate: insert into aforo_registros (business_id,fecha_hora,tipo,id) values (?,?,?,default)
Hibernate: insert into aforo_registros (business_id,fecha_hora,tipo,id) values (?,?,?,default)
Hibernate: insert into aforo_registros (business_id,fecha_hora,tipo,id) values (?,?,?,default)
Hibernate: insert into aforo_registros (business_id,fecha_hora,tipo,id) values (?,?,?,default)
Hibernate: insert into aforo_registros (business_id,fecha_hora,tipo,id) values (?,?,?,default)
Hibernate: insert into aforo_registros (business_id,fecha_hora,tipo,id) values (?,?,?,default)
Hibernate: insert into aforo_registros (business_id,fecha_hora,tipo,id) values (?,?,?,default)
Hibernate: insert into aforo_registros (business_id,fecha_hora,tipo,id) values (?,?,?,default)
Hibernate: insert into aforo_registros (business_id,fecha_hora,tipo,id) values (?,?,?,default)
Hibernate: insert into aforo_registros (business_id,fecha_hora,tipo,id) values (?,?,?,default)
Hibernate: insert into aforo_registros (business_id,fecha_hora,tipo,id) values (?,?,?,default)
Hibernate: insert into aforo_registros (business_id,fecha_hora,tipo,id) values (?,?,?,default)
Hibernate: insert into aforo_registros (business_id,fecha_hora,tipo,id) values (?,?,?,default)
Hibernate: insert into aforo_registros (business_id,fecha_hora,tipo,id) values (?,?,?,default)
Hibernate: insert into aforo_registros (business_id,fecha_hora,tipo,id) values (?,?,?,default)
Hibernate: insert into aforo_registros (business_id,fecha_hora,tipo,id) values (?,?,?,default)
Hibernate: insert into aforo_registros (business_id,fecha_hora,tipo,id) values (?,?,?,default)
Hibernate: insert into aforo_registros (business_id,fecha_hora,tipo,id) values (?,?,?,default)
Hibernate: insert into aforo_registros (business_id,fecha_hora,tipo,id) values (?,?,?,default)
Hibernate: insert into aforo_registros (business_id,fecha_hora,tipo,id) values (?,?,?,default)
Hibernate: insert into aforo_registros (business_id,fecha_hora,tipo,id) values (?,?,?,default)
Hibernate: insert into aforo_registros (business_id,fecha_hora,tipo,id) values (?,?,?,default)
Hibernate: insert into aforo_registros (business_id,fecha_hora,tipo,id) values (?,?,?,default)
Hibernate: insert into aforo_registros (business_id,fecha_hora,tipo,id) values (?,?,?,default)
Hibernate: insert into aforo_registros (business_id,fecha_hora,tipo,id) values (?,?,?,default)
Hibernate: insert into aforo_registros (business_id,fecha_hora,tipo,id) values (?,?,?,default)
Hibernate: insert into aforo_registros (business_id,fecha_hora,tipo,id) values (?,?,?,default)
Hibernate: insert into aforo_registros (business_id,fecha_hora,tipo,id) values (?,?,?,default)
Hibernate: insert into aforo_registros (business_id,fecha_hora,tipo,id) values (?,?,?,default)
Hibernate: insert into aforo_registros (business_id,fecha_hora,tipo,id) values (?,?,?,default)
Hibernate: insert into aforo_registros (business_id,fecha_hora,tipo,id) values (?,?,?,default)
Hibernate: insert into aforo_registros (business_id,fecha_hora,tipo,id) values (?,?,?,default)
Hibernate: insert into aforo_registros (business_id,fecha_hora,tipo,id) values (?,?,?,default)
Hibernate: insert into aforo_registros (business_id,fecha_hora,tipo,id) values (?,?,?,default)
Hibernate: insert into aforo_registros (business_id,fecha_hora,tipo,id) values (?,?,?,default)
Hibernate: insert into aforo_registros (business_id,fecha_hora,tipo,id) values (?,?,?,default)
Hibernate: insert into aforo_registros (business_id,fecha_hora,tipo,id) values (?,?,?,default)
Hibernate: insert into aforo_registros (business_id,fecha_hora,tipo,id) values (?,?,?,default)
Hibernate: insert into aforo_registros (business_id,fecha_hora,tipo,id) values (?,?,?,default)
Hibernate: insert into aforo_registros (business_id,fecha_hora,tipo,id) values (?,?,?,default)
Hibernate: insert into aforo_registros (business_id,fecha_hora,tipo,id) values (?,?,?,default)
Hibernate: insert into aforo_registros (business_id,fecha_hora,tipo,id) values (?,?,?,default)
Hibernate: insert into aforo_registros (business_id,fecha_hora,tipo,id) values (?,?,?,default)
Hibernate: insert into aforo_registros (business_id,fecha_hora,tipo,id) values (?,?,?,default)
Hibernate: insert into aforo_registros (business_id,fecha_hora,tipo,id) values (?,?,?,default)
Hibernate: insert into aforo_registros (business_id,fecha_hora,tipo,id) values (?,?,?,default)
Hibernate: insert into aforo_registros (business_id,fecha_hora,tipo,id) values (?,?,?,default)
Hibernate: insert into aforo_registros (business_id,fecha_hora,tipo,id) values (?,?,?,default)
Hibernate: insert into aforo_registros (business_id,fecha_hora,tipo,id) values (?,?,?,default)
Hibernate: insert into aforo_registros (business_id,fecha_hora,tipo,id) values (?,?,?,default)
Hibernate: insert into aforo_registros (business_id,fecha_hora,tipo,id) values (?,?,?,default)
Hibernate: insert into aforo_registros (business_id,fecha_hora,tipo,id) values (?,?,?,default)
Hibernate: insert into aforo_registros (business_id,fecha_hora,tipo,id) values (?,?,?,default)
Hibernate: insert into aforo_registros (business_id,fecha_hora,tipo,id) values (?,?,?,default)
Hibernate: insert into aforo_registros (business_id,fecha_hora,tipo,id) values (?,?,?,default)
Hibernate: insert into aforo_registros (business_id,fecha_hora,tipo,id) values (?,?,?,default)
Hibernate: insert into aforo_registros (business_id,fecha_hora,tipo,id) values (?,?,?,default)
Hibernate: insert into aforo_registros (business_id,fecha_hora,tipo,id) values (?,?,?,default)
Hibernate: insert into aforo_registros (business_id,fecha_hora,tipo,id) values (?,?,?,default)
Hibernate: insert into aforo_registros (business_id,fecha_hora,tipo,id) values (?,?,?,default)
Hibernate: insert into aforo_registros (business_id,fecha_hora,tipo,id) values (?,?,?,default)
Hibernate: insert into aforo_registros (business_id,fecha_hora,tipo,id) values (?,?,?,default)
Hibernate: insert into aforo_registros (business_id,fecha_hora,tipo,id) values (?,?,?,default)
Hibernate: insert into aforo_registros (business_id,fecha_hora,tipo,id) values (?,?,?,default)
Hibernate: insert into aforo_registros (business_id,fecha_hora,tipo,id) values (?,?,?,default)
Hibernate: insert into aforo_registros (business_id,fecha_hora,tipo,id) values (?,?,?,default)
Hibernate: insert into aforo_registros (business_id,fecha_hora,tipo,id) values (?,?,?,default)
Hibernate: insert into aforo_registros (business_id,fecha_hora,tipo,id) values (?,?,?,default)
Hibernate: insert into aforo_registros (business_id,fecha_hora,tipo,id) values (?,?,?,default)
Hibernate: insert into aforo_registros (business_id,fecha_hora,tipo,id) values (?,?,?,default)
Hibernate: insert into aforo_registros (business_id,fecha_hora,tipo,id) values (?,?,?,default)
Hibernate: insert into aforo_registros (business_id,fecha_hora,tipo,id) values (?,?,?,default)
Hibernate: insert into aforo_registros (business_id,fecha_hora,tipo,id) values (?,?,?,default)
Hibernate: insert into aforo_registros (business_id,fecha_hora,tipo,id) values (?,?,?,default)
Hibernate: insert into aforo_registros (business_id,fecha_hora,tipo,id) values (?,?,?,default)
Hibernate: insert into aforo_registros (business_id,fecha_hora,tipo,id) values (?,?,?,default)
Hibernate: insert into aforo_registros (business_id,fecha_hora,tipo,id) values (?,?,?,default)
Hibernate: insert into aforo_registros (business_id,fecha_hora,tipo,id) values (?,?,?,default)
Hibernate: insert into aforo_registros (business_id,fecha_hora,tipo,id) values (?,?,?,default)
Hibernate: insert into aforo_registros (business_id,fecha_hora,tipo,id) values (?,?,?,default)
Hibernate: insert into aforo_registros (business_id,fecha_hora,tipo,id) values (?,?,?,default)
Hibernate: insert into aforo_registros (business_id,fecha_hora,tipo,id) values (?,?,?,default)
Hibernate: insert into aforo_registros (business_id,fecha_hora,tipo,id) values (?,?,?,default)
Hibernate: insert into aforo_registros (business_id,fecha_hora,tipo,id) values (?,?,?,default)
Hibernate: insert into aforo_registros (business_id,fecha_hora,tipo,id) values (?,?,?,default)
Hibernate: insert into aforo_registros (business_id,fecha_hora,tipo,id) values (?,?,?,default)
Hibernate: insert into aforo_registros (business_id,fecha_hora,tipo,id) values (?,?,?,default)
Hibernate: insert into aforo_registros (business_id,fecha_hora,tipo,id) values (?,?,?,default)
Hibernate: insert into aforo_registros (business_id,fecha_hora,tipo,id) values (?,?,?,default)
Hibernate: insert into aforo_registros (business_id,fecha_hora,tipo,id) values (?,?,?,default)
Hibernate: insert into aforo_registros (business_id,fecha_hora,tipo,id) values (?,?,?,default)
Hibernate: insert into aforo_registros (business_id,fecha_hora,tipo,id) values (?,?,?,default)
Hibernate: insert into aforo_registros (business_id,fecha_hora,tipo,id) values (?,?,?,default)
Hibernate: insert into aforo_registros (business_id,fecha_hora,tipo,id) values (?,?,?,default)
Hibernate: insert into aforo_registros (business_id,fecha_hora,tipo,id) values (?,?,?,default)
Hibernate: insert into aforo_registros (business_id,fecha_hora,tipo,id) values (?,?,?,default)
Hibernate: insert into aforo_registros (business_id,fecha_hora,tipo,id) values (?,?,?,default)
Hibernate: insert into aforo_registros (business_id,fecha_hora,tipo,id) values (?,?,?,default)
Hibernate: insert into aforo_registros (business_id,fecha_hora,tipo,id) values (?,?,?,default)
Hibernate: insert into aforo_registros (business_id,fecha_hora,tipo,id) values (?,?,?,default)
Hibernate: insert into aforo_registros (business_id,fecha_hora,tipo,id) values (?,?,?,default)
Hibernate: insert into aforo_registros (business_id,fecha_hora,tipo,id) values (?,?,?,default)
Hibernate: insert into aforo_registros (business_id,fecha_hora,tipo,id) values (?,?,?,default)
Hibernate: insert into aforo_registros (business_id,fecha_hora,tipo,id) values (?,?,?,default)
Hibernate: insert into aforo_registros (business_id,fecha_hora,tipo,id) values (?,?,?,default)
Hibernate: insert into aforo_registros (business_id,fecha_hora,tipo,id) values (?,?,?,default)
Hibernate: insert into aforo_registros (business_id,fecha_hora,tipo,id) values (?,?,?,default)
Hibernate: insert into aforo_registros (business_id,fecha_hora,tipo,id) values (?,?,?,default)
Hibernate: insert into aforo_registros (business_id,fecha_hora,tipo,id) values (?,?,?,default)
Hibernate: insert into aforo_registros (business_id,fecha_hora,tipo,id) values (?,?,?,default)
Hibernate: insert into aforo_registros (business_id,fecha_hora,tipo,id) values (?,?,?,default)
Hibernate: insert into aforo_registros (business_id,fecha_hora,tipo,id) values (?,?,?,default)
Hibernate: insert into aforo_registros (business_id,fecha_hora,tipo,id) values (?,?,?,default)
Hibernate: insert into aforo_registros (business_id,fecha_hora,tipo,id) values (?,?,?,default)
Hibernate: insert into aforo_registros (business_id,fecha_hora,tipo,id) values (?,?,?,default)
Hibernate: insert into aforo_registros (business_id,fecha_hora,tipo,id) values (?,?,?,default)
Hibernate: insert into aforo_registros (business_id,fecha_hora,tipo,id) values (?,?,?,default)
Hibernate: insert into aforo_registros (business_id,fecha_hora,tipo,id) values (?,?,?,default)
Hibernate: insert into aforo_registros (business_id,fecha_hora,tipo,id) values (?,?,?,default)
Hibernate: insert into aforo_registros (business_id,fecha_hora,tipo,id) values (?,?,?,default)
Hibernate: insert into aforo_registros (business_id,fecha_hora,tipo,id) values (?,?,?,default)
Hibernate: insert into aforo_registros (business_id,fecha_hora,tipo,id) values (?,?,?,default)
Hibernate: insert into aforo_registros (business_id,fecha_hora,tipo,id) values (?,?,?,default)
Hibernate: insert into aforo_registros (business_id,fecha_hora,tipo,id) values (?,?,?,default)
Hibernate: insert into aforo_registros (business_id,fecha_hora,tipo,id) values (?,?,?,default)
Hibernate: insert into aforo_registros (business_id,fecha_hora,tipo,id) values (?,?,?,default)
Hibernate: insert into aforo_registros (business_id,fecha_hora,tipo,id) values (?,?,?,default)
Hibernate: insert into aforo_registros (business_id,fecha_hora,tipo,id) values (?,?,?,default)
Hibernate: insert into aforo_registros (business_id,fecha_hora,tipo,id) values (?,?,?,default)
Hibernate: insert into aforo_registros (business_id,fecha_hora,tipo,id) values (?,?,?,default)
Hibernate: insert into aforo_registros (business_id,fecha_hora,tipo,id) values (?,?,?,default)
Hibernate: insert into aforo_registros (business_id,fecha_hora,tipo,id) values (?,?,?,default)
Hibernate: insert into aforo_registros (business_id,fecha_hora,tipo,id) values (?,?,?,default)
Hibernate: insert into aforo_registros (business_id,fecha_hora,tipo,id) values (?,?,?,default)
Hibernate: insert into aforo_registros (business_id,fecha_hora,tipo,id) values (?,?,?,default)
Hibernate: insert into aforo_registros (business_id,fecha_hora,tipo,id) values (?,?,?,default)
Hibernate: insert into aforo_registros (business_id,fecha_hora,tipo,id) values (?,?,?,default)
Hibernate: insert into aforo_registros (business_id,fecha_hora,tipo,id) values (?,?,?,default)
Hibernate: insert into aforo_registros (business_id,fecha_hora,tipo,id) values (?,?,?,default)
Hibernate: insert into aforo_registros (business_id,fecha_hora,tipo,id) values (?,?,?,default)
Hibernate: insert into aforo_registros (business_id,fecha_hora,tipo,id) values (?,?,?,default)
Hibernate: insert into aforo_registros (business_id,fecha_hora,tipo,id) values (?,?,?,default)
Hibernate: insert into aforo_registros (business_id,fecha_hora,tipo,id) values (?,?,?,default)
Hibernate: insert into aforo_registros (business_id,fecha_hora,tipo,id) values (?,?,?,default)
Hibernate: insert into aforo_registros (business_id,fecha_hora,tipo,id) values (?,?,?,default)
Hibernate: insert into aforo_registros (business_id,fecha_hora,tipo,id) values (?,?,?,default)
Hibernate: insert into aforo_registros (business_id,fecha_hora,tipo,id) values (?,?,?,default)
Hibernate: insert into aforo_registros (business_id,fecha_hora,tipo,id) values (?,?,?,default)
Hibernate: insert into aforo_registros (business_id,fecha_hora,tipo,id) values (?,?,?,default)
Hibernate: insert into aforo_registros (business_id,fecha_hora,tipo,id) values (?,?,?,default)
Hibernate: insert into aforo_registros (business_id,fecha_hora,tipo,id) values (?,?,?,default)
Hibernate: insert into aforo_registros (business_id,fecha_hora,tipo,id) values (?,?,?,default)
Hibernate: insert into aforo_registros (business_id,fecha_hora,tipo,id) values (?,?,?,default)
Hibernate: insert into aforo_registros (business_id,fecha_hora,tipo,id) values (?,?,?,default)
Hibernate: insert into aforo_registros (business_id,fecha_hora,tipo,id) values (?,?,?,default)
Hibernate: insert into aforo_registros (business_id,fecha_hora,tipo,id) values (?,?,?,default)
Hibernate: insert into aforo_registros (business_id,fecha_hora,tipo,id) values (?,?,?,default)
Hibernate: insert into aforo_registros (business_id,fecha_hora,tipo,id) values (?,?,?,default)
Hibernate: insert into aforo_registros (business_id,fecha_hora,tipo,id) values (?,?,?,default)
Hibernate: insert into aforo_registros (business_id,fecha_hora,tipo,id) values (?,?,?,default)
Hibernate: insert into aforo_registros (business_id,fecha_hora,tipo,id) values (?,?,?,default)
Hibernate: insert into aforo_registros (business_id,fecha_hora,tipo,id) values (?,?,?,default)
Hibernate: insert into aforo_registros (business_id,fecha_hora,tipo,id) values (?,?,?,default)
Hibernate: insert into aforo_registros (business_id,fecha_hora,tipo,id) values (?,?,?,default)
Hibernate: insert into aforo_registros (business_id,fecha_hora,tipo,id) values (?,?,?,default)
Hibernate: insert into aforo_registros (business_id,fecha_hora,tipo,id) values (?,?,?,default)
Hibernate: insert into aforo_registros (business_id,fecha_hora,tipo,id) values (?,?,?,default)
Hibernate: insert into aforo_registros (business_id,fecha_hora,tipo,id) values (?,?,?,default)
Hibernate: insert into aforo_registros (business_id,fecha_hora,tipo,id) values (?,?,?,default)
Hibernate: insert into aforo_registros (business_id,fecha_hora,tipo,id) values (?,?,?,default)
Hibernate: insert into aforo_registros (business_id,fecha_hora,tipo,id) values (?,?,?,default)
Hibernate: insert into aforo_registros (business_id,fecha_hora,tipo,id) values (?,?,?,default)
Hibernate: insert into aforo_registros (business_id,fecha_hora,tipo,id) values (?,?,?,default)
Hibernate: insert into aforo_registros (business_id,fecha_hora,tipo,id) values (?,?,?,default)
Hibernate: insert into aforo_registros (business_id,fecha_hora,tipo,id) values (?,?,?,default)
Hibernate: insert into aforo_registros (business_id,fecha_hora,tipo,id) values (?,?,?,default)
Hibernate: insert into aforo_registros (business_id,fecha_hora,tipo,id) values (?,?,?,default)
Hibernate: insert into aforo_registros (business_id,fecha_hora,tipo,id) values (?,?,?,default)
Hibernate: insert into aforo_registros (business_id,fecha_hora,tipo,id) values (?,?,?,default)
Hibernate: insert into aforo_registros (business_id,fecha_hora,tipo,id) values (?,?,?,default)
Hibernate: insert into aforo_registros (business_id,fecha_hora,tipo,id) values (?,?,?,default)
Hibernate: insert into aforo_registros (business_id,fecha_hora,tipo,id) values (?,?,?,default)
Hibernate: insert into aforo_registros (business_id,fecha_hora,tipo,id) values (?,?,?,default)
Hibernate: insert into aforo_registros (business_id,fecha_hora,tipo,id) values (?,?,?,default)
Hibernate: insert into aforo_registros (business_id,fecha_hora,tipo,id) values (?,?,?,default)
Hibernate: insert into aforo_registros (business_id,fecha_hora,tipo,id) values (?,?,?,default)
Hibernate: insert into aforo_registros (business_id,fecha_hora,tipo,id) values (?,?,?,default)
Hibernate: insert into aforo_registros (business_id,fecha_hora,tipo,id) values (?,?,?,default)
Hibernate: insert into aforo_registros (business_id,fecha_hora,tipo,id) values (?,?,?,default)
Hibernate: insert into aforo_registros (business_id,fecha_hora,tipo,id) values (?,?,?,default)
Hibernate: insert into aforo_registros (business_id,fecha_hora,tipo,id) values (?,?,?,default)
Hibernate: insert into aforo_registros (business_id,fecha_hora,tipo,id) values (?,?,?,default)
Hibernate: insert into aforo_registros (business_id,fecha_hora,tipo,id) values (?,?,?,default)
Hibernate: insert into aforo_registros (business_id,fecha_hora,tipo,id) values (?,?,?,default)
Hibernate: insert into aforo_registros (business_id,fecha_hora,tipo,id) values (?,?,?,default)
Hibernate: insert into aforo_registros (business_id,fecha_hora,tipo,id) values (?,?,?,default)
Hibernate: insert into aforo_registros (business_id,fecha_hora,tipo,id) values (?,?,?,default)
Hibernate: insert into aforo_registros (business_id,fecha_hora,tipo,id) values (?,?,?,default)
Hibernate: insert into aforo_registros (business_id,fecha_hora,tipo,id) values (?,?,?,default)
Hibernate: insert into aforo_registros (business_id,fecha_hora,tipo,id) values (?,?,?,default)
Hibernate: insert into aforo_registros (business_id,fecha_hora,tipo,id) values (?,?,?,default)
Hibernate: insert into aforo_registros (business_id,fecha_hora,tipo,id) values (?,?,?,default)
Hibernate: insert into aforo_registros (business_id,fecha_hora,tipo,id) values (?,?,?,default)
Hibernate: insert into aforo_registros (business_id,fecha_hora,tipo,id) values (?,?,?,default)
Hibernate: insert into aforo_registros (business_id,fecha_hora,tipo,id) values (?,?,?,default)
Hibernate: insert into aforo_registros (business_id,fecha_hora,tipo,id) values (?,?,?,default)
Hibernate: insert into aforo_registros (business_id,fecha_hora,tipo,id) values (?,?,?,default)
Hibernate: insert into aforo_registros (business_id,fecha_hora,tipo,id) values (?,?,?,default)
Hibernate: insert into aforo_registros (business_id,fecha_hora,tipo,id) values (?,?,?,default)
Hibernate: insert into aforo_registros (business_id,fecha_hora,tipo,id) values (?,?,?,default)
Hibernate: insert into aforo_registros (business_id,fecha_hora,tipo,id) values (?,?,?,default)
Hibernate: insert into aforo_registros (business_id,fecha_hora,tipo,id) values (?,?,?,default)
Hibernate: insert into aforo_registros (business_id,fecha_hora,tipo,id) values (?,?,?,default)
Hibernate: insert into aforo_registros (business_id,fecha_hora,tipo,id) values (?,?,?,default)
Hibernate: insert into aforo_registros (business_id,fecha_hora,tipo,id) values (?,?,?,default)
Hibernate: insert into aforo_registros (business_id,fecha_hora,tipo,id) values (?,?,?,default)
Hibernate: insert into aforo_registros (business_id,fecha_hora,tipo,id) values (?,?,?,default)
Hibernate: insert into aforo_registros (business_id,fecha_hora,tipo,id) values (?,?,?,default)
Hibernate: insert into aforo_registros (business_id,fecha_hora,tipo,id) values (?,?,?,default)
Hibernate: insert into aforo_registros (business_id,fecha_hora,tipo,id) values (?,?,?,default)
Hibernate: insert into aforo_registros (business_id,fecha_hora,tipo,id) values (?,?,?,default)
Hibernate: insert into aforo_registros (business_id,fecha_hora,tipo,id) values (?,?,?,default)
Hibernate: insert into aforo_registros (business_id,fecha_hora,tipo,id) values (?,?,?,default)
Hibernate: insert into aforo_registros (business_id,fecha_hora,tipo,id) values (?,?,?,default)
Hibernate: insert into aforo_registros (business_id,fecha_hora,tipo,id) values (?,?,?,default)
Hibernate: insert into aforo_registros (business_id,fecha_hora,tipo,id) values (?,?,?,default)
Hibernate: insert into aforo_registros (business_id,fecha_hora,tipo,id) values (?,?,?,default)
Hibernate: insert into aforo_registros (business_id,fecha_hora,tipo,id) values (?,?,?,default)
Hibernate: insert into aforo_registros (business_id,fecha_hora,tipo,id) values (?,?,?,default)
Hibernate: insert into aforo_registros (business_id,fecha_hora,tipo,id) values (?,?,?,default)
Hibernate: insert into aforo_registros (business_id,fecha_hora,tipo,id) values (?,?,?,default)
Hibernate: insert into aforo_registros (business_id,fecha_hora,tipo,id) values (?,?,?,default)
Hibernate: insert into aforo_registros (business_id,fecha_hora,tipo,id) values (?,?,?,default)
Hibernate: insert into aforo_registros (business_id,fecha_hora,tipo,id) values (?,?,?,default)
Hibernate: insert into aforo_registros (business_id,fecha_hora,tipo,id) values (?,?,?,default)
Hibernate: insert into aforo_registros (business_id,fecha_hora,tipo,id) values (?,?,?,default)
Hibernate: insert into aforo_registros (business_id,fecha_hora,tipo,id) values (?,?,?,default)
Hibernate: insert into aforo_registros (business_id,fecha_hora,tipo,id) values (?,?,?,default)
Hibernate: insert into aforo_registros (business_id,fecha_hora,tipo,id) values (?,?,?,default)
Hibernate: insert into aforo_registros (business_id,fecha_hora,tipo,id) values (?,?,?,default)
Hibernate: insert into aforo_registros (business_id,fecha_hora,tipo,id) values (?,?,?,default)
Hibernate: insert into aforo_registros (business_id,fecha_hora,tipo,id) values (?,?,?,default)
Hibernate: insert into aforo_registros (business_id,fecha_hora,tipo,id) values (?,?,?,default)
Hibernate: insert into aforo_registros (business_id,fecha_hora,tipo,id) values (?,?,?,default)
Hibernate: insert into aforo_registros (business_id,fecha_hora,tipo,id) values (?,?,?,default)
Hibernate: insert into aforo_registros (business_id,fecha_hora,tipo,id) values (?,?,?,default)
Hibernate: insert into aforo_registros (business_id,fecha_hora,tipo,id) values (?,?,?,default)
Hibernate: insert into aforo_registros (business_id,fecha_hora,tipo,id) values (?,?,?,default)
Hibernate: insert into aforo_registros (business_id,fecha_hora,tipo,id) values (?,?,?,default)
Hibernate: insert into aforo_registros (business_id,fecha_hora,tipo,id) values (?,?,?,default)
Hibernate: insert into aforo_registros (business_id,fecha_hora,tipo,id) values (?,?,?,default)
Hibernate: insert into aforo_registros (business_id,fecha_hora,tipo,id) values (?,?,?,default)
Hibernate: insert into aforo_registros (business_id,fecha_hora,tipo,id) values (?,?,?,default)
Hibernate: insert into aforo_registros (business_id,fecha_hora,tipo,id) values (?,?,?,default)
Hibernate: insert into aforo_registros (business_id,fecha_hora,tipo,id) values (?,?,?,default)
Hibernate: insert into aforo_registros (business_id,fecha_hora,tipo,id) values (?,?,?,default)
Hibernate: insert into aforo_registros (business_id,fecha_hora,tipo,id) values (?,?,?,default)
Hibernate: insert into aforo_registros (business_id,fecha_hora,tipo,id) values (?,?,?,default)
Hibernate: insert into aforo_registros (business_id,fecha_hora,tipo,id) values (?,?,?,default)
Hibernate: insert into aforo_registros (business_id,fecha_hora,tipo,id) values (?,?,?,default)
Hibernate: insert into aforo_registros (business_id,fecha_hora,tipo,id) values (?,?,?,default)
Hibernate: insert into aforo_registros (business_id,fecha_hora,tipo,id) values (?,?,?,default)
Hibernate: insert into aforo_registros (business_id,fecha_hora,tipo,id) values (?,?,?,default)
Hibernate: insert into aforo_registros (business_id,fecha_hora,tipo,id) values (?,?,?,default)
Hibernate: insert into aforo_registros (business_id,fecha_hora,tipo,id) values (?,?,?,default)
Hibernate: insert into aforo_registros (business_id,fecha_hora,tipo,id) values (?,?,?,default)
Hibernate: insert into aforo_registros (business_id,fecha_hora,tipo,id) values (?,?,?,default)
Hibernate: insert into aforo_registros (business_id,fecha_hora,tipo,id) values (?,?,?,default)
Hibernate: insert into aforo_registros (business_id,fecha_hora,tipo,id) values (?,?,?,default)
Hibernate: insert into aforo_registros (business_id,fecha_hora,tipo,id) values (?,?,?,default)
Hibernate: insert into aforo_registros (business_id,fecha_hora,tipo,id) values (?,?,?,default)
Hibernate: insert into aforo_registros (business_id,fecha_hora,tipo,id) values (?,?,?,default)
Hibernate: insert into aforo_registros (business_id,fecha_hora,tipo,id) values (?,?,?,default)
Hibernate: insert into aforo_registros (business_id,fecha_hora,tipo,id) values (?,?,?,default)
Hibernate: insert into aforo_registros (business_id,fecha_hora,tipo,id) values (?,?,?,default)
Hibernate: insert into aforo_registros (business_id,fecha_hora,tipo,id) values (?,?,?,default)
Hibernate: insert into aforo_registros (business_id,fecha_hora,tipo,id) values (?,?,?,default)
Hibernate: insert into aforo_registros (business_id,fecha_hora,tipo,id) values (?,?,?,default)
Hibernate: insert into aforo_registros (business_id,fecha_hora,tipo,id) values (?,?,?,default)
Hibernate: insert into aforo_registros (business_id,fecha_hora,tipo,id) values (?,?,?,default)
Hibernate: insert into aforo_registros (business_id,fecha_hora,tipo,id) values (?,?,?,default)
Hibernate: insert into aforo_registros (business_id,fecha_hora,tipo,id) values (?,?,?,default)
Hibernate: insert into aforo_registros (business_id,fecha_hora,tipo,id) values (?,?,?,default)
Hibernate: insert into aforo_registros (business_id,fecha_hora,tipo,id) values (?,?,?,default)
Hibernate: insert into aforo_registros (business_id,fecha_hora,tipo,id) values (?,?,?,default)
Hibernate: insert into aforo_registros (business_id,fecha_hora,tipo,id) values (?,?,?,default)
Hibernate: insert into aforo_registros (business_id,fecha_hora,tipo,id) values (?,?,?,default)
Hibernate: insert into aforo_registros (business_id,fecha_hora,tipo,id) values (?,?,?,default)
Hibernate: insert into aforo_registros (business_id,fecha_hora,tipo,id) values (?,?,?,default)
Hibernate: insert into aforo_registros (business_id,fecha_hora,tipo,id) values (?,?,?,default)
Hibernate: insert into aforo_registros (business_id,fecha_hora,tipo,id) values (?,?,?,default)
Hibernate: insert into aforo_registros (business_id,fecha_hora,tipo,id) values (?,?,?,default)
Hibernate: insert into aforo_registros (business_id,fecha_hora,tipo,id) values (?,?,?,default)
Hibernate: insert into aforo_registros (business_id,fecha_hora,tipo,id) values (?,?,?,default)
Hibernate: insert into aforo_registros (business_id,fecha_hora,tipo,id) values (?,?,?,default)
Hibernate: insert into aforo_registros (business_id,fecha_hora,tipo,id) values (?,?,?,default)
Hibernate: insert into aforo_registros (business_id,fecha_hora,tipo,id) values (?,?,?,default)
Hibernate: insert into aforo_registros (business_id,fecha_hora,tipo,id) values (?,?,?,default)
Hibernate: insert into aforo_registros (business_id,fecha_hora,tipo,id) values (?,?,?,default)
Hibernate: insert into aforo_registros (business_id,fecha_hora,tipo,id) values (?,?,?,default)
Hibernate: insert into aforo_registros (business_id,fecha_hora,tipo,id) values (?,?,?,default)
Hibernate: insert into aforo_registros (business_id,fecha_hora,tipo,id) values (?,?,?,default)
Hibernate: insert into aforo_registros (business_id,fecha_hora,tipo,id) values (?,?,?,default)
Hibernate: insert into aforo_registros (business_id,fecha_hora,tipo,id) values (?,?,?,default)
Hibernate: insert into aforo_registros (business_id,fecha_hora,tipo,id) values (?,?,?,default)
Hibernate: insert into aforo_registros (business_id,fecha_hora,tipo,id) values (?,?,?,default)
Hibernate: insert into aforo_registros (business_id,fecha_hora,tipo,id) values (?,?,?,default)
Hibernate: insert into aforo_registros (business_id,fecha_hora,tipo,id) values (?,?,?,default)
Hibernate: insert into aforo_registros (business_id,fecha_hora,tipo,id) values (?,?,?,default)
Hibernate: insert into aforo_registros (business_id,fecha_hora,tipo,id) values (?,?,?,default)
Hibernate: insert into aforo_registros (business_id,fecha_hora,tipo,id) values (?,?,?,default)
Hibernate: insert into aforo_registros (business_id,fecha_hora,tipo,id) values (?,?,?,default)
Hibernate: insert into aforo_registros (business_id,fecha_hora,tipo,id) values (?,?,?,default)
Hibernate: insert into aforo_registros (business_id,fecha_hora,tipo,id) values (?,?,?,default)
Hibernate: insert into aforo_registros (business_id,fecha_hora,tipo,id) values (?,?,?,default)
Hibernate: insert into aforo_registros (business_id,fecha_hora,tipo,id) values (?,?,?,default)
Hibernate: insert into aforo_registros (business_id,fecha_hora,tipo,id) values (?,?,?,default)
Hibernate: insert into aforo_registros (business_id,fecha_hora,tipo,id) values (?,?,?,default)
Hibernate: insert into aforo_registros (business_id,fecha_hora,tipo,id) values (?,?,?,default)
Hibernate: insert into aforo_registros (business_id,fecha_hora,tipo,id) values (?,?,?,default)
Hibernate: insert into aforo_registros (business_id,fecha_hora,tipo,id) values (?,?,?,default)
Hibernate: insert into aforo_registros (business_id,fecha_hora,tipo,id) values (?,?,?,default)
Hibernate: insert into aforo_registros (business_id,fecha_hora,tipo,id) values (?,?,?,default)
Hibernate: insert into aforo_registros (business_id,fecha_hora,tipo,id) values (?,?,?,default)
Hibernate: insert into aforo_registros (business_id,fecha_hora,tipo,id) values (?,?,?,default)
Hibernate: insert into aforo_registros (business_id,fecha_hora,tipo,id) values (?,?,?,default)
Hibernate: insert into aforo_registros (business_id,fecha_hora,tipo,id) values (?,?,?,default)
Hibernate: insert into aforo_registros (business_id,fecha_hora,tipo,id) values (?,?,?,default)
Hibernate: insert into aforo_registros (business_id,fecha_hora,tipo,id) values (?,?,?,default)
Hibernate: insert into aforo_registros (business_id,fecha_hora,tipo,id) values (?,?,?,default)
Hibernate: insert into aforo_registros (business_id,fecha_hora,tipo,id) values (?,?,?,default)
Hibernate: insert into aforo_registros (business_id,fecha_hora,tipo,id) values (?,?,?,default)
Hibernate: insert into aforo_registros (business_id,fecha_hora,tipo,id) values (?,?,?,default)
Hibernate: insert into aforo_registros (business_id,fecha_hora,tipo,id) values (?,?,?,default)
Hibernate: insert into aforo_registros (business_id,fecha_hora,tipo,id) values (?,?,?,default)
Hibernate: insert into aforo_registros (business_id,fecha_hora,tipo,id) values (?,?,?,default)
Hibernate: insert into aforo_registros (business_id,fecha_hora,tipo,id) values (?,?,?,default)
Hibernate: insert into aforo_registros (business_id,fecha_hora,tipo,id) values (?,?,?,default)
Hibernate: insert into aforo_registros (business_id,fecha_hora,tipo,id) values (?,?,?,default)
Hibernate: insert into aforo_registros (business_id,fecha_hora,tipo,id) values (?,?,?,default)
Hibernate: insert into aforo_registros (business_id,fecha_hora,tipo,id) values (?,?,?,default)
Hibernate: insert into aforo_registros (business_id,fecha_hora,tipo,id) values (?,?,?,default)
Hibernate: insert into aforo_registros (business_id,fecha_hora,tipo,id) values (?,?,?,default)
Hibernate: insert into aforo_registros (business_id,fecha_hora,tipo,id) values (?,?,?,default)
Hibernate: insert into aforo_registros (business_id,fecha_hora,tipo,id) values (?,?,?,default)
Hibernate: insert into aforo_registros (business_id,fecha_hora,tipo,id) values (?,?,?,default)
Hibernate: insert into aforo_registros (business_id,fecha_hora,tipo,id) values (?,?,?,default)
Hibernate: insert into aforo_registros (business_id,fecha_hora,tipo,id) values (?,?,?,default)
Hibernate: insert into aforo_registros (business_id,fecha_hora,tipo,id) values (?,?,?,default)
Hibernate: insert into aforo_registros (business_id,fecha_hora,tipo,id) values (?,?,?,default)
Hibernate: insert into aforo_registros (business_id,fecha_hora,tipo,id) values (?,?,?,default)
Hibernate: insert into aforo_registros (business_id,fecha_hora,tipo,id) values (?,?,?,default)
Hibernate: insert into aforo_registros (business_id,fecha_hora,tipo,id) values (?,?,?,default)
Hibernate: insert into aforo_registros (business_id,fecha_hora,tipo,id) values (?,?,?,default)
Hibernate: insert into aforo_registros (business_id,fecha_hora,tipo,id) values (?,?,?,default)
Hibernate: insert into aforo_registros (business_id,fecha_hora,tipo,id) values (?,?,?,default)
Hibernate: insert into aforo_registros (business_id,fecha_hora,tipo,id) values (?,?,?,default)
Hibernate: insert into aforo_registros (business_id,fecha_hora,tipo,id) values (?,?,?,default)
Hibernate: insert into aforo_registros (business_id,fecha_hora,tipo,id) values (?,?,?,default)
Hibernate: insert into aforo_registros (business_id,fecha_hora,tipo,id) values (?,?,?,default)
Hibernate: insert into aforo_registros (business_id,fecha_hora,tipo,id) values (?,?,?,default)
Hibernate: insert into aforo_registros (business_id,fecha_hora,tipo,id) values (?,?,?,default)
Hibernate: insert into aforo_registros (business_id,fecha_hora,tipo,id) values (?,?,?,default)
Hibernate: insert into aforo_registros (business_id,fecha_hora,tipo,id) values (?,?,?,default)
Hibernate: insert into aforo_registros (business_id,fecha_hora,tipo,id) values (?,?,?,default)
Hibernate: insert into aforo_registros (business_id,fecha_hora,tipo,id) values (?,?,?,default)
Hibernate: insert into aforo_registros (business_id,fecha_hora,tipo,id) values (?,?,?,default)
Hibernate: insert into aforo_registros (business_id,fecha_hora,tipo,id) values (?,?,?,default)
Hibernate: insert into aforo_registros (business_id,fecha_hora,tipo,id) values (?,?,?,default)
Hibernate: insert into aforo_registros (business_id,fecha_hora,tipo,id) values (?,?,?,default)
Hibernate: insert into aforo_registros (business_id,fecha_hora,tipo,id) values (?,?,?,default)
Hibernate: insert into aforo_registros (business_id,fecha_hora,tipo,id) values (?,?,?,default)
Hibernate: insert into aforo_registros (business_id,fecha_hora,tipo,id) values (?,?,?,default)
Hibernate: insert into aforo_registros (business_id,fecha_hora,tipo,id) values (?,?,?,default)
Hibernate: insert into aforo_registros (business_id,fecha_hora,tipo,id) values (?,?,?,default)
Hibernate: insert into aforo_registros (business_id,fecha_hora,tipo,id) values (?,?,?,default)
Hibernate: insert into aforo_registros (business_id,fecha_hora,tipo,id) values (?,?,?,default)
Hibernate: insert into aforo_registros (business_id,fecha_hora,tipo,id) values (?,?,?,default)
Hibernate: insert into aforo_registros (business_id,fecha_hora,tipo,id) values (?,?,?,default)
Hibernate: insert into aforo_registros (business_id,fecha_hora,tipo,id) values (?,?,?,default)
Hibernate: insert into aforo_registros (business_id,fecha_hora,tipo,id) values (?,?,?,default)
Hibernate: insert into aforo_registros (business_id,fecha_hora,tipo,id) values (?,?,?,default)
Hibernate: insert into aforo_registros (business_id,fecha_hora,tipo,id) values (?,?,?,default)
Hibernate: insert into aforo_registros (business_id,fecha_hora,tipo,id) values (?,?,?,default)
Hibernate: insert into aforo_registros (business_id,fecha_hora,tipo,id) values (?,?,?,default)
Hibernate: insert into aforo_registros (business_id,fecha_hora,tipo,id) values (?,?,?,default)
Hibernate: insert into aforo_registros (business_id,fecha_hora,tipo,id) values (?,?,?,default)
Hibernate: insert into aforo_registros (business_id,fecha_hora,tipo,id) values (?,?,?,default)
Hibernate: insert into aforo_registros (business_id,fecha_hora,tipo,id) values (?,?,?,default)
Hibernate: insert into aforo_registros (business_id,fecha_hora,tipo,id) values (?,?,?,default)
Hibernate: insert into aforo_registros (business_id,fecha_hora,tipo,id) values (?,?,?,default)
Hibernate: insert into aforo_registros (business_id,fecha_hora,tipo,id) values (?,?,?,default)
Hibernate: insert into aforo_registros (business_id,fecha_hora,tipo,id) values (?,?,?,default)
Hibernate: insert into aforo_registros (business_id,fecha_hora,tipo,id) values (?,?,?,default)
Hibernate: insert into aforo_registros (business_id,fecha_hora,tipo,id) values (?,?,?,default)
Hibernate: insert into aforo_registros (business_id,fecha_hora,tipo,id) values (?,?,?,default)
Hibernate: insert into aforo_registros (business_id,fecha_hora,tipo,id) values (?,?,?,default)
Hibernate: insert into aforo_registros (business_id,fecha_hora,tipo,id) values (?,?,?,default)
Hibernate: insert into aforo_registros (business_id,fecha_hora,tipo,id) values (?,?,?,default)
Hibernate: insert into aforo_registros (business_id,fecha_hora,tipo,id) values (?,?,?,default)
Hibernate: insert into aforo_registros (business_id,fecha_hora,tipo,id) values (?,?,?,default)
Hibernate: insert into aforo_registros (business_id,fecha_hora,tipo,id) values (?,?,?,default)
Hibernate: insert into aforo_registros (business_id,fecha_hora,tipo,id) values (?,?,?,default)
Hibernate: insert into aforo_registros (business_id,fecha_hora,tipo,id) values (?,?,?,default)
Hibernate: insert into aforo_registros (business_id,fecha_hora,tipo,id) values (?,?,?,default)
Hibernate: insert into aforo_registros (business_id,fecha_hora,tipo,id) values (?,?,?,default)
Hibernate: insert into aforo_registros (business_id,fecha_hora,tipo,id) values (?,?,?,default)
Hibernate: insert into aforo_registros (business_id,fecha_hora,tipo,id) values (?,?,?,default)
Hibernate: insert into aforo_registros (business_id,fecha_hora,tipo,id) values (?,?,?,default)
Hibernate: insert into aforo_registros (business_id,fecha_hora,tipo,id) values (?,?,?,default)
Hibernate: insert into aforo_registros (business_id,fecha_hora,tipo,id) values (?,?,?,default)
Hibernate: insert into aforo_registros (business_id,fecha_hora,tipo,id) values (?,?,?,default)
Hibernate: insert into aforo_registros (business_id,fecha_hora,tipo,id) values (?,?,?,default)
Hibernate: insert into aforo_registros (business_id,fecha_hora,tipo,id) values (?,?,?,default)
Hibernate: insert into aforo_registros (business_id,fecha_hora,tipo,id) values (?,?,?,default)
Hibernate: insert into aforo_registros (business_id,fecha_hora,tipo,id) values (?,?,?,default)
Hibernate: insert into aforo_registros (business_id,fecha_hora,tipo,id) values (?,?,?,default)
Hibernate: insert into aforo_registros (business_id,fecha_hora,tipo,id) values (?,?,?,default)
Hibernate: insert into aforo_registros (business_id,fecha_hora,tipo,id) values (?,?,?,default)
Hibernate: insert into aforo_registros (business_id,fecha_hora,tipo,id) values (?,?,?,default)
Hibernate: insert into aforo_registros (business_id,fecha_hora,tipo,id) values (?,?,?,default)
Hibernate: insert into aforo_registros (business_id,fecha_hora,tipo,id) values (?,?,?,default)
Hibernate: insert into aforo_registros (business_id,fecha_hora,tipo,id) values (?,?,?,default)
Hibernate: insert into aforo_registros (business_id,fecha_hora,tipo,id) values (?,?,?,default)
Hibernate: insert into aforo_registros (business_id,fecha_hora,tipo,id) values (?,?,?,default)
Hibernate: insert into aforo_registros (business_id,fecha_hora,tipo,id) values (?,?,?,default)
Hibernate: insert into aforo_registros (business_id,fecha_hora,tipo,id) values (?,?,?,default)
Hibernate: insert into aforo_registros (business_id,fecha_hora,tipo,id) values (?,?,?,default)
Hibernate: insert into aforo_registros (business_id,fecha_hora,tipo,id) values (?,?,?,default)
Hibernate: insert into aforo_registros (business_id,fecha_hora,tipo,id) values (?,?,?,default)
Hibernate: insert into aforo_registros (business_id,fecha_hora,tipo,id) values (?,?,?,default)
Hibernate: insert into aforo_registros (business_id,fecha_hora,tipo,id) values (?,?,?,default)
Hibernate: insert into aforo_registros (business_id,fecha_hora,tipo,id) values (?,?,?,default)
Hibernate: insert into aforo_registros (business_id,fecha_hora,tipo,id) values (?,?,?,default)
Hibernate: insert into aforo_registros (business_id,fecha_hora,tipo,id) values (?,?,?,default)
Hibernate: insert into aforo_registros (business_id,fecha_hora,tipo,id) values (?,?,?,default)
Hibernate: insert into aforo_registros (business_id,fecha_hora,tipo,id) values (?,?,?,default)
Hibernate: insert into aforo_registros (business_id,fecha_hora,tipo,id) values (?,?,?,default)
Hibernate: insert into aforo_registros (business_id,fecha_hora,tipo,id) values (?,?,?,default)
Hibernate: insert into aforo_registros (business_id,fecha_hora,tipo,id) values (?,?,?,default)
Hibernate: insert into aforo_registros (business_id,fecha_hora,tipo,id) values (?,?,?,default)
Hibernate: insert into aforo_registros (business_id,fecha_hora,tipo,id) values (?,?,?,default)
Hibernate: insert into aforo_registros (business_id,fecha_hora,tipo,id) values (?,?,?,default)
Hibernate: insert into aforo_registros (business_id,fecha_hora,tipo,id) values (?,?,?,default)
Hibernate: insert into aforo_registros (business_id,fecha_hora,tipo,id) values (?,?,?,default)
Hibernate: insert into aforo_registros (business_id,fecha_hora,tipo,id) values (?,?,?,default)
Hibernate: insert into aforo_registros (business_id,fecha_hora,tipo,id) values (?,?,?,default)
Hibernate: insert into aforo_registros (business_id,fecha_hora,tipo,id) values (?,?,?,default)
Hibernate: insert into aforo_registros (business_id,fecha_hora,tipo,id) values (?,?,?,default)
Hibernate: insert into aforo_registros (business_id,fecha_hora,tipo,id) values (?,?,?,default)
Hibernate: insert into aforo_registros (business_id,fecha_hora,tipo,id) values (?,?,?,default)
Hibernate: insert into aforo_registros (business_id,fecha_hora,tipo,id) values (?,?,?,default)
Hibernate: insert into aforo_registros (business_id,fecha_hora,tipo,id) values (?,?,?,default)
Hibernate: insert into aforo_registros (business_id,fecha_hora,tipo,id) values (?,?,?,default)
Hibernate: insert into aforo_registros (business_id,fecha_hora,tipo,id) values (?,?,?,default)
Hibernate: insert into aforo_registros (business_id,fecha_hora,tipo,id) values (?,?,?,default)
Hibernate: insert into aforo_registros (business_id,fecha_hora,tipo,id) values (?,?,?,default)
Hibernate: insert into aforo_registros (business_id,fecha_hora,tipo,id) values (?,?,?,default)
Hibernate: insert into aforo_registros (business_id,fecha_hora,tipo,id) values (?,?,?,default)
Hibernate: insert into aforo_registros (business_id,fecha_hora,tipo,id) values (?,?,?,default)
Hibernate: insert into aforo_registros (business_id,fecha_hora,tipo,id) values (?,?,?,default)
Hibernate: insert into aforo_registros (business_id,fecha_hora,tipo,id) values (?,?,?,default)
Hibernate: insert into aforo_registros (business_id,fecha_hora,tipo,id) values (?,?,?,default)
Hibernate: insert into aforo_registros (business_id,fecha_hora,tipo,id) values (?,?,?,default)
Hibernate: insert into aforo_registros (business_id,fecha_hora,tipo,id) values (?,?,?,default)
Hibernate: insert into aforo_registros (business_id,fecha_hora,tipo,id) values (?,?,?,default)
Hibernate: insert into aforo_registros (business_id,fecha_hora,tipo,id) values (?,?,?,default)
Hibernate: insert into aforo_registros (business_id,fecha_hora,tipo,id) values (?,?,?,default)
Hibernate: insert into aforo_registros (business_id,fecha_hora,tipo,id) values (?,?,?,default)
Hibernate: insert into aforo_registros (business_id,fecha_hora,tipo,id) values (?,?,?,default)
Hibernate: insert into aforo_registros (business_id,fecha_hora,tipo,id) values (?,?,?,default)
Hibernate: insert into aforo_registros (business_id,fecha_hora,tipo,id) values (?,?,?,default)
Hibernate: insert into aforo_registros (business_id,fecha_hora,tipo,id) values (?,?,?,default)
Hibernate: insert into aforo_registros (business_id,fecha_hora,tipo,id) values (?,?,?,default)
Hibernate: insert into aforo_registros (business_id,fecha_hora,tipo,id) values (?,?,?,default)
Hibernate: insert into aforo_registros (business_id,fecha_hora,tipo,id) values (?,?,?,default)
Hibernate: insert into aforo_registros (business_id,fecha_hora,tipo,id) values (?,?,?,default)
Hibernate: insert into aforo_registros (business_id,fecha_hora,tipo,id) values (?,?,?,default)
Hibernate: insert into aforo_registros (business_id,fecha_hora,tipo,id) values (?,?,?,default)
Hibernate: insert into aforo_registros (business_id,fecha_hora,tipo,id) values (?,?,?,default)
Hibernate: insert into aforo_registros (business_id,fecha_hora,tipo,id) values (?,?,?,default)
Hibernate: insert into aforo_registros (business_id,fecha_hora,tipo,id) values (?,?,?,default)
Hibernate: insert into aforo_registros (business_id,fecha_hora,tipo,id) values (?,?,?,default)
Hibernate: insert into aforo_registros (business_id,fecha_hora,tipo,id) values (?,?,?,default)
Hibernate: insert into aforo_registros (business_id,fecha_hora,tipo,id) values (?,?,?,default)
Hibernate: insert into aforo_registros (business_id,fecha_hora,tipo,id) values (?,?,?,default)
Hibernate: insert into aforo_registros (business_id,fecha_hora,tipo,id) values (?,?,?,default)
Hibernate: insert into aforo_registros (business_id,fecha_hora,tipo,id) values (?,?,?,default)
Hibernate: insert into aforo_registros (business_id,fecha_hora,tipo,id) values (?,?,?,default)
Hibernate: insert into aforo_registros (business_id,fecha_hora,tipo,id) values (?,?,?,default)
Hibernate: insert into aforo_registros (business_id,fecha_hora,tipo,id) values (?,?,?,default)
Hibernate: insert into aforo_registros (business_id,fecha_hora,tipo,id) values (?,?,?,default)
Hibernate: insert into aforo_registros (business_id,fecha_hora,tipo,id) values (?,?,?,default)
Hibernate: insert into aforo_registros (business_id,fecha_hora,tipo,id) values (?,?,?,default)
Hibernate: insert into aforo_registros (business_id,fecha_hora,tipo,id) values (?,?,?,default)
Hibernate: insert into aforo_registros (business_id,fecha_hora,tipo,id) values (?,?,?,default)
Hibernate: insert into aforo_registros (business_id,fecha_hora,tipo,id) values (?,?,?,default)
Hibernate: insert into aforo_registros (business_id,fecha_hora,tipo,id) values (?,?,?,default)
Hibernate: insert into aforo_registros (business_id,fecha_hora,tipo,id) values (?,?,?,default)
Hibernate: insert into aforo_registros (business_id,fecha_hora,tipo,id) values (?,?,?,default)
Hibernate: insert into aforo_registros (business_id,fecha_hora,tipo,id) values (?,?,?,default)
Hibernate: insert into aforo_registros (business_id,fecha_hora,tipo,id) values (?,?,?,default)
Hibernate: insert into aforo_registros (business_id,fecha_hora,tipo,id) values (?,?,?,default)
Hibernate: insert into aforo_registros (business_id,fecha_hora,tipo,id) values (?,?,?,default)
Hibernate: insert into aforo_registros (business_id,fecha_hora,tipo,id) values (?,?,?,default)
Hibernate: insert into aforo_registros (business_id,fecha_hora,tipo,id) values (?,?,?,default)
Hibernate: insert into aforo_registros (business_id,fecha_hora,tipo,id) values (?,?,?,default)
Hibernate: insert into aforo_registros (business_id,fecha_hora,tipo,id) values (?,?,?,default)
Hibernate: insert into aforo_registros (business_id,fecha_hora,tipo,id) values (?,?,?,default)
Hibernate: insert into aforo_registros (business_id,fecha_hora,tipo,id) values (?,?,?,default)
Hibernate: insert into aforo_registros (business_id,fecha_hora,tipo,id) values (?,?,?,default)
Hibernate: insert into aforo_registros (business_id,fecha_hora,tipo,id) values (?,?,?,default)
Hibernate: insert into aforo_registros (business_id,fecha_hora,tipo,id) values (?,?,?,default)
Hibernate: insert into aforo_registros (business_id,fecha_hora,tipo,id) values (?,?,?,default)
Hibernate: insert into aforo_registros (business_id,fecha_hora,tipo,id) values (?,?,?,default)
Hibernate: insert into aforo_registros (business_id,fecha_hora,tipo,id) values (?,?,?,default)
Hibernate: insert into aforo_registros (business_id,fecha_hora,tipo,id) values (?,?,?,default)
Hibernate: insert into aforo_registros (business_id,fecha_hora,tipo,id) values (?,?,?,default)
Hibernate: insert into aforo_registros (business_id,fecha_hora,tipo,id) values (?,?,?,default)
Hibernate: insert into aforo_registros (business_id,fecha_hora,tipo,id) values (?,?,?,default)
Hibernate: insert into aforo_registros (business_id,fecha_hora,tipo,id) values (?,?,?,default)
Hibernate: insert into aforo_registros (business_id,fecha_hora,tipo,id) values (?,?,?,default)
Hibernate: insert into aforo_registros (business_id,fecha_hora,tipo,id) values (?,?,?,default)
Hibernate: insert into aforo_registros (business_id,fecha_hora,tipo,id) values (?,?,?,default)
Hibernate: insert into aforo_registros (business_id,fecha_hora,tipo,id) values (?,?,?,default)
Hibernate: insert into aforo_registros (business_id,fecha_hora,tipo,id) values (?,?,?,default)
Hibernate: insert into aforo_registros (business_id,fecha_hora,tipo,id) values (?,?,?,default)
Hibernate: insert into aforo_registros (business_id,fecha_hora,tipo,id) values (?,?,?,default)
Hibernate: insert into aforo_registros (business_id,fecha_hora,tipo,id) values (?,?,?,default)
Hibernate: insert into aforo_registros (business_id,fecha_hora,tipo,id) values (?,?,?,default)
Hibernate: insert into aforo_registros (business_id,fecha_hora,tipo,id) values (?,?,?,default)
Hibernate: insert into aforo_registros (business_id,fecha_hora,tipo,id) values (?,?,?,default)
Hibernate: insert into aforo_registros (business_id,fecha_hora,tipo,id) values (?,?,?,default)
Hibernate: insert into aforo_registros (business_id,fecha_hora,tipo,id) values (?,?,?,default)
Hibernate: insert into aforo_registros (business_id,fecha_hora,tipo,id) values (?,?,?,default)
Hibernate: insert into aforo_registros (business_id,fecha_hora,tipo,id) values (?,?,?,default)
Hibernate: insert into aforo_registros (business_id,fecha_hora,tipo,id) values (?,?,?,default)
Hibernate: insert into aforo_registros (business_id,fecha_hora,tipo,id) values (?,?,?,default)
Hibernate: insert into aforo_registros (business_id,fecha_hora,tipo,id) values (?,?,?,default)
Hibernate: insert into aforo_registros (business_id,fecha_hora,tipo,id) values (?,?,?,default)
Hibernate: insert into aforo_registros (business_id,fecha_hora,tipo,id) values (?,?,?,default)
Hibernate: insert into aforo_registros (business_id,fecha_hora,tipo,id) values (?,?,?,default)
Hibernate: insert into aforo_registros (business_id,fecha_hora,tipo,id) values (?,?,?,default)
Hibernate: insert into aforo_registros (business_id,fecha_hora,tipo,id) values (?,?,?,default)
Hibernate: insert into aforo_registros (business_id,fecha_hora,tipo,id) values (?,?,?,default)
Hibernate: insert into aforo_registros (business_id,fecha_hora,tipo,id) values (?,?,?,default)
Hibernate: insert into aforo_registros (business_id,fecha_hora,tipo,id) values (?,?,?,default)
Hibernate: insert into aforo_registros (business_id,fecha_hora,tipo,id) values (?,?,?,default)
Hibernate: insert into aforo_registros (business_id,fecha_hora,tipo,id) values (?,?,?,default)
Hibernate: insert into aforo_registros (business_id,fecha_hora,tipo,id) values (?,?,?,default)
Hibernate: insert into aforo_registros (business_id,fecha_hora,tipo,id) values (?,?,?,default)
Hibernate: insert into aforo_registros (business_id,fecha_hora,tipo,id) values (?,?,?,default)
Hibernate: insert into aforo_registros (business_id,fecha_hora,tipo,id) values (?,?,?,default)
Hibernate: insert into aforo_registros (business_id,fecha_hora,tipo,id) values (?,?,?,default)
Hibernate: insert into aforo_registros (business_id,fecha_hora,tipo,id) values (?,?,?,default)
Hibernate: insert into aforo_registros (business_id,fecha_hora,tipo,id) values (?,?,?,default)
Hibernate: insert into aforo_registros (business_id,fecha_hora,tipo,id) values (?,?,?,default)
Hibernate: insert into aforo_registros (business_id,fecha_hora,tipo,id) values (?,?,?,default)
Hibernate: insert into aforo_registros (business_id,fecha_hora,tipo,id) values (?,?,?,default)
Hibernate: insert into aforo_registros (business_id,fecha_hora,tipo,id) values (?,?,?,default)
Hibernate: insert into aforo_registros (business_id,fecha_hora,tipo,id) values (?,?,?,default)
Hibernate: insert into aforo_registros (business_id,fecha_hora,tipo,id) values (?,?,?,default)
Hibernate: insert into aforo_registros (business_id,fecha_hora,tipo,id) values (?,?,?,default)
Hibernate: insert into aforo_registros (business_id,fecha_hora,tipo,id) values (?,?,?,default)
Hibernate: insert into aforo_registros (business_id,fecha_hora,tipo,id) values (?,?,?,default)
Hibernate: insert into aforo_registros (business_id,fecha_hora,tipo,id) values (?,?,?,default)
Hibernate: insert into aforo_registros (business_id,fecha_hora,tipo,id) values (?,?,?,default)
Hibernate: insert into aforo_registros (business_id,fecha_hora,tipo,id) values (?,?,?,default)
Hibernate: insert into aforo_registros (business_id,fecha_hora,tipo,id) values (?,?,?,default)
Hibernate: insert into aforo_registros (business_id,fecha_hora,tipo,id) values (?,?,?,default)
Hibernate: insert into aforo_registros (business_id,fecha_hora,tipo,id) values (?,?,?,default)
Hibernate: insert into aforo_registros (business_id,fecha_hora,tipo,id) values (?,?,?,default)
Hibernate: insert into aforo_registros (business_id,fecha_hora,tipo,id) values (?,?,?,default)
Hibernate: insert into aforo_registros (business_id,fecha_hora,tipo,id) values (?,?,?,default)
Hibernate: insert into aforo_registros (business_id,fecha_hora,tipo,id) values (?,?,?,default)
Hibernate: insert into aforo_registros (business_id,fecha_hora,tipo,id) values (?,?,?,default)
Hibernate: insert into aforo_registros (business_id,fecha_hora,tipo,id) values (?,?,?,default)
Hibernate: insert into aforo_registros (business_id,fecha_hora,tipo,id) values (?,?,?,default)
Hibernate: insert into aforo_registros (business_id,fecha_hora,tipo,id) values (?,?,?,default)
Hibernate: insert into aforo_registros (business_id,fecha_hora,tipo,id) values (?,?,?,default)
Hibernate: insert into aforo_registros (business_id,fecha_hora,tipo,id) values (?,?,?,default)
Hibernate: insert into aforo_registros (business_id,fecha_hora,tipo,id) values (?,?,?,default)
Hibernate: insert into aforo_registros (business_id,fecha_hora,tipo,id) values (?,?,?,default)
Hibernate: insert into aforo_registros (business_id,fecha_hora,tipo,id) values (?,?,?,default)
Hibernate: insert into aforo_registros (business_id,fecha_hora,tipo,id) values (?,?,?,default)
Hibernate: insert into aforo_registros (business_id,fecha_hora,tipo,id) values (?,?,?,default)
Hibernate: insert into aforo_registros (business_id,fecha_hora,tipo,id) values (?,?,?,default)
Hibernate: insert into aforo_registros (business_id,fecha_hora,tipo,id) values (?,?,?,default)
Hibernate: insert into aforo_registros (business_id,fecha_hora,tipo,id) values (?,?,?,default)
Hibernate: insert into aforo_registros (business_id,fecha_hora,tipo,id) values (?,?,?,default)
Hibernate: insert into aforo_registros (business_id,fecha_hora,tipo,id) values (?,?,?,default)
Hibernate: insert into aforo_registros (business_id,fecha_hora,tipo,id) values (?,?,?,default)
Hibernate: insert into aforo_registros (business_id,fecha_hora,tipo,id) values (?,?,?,default)
Hibernate: insert into aforo_registros (business_id,fecha_hora,tipo,id) values (?,?,?,default)
Hibernate: insert into aforo_registros (business_id,fecha_hora,tipo,id) values (?,?,?,default)
Hibernate: insert into aforo_registros (business_id,fecha_hora,tipo,id) values (?,?,?,default)
Hibernate: insert into aforo_registros (business_id,fecha_hora,tipo,id) values (?,?,?,default)
Hibernate: insert into aforo_registros (business_id,fecha_hora,tipo,id) values (?,?,?,default)
Hibernate: insert into aforo_registros (business_id,fecha_hora,tipo,id) values (?,?,?,default)
Hibernate: insert into aforo_registros (business_id,fecha_hora,tipo,id) values (?,?,?,default)
Hibernate: insert into aforo_registros (business_id,fecha_hora,tipo,id) values (?,?,?,default)
Hibernate: insert into aforo_registros (business_id,fecha_hora,tipo,id) values (?,?,?,default)
Hibernate: insert into aforo_registros (business_id,fecha_hora,tipo,id) values (?,?,?,default)
Hibernate: insert into aforo_registros (business_id,fecha_hora,tipo,id) values (?,?,?,default)
Hibernate: insert into aforo_registros (business_id,fecha_hora,tipo,id) values (?,?,?,default)
Hibernate: insert into aforo_registros (business_id,fecha_hora,tipo,id) values (?,?,?,default)
Hibernate: insert into aforo_registros (business_id,fecha_hora,tipo,id) values (?,?,?,default)
Hibernate: insert into aforo_registros (business_id,fecha_hora,tipo,id) values (?,?,?,default)
Hibernate: insert into aforo_registros (business_id,fecha_hora,tipo,id) values (?,?,?,default)
Hibernate: insert into aforo_registros (business_id,fecha_hora,tipo,id) values (?,?,?,default)
Hibernate: insert into aforo_registros (business_id,fecha_hora,tipo,id) values (?,?,?,default)
Hibernate: insert into aforo_registros (business_id,fecha_hora,tipo,id) values (?,?,?,default)
Hibernate: insert into aforo_registros (business_id,fecha_hora,tipo,id) values (?,?,?,default)
Hibernate: insert into aforo_registros (business_id,fecha_hora,tipo,id) values (?,?,?,default)
Hibernate: insert into aforo_registros (business_id,fecha_hora,tipo,id) values (?,?,?,default)
Hibernate: insert into aforo_registros (business_id,fecha_hora,tipo,id) values (?,?,?,default)
Hibernate: insert into aforo_registros (business_id,fecha_hora,tipo,id) values (?,?,?,default)
Hibernate: insert into aforo_registros (business_id,fecha_hora,tipo,id) values (?,?,?,default)
Hibernate: insert into aforo_registros (business_id,fecha_hora,tipo,id) values (?,?,?,default)
Hibernate: insert into aforo_registros (business_id,fecha_hora,tipo,id) values (?,?,?,default)
Hibernate: insert into aforo_registros (business_id,fecha_hora,tipo,id) values (?,?,?,default)
Hibernate: insert into aforo_registros (business_id,fecha_hora,tipo,id) values (?,?,?,default)
Hibernate: insert into aforo_registros (business_id,fecha_hora,tipo,id) values (?,?,?,default)
Hibernate: insert into aforo_registros (business_id,fecha_hora,tipo,id) values (?,?,?,default)
Hibernate: insert into aforo_registros (business_id,fecha_hora,tipo,id) values (?,?,?,default)
Hibernate: insert into aforo_registros (business_id,fecha_hora,tipo,id) values (?,?,?,default)
Hibernate: insert into aforo_registros (business_id,fecha_hora,tipo,id) values (?,?,?,default)
Hibernate: insert into aforo_registros (business_id,fecha_hora,tipo,id) values (?,?,?,default)
Hibernate: insert into aforo_registros (business_id,fecha_hora,tipo,id) values (?,?,?,default)
Hibernate: insert into aforo_registros (business_id,fecha_hora,tipo,id) values (?,?,?,default)
Hibernate: insert into aforo_registros (business_id,fecha_hora,tipo,id) values (?,?,?,default)
Hibernate: insert into aforo_registros (business_id,fecha_hora,tipo,id) values (?,?,?,default)
Hibernate: insert into aforo_registros (business_id,fecha_hora,tipo,id) values (?,?,?,default)
Hibernate: insert into aforo_registros (business_id,fecha_hora,tipo,id) values (?,?,?,default)
Hibernate: insert into aforo_registros (business_id,fecha_hora,tipo,id) values (?,?,?,default)
Hibernate: insert into aforo_registros (business_id,fecha_hora,tipo,id) values (?,?,?,default)
Hibernate: insert into aforo_registros (business_id,fecha_hora,tipo,id) values (?,?,?,default)
Hibernate: insert into aforo_registros (business_id,fecha_hora,tipo,id) values (?,?,?,default)
Hibernate: insert into aforo_registros (business_id,fecha_hora,tipo,id) values (?,?,?,default)
Hibernate: insert into aforo_registros (business_id,fecha_hora,tipo,id) values (?,?,?,default)
Hibernate: insert into aforo_registros (business_id,fecha_hora,tipo,id) values (?,?,?,default)
Hibernate: insert into aforo_registros (business_id,fecha_hora,tipo,id) values (?,?,?,default)
Hibernate: insert into aforo_registros (business_id,fecha_hora,tipo,id) values (?,?,?,default)
Hibernate: insert into aforo_registros (business_id,fecha_hora,tipo,id) values (?,?,?,default)
Hibernate: insert into aforo_registros (business_id,fecha_hora,tipo,id) values (?,?,?,default)
Hibernate: insert into aforo_registros (business_id,fecha_hora,tipo,id) values (?,?,?,default)
Hibernate: insert into aforo_registros (business_id,fecha_hora,tipo,id) values (?,?,?,default)
Hibernate: insert into aforo_registros (business_id,fecha_hora,tipo,id) values (?,?,?,default)
Hibernate: insert into aforo_registros (business_id,fecha_hora,tipo,id) values (?,?,?,default)
Hibernate: insert into aforo_registros (business_id,fecha_hora,tipo,id) values (?,?,?,default)
Hibernate: insert into aforo_registros (business_id,fecha_hora,tipo,id) values (?,?,?,default)
Hibernate: insert into aforo_registros (business_id,fecha_hora,tipo,id) values (?,?,?,default)
Hibernate: insert into aforo_registros (business_id,fecha_hora,tipo,id) values (?,?,?,default)
Hibernate: insert into aforo_registros (business_id,fecha_hora,tipo,id) values (?,?,?,default)
Hibernate: insert into aforo_registros (business_id,fecha_hora,tipo,id) values (?,?,?,default)
Hibernate: insert into aforo_registros (business_id,fecha_hora,tipo,id) values (?,?,?,default)
Hibernate: insert into aforo_registros (business_id,fecha_hora,tipo,id) values (?,?,?,default)
Hibernate: insert into aforo_registros (business_id,fecha_hora,tipo,id) values (?,?,?,default)
Hibernate: insert into aforo_registros (business_id,fecha_hora,tipo,id) values (?,?,?,default)
Hibernate: insert into aforo_registros (business_id,fecha_hora,tipo,id) values (?,?,?,default)
Hibernate: insert into aforo_registros (business_id,fecha_hora,tipo,id) values (?,?,?,default)
Hibernate: insert into aforo_registros (business_id,fecha_hora,tipo,id) values (?,?,?,default)
Hibernate: insert into aforo_registros (business_id,fecha_hora,tipo,id) values (?,?,?,default)
Hibernate: insert into aforo_registros (business_id,fecha_hora,tipo,id) values (?,?,?,default)
Hibernate: insert into aforo_registros (business_id,fecha_hora,tipo,id) values (?,?,?,default)
Hibernate: insert into aforo_registros (business_id,fecha_hora,tipo,id) values (?,?,?,default)
Hibernate: insert into aforo_registros (business_id,fecha_hora,tipo,id) values (?,?,?,default)
Hibernate: insert into aforo_registros (business_id,fecha_hora,tipo,id) values (?,?,?,default)
Hibernate: insert into aforo_registros (business_id,fecha_hora,tipo,id) values (?,?,?,default)
Hibernate: insert into aforo_registros (business_id,fecha_hora,tipo,id) values (?,?,?,default)
Hibernate: insert into aforo_registros (business_id,fecha_hora,tipo,id) values (?,?,?,default)
Hibernate: insert into aforo_registros (business_id,fecha_hora,tipo,id) values (?,?,?,default)
Hibernate: insert into aforo_registros (business_id,fecha_hora,tipo,id) values (?,?,?,default)
Hibernate: insert into aforo_registros (business_id,fecha_hora,tipo,id) values (?,?,?,default)
Hibernate: insert into aforo_registros (business_id,fecha_hora,tipo,id) values (?,?,?,default)
Hibernate: insert into aforo_registros (business_id,fecha_hora,tipo,id) values (?,?,?,default)
Hibernate: insert into aforo_registros (business_id,fecha_hora,tipo,id) values (?,?,?,default)
Hibernate: insert into aforo_registros (business_id,fecha_hora,tipo,id) values (?,?,?,default)
Hibernate: insert into aforo_registros (business_id,fecha_hora,tipo,id) values (?,?,?,default)
Hibernate: insert into aforo_registros (business_id,fecha_hora,tipo,id) values (?,?,?,default)
Hibernate: insert into aforo_registros (business_id,fecha_hora,tipo,id) values (?,?,?,default)
Hibernate: insert into aforo_registros (business_id,fecha_hora,tipo,id) values (?,?,?,default)
Hibernate: insert into aforo_registros (business_id,fecha_hora,tipo,id) values (?,?,?,default)
Hibernate: insert into aforo_registros (business_id,fecha_hora,tipo,id) values (?,?,?,default)
Hibernate: insert into aforo_registros (business_id,fecha_hora,tipo,id) values (?,?,?,default)
Hibernate: insert into aforo_registros (business_id,fecha_hora,tipo,id) values (?,?,?,default)
Hibernate: insert into aforo_registros (business_id,fecha_hora,tipo,id) values (?,?,?,default)
Hibernate: insert into aforo_registros (business_id,fecha_hora,tipo,id) values (?,?,?,default)
Hibernate: insert into aforo_registros (business_id,fecha_hora,tipo,id) values (?,?,?,default)
Hibernate: insert into aforo_registros (business_id,fecha_hora,tipo,id) values (?,?,?,default)
Hibernate: insert into aforo_registros (business_id,fecha_hora,tipo,id) values (?,?,?,default)
Hibernate: insert into aforo_registros (business_id,fecha_hora,tipo,id) values (?,?,?,default)
Hibernate: insert into aforo_registros (business_id,fecha_hora,tipo,id) values (?,?,?,default)
Hibernate: insert into aforo_registros (business_id,fecha_hora,tipo,id) values (?,?,?,default)
Hibernate: insert into aforo_registros (business_id,fecha_hora,tipo,id) values (?,?,?,default)
Hibernate: insert into aforo_registros (business_id,fecha_hora,tipo,id) values (?,?,?,default)
Hibernate: insert into aforo_registros (business_id,fecha_hora,tipo,id) values (?,?,?,default)
Hibernate: insert into aforo_registros (business_id,fecha_hora,tipo,id) values (?,?,?,default)
Hibernate: insert into aforo_registros (business_id,fecha_hora,tipo,id) values (?,?,?,default)
Hibernate: insert into aforo_registros (business_id,fecha_hora,tipo,id) values (?,?,?,default)
Hibernate: insert into aforo_registros (business_id,fecha_hora,tipo,id) values (?,?,?,default)
Hibernate: insert into aforo_registros (business_id,fecha_hora,tipo,id) values (?,?,?,default)
Hibernate: insert into aforo_registros (business_id,fecha_hora,tipo,id) values (?,?,?,default)
Hibernate: insert into aforo_registros (business_id,fecha_hora,tipo,id) values (?,?,?,default)
Hibernate: insert into aforo_registros (business_id,fecha_hora,tipo,id) values (?,?,?,default)
Hibernate: insert into aforo_registros (business_id,fecha_hora,tipo,id) values (?,?,?,default)
Hibernate: insert into aforo_registros (business_id,fecha_hora,tipo,id) values (?,?,?,default)
Hibernate: insert into aforo_registros (business_id,fecha_hora,tipo,id) values (?,?,?,default)
Hibernate: insert into aforo_registros (business_id,fecha_hora,tipo,id) values (?,?,?,default)
Hibernate: insert into aforo_registros (business_id,fecha_hora,tipo,id) values (?,?,?,default)
Hibernate: insert into aforo_registros (business_id,fecha_hora,tipo,id) values (?,?,?,default)
Hibernate: insert into aforo_registros (business_id,fecha_hora,tipo,id) values (?,?,?,default)
Hibernate: insert into aforo_registros (business_id,fecha_hora,tipo,id) values (?,?,?,default)
Hibernate: insert into aforo_registros (business_id,fecha_hora,tipo,id) values (?,?,?,default)
Hibernate: insert into aforo_registros (business_id,fecha_hora,tipo,id) values (?,?,?,default)
Hibernate: insert into aforo_registros (business_id,fecha_hora,tipo,id) values (?,?,?,default)
Hibernate: insert into aforo_registros (business_id,fecha_hora,tipo,id) values (?,?,?,default)
Hibernate: insert into aforo_registros (business_id,fecha_hora,tipo,id) values (?,?,?,default)
Hibernate: insert into aforo_registros (business_id,fecha_hora,tipo,id) values (?,?,?,default)
Hibernate: insert into aforo_registros (business_id,fecha_hora,tipo,id) values (?,?,?,default)
Hibernate: insert into aforo_registros (business_id,fecha_hora,tipo,id) values (?,?,?,default)
Hibernate: insert into aforo_registros (business_id,fecha_hora,tipo,id) values (?,?,?,default)
Hibernate: insert into aforo_registros (business_id,fecha_hora,tipo,id) values (?,?,?,default)
Hibernate: insert into aforo_registros (business_id,fecha_hora,tipo,id) values (?,?,?,default)
Hibernate: insert into aforo_registros (business_id,fecha_hora,tipo,id) values (?,?,?,default)
Hibernate: insert into aforo_registros (business_id,fecha_hora,tipo,id) values (?,?,?,default)
Hibernate: insert into aforo_registros (business_id,fecha_hora,tipo,id) values (?,?,?,default)
Hibernate: insert into aforo_registros (business_id,fecha_hora,tipo,id) values (?,?,?,default)
Hibernate: insert into aforo_registros (business_id,fecha_hora,tipo,id) values (?,?,?,default)
Hibernate: insert into aforo_registros (business_id,fecha_hora,tipo,id) values (?,?,?,default)
Hibernate: insert into aforo_registros (business_id,fecha_hora,tipo,id) values (?,?,?,default)
Hibernate: insert into aforo_registros (business_id,fecha_hora,tipo,id) values (?,?,?,default)
Hibernate: insert into aforo_registros (business_id,fecha_hora,tipo,id) values (?,?,?,default)
Hibernate: insert into aforo_registros (business_id,fecha_hora,tipo,id) values (?,?,?,default)
Hibernate: insert into aforo_registros (business_id,fecha_hora,tipo,id) values (?,?,?,default)
Hibernate: insert into aforo_registros (business_id,fecha_hora,tipo,id) values (?,?,?,default)
Hibernate: insert into aforo_registros (business_id,fecha_hora,tipo,id) values (?,?,?,default)
Hibernate: insert into aforo_registros (business_id,fecha_hora,tipo,id) values (?,?,?,default)
Hibernate: insert into aforo_registros (business_id,fecha_hora,tipo,id) values (?,?,?,default)
Hibernate: insert into aforo_registros (business_id,fecha_hora,tipo,id) values (?,?,?,default)
Hibernate: insert into aforo_registros (business_id,fecha_hora,tipo,id) values (?,?,?,default)
Hibernate: insert into aforo_registros (business_id,fecha_hora,tipo,id) values (?,?,?,default)
Hibernate: insert into aforo_registros (business_id,fecha_hora,tipo,id) values (?,?,?,default)
Hibernate: insert into aforo_registros (business_id,fecha_hora,tipo,id) values (?,?,?,default)
Hibernate: insert into aforo_registros (business_id,fecha_hora,tipo,id) values (?,?,?,default)
Hibernate: insert into aforo_registros (business_id,fecha_hora,tipo,id) values (?,?,?,default)
Hibernate: insert into aforo_registros (business_id,fecha_hora,tipo,id) values (?,?,?,default)
Hibernate: insert into aforo_registros (business_id,fecha_hora,tipo,id) values (?,?,?,default)
Hibernate: insert into aforo_registros (business_id,fecha_hora,tipo,id) values (?,?,?,default)
Hibernate: insert into aforo_registros (business_id,fecha_hora,tipo,id) values (?,?,?,default)
Hibernate: insert into aforo_registros (business_id,fecha_hora,tipo,id) values (?,?,?,default)
Hibernate: insert into aforo_registros (business_id,fecha_hora,tipo,id) values (?,?,?,default)
Hibernate: insert into aforo_registros (business_id,fecha_hora,tipo,id) values (?,?,?,default)
Hibernate: insert into aforo_registros (business_id,fecha_hora,tipo,id) values (?,?,?,default)
Hibernate: insert into aforo_registros (business_id,fecha_hora,tipo,id) values (?,?,?,default)
Hibernate: insert into aforo_registros (business_id,fecha_hora,tipo,id) values (?,?,?,default)
Hibernate: insert into aforo_registros (business_id,fecha_hora,tipo,id) values (?,?,?,default)
Hibernate: insert into aforo_registros (business_id,fecha_hora,tipo,id) values (?,?,?,default)
Hibernate: insert into aforo_registros (business_id,fecha_hora,tipo,id) values (?,?,?,default)
Hibernate: insert into aforo_registros (business_id,fecha_hora,tipo,id) values (?,?,?,default)
Hibernate: insert into aforo_registros (business_id,fecha_hora,tipo,id) values (?,?,?,default)
Hibernate: insert into aforo_registros (business_id,fecha_hora,tipo,id) values (?,?,?,default)
Hibernate: insert into aforo_registros (business_id,fecha_hora,tipo,id) values (?,?,?,default)
Hibernate: insert into aforo_registros (business_id,fecha_hora,tipo,id) values (?,?,?,default)
Hibernate: insert into aforo_registros (business_id,fecha_hora,tipo,id) values (?,?,?,default)
Hibernate: insert into aforo_registros (business_id,fecha_hora,tipo,id) values (?,?,?,default)
Hibernate: insert into aforo_registros (business_id,fecha_hora,tipo,id) values (?,?,?,default)
Hibernate: insert into aforo_registros (business_id,fecha_hora,tipo,id) values (?,?,?,default)
Hibernate: insert into aforo_registros (business_id,fecha_hora,tipo,id) values (?,?,?,default)
Hibernate: insert into aforo_registros (business_id,fecha_hora,tipo,id) values (?,?,?,default)
Hibernate: insert into aforo_registros (business_id,fecha_hora,tipo,id) values (?,?,?,default)
Hibernate: insert into aforo_registros (business_id,fecha_hora,tipo,id) values (?,?,?,default)
Hibernate: insert into aforo_registros (business_id,fecha_hora,tipo,id) values (?,?,?,default)
Hibernate: insert into aforo_registros (business_id,fecha_hora,tipo,id) values (?,?,?,default)
Hibernate: insert into aforo_registros (business_id,fecha_hora,tipo,id) values (?,?,?,default)
Hibernate: insert into aforo_registros (business_id,fecha_hora,tipo,id) values (?,?,?,default)
Hibernate: insert into aforo_registros (business_id,fecha_hora,tipo,id) values (?,?,?,default)
Hibernate: insert into aforo_registros (business_id,fecha_hora,tipo,id) values (?,?,?,default)
Hibernate: insert into aforo_registros (business_id,fecha_hora,tipo,id) values (?,?,?,default)
Hibernate: insert into aforo_registros (business_id,fecha_hora,tipo,id) values (?,?,?,default)
Hibernate: insert into aforo_registros (business_id,fecha_hora,tipo,id) values (?,?,?,default)
Hibernate: insert into aforo_registros (business_id,fecha_hora,tipo,id) values (?,?,?,default)
Hibernate: insert into aforo_registros (business_id,fecha_hora,tipo,id) values (?,?,?,default)
Hibernate: insert into aforo_registros (business_id,fecha_hora,tipo,id) values (?,?,?,default)
Hibernate: insert into aforo_registros (business_id,fecha_hora,tipo,id) values (?,?,?,default)
Hibernate: insert into aforo_registros (business_id,fecha_hora,tipo,id) values (?,?,?,default)
Hibernate: insert into aforo_registros (business_id,fecha_hora,tipo,id) values (?,?,?,default)
Hibernate: insert into aforo_registros (business_id,fecha_hora,tipo,id) values (?,?,?,default)
Hibernate: insert into aforo_registros (business_id,fecha_hora,tipo,id) values (?,?,?,default)
Hibernate: insert into aforo_registros (business_id,fecha_hora,tipo,id) values (?,?,?,default)
Hibernate: insert into aforo_registros (business_id,fecha_hora,tipo,id) values (?,?,?,default)
Hibernate: insert into aforo_registros (business_id,fecha_hora,tipo,id) values (?,?,?,default)
Hibernate: insert into aforo_registros (business_id,fecha_hora,tipo,id) values (?,?,?,default)
Hibernate: insert into aforo_registros (business_id,fecha_hora,tipo,id) values (?,?,?,default)
Hibernate: insert into aforo_registros (business_id,fecha_hora,tipo,id) values (?,?,?,default)
Hibernate: insert into aforo_registros (business_id,fecha_hora,tipo,id) values (?,?,?,default)
Hibernate: insert into aforo_registros (business_id,fecha_hora,tipo,id) values (?,?,?,default)
Hibernate: insert into aforo_registros (business_id,fecha_hora,tipo,id) values (?,?,?,default)
Hibernate: insert into aforo_registros (business_id,fecha_hora,tipo,id) values (?,?,?,default)
Hibernate: insert into aforo_registros (business_id,fecha_hora,tipo,id) values (?,?,?,default)
Hibernate: insert into aforo_registros (business_id,fecha_hora,tipo,id) values (?,?,?,default)
Hibernate: insert into aforo_registros (business_id,fecha_hora,tipo,id) values (?,?,?,default)
Hibernate: insert into aforo_registros (business_id,fecha_hora,tipo,id) values (?,?,?,default)
Hibernate: insert into aforo_registros (business_id,fecha_hora,tipo,id) values (?,?,?,default)
Hibernate: insert into aforo_registros (business_id,fecha_hora,tipo,id) values (?,?,?,default)
Hibernate: insert into aforo_registros (business_id,fecha_hora,tipo,id) values (?,?,?,default)
Hibernate: insert into aforo_registros (business_id,fecha_hora,tipo,id) values (?,?,?,default)
Hibernate: insert into aforo_registros (business_id,fecha_hora,tipo,id) values (?,?,?,default)
Hibernate: insert into aforo_registros (business_id,fecha_hora,tipo,id) values (?,?,?,default)
Hibernate: insert into aforo_registros (business_id,fecha_hora,tipo,id) values (?,?,?,default)
Hibernate: insert into aforo_registros (business_id,fecha_hora,tipo,id) values (?,?,?,default)
Hibernate: insert into aforo_registros (business_id,fecha_hora,tipo,id) values (?,?,?,default)
Hibernate: insert into aforo_registros (business_id,fecha_hora,tipo,id) values (?,?,?,default)
Hibernate: insert into aforo_registros (business_id,fecha_hora,tipo,id) values (?,?,?,default)
Hibernate: insert into aforo_registros (business_id,fecha_hora,tipo,id) values (?,?,?,default)
Hibernate: insert into aforo_registros (business_id,fecha_hora,tipo,id) values (?,?,?,default)
Hibernate: insert into aforo_registros (business_id,fecha_hora,tipo,id) values (?,?,?,default)
Hibernate: insert into aforo_registros (business_id,fecha_hora,tipo,id) values (?,?,?,default)
Hibernate: insert into aforo_registros (business_id,fecha_hora,tipo,id) values (?,?,?,default)
Hibernate: insert into aforo_registros (business_id,fecha_hora,tipo,id) values (?,?,?,default)
Hibernate: insert into aforo_registros (business_id,fecha_hora,tipo,id) values (?,?,?,default)
Hibernate: insert into aforo_registros (business_id,fecha_hora,tipo,id) values (?,?,?,default)
Hibernate: insert into aforo_registros (business_id,fecha_hora,tipo,id) values (?,?,?,default)
Hibernate: insert into aforo_registros (business_id,fecha_hora,tipo,id) values (?,?,?,default)
Hibernate: insert into aforo_registros (business_id,fecha_hora,tipo,id) values (?,?,?,default)
Hibernate: insert into aforo_registros (business_id,fecha_hora,tipo,id) values (?,?,?,default)
Hibernate: insert into aforo_registros (business_id,fecha_hora,tipo,id) values (?,?,?,default)
Hibernate: insert into aforo_registros (business_id,fecha_hora,tipo,id) values (?,?,?,default)
Hibernate: insert into aforo_registros (business_id,fecha_hora,tipo,id) values (?,?,?,default)
Hibernate: insert into aforo_registros (business_id,fecha_hora,tipo,id) values (?,?,?,default)
Hibernate: insert into aforo_registros (business_id,fecha_hora,tipo,id) values (?,?,?,default)
Hibernate: insert into aforo_registros (business_id,fecha_hora,tipo,id) values (?,?,?,default)
Hibernate: insert into aforo_registros (business_id,fecha_hora,tipo,id) values (?,?,?,default)
Hibernate: insert into aforo_registros (business_id,fecha_hora,tipo,id) values (?,?,?,default)
Hibernate: insert into aforo_registros (business_id,fecha_hora,tipo,id) values (?,?,?,default)
Hibernate: insert into aforo_registros (business_id,fecha_hora,tipo,id) values (?,?,?,default)
Hibernate: insert into aforo_registros (business_id,fecha_hora,tipo,id) values (?,?,?,default)
Hibernate: insert into aforo_registros (business_id,fecha_hora,tipo,id) values (?,?,?,default)
Hibernate: insert into aforo_registros (business_id,fecha_hora,tipo,id) values (?,?,?,default)
Hibernate: insert into aforo_registros (business_id,fecha_hora,tipo,id) values (?,?,?,default)
Hibernate: insert into aforo_registros (business_id,fecha_hora,tipo,id) values (?,?,?,default)
Hibernate: insert into aforo_registros (business_id,fecha_hora,tipo,id) values (?,?,?,default)
Hibernate: insert into aforo_registros (business_id,fecha_hora,tipo,id) values (?,?,?,default)
Hibernate: insert into aforo_registros (business_id,fecha_hora,tipo,id) values (?,?,?,default)
Hibernate: insert into aforo_registros (business_id,fecha_hora,tipo,id) values (?,?,?,default)
Hibernate: insert into aforo_registros (business_id,fecha_hora,tipo,id) values (?,?,?,default)
Hibernate: insert into aforo_registros (business_id,fecha_hora,tipo,id) values (?,?,?,default)
Hibernate: insert into aforo_registros (business_id,fecha_hora,tipo,id) values (?,?,?,default)
Hibernate: insert into aforo_registros (business_id,fecha_hora,tipo,id) values (?,?,?,default)
Hibernate: insert into aforo_registros (business_id,fecha_hora,tipo,id) values (?,?,?,default)
Hibernate: insert into aforo_registros (business_id,fecha_hora,tipo,id) values (?,?,?,default)
Hibernate: insert into aforo_registros (business_id,fecha_hora,tipo,id) values (?,?,?,default)
Hibernate: insert into aforo_registros (business_id,fecha_hora,tipo,id) values (?,?,?,default)
Hibernate: insert into aforo_registros (business_id,fecha_hora,tipo,id) values (?,?,?,default)
Hibernate: insert into aforo_registros (business_id,fecha_hora,tipo,id) values (?,?,?,default)
Hibernate: insert into aforo_registros (business_id,fecha_hora,tipo,id) values (?,?,?,default)
Hibernate: insert into aforo_registros (business_id,fecha_hora,tipo,id) values (?,?,?,default)
Hibernate: insert into aforo_registros (business_id,fecha_hora,tipo,id) values (?,?,?,default)
Hibernate: insert into aforo_registros (business_id,fecha_hora,tipo,id) values (?,?,?,default)
Hibernate: insert into aforo_registros (business_id,fecha_hora,tipo,id) values (?,?,?,default)
Hibernate: insert into aforo_registros (business_id,fecha_hora,tipo,id) values (?,?,?,default)
Hibernate: insert into aforo_registros (business_id,fecha_hora,tipo,id) values (?,?,?,default)
Hibernate: insert into aforo_registros (business_id,fecha_hora,tipo,id) values (?,?,?,default)
Hibernate: insert into aforo_registros (business_id,fecha_hora,tipo,id) values (?,?,?,default)
Hibernate: insert into aforo_registros (business_id,fecha_hora,tipo,id) values (?,?,?,default)
Hibernate: insert into aforo_registros (business_id,fecha_hora,tipo,id) values (?,?,?,default)
Hibernate: insert into aforo_registros (business_id,fecha_hora,tipo,id) values (?,?,?,default)
Hibernate: insert into aforo_registros (business_id,fecha_hora,tipo,id) values (?,?,?,default)
Hibernate: insert into aforo_registros (business_id,fecha_hora,tipo,id) values (?,?,?,default)
Hibernate: insert into aforo_registros (business_id,fecha_hora,tipo,id) values (?,?,?,default)
Hibernate: insert into aforo_registros (business_id,fecha_hora,tipo,id) values (?,?,?,default)
Hibernate: insert into aforo_registros (business_id,fecha_hora,tipo,id) values (?,?,?,default)
Hibernate: insert into aforo_registros (business_id,fecha_hora,tipo,id) values (?,?,?,default)
Hibernate: insert into aforo_registros (business_id,fecha_hora,tipo,id) values (?,?,?,default)
Hibernate: insert into aforo_registros (business_id,fecha_hora,tipo,id) values (?,?,?,default)
Hibernate: insert into aforo_registros (business_id,fecha_hora,tipo,id) values (?,?,?,default)
Hibernate: insert into aforo_registros (business_id,fecha_hora,tipo,id) values (?,?,?,default)
Hibernate: insert into aforo_registros (business_id,fecha_hora,tipo,id) values (?,?,?,default)
Hibernate: insert into aforo_registros (business_id,fecha_hora,tipo,id) values (?,?,?,default)
Hibernate: insert into aforo_registros (business_id,fecha_hora,tipo,id) values (?,?,?,default)
Hibernate: insert into aforo_registros (business_id,fecha_hora,tipo,id) values (?,?,?,default)
Hibernate: insert into aforo_registros (business_id,fecha_hora,tipo,id) values (?,?,?,default)
Hibernate: insert into aforo_registros (business_id,fecha_hora,tipo,id) values (?,?,?,default)
Hibernate: insert into aforo_registros (business_id,fecha_hora,tipo,id) values (?,?,?,default)
Hibernate: insert into aforo_registros (business_id,fecha_hora,tipo,id) values (?,?,?,default)
Hibernate: insert into aforo_registros (business_id,fecha_hora,tipo,id) values (?,?,?,default)
Hibernate: insert into aforo_registros (business_id,fecha_hora,tipo,id) values (?,?,?,default)
Hibernate: insert into aforo_registros (business_id,fecha_hora,tipo,id) values (?,?,?,default)
Hibernate: insert into aforo_registros (business_id,fecha_hora,tipo,id) values (?,?,?,default)
Hibernate: insert into aforo_registros (business_id,fecha_hora,tipo,id) values (?,?,?,default)
Hibernate: insert into aforo_registros (business_id,fecha_hora,tipo,id) values (?,?,?,default)
Hibernate: insert into aforo_registros (business_id,fecha_hora,tipo,id) values (?,?,?,default)
Hibernate: insert into aforo_registros (business_id,fecha_hora,tipo,id) values (?,?,?,default)
Hibernate: insert into aforo_registros (business_id,fecha_hora,tipo,id) values (?,?,?,default)
Hibernate: insert into aforo_registros (business_id,fecha_hora,tipo,id) values (?,?,?,default)
Hibernate: insert into aforo_registros (business_id,fecha_hora,tipo,id) values (?,?,?,default)
Hibernate: insert into aforo_registros (business_id,fecha_hora,tipo,id) values (?,?,?,default)
Hibernate: insert into aforo_registros (business_id,fecha_hora,tipo,id) values (?,?,?,default)
Hibernate: insert into aforo_registros (business_id,fecha_hora,tipo,id) values (?,?,?,default)
Hibernate: insert into aforo_registros (business_id,fecha_hora,tipo,id) values (?,?,?,default)
Hibernate: insert into aforo_registros (business_id,fecha_hora,tipo,id) values (?,?,?,default)
Hibernate: insert into aforo_registros (business_id,fecha_hora,tipo,id) values (?,?,?,default)
Hibernate: insert into aforo_registros (business_id,fecha_hora,tipo,id) values (?,?,?,default)
Hibernate: insert into aforo_registros (business_id,fecha_hora,tipo,id) values (?,?,?,default)
Hibernate: insert into aforo_registros (business_id,fecha_hora,tipo,id) values (?,?,?,default)
Hibernate: insert into aforo_registros (business_id,fecha_hora,tipo,id) values (?,?,?,default)
Hibernate: insert into aforo_registros (business_id,fecha_hora,tipo,id) values (?,?,?,default)
Hibernate: insert into aforo_registros (business_id,fecha_hora,tipo,id) values (?,?,?,default)
Hibernate: insert into aforo_registros (business_id,fecha_hora,tipo,id) values (?,?,?,default)
Hibernate: insert into aforo_registros (business_id,fecha_hora,tipo,id) values (?,?,?,default)
Hibernate: insert into aforo_registros (business_id,fecha_hora,tipo,id) values (?,?,?,default)
Hibernate: insert into aforo_registros (business_id,fecha_hora,tipo,id) values (?,?,?,default)
Hibernate: insert into aforo_registros (business_id,fecha_hora,tipo,id) values (?,?,?,default)
Hibernate: insert into aforo_registros (business_id,fecha_hora,tipo,id) values (?,?,?,default)
Hibernate: insert into aforo_registros (business_id,fecha_hora,tipo,id) values (?,?,?,default)
Hibernate: insert into aforo_registros (business_id,fecha_hora,tipo,id) values (?,?,?,default)
Hibernate: insert into aforo_registros (business_id,fecha_hora,tipo,id) values (?,?,?,default)
Hibernate: insert into aforo_registros (business_id,fecha_hora,tipo,id) values (?,?,?,default)
Hibernate: insert into aforo_registros (business_id,fecha_hora,tipo,id) values (?,?,?,default)
Hibernate: insert into aforo_registros (business_id,fecha_hora,tipo,id) values (?,?,?,default)
Hibernate: insert into aforo_registros (business_id,fecha_hora,tipo,id) values (?,?,?,default)
Hibernate: insert into aforo_registros (business_id,fecha_hora,tipo,id) values (?,?,?,default)
Hibernate: insert into aforo_registros (business_id,fecha_hora,tipo,id) values (?,?,?,default)
Hibernate: insert into aforo_registros (business_id,fecha_hora,tipo,id) values (?,?,?,default)
Hibernate: insert into aforo_registros (business_id,fecha_hora,tipo,id) values (?,?,?,default)
Hibernate: insert into aforo_registros (business_id,fecha_hora,tipo,id) values (?,?,?,default)
Hibernate: insert into aforo_registros (business_id,fecha_hora,tipo,id) values (?,?,?,default)
Hibernate: insert into aforo_registros (business_id,fecha_hora,tipo,id) values (?,?,?,default)
Hibernate: insert into aforo_registros (business_id,fecha_hora,tipo,id) values (?,?,?,default)
Hibernate: insert into aforo_registros (business_id,fecha_hora,tipo,id) values (?,?,?,default)
Hibernate: insert into aforo_registros (business_id,fecha_hora,tipo,id) values (?,?,?,default)
Hibernate: insert into aforo_registros (business_id,fecha_hora,tipo,id) values (?,?,?,default)
Hibernate: insert into aforo_registros (business_id,fecha_hora,tipo,id) values (?,?,?,default)
Hibernate: insert into aforo_registros (business_id,fecha_hora,tipo,id) values (?,?,?,default)
Hibernate: insert into aforo_registros (business_id,fecha_hora,tipo,id) values (?,?,?,default)
Hibernate: insert into aforo_registros (business_id,fecha_hora,tipo,id) values (?,?,?,default)
Hibernate: insert into aforo_registros (business_id,fecha_hora,tipo,id) values (?,?,?,default)
Hibernate: insert into aforo_registros (business_id,fecha_hora,tipo,id) values (?,?,?,default)
Hibernate: insert into aforo_registros (business_id,fecha_hora,tipo,id) values (?,?,?,default)
Hibernate: insert into aforo_registros (business_id,fecha_hora,tipo,id) values (?,?,?,default)
Hibernate: insert into aforo_registros (business_id,fecha_hora,tipo,id) values (?,?,?,default)
Hibernate: insert into aforo_registros (business_id,fecha_hora,tipo,id) values (?,?,?,default)
Hibernate: insert into aforo_registros (business_id,fecha_hora,tipo,id) values (?,?,?,default)
Hibernate: insert into aforo_registros (business_id,fecha_hora,tipo,id) values (?,?,?,default)
Hibernate: insert into aforo_registros (business_id,fecha_hora,tipo,id) values (?,?,?,default)
Hibernate: insert into aforo_registros (business_id,fecha_hora,tipo,id) values (?,?,?,default)
Hibernate: insert into aforo_registros (business_id,fecha_hora,tipo,id) values (?,?,?,default)
Hibernate: insert into aforo_registros (business_id,fecha_hora,tipo,id) values (?,?,?,default)
Hibernate: insert into aforo_registros (business_id,fecha_hora,tipo,id) values (?,?,?,default)
Hibernate: insert into aforo_registros (business_id,fecha_hora,tipo,id) values (?,?,?,default)
Hibernate: insert into aforo_registros (business_id,fecha_hora,tipo,id) values (?,?,?,default)
Hibernate: insert into aforo_registros (business_id,fecha_hora,tipo,id) values (?,?,?,default)
Hibernate: insert into aforo_registros (business_id,fecha_hora,tipo,id) values (?,?,?,default)
Hibernate: insert into aforo_registros (business_id,fecha_hora,tipo,id) values (?,?,?,default)
Hibernate: insert into aforo_registros (business_id,fecha_hora,tipo,id) values (?,?,?,default)
Hibernate: insert into aforo_registros (business_id,fecha_hora,tipo,id) values (?,?,?,default)
Hibernate: insert into aforo_registros (business_id,fecha_hora,tipo,id) values (?,?,?,default)
Hibernate: insert into aforo_registros (business_id,fecha_hora,tipo,id) values (?,?,?,default)
Hibernate: insert into aforo_registros (business_id,fecha_hora,tipo,id) values (?,?,?,default)
Hibernate: insert into aforo_registros (business_id,fecha_hora,tipo,id) values (?,?,?,default)
Hibernate: insert into aforo_registros (business_id,fecha_hora,tipo,id) values (?,?,?,default)
Hibernate: insert into aforo_registros (business_id,fecha_hora,tipo,id) values (?,?,?,default)
Hibernate: insert into aforo_registros (business_id,fecha_hora,tipo,id) values (?,?,?,default)
Hibernate: insert into aforo_registros (business_id,fecha_hora,tipo,id) values (?,?,?,default)
Hibernate: insert into aforo_registros (business_id,fecha_hora,tipo,id) values (?,?,?,default)
Hibernate: insert into aforo_registros (business_id,fecha_hora,tipo,id) values (?,?,?,default)
Hibernate: insert into aforo_registros (business_id,fecha_hora,tipo,id) values (?,?,?,default)
Hibernate: insert into aforo_registros (business_id,fecha_hora,tipo,id) values (?,?,?,default)
Hibernate: insert into aforo_registros (business_id,fecha_hora,tipo,id) values (?,?,?,default)
Hibernate: insert into aforo_registros (business_id,fecha_hora,tipo,id) values (?,?,?,default)
Hibernate: insert into aforo_registros (business_id,fecha_hora,tipo,id) values (?,?,?,default)
Hibernate: insert into aforo_registros (business_id,fecha_hora,tipo,id) values (?,?,?,default)
Hibernate: insert into aforo_registros (business_id,fecha_hora,tipo,id) values (?,?,?,default)
Hibernate: insert into aforo_registros (business_id,fecha_hora,tipo,id) values (?,?,?,default)
Hibernate: insert into aforo_registros (business_id,fecha_hora,tipo,id) values (?,?,?,default)
Hibernate: insert into aforo_registros (business_id,fecha_hora,tipo,id) values (?,?,?,default)
Hibernate: insert into aforo_registros (business_id,fecha_hora,tipo,id) values (?,?,?,default)
Hibernate: insert into aforo_registros (business_id,fecha_hora,tipo,id) values (?,?,?,default)
Hibernate: insert into aforo_registros (business_id,fecha_hora,tipo,id) values (?,?,?,default)
Hibernate: insert into aforo_registros (business_id,fecha_hora,tipo,id) values (?,?,?,default)
Hibernate: insert into aforo_registros (business_id,fecha_hora,tipo,id) values (?,?,?,default)
Hibernate: insert into aforo_registros (business_id,fecha_hora,tipo,id) values (?,?,?,default)
Hibernate: insert into aforo_registros (business_id,fecha_hora,tipo,id) values (?,?,?,default)
Hibernate: insert into aforo_registros (business_id,fecha_hora,tipo,id) values (?,?,?,default)
Hibernate: insert into aforo_registros (business_id,fecha_hora,tipo,id) values (?,?,?,default)
Hibernate: insert into aforo_registros (business_id,fecha_hora,tipo,id) values (?,?,?,default)
Hibernate: insert into aforo_registros (business_id,fecha_hora,tipo,id) values (?,?,?,default)
Hibernate: insert into aforo_registros (business_id,fecha_hora,tipo,id) values (?,?,?,default)
Hibernate: insert into aforo_registros (business_id,fecha_hora,tipo,id) values (?,?,?,default)
Hibernate: insert into aforo_registros (business_id,fecha_hora,tipo,id) values (?,?,?,default)
Hibernate: insert into aforo_registros (business_id,fecha_hora,tipo,id) values (?,?,?,default)
Hibernate: insert into aforo_registros (business_id,fecha_hora,tipo,id) values (?,?,?,default)
Hibernate: insert into aforo_registros (business_id,fecha_hora,tipo,id) values (?,?,?,default)
Hibernate: insert into aforo_registros (business_id,fecha_hora,tipo,id) values (?,?,?,default)
Hibernate: insert into aforo_registros (business_id,fecha_hora,tipo,id) values (?,?,?,default)
Hibernate: insert into aforo_registros (business_id,fecha_hora,tipo,id) values (?,?,?,default)
Hibernate: insert into aforo_registros (business_id,fecha_hora,tipo,id) values (?,?,?,default)
Hibernate: insert into aforo_registros (business_id,fecha_hora,tipo,id) values (?,?,?,default)
Hibernate: insert into aforo_registros (business_id,fecha_hora,tipo,id) values (?,?,?,default)
Hibernate: insert into aforo_registros (business_id,fecha_hora,tipo,id) values (?,?,?,default)
Hibernate: insert into aforo_registros (business_id,fecha_hora,tipo,id) values (?,?,?,default)
Hibernate: insert into aforo_registros (business_id,fecha_hora,tipo,id) values (?,?,?,default)
Hibernate: insert into aforo_registros (business_id,fecha_hora,tipo,id) values (?,?,?,default)
Hibernate: insert into aforo_registros (business_id,fecha_hora,tipo,id) values (?,?,?,default)
Hibernate: insert into aforo_registros (business_id,fecha_hora,tipo,id) values (?,?,?,default)
Hibernate: insert into aforo_registros (business_id,fecha_hora,tipo,id) values (?,?,?,default)
Hibernate: insert into aforo_registros (business_id,fecha_hora,tipo,id) values (?,?,?,default)
Hibernate: insert into aforo_registros (business_id,fecha_hora,tipo,id) values (?,?,?,default)
Hibernate: insert into aforo_registros (business_id,fecha_hora,tipo,id) values (?,?,?,default)
Hibernate: insert into aforo_registros (business_id,fecha_hora,tipo,id) values (?,?,?,default)
Hibernate: insert into aforo_registros (business_id,fecha_hora,tipo,id) values (?,?,?,default)
Hibernate: insert into aforo_registros (business_id,fecha_hora,tipo,id) values (?,?,?,default)
Hibernate: insert into aforo_registros (business_id,fecha_hora,tipo,id) values (?,?,?,default)
Hibernate: insert into aforo_registros (business_id,fecha_hora,tipo,id) values (?,?,?,default)
Hibernate: insert into aforo_registros (business_id,fecha_hora,tipo,id) values (?,?,?,default)
Hibernate: insert into aforo_registros (business_id,fecha_hora,tipo,id) values (?,?,?,default)
Hibernate: insert into aforo_registros (business_id,fecha_hora,tipo,id) values (?,?,?,default)
Hibernate: insert into aforo_registros (business_id,fecha_hora,tipo,id) values (?,?,?,default)
Hibernate: insert into aforo_registros (business_id,fecha_hora,tipo,id) values (?,?,?,default)
Hibernate: insert into aforo_registros (business_id,fecha_hora,tipo,id) values (?,?,?,default)
Hibernate: insert into aforo_registros (business_id,fecha_hora,tipo,id) values (?,?,?,default)
Hibernate: insert into aforo_registros (business_id,fecha_hora,tipo,id) values (?,?,?,default)
Hibernate: insert into aforo_registros (business_id,fecha_hora,tipo,id) values (?,?,?,default)
Hibernate: insert into aforo_registros (business_id,fecha_hora,tipo,id) values (?,?,?,default)
Hibernate: insert into aforo_registros (business_id,fecha_hora,tipo,id) values (?,?,?,default)
Hibernate: insert into aforo_registros (business_id,fecha_hora,tipo,id) values (?,?,?,default)
Hibernate: insert into aforo_registros (business_id,fecha_hora,tipo,id) values (?,?,?,default)
Hibernate: insert into aforo_registros (business_id,fecha_hora,tipo,id) values (?,?,?,default)
Hibernate: insert into aforo_registros (business_id,fecha_hora,tipo,id) values (?,?,?,default)
Hibernate: insert into aforo_registros (business_id,fecha_hora,tipo,id) values (?,?,?,default)
Hibernate: insert into aforo_registros (business_id,fecha_hora,tipo,id) values (?,?,?,default)
Hibernate: insert into aforo_registros (business_id,fecha_hora,tipo,id) values (?,?,?,default)
Hibernate: insert into aforo_registros (business_id,fecha_hora,tipo,id) values (?,?,?,default)
Hibernate: insert into aforo_registros (business_id,fecha_hora,tipo,id) values (?,?,?,default)
Hibernate: insert into aforo_registros (business_id,fecha_hora,tipo,id) values (?,?,?,default)
Hibernate: insert into aforo_registros (business_id,fecha_hora,tipo,id) values (?,?,?,default)
Hibernate: insert into aforo_registros (business_id,fecha_hora,tipo,id) values (?,?,?,default)
Hibernate: insert into aforo_registros (business_id,fecha_hora,tipo,id) values (?,?,?,default)
Hibernate: insert into aforo_registros (business_id,fecha_hora,tipo,id) values (?,?,?,default)
Hibernate: insert into aforo_registros (business_id,fecha_hora,tipo,id) values (?,?,?,default)
Hibernate: insert into aforo_registros (business_id,fecha_hora,tipo,id) values (?,?,?,default)
Hibernate: insert into aforo_registros (business_id,fecha_hora,tipo,id) values (?,?,?,default)
Hibernate: insert into aforo_registros (business_id,fecha_hora,tipo,id) values (?,?,?,default)
Hibernate: insert into aforo_registros (business_id,fecha_hora,tipo,id) values (?,?,?,default)
Hibernate: insert into aforo_registros (business_id,fecha_hora,tipo,id) values (?,?,?,default)
Hibernate: insert into aforo_registros (business_id,fecha_hora,tipo,id) values (?,?,?,default)
Hibernate: insert into aforo_registros (business_id,fecha_hora,tipo,id) values (?,?,?,default)
Hibernate: insert into aforo_registros (business_id,fecha_hora,tipo,id) values (?,?,?,default)
Hibernate: insert into aforo_registros (business_id,fecha_hora,tipo,id) values (?,?,?,default)
Hibernate: insert into aforo_registros (business_id,fecha_hora,tipo,id) values (?,?,?,default)
Hibernate: insert into aforo_registros (business_id,fecha_hora,tipo,id) values (?,?,?,default)
Hibernate: insert into aforo_registros (business_id,fecha_hora,tipo,id) values (?,?,?,default)
Hibernate: insert into aforo_registros (business_id,fecha_hora,tipo,id) values (?,?,?,default)
Hibernate: insert into aforo_registros (business_id,fecha_hora,tipo,id) values (?,?,?,default)
Hibernate: insert into aforo_registros (business_id,fecha_hora,tipo,id) values (?,?,?,default)
Hibernate: insert into aforo_registros (business_id,fecha_hora,tipo,id) values (?,?,?,default)
Hibernate: insert into aforo_registros (business_id,fecha_hora,tipo,id) values (?,?,?,default)
Hibernate: insert into aforo_registros (business_id,fecha_hora,tipo,id) values (?,?,?,default)
Hibernate: insert into aforo_registros (business_id,fecha_hora,tipo,id) values (?,?,?,default)
Hibernate: insert into aforo_registros (business_id,fecha_hora,tipo,id) values (?,?,?,default)
Hibernate: insert into aforo_registros (business_id,fecha_hora,tipo,id) values (?,?,?,default)
Hibernate: insert into aforo_registros (business_id,fecha_hora,tipo,id) values (?,?,?,default)
Hibernate: insert into aforo_registros (business_id,fecha_hora,tipo,id) values (?,?,?,default)
Hibernate: insert into aforo_registros (business_id,fecha_hora,tipo,id) values (?,?,?,default)
Hibernate: insert into aforo_registros (business_id,fecha_hora,tipo,id) values (?,?,?,default)
Hibernate: insert into aforo_registros (business_id,fecha_hora,tipo,id) values (?,?,?,default)
Hibernate: insert into aforo_registros (business_id,fecha_hora,tipo,id) values (?,?,?,default)
Hibernate: insert into aforo_registros (business_id,fecha_hora,tipo,id) values (?,?,?,default)
Hibernate: insert into aforo_registros (business_id,fecha_hora,tipo,id) values (?,?,?,default)
Hibernate: insert into aforo_registros (business_id,fecha_hora,tipo,id) values (?,?,?,default)
Hibernate: insert into aforo_registros (business_id,fecha_hora,tipo,id) values (?,?,?,default)
Hibernate: insert into aforo_registros (business_id,fecha_hora,tipo,id) values (?,?,?,default)
Hibernate: insert into aforo_registros (business_id,fecha_hora,tipo,id) values (?,?,?,default)
Hibernate: insert into aforo_registros (business_id,fecha_hora,tipo,id) values (?,?,?,default)
Hibernate: insert into aforo_registros (business_id,fecha_hora,tipo,id) values (?,?,?,default)
Hibernate: insert into aforo_registros (business_id,fecha_hora,tipo,id) values (?,?,?,default)
Hibernate: insert into aforo_registros (business_id,fecha_hora,tipo,id) values (?,?,?,default)
Hibernate: insert into aforo_registros (business_id,fecha_hora,tipo,id) values (?,?,?,default)
Hibernate: insert into aforo_registros (business_id,fecha_hora,tipo,id) values (?,?,?,default)
Hibernate: insert into aforo_registros (business_id,fecha_hora,tipo,id) values (?,?,?,default)
Hibernate: insert into aforo_registros (business_id,fecha_hora,tipo,id) values (?,?,?,default)
Hibernate: insert into aforo_registros (business_id,fecha_hora,tipo,id) values (?,?,?,default)
Hibernate: insert into aforo_registros (business_id,fecha_hora,tipo,id) values (?,?,?,default)
Hibernate: insert into aforo_registros (business_id,fecha_hora,tipo,id) values (?,?,?,default)
Hibernate: insert into aforo_registros (business_id,fecha_hora,tipo,id) values (?,?,?,default)
Hibernate: insert into aforo_registros (business_id,fecha_hora,tipo,id) values (?,?,?,default)
Hibernate: insert into aforo_registros (business_id,fecha_hora,tipo,id) values (?,?,?,default)
Hibernate: insert into aforo_registros (business_id,fecha_hora,tipo,id) values (?,?,?,default)
Hibernate: insert into aforo_registros (business_id,fecha_hora,tipo,id) values (?,?,?,default)
Hibernate: insert into aforo_registros (business_id,fecha_hora,tipo,id) values (?,?,?,default)
Hibernate: insert into aforo_registros (business_id,fecha_hora,tipo,id) values (?,?,?,default)
Hibernate: insert into aforo_registros (business_id,fecha_hora,tipo,id) values (?,?,?,default)
Hibernate: insert into aforo_registros (business_id,fecha_hora,tipo,id) values (?,?,?,default)
Hibernate: insert into aforo_registros (business_id,fecha_hora,tipo,id) values (?,?,?,default)
Hibernate: insert into aforo_registros (business_id,fecha_hora,tipo,id) values (?,?,?,default)
Hibernate: insert into aforo_registros (business_id,fecha_hora,tipo,id) values (?,?,?,default)
Hibernate: insert into aforo_registros (business_id,fecha_hora,tipo,id) values (?,?,?,default)
Hibernate: insert into aforo_registros (business_id,fecha_hora,tipo,id) values (?,?,?,default)
Hibernate: insert into aforo_registros (business_id,fecha_hora,tipo,id) values (?,?,?,default)
Hibernate: insert into aforo_registros (business_id,fecha_hora,tipo,id) values (?,?,?,default)
Hibernate: insert into aforo_registros (business_id,fecha_hora,tipo,id) values (?,?,?,default)
Hibernate: insert into aforo_registros (business_id,fecha_hora,tipo,id) values (?,?,?,default)
Hibernate: insert into aforo_registros (business_id,fecha_hora,tipo,id) values (?,?,?,default)
Hibernate: insert into aforo_registros (business_id,fecha_hora,tipo,id) values (?,?,?,default)
Hibernate: insert into aforo_registros (business_id,fecha_hora,tipo,id) values (?,?,?,default)
Hibernate: insert into aforo_registros (business_id,fecha_hora,tipo,id) values (?,?,?,default)
Hibernate: insert into aforo_registros (business_id,fecha_hora,tipo,id) values (?,?,?,default)
Hibernate: insert into aforo_registros (business_id,fecha_hora,tipo,id) values (?,?,?,default)
Hibernate: insert into aforo_registros (business_id,fecha_hora,tipo,id) values (?,?,?,default)
Hibernate: insert into aforo_registros (business_id,fecha_hora,tipo,id) values (?,?,?,default)
Hibernate: insert into aforo_registros (business_id,fecha_hora,tipo,id) values (?,?,?,default)
Hibernate: insert into aforo_registros (business_id,fecha_hora,tipo,id) values (?,?,?,default)
Hibernate: insert into aforo_registros (business_id,fecha_hora,tipo,id) values (?,?,?,default)
Hibernate: insert into aforo_registros (business_id,fecha_hora,tipo,id) values (?,?,?,default)
Hibernate: insert into aforo_registros (business_id,fecha_hora,tipo,id) values (?,?,?,default)
Hibernate: insert into aforo_registros (business_id,fecha_hora,tipo,id) values (?,?,?,default)
Hibernate: insert into aforo_registros (business_id,fecha_hora,tipo,id) values (?,?,?,default)
Hibernate: insert into aforo_registros (business_id,fecha_hora,tipo,id) values (?,?,?,default)
Hibernate: insert into aforo_registros (business_id,fecha_hora,tipo,id) values (?,?,?,default)
Hibernate: insert into aforo_registros (business_id,fecha_hora,tipo,id) values (?,?,?,default)
Hibernate: insert into aforo_registros (business_id,fecha_hora,tipo,id) values (?,?,?,default)
Hibernate: insert into aforo_registros (business_id,fecha_hora,tipo,id) values (?,?,?,default)
Hibernate: insert into aforo_registros (business_id,fecha_hora,tipo,id) values (?,?,?,default)
Hibernate: insert into aforo_registros (business_id,fecha_hora,tipo,id) values (?,?,?,default)
Hibernate: insert into aforo_registros (business_id,fecha_hora,tipo,id) values (?,?,?,default)
Hibernate: insert into aforo_registros (business_id,fecha_hora,tipo,id) values (?,?,?,default)
Hibernate: insert into aforo_registros (business_id,fecha_hora,tipo,id) values (?,?,?,default)
Hibernate: insert into aforo_registros (business_id,fecha_hora,tipo,id) values (?,?,?,default)
Hibernate: insert into aforo_registros (business_id,fecha_hora,tipo,id) values (?,?,?,default)
Hibernate: insert into aforo_registros (business_id,fecha_hora,tipo,id) values (?,?,?,default)
Hibernate: insert into aforo_registros (business_id,fecha_hora,tipo,id) values (?,?,?,default)
Hibernate: insert into aforo_registros (business_id,fecha_hora,tipo,id) values (?,?,?,default)
Hibernate: insert into aforo_registros (business_id,fecha_hora,tipo,id) values (?,?,?,default)
Hibernate: insert into aforo_registros (business_id,fecha_hora,tipo,id) values (?,?,?,default)
Hibernate: insert into aforo_registros (business_id,fecha_hora,tipo,id) values (?,?,?,default)
Hibernate: insert into aforo_registros (business_id,fecha_hora,tipo,id) values (?,?,?,default)
Hibernate: insert into aforo_registros (business_id,fecha_hora,tipo,id) values (?,?,?,default)
Hibernate: insert into aforo_registros (business_id,fecha_hora,tipo,id) values (?,?,?,default)
Hibernate: insert into aforo_registros (business_id,fecha_hora,tipo,id) values (?,?,?,default)
Hibernate: insert into aforo_registros (business_id,fecha_hora,tipo,id) values (?,?,?,default)
Hibernate: insert into aforo_registros (business_id,fecha_hora,tipo,id) values (?,?,?,default)
Hibernate: insert into aforo_registros (business_id,fecha_hora,tipo,id) values (?,?,?,default)
Hibernate: insert into aforo_registros (business_id,fecha_hora,tipo,id) values (?,?,?,default)
Hibernate: insert into aforo_registros (business_id,fecha_hora,tipo,id) values (?,?,?,default)
Hibernate: insert into aforo_registros (business_id,fecha_hora,tipo,id) values (?,?,?,default)
Hibernate: insert into aforo_registros (business_id,fecha_hora,tipo,id) values (?,?,?,default)
Hibernate: insert into aforo_registros (business_id,fecha_hora,tipo,id) values (?,?,?,default)
Hibernate: insert into aforo_registros (business_id,fecha_hora,tipo,id) values (?,?,?,default)
Hibernate: insert into aforo_registros (business_id,fecha_hora,tipo,id) values (?,?,?,default)
Hibernate: insert into aforo_registros (business_id,fecha_hora,tipo,id) values (?,?,?,default)
Hibernate: insert into aforo_registros (business_id,fecha_hora,tipo,id) values (?,?,?,default)
Hibernate: insert into aforo_registros (business_id,fecha_hora,tipo,id) values (?,?,?,default)
Hibernate: insert into aforo_registros (business_id,fecha_hora,tipo,id) values (?,?,?,default)
Hibernate: insert into aforo_registros (business_id,fecha_hora,tipo,id) values (?,?,?,default)
Hibernate: insert into aforo_registros (business_id,fecha_hora,tipo,id) values (?,?,?,default)
Hibernate: insert into aforo_registros (business_id,fecha_hora,tipo,id) values (?,?,?,default)
Hibernate: insert into aforo_registros (business_id,fecha_hora,tipo,id) values (?,?,?,default)
Hibernate: insert into aforo_registros (business_id,fecha_hora,tipo,id) values (?,?,?,default)
Hibernate: insert into aforo_registros (business_id,fecha_hora,tipo,id) values (?,?,?,default)
Hibernate: insert into aforo_registros (business_id,fecha_hora,tipo,id) values (?,?,?,default)
Hibernate: insert into aforo_registros (business_id,fecha_hora,tipo,id) values (?,?,?,default)
Hibernate: insert into aforo_registros (business_id,fecha_hora,tipo,id) values (?,?,?,default)
Hibernate: insert into aforo_registros (business_id,fecha_hora,tipo,id) values (?,?,?,default)
Hibernate: insert into aforo_registros (business_id,fecha_hora,tipo,id) values (?,?,?,default)
Hibernate: insert into aforo_registros (business_id,fecha_hora,tipo,id) values (?,?,?,default)
Hibernate: insert into aforo_registros (business_id,fecha_hora,tipo,id) values (?,?,?,default)
Hibernate: insert into aforo_registros (business_id,fecha_hora,tipo,id) values (?,?,?,default)
Hibernate: insert into aforo_registros (business_id,fecha_hora,tipo,id) values (?,?,?,default)
Hibernate: insert into aforo_registros (business_id,fecha_hora,tipo,id) values (?,?,?,default)
Hibernate: insert into aforo_registros (business_id,fecha_hora,tipo,id) values (?,?,?,default)
Hibernate: insert into aforo_registros (business_id,fecha_hora,tipo,id) values (?,?,?,default)
Hibernate: insert into aforo_registros (business_id,fecha_hora,tipo,id) values (?,?,?,default)
Hibernate: insert into aforo_registros (business_id,fecha_hora,tipo,id) values (?,?,?,default)
Hibernate: insert into aforo_registros (business_id,fecha_hora,tipo,id) values (?,?,?,default)
Hibernate: insert into aforo_registros (business_id,fecha_hora,tipo,id) values (?,?,?,default)
Hibernate: insert into aforo_registros (business_id,fecha_hora,tipo,id) values (?,?,?,default)
Hibernate: insert into aforo_registros (business_id,fecha_hora,tipo,id) values (?,?,?,default)
Hibernate: insert into aforo_registros (business_id,fecha_hora,tipo,id) values (?,?,?,default)
Hibernate: insert into aforo_registros (business_id,fecha_hora,tipo,id) values (?,?,?,default)
Hibernate: insert into aforo_registros (business_id,fecha_hora,tipo,id) values (?,?,?,default)
Hibernate: insert into aforo_registros (business_id,fecha_hora,tipo,id) values (?,?,?,default)
Hibernate: insert into aforo_registros (business_id,fecha_hora,tipo,id) values (?,?,?,default)
Hibernate: insert into aforo_registros (business_id,fecha_hora,tipo,id) values (?,?,?,default)
Hibernate: insert into aforo_registros (business_id,fecha_hora,tipo,id) values (?,?,?,default)
Hibernate: insert into aforo_registros (business_id,fecha_hora,tipo,id) values (?,?,?,default)
Hibernate: insert into aforo_registros (business_id,fecha_hora,tipo,id) values (?,?,?,default)
Hibernate: insert into aforo_registros (business_id,fecha_hora,tipo,id) values (?,?,?,default)
Hibernate: insert into aforo_registros (business_id,fecha_hora,tipo,id) values (?,?,?,default)
Hibernate: insert into aforo_registros (business_id,fecha_hora,tipo,id) values (?,?,?,default)
Hibernate: insert into aforo_registros (business_id,fecha_hora,tipo,id) values (?,?,?,default)
Hibernate: insert into aforo_registros (business_id,fecha_hora,tipo,id) values (?,?,?,default)
Hibernate: insert into aforo_registros (business_id,fecha_hora,tipo,id) values (?,?,?,default)
Hibernate: insert into aforo_registros (business_id,fecha_hora,tipo,id) values (?,?,?,default)
Hibernate: insert into aforo_registros (business_id,fecha_hora,tipo,id) values (?,?,?,default)
Hibernate: insert into aforo_registros (business_id,fecha_hora,tipo,id) values (?,?,?,default)
Hibernate: insert into aforo_registros (business_id,fecha_hora,tipo,id) values (?,?,?,default)
Hibernate: insert into aforo_registros (business_id,fecha_hora,tipo,id) values (?,?,?,default)
Hibernate: insert into aforo_registros (business_id,fecha_hora,tipo,id) values (?,?,?,default)
Hibernate: insert into aforo_registros (business_id,fecha_hora,tipo,id) values (?,?,?,default)
Hibernate: insert into aforo_registros (business_id,fecha_hora,tipo,id) values (?,?,?,default)
Hibernate: insert into aforo_registros (business_id,fecha_hora,tipo,id) values (?,?,?,default)
Hibernate: insert into aforo_registros (business_id,fecha_hora,tipo,id) values (?,?,?,default)
Hibernate: insert into aforo_registros (business_id,fecha_hora,tipo,id) values (?,?,?,default)
Hibernate: insert into aforo_registros (business_id,fecha_hora,tipo,id) values (?,?,?,default)
Hibernate: insert into aforo_registros (business_id,fecha_hora,tipo,id) values (?,?,?,default)
Hibernate: insert into aforo_registros (business_id,fecha_hora,tipo,id) values (?,?,?,default)
Hibernate: insert into aforo_registros (business_id,fecha_hora,tipo,id) values (?,?,?,default)
Hibernate: insert into aforo_registros (business_id,fecha_hora,tipo,id) values (?,?,?,default)
Hibernate: insert into aforo_registros (business_id,fecha_hora,tipo,id) values (?,?,?,default)
Hibernate: insert into aforo_registros (business_id,fecha_hora,tipo,id) values (?,?,?,default)
Hibernate: insert into aforo_registros (business_id,fecha_hora,tipo,id) values (?,?,?,default)
Hibernate: insert into aforo_registros (business_id,fecha_hora,tipo,id) values (?,?,?,default)
Hibernate: insert into aforo_registros (business_id,fecha_hora,tipo,id) values (?,?,?,default)
Hibernate: insert into aforo_registros (business_id,fecha_hora,tipo,id) values (?,?,?,default)
Hibernate: insert into aforo_registros (business_id,fecha_hora,tipo,id) values (?,?,?,default)
Hibernate: insert into aforo_registros (business_id,fecha_hora,tipo,id) values (?,?,?,default)
Hibernate: insert into aforo_registros (business_id,fecha_hora,tipo,id) values (?,?,?,default)
Hibernate: insert into aforo_registros (business_id,fecha_hora,tipo,id) values (?,?,?,default)
Hibernate: insert into aforo_registros (business_id,fecha_hora,tipo,id) values (?,?,?,default)
Hibernate: insert into aforo_registros (business_id,fecha_hora,tipo,id) values (?,?,?,default)
Hibernate: insert into aforo_registros (business_id,fecha_hora,tipo,id) values (?,?,?,default)
Hibernate: insert into aforo_registros (business_id,fecha_hora,tipo,id) values (?,?,?,default)
Hibernate: insert into aforo_registros (business_id,fecha_hora,tipo,id) values (?,?,?,default)
Hibernate: insert into aforo_registros (business_id,fecha_hora,tipo,id) values (?,?,?,default)
Hibernate: insert into aforo_registros (business_id,fecha_hora,tipo,id) values (?,?,?,default)
Hibernate: insert into aforo_registros (business_id,fecha_hora,tipo,id) values (?,?,?,default)
Hibernate: insert into aforo_registros (business_id,fecha_hora,tipo,id) values (?,?,?,default)
Hibernate: insert into aforo_registros (business_id,fecha_hora,tipo,id) values (?,?,?,default)
Hibernate: insert into aforo_registros (business_id,fecha_hora,tipo,id) values (?,?,?,default)
Hibernate: insert into aforo_registros (business_id,fecha_hora,tipo,id) values (?,?,?,default)
Hibernate: insert into aforo_registros (business_id,fecha_hora,tipo,id) values (?,?,?,default)
Hibernate: insert into aforo_registros (business_id,fecha_hora,tipo,id) values (?,?,?,default)
Hibernate: insert into aforo_registros (business_id,fecha_hora,tipo,id) values (?,?,?,default)
Hibernate: insert into aforo_registros (business_id,fecha_hora,tipo,id) values (?,?,?,default)
Hibernate: insert into aforo_registros (business_id,fecha_hora,tipo,id) values (?,?,?,default)
Hibernate: insert into aforo_registros (business_id,fecha_hora,tipo,id) values (?,?,?,default)
Hibernate: insert into aforo_registros (business_id,fecha_hora,tipo,id) values (?,?,?,default)
Hibernate: insert into aforo_registros (business_id,fecha_hora,tipo,id) values (?,?,?,default)
Hibernate: insert into aforo_registros (business_id,fecha_hora,tipo,id) values (?,?,?,default)
Hibernate: insert into aforo_registros (business_id,fecha_hora,tipo,id) values (?,?,?,default)
Hibernate: insert into aforo_registros (business_id,fecha_hora,tipo,id) values (?,?,?,default)
Hibernate: insert into aforo_registros (business_id,fecha_hora,tipo,id) values (?,?,?,default)
Hibernate: insert into aforo_registros (business_id,fecha_hora,tipo,id) values (?,?,?,default)
Hibernate: insert into aforo_registros (business_id,fecha_hora,tipo,id) values (?,?,?,default)
Hibernate: insert into aforo_registros (business_id,fecha_hora,tipo,id) values (?,?,?,default)
Hibernate: insert into aforo_registros (business_id,fecha_hora,tipo,id) values (?,?,?,default)
Hibernate: insert into aforo_registros (business_id,fecha_hora,tipo,id) values (?,?,?,default)
Hibernate: insert into aforo_registros (business_id,fecha_hora,tipo,id) values (?,?,?,default)
Hibernate: insert into aforo_registros (business_id,fecha_hora,tipo,id) values (?,?,?,default)
Hibernate: insert into aforo_registros (business_id,fecha_hora,tipo,id) values (?,?,?,default)
Hibernate: insert into aforo_registros (business_id,fecha_hora,tipo,id) values (?,?,?,default)
Hibernate: insert into aforo_registros (business_id,fecha_hora,tipo,id) values (?,?,?,default)
Hibernate: insert into aforo_registros (business_id,fecha_hora,tipo,id) values (?,?,?,default)
Hibernate: insert into aforo_registros (business_id,fecha_hora,tipo,id) values (?,?,?,default)
Hibernate: insert into aforo_registros (business_id,fecha_hora,tipo,id) values (?,?,?,default)
Hibernate: insert into aforo_registros (business_id,fecha_hora,tipo,id) values (?,?,?,default)
Hibernate: insert into aforo_registros (business_id,fecha_hora,tipo,id) values (?,?,?,default)
Hibernate: insert into aforo_registros (business_id,fecha_hora,tipo,id) values (?,?,?,default)
Hibernate: insert into aforo_registros (business_id,fecha_hora,tipo,id) values (?,?,?,default)
Hibernate: insert into aforo_registros (business_id,fecha_hora,tipo,id) values (?,?,?,default)
Hibernate: insert into aforo_registros (business_id,fecha_hora,tipo,id) values (?,?,?,default)
Hibernate: insert into aforo_registros (business_id,fecha_hora,tipo,id) values (?,?,?,default)
Hibernate: insert into aforo_registros (business_id,fecha_hora,tipo,id) values (?,?,?,default)
Hibernate: insert into aforo_registros (business_id,fecha_hora,tipo,id) values (?,?,?,default)
Hibernate: insert into aforo_registros (business_id,fecha_hora,tipo,id) values (?,?,?,default)
Hibernate: insert into aforo_registros (business_id,fecha_hora,tipo,id) values (?,?,?,default)
Hibernate: insert into aforo_registros (business_id,fecha_hora,tipo,id) values (?,?,?,default)
Hibernate: insert into aforo_registros (business_id,fecha_hora,tipo,id) values (?,?,?,default)
Hibernate: insert into aforo_registros (business_id,fecha_hora,tipo,id) values (?,?,?,default)
Hibernate: insert into aforo_registros (business_id,fecha_hora,tipo,id) values (?,?,?,default)
Hibernate: insert into aforo_registros (business_id,fecha_hora,tipo,id) values (?,?,?,default)
Hibernate: insert into aforo_registros (business_id,fecha_hora,tipo,id) values (?,?,?,default)
Hibernate: insert into aforo_registros (business_id,fecha_hora,tipo,id) values (?,?,?,default)
Hibernate: insert into aforo_registros (business_id,fecha_hora,tipo,id) values (?,?,?,default)
Hibernate: insert into aforo_registros (business_id,fecha_hora,tipo,id) values (?,?,?,default)
Hibernate: insert into aforo_registros (business_id,fecha_hora,tipo,id) values (?,?,?,default)
Hibernate: insert into aforo_registros (business_id,fecha_hora,tipo,id) values (?,?,?,default)
Hibernate: insert into aforo_registros (business_id,fecha_hora,tipo,id) values (?,?,?,default)
Hibernate: insert into aforo_registros (business_id,fecha_hora,tipo,id) values (?,?,?,default)
Hibernate: insert into aforo_registros (business_id,fecha_hora,tipo,id) values (?,?,?,default)
Hibernate: insert into aforo_registros (business_id,fecha_hora,tipo,id) values (?,?,?,default)
Hibernate: insert into aforo_registros (business_id,fecha_hora,tipo,id) values (?,?,?,default)
Hibernate: insert into aforo_registros (business_id,fecha_hora,tipo,id) values (?,?,?,default)
Hibernate: insert into aforo_registros (business_id,fecha_hora,tipo,id) values (?,?,?,default)
Hibernate: insert into aforo_registros (business_id,fecha_hora,tipo,id) values (?,?,?,default)
Hibernate: insert into aforo_registros (business_id,fecha_hora,tipo,id) values (?,?,?,default)
Hibernate: insert into aforo_registros (business_id,fecha_hora,tipo,id) values (?,?,?,default)
Hibernate: insert into aforo_registros (business_id,fecha_hora,tipo,id) values (?,?,?,default)
Hibernate: insert into aforo_registros (business_id,fecha_hora,tipo,id) values (?,?,?,default)
Hibernate: insert into aforo_registros (business_id,fecha_hora,tipo,id) values (?,?,?,default)
Hibernate: insert into aforo_registros (business_id,fecha_hora,tipo,id) values (?,?,?,default)
Hibernate: insert into aforo_registros (business_id,fecha_hora,tipo,id) values (?,?,?,default)
Hibernate: insert into aforo_registros (business_id,fecha_hora,tipo,id) values (?,?,?,default)
Hibernate: insert into aforo_registros (business_id,fecha_hora,tipo,id) values (?,?,?,default)
Hibernate: insert into aforo_registros (business_id,fecha_hora,tipo,id) values (?,?,?,default)
Hibernate: insert into aforo_registros (business_id,fecha_hora,tipo,id) values (?,?,?,default)
Hibernate: insert into aforo_registros (business_id,fecha_hora,tipo,id) values (?,?,?,default)
Hibernate: insert into aforo_registros (business_id,fecha_hora,tipo,id) values (?,?,?,default)
Hibernate: insert into aforo_registros (business_id,fecha_hora,tipo,id) values (?,?,?,default)
Hibernate: insert into aforo_registros (business_id,fecha_hora,tipo,id) values (?,?,?,default)
Hibernate: insert into aforo_registros (business_id,fecha_hora,tipo,id) values (?,?,?,default)
Hibernate: insert into aforo_registros (business_id,fecha_hora,tipo,id) values (?,?,?,default)
Hibernate: insert into aforo_registros (business_id,fecha_hora,tipo,id) values (?,?,?,default)
Hibernate: insert into aforo_registros (business_id,fecha_hora,tipo,id) values (?,?,?,default)
Hibernate: insert into aforo_registros (business_id,fecha_hora,tipo,id) values (?,?,?,default)
Hibernate: insert into aforo_registros (business_id,fecha_hora,tipo,id) values (?,?,?,default)
Hibernate: insert into aforo_registros (business_id,fecha_hora,tipo,id) values (?,?,?,default)
Hibernate: insert into aforo_registros (business_id,fecha_hora,tipo,id) values (?,?,?,default)
Hibernate: insert into aforo_registros (business_id,fecha_hora,tipo,id) values (?,?,?,default)
Hibernate: insert into aforo_registros (business_id,fecha_hora,tipo,id) values (?,?,?,default)
Hibernate: insert into aforo_registros (business_id,fecha_hora,tipo,id) values (?,?,?,default)
Hibernate: insert into aforo_registros (business_id,fecha_hora,tipo,id) values (?,?,?,default)
Hibernate: insert into aforo_registros (business_id,fecha_hora,tipo,id) values (?,?,?,default)
Hibernate: insert into aforo_registros (business_id,fecha_hora,tipo,id) values (?,?,?,default)
Hibernate: insert into aforo_registros (business_id,fecha_hora,tipo,id) values (?,?,?,default)
Hibernate: insert into aforo_registros (business_id,fecha_hora,tipo,id) values (?,?,?,default)
Hibernate: insert into aforo_registros (business_id,fecha_hora,tipo,id) values (?,?,?,default)
Hibernate: insert into aforo_registros (business_id,fecha_hora,tipo,id) values (?,?,?,default)
Hibernate: insert into aforo_registros (business_id,fecha_hora,tipo,id) values (?,?,?,default)
Hibernate: insert into aforo_registros (business_id,fecha_hora,tipo,id) values (?,?,?,default)
Hibernate: insert into aforo_registros (business_id,fecha_hora,tipo,id) values (?,?,?,default)
Hibernate: insert into aforo_registros (business_id,fecha_hora,tipo,id) values (?,?,?,default)
Hibernate: insert into aforo_registros (business_id,fecha_hora,tipo,id) values (?,?,?,default)
Hibernate: insert into aforo_registros (business_id,fecha_hora,tipo,id) values (?,?,?,default)
Hibernate: insert into aforo_registros (business_id,fecha_hora,tipo,id) values (?,?,?,default)
Hibernate: insert into aforo_registros (business_id,fecha_hora,tipo,id) values (?,?,?,default)
Hibernate: insert into aforo_registros (business_id,fecha_hora,tipo,id) values (?,?,?,default)
Hibernate: insert into aforo_registros (business_id,fecha_hora,tipo,id) values (?,?,?,default)
Hibernate: insert into aforo_registros (business_id,fecha_hora,tipo,id) values (?,?,?,default)
Hibernate: insert into aforo_registros (business_id,fecha_hora,tipo,id) values (?,?,?,default)
Hibernate: insert into aforo_registros (business_id,fecha_hora,tipo,id) values (?,?,?,default)
Hibernate: insert into aforo_registros (business_id,fecha_hora,tipo,id) values (?,?,?,default)
Hibernate: insert into aforo_registros (business_id,fecha_hora,tipo,id) values (?,?,?,default)
Hibernate: insert into aforo_registros (business_id,fecha_hora,tipo,id) values (?,?,?,default)
Hibernate: insert into aforo_registros (business_id,fecha_hora,tipo,id) values (?,?,?,default)
Hibernate: insert into aforo_registros (business_id,fecha_hora,tipo,id) values (?,?,?,default)
Hibernate: insert into aforo_registros (business_id,fecha_hora,tipo,id) values (?,?,?,default)
Hibernate: insert into aforo_registros (business_id,fecha_hora,tipo,id) values (?,?,?,default)
Hibernate: insert into aforo_registros (business_id,fecha_hora,tipo,id) values (?,?,?,default)
Hibernate: insert into aforo_registros (business_id,fecha_hora,tipo,id) values (?,?,?,default)
Hibernate: insert into aforo_registros (business_id,fecha_hora,tipo,id) values (?,?,?,default)
Hibernate: insert into aforo_registros (business_id,fecha_hora,tipo,id) values (?,?,?,default)
Hibernate: insert into aforo_registros (business_id,fecha_hora,tipo,id) values (?,?,?,default)
Hibernate: insert into aforo_registros (business_id,fecha_hora,tipo,id) values (?,?,?,default)
Hibernate: insert into aforo_registros (business_id,fecha_hora,tipo,id) values (?,?,?,default)
Hibernate: insert into aforo_registros (business_id,fecha_hora,tipo,id) values (?,?,?,default)
Hibernate: insert into aforo_registros (business_id,fecha_hora,tipo,id) values (?,?,?,default)
Hibernate: insert into aforo_registros (business_id,fecha_hora,tipo,id) values (?,?,?,default)
Hibernate: insert into aforo_registros (business_id,fecha_hora,tipo,id) values (?,?,?,default)
Hibernate: insert into aforo_registros (business_id,fecha_hora,tipo,id) values (?,?,?,default)
Hibernate: insert into aforo_registros (business_id,fecha_hora,tipo,id) values (?,?,?,default)
Hibernate: insert into aforo_registros (business_id,fecha_hora,tipo,id) values (?,?,?,default)
Hibernate: insert into aforo_registros (business_id,fecha_hora,tipo,id) values (?,?,?,default)
Hibernate: insert into aforo_registros (business_id,fecha_hora,tipo,id) values (?,?,?,default)
Hibernate: insert into aforo_registros (business_id,fecha_hora,tipo,id) values (?,?,?,default)
Hibernate: insert into aforo_registros (business_id,fecha_hora,tipo,id) values (?,?,?,default)
Hibernate: insert into aforo_registros (business_id,fecha_hora,tipo,id) values (?,?,?,default)
Hibernate: insert into aforo_registros (business_id,fecha_hora,tipo,id) values (?,?,?,default)
Hibernate: insert into aforo_registros (business_id,fecha_hora,tipo,id) values (?,?,?,default)
Hibernate: insert into aforo_registros (business_id,fecha_hora,tipo,id) values (?,?,?,default)
Hibernate: insert into aforo_registros (business_id,fecha_hora,tipo,id) values (?,?,?,default)
Hibernate: insert into aforo_registros (business_id,fecha_hora,tipo,id) values (?,?,?,default)
Hibernate: insert into aforo_registros (business_id,fecha_hora,tipo,id) values (?,?,?,default)
Hibernate: insert into aforo_registros (business_id,fecha_hora,tipo,id) values (?,?,?,default)
Hibernate: insert into aforo_registros (business_id,fecha_hora,tipo,id) values (?,?,?,default)
Hibernate: insert into aforo_registros (business_id,fecha_hora,tipo,id) values (?,?,?,default)
Hibernate: insert into aforo_registros (business_id,fecha_hora,tipo,id) values (?,?,?,default)
Hibernate: insert into aforo_registros (business_id,fecha_hora,tipo,id) values (?,?,?,default)
Hibernate: insert into aforo_registros (business_id,fecha_hora,tipo,id) values (?,?,?,default)
Hibernate: insert into aforo_registros (business_id,fecha_hora,tipo,id) values (?,?,?,default)
Hibernate: insert into aforo_registros (business_id,fecha_hora,tipo,id) values (?,?,?,default)
Hibernate: insert into aforo_registros (business_id,fecha_hora,tipo,id) values (?,?,?,default)
Hibernate: insert into aforo_registros (business_id,fecha_hora,tipo,id) values (?,?,?,default)
Hibernate: insert into aforo_registros (business_id,fecha_hora,tipo,id) values (?,?,?,default)
Hibernate: insert into aforo_registros (business_id,fecha_hora,tipo,id) values (?,?,?,default)
Hibernate: insert into aforo_registros (business_id,fecha_hora,tipo,id) values (?,?,?,default)
Hibernate: insert into aforo_registros (business_id,fecha_hora,tipo,id) values (?,?,?,default)
Hibernate: insert into aforo_registros (business_id,fecha_hora,tipo,id) values (?,?,?,default)
Hibernate: insert into aforo_registros (business_id,fecha_hora,tipo,id) values (?,?,?,default)
Hibernate: insert into aforo_registros (business_id,fecha_hora,tipo,id) values (?,?,?,default)
Hibernate: insert into aforo_registros (business_id,fecha_hora,tipo,id) values (?,?,?,default)
Hibernate: insert into aforo_registros (business_id,fecha_hora,tipo,id) values (?,?,?,default)
Hibernate: insert into aforo_registros (business_id,fecha_hora,tipo,id) values (?,?,?,default)
Hibernate: insert into aforo_registros (business_id,fecha_hora,tipo,id) values (?,?,?,default)
Hibernate: insert into aforo_registros (business_id,fecha_hora,tipo,id) values (?,?,?,default)
Hibernate: insert into aforo_registros (business_id,fecha_hora,tipo,id) values (?,?,?,default)
Hibernate: insert into aforo_registros (business_id,fecha_hora,tipo,id) values (?,?,?,default)
Hibernate: insert into aforo_registros (business_id,fecha_hora,tipo,id) values (?,?,?,default)
Hibernate: insert into aforo_registros (business_id,fecha_hora,tipo,id) values (?,?,?,default)
Hibernate: insert into aforo_registros (business_id,fecha_hora,tipo,id) values (?,?,?,default)
Hibernate: insert into aforo_registros (business_id,fecha_hora,tipo,id) values (?,?,?,default)
Hibernate: insert into aforo_registros (business_id,fecha_hora,tipo,id) values (?,?,?,default)
Hibernate: insert into aforo_registros (business_id,fecha_hora,tipo,id) values (?,?,?,default)
Hibernate: insert into aforo_registros (business_id,fecha_hora,tipo,id) values (?,?,?,default)
Hibernate: insert into aforo_registros (business_id,fecha_hora,tipo,id) values (?,?,?,default)
Hibernate: insert into aforo_registros (business_id,fecha_hora,tipo,id) values (?,?,?,default)
Hibernate: insert into aforo_registros (business_id,fecha_hora,tipo,id) values (?,?,?,default)
Hibernate: insert into aforo_registros (business_id,fecha_hora,tipo,id) values (?,?,?,default)
Hibernate: insert into aforo_registros (business_id,fecha_hora,tipo,id) values (?,?,?,default)
Hibernate: insert into aforo_registros (business_id,fecha_hora,tipo,id) values (?,?,?,default)
Hibernate: insert into aforo_registros (business_id,fecha_hora,tipo,id) values (?,?,?,default)
Hibernate: insert into aforo_registros (business_id,fecha_hora,tipo,id) values (?,?,?,default)
Hibernate: insert into aforo_registros (business_id,fecha_hora,tipo,id) values (?,?,?,default)
Hibernate: insert into aforo_registros (business_id,fecha_hora,tipo,id) values (?,?,?,default)
Hibernate: insert into aforo_registros (business_id,fecha_hora,tipo,id) values (?,?,?,default)
Hibernate: insert into aforo_registros (business_id,fecha_hora,tipo,id) values (?,?,?,default)
Hibernate: insert into aforo_registros (business_id,fecha_hora,tipo,id) values (?,?,?,default)
Hibernate: insert into aforo_registros (business_id,fecha_hora,tipo,id) values (?,?,?,default)
Hibernate: insert into aforo_registros (business_id,fecha_hora,tipo,id) values (?,?,?,default)
Hibernate: insert into aforo_registros (business_id,fecha_hora,tipo,id) values (?,?,?,default)
Hibernate: insert into aforo_registros (business_id,fecha_hora,tipo,id) values (?,?,?,default)
Hibernate: insert into aforo_registros (business_id,fecha_hora,tipo,id) values (?,?,?,default)
Hibernate: insert into aforo_registros (business_id,fecha_hora,tipo,id) values (?,?,?,default)
Hibernate: insert into aforo_registros (business_id,fecha_hora,tipo,id) values (?,?,?,default)
Hibernate: insert into aforo_registros (business_id,fecha_hora,tipo,id) values (?,?,?,default)
Hibernate: insert into aforo_registros (business_id,fecha_hora,tipo,id) values (?,?,?,default)
Hibernate: insert into aforo_registros (business_id,fecha_hora,tipo,id) values (?,?,?,default)
Hibernate: insert into aforo_registros (business_id,fecha_hora,tipo,id) values (?,?,?,default)
Hibernate: insert into aforo_registros (business_id,fecha_hora,tipo,id) values (?,?,?,default)
Hibernate: insert into aforo_registros (business_id,fecha_hora,tipo,id) values (?,?,?,default)
Hibernate: insert into aforo_registros (business_id,fecha_hora,tipo,id) values (?,?,?,default)
Hibernate: insert into aforo_registros (business_id,fecha_hora,tipo,id) values (?,?,?,default)
Hibernate: insert into aforo_registros (business_id,fecha_hora,tipo,id) values (?,?,?,default)
Hibernate: insert into aforo_registros (business_id,fecha_hora,tipo,id) values (?,?,?,default)
Hibernate: insert into aforo_registros (business_id,fecha_hora,tipo,id) values (?,?,?,default)
Hibernate: insert into aforo_registros (business_id,fecha_hora,tipo,id) values (?,?,?,default)
Hibernate: insert into aforo_registros (business_id,fecha_hora,tipo,id) values (?,?,?,default)
Hibernate: insert into aforo_registros (business_id,fecha_hora,tipo,id) values (?,?,?,default)
Hibernate: insert into aforo_registros (business_id,fecha_hora,tipo,id) values (?,?,?,default)
Hibernate: insert into aforo_registros (business_id,fecha_hora,tipo,id) values (?,?,?,default)
Hibernate: insert into aforo_registros (business_id,fecha_hora,tipo,id) values (?,?,?,default)
Hibernate: insert into aforo_registros (business_id,fecha_hora,tipo,id) values (?,?,?,default)
Hibernate: insert into aforo_registros (business_id,fecha_hora,tipo,id) values (?,?,?,default)
Hibernate: insert into aforo_registros (business_id,fecha_hora,tipo,id) values (?,?,?,default)
Hibernate: insert into aforo_registros (business_id,fecha_hora,tipo,id) values (?,?,?,default)
Hibernate: insert into aforo_registros (business_id,fecha_hora,tipo,id) values (?,?,?,default)
Hibernate: insert into aforo_registros (business_id,fecha_hora,tipo,id) values (?,?,?,default)
Hibernate: insert into aforo_registros (business_id,fecha_hora,tipo,id) values (?,?,?,default)
Hibernate: insert into aforo_registros (business_id,fecha_hora,tipo,id) values (?,?,?,default)
Hibernate: insert into aforo_registros (business_id,fecha_hora,tipo,id) values (?,?,?,default)
Hibernate: insert into aforo_registros (business_id,fecha_hora,tipo,id) values (?,?,?,default)
Hibernate: insert into aforo_registros (business_id,fecha_hora,tipo,id) values (?,?,?,default)
Hibernate: insert into aforo_registros (business_id,fecha_hora,tipo,id) values (?,?,?,default)
Hibernate: insert into aforo_registros (business_id,fecha_hora,tipo,id) values (?,?,?,default)
Hibernate: insert into aforo_registros (business_id,fecha_hora,tipo,id) values (?,?,?,default)
Hibernate: insert into aforo_registros (business_id,fecha_hora,tipo,id) values (?,?,?,default)
Hibernate: insert into aforo_registros (business_id,fecha_hora,tipo,id) values (?,?,?,default)
Hibernate: insert into aforo_registros (business_id,fecha_hora,tipo,id) values (?,?,?,default)
Hibernate: insert into aforo_registros (business_id,fecha_hora,tipo,id) values (?,?,?,default)
Hibernate: insert into aforo_registros (business_id,fecha_hora,tipo,id) values (?,?,?,default)
Hibernate: insert into aforo_registros (business_id,fecha_hora,tipo,id) values (?,?,?,default)
Hibernate: insert into aforo_registros (business_id,fecha_hora,tipo,id) values (?,?,?,default)
Hibernate: insert into aforo_registros (business_id,fecha_hora,tipo,id) values (?,?,?,default)
Hibernate: insert into aforo_registros (business_id,fecha_hora,tipo,id) values (?,?,?,default)
Hibernate: insert into aforo_registros (business_id,fecha_hora,tipo,id) values (?,?,?,default)
Hibernate: insert into aforo_registros (business_id,fecha_hora,tipo,id) values (?,?,?,default)
Hibernate: insert into aforo_registros (business_id,fecha_hora,tipo,id) values (?,?,?,default)
Hibernate: insert into aforo_registros (business_id,fecha_hora,tipo,id) values (?,?,?,default)
Hibernate: insert into aforo_registros (business_id,fecha_hora,tipo,id) values (?,?,?,default)
Hibernate: insert into aforo_registros (business_id,fecha_hora,tipo,id) values (?,?,?,default)
Hibernate: insert into aforo_registros (business_id,fecha_hora,tipo,id) values (?,?,?,default)
Hibernate: insert into aforo_registros (business_id,fecha_hora,tipo,id) values (?,?,?,default)
Hibernate: insert into aforo_registros (business_id,fecha_hora,tipo,id) values (?,?,?,default)
Hibernate: insert into aforo_registros (business_id,fecha_hora,tipo,id) values (?,?,?,default)
Hibernate: insert into aforo_registros (business_id,fecha_hora,tipo,id) values (?,?,?,default)
Hibernate: insert into aforo_registros (business_id,fecha_hora,tipo,id) values (?,?,?,default)
Hibernate: insert into aforo_registros (business_id,fecha_hora,tipo,id) values (?,?,?,default)
Hibernate: insert into aforo_registros (business_id,fecha_hora,tipo,id) values (?,?,?,default)
Hibernate: insert into aforo_registros (business_id,fecha_hora,tipo,id) values (?,?,?,default)
Hibernate: insert into aforo_registros (business_id,fecha_hora,tipo,id) values (?,?,?,default)
Hibernate: insert into aforo_registros (business_id,fecha_hora,tipo,id) values (?,?,?,default)
Hibernate: insert into aforo_registros (business_id,fecha_hora,tipo,id) values (?,?,?,default)
Hibernate: insert into aforo_registros (business_id,fecha_hora,tipo,id) values (?,?,?,default)
Hibernate: insert into aforo_registros (business_id,fecha_hora,tipo,id) values (?,?,?,default)
Hibernate: insert into aforo_registros (business_id,fecha_hora,tipo,id) values (?,?,?,default)
Hibernate: insert into aforo_registros (business_id,fecha_hora,tipo,id) values (?,?,?,default)
Hibernate: insert into aforo_registros (business_id,fecha_hora,tipo,id) values (?,?,?,default)
Hibernate: insert into aforo_registros (business_id,fecha_hora,tipo,id) values (?,?,?,default)
Hibernate: insert into aforo_registros (business_id,fecha_hora,tipo,id) values (?,?,?,default)
Hibernate: insert into aforo_registros (business_id,fecha_hora,tipo,id) values (?,?,?,default)
Hibernate: insert into aforo_registros (business_id,fecha_hora,tipo,id) values (?,?,?,default)
Hibernate: insert into aforo_registros (business_id,fecha_hora,tipo,id) values (?,?,?,default)
Hibernate: insert into aforo_registros (business_id,fecha_hora,tipo,id) values (?,?,?,default)
Hibernate: insert into aforo_registros (business_id,fecha_hora,tipo,id) values (?,?,?,default)
Hibernate: insert into aforo_registros (business_id,fecha_hora,tipo,id) values (?,?,?,default)
Hibernate: insert into aforo_registros (business_id,fecha_hora,tipo,id) values (?,?,?,default)
Hibernate: insert into aforo_registros (business_id,fecha_hora,tipo,id) values (?,?,?,default)
Hibernate: insert into aforo_registros (business_id,fecha_hora,tipo,id) values (?,?,?,default)
Hibernate: insert into aforo_registros (business_id,fecha_hora,tipo,id) values (?,?,?,default)
Hibernate: insert into aforo_registros (business_id,fecha_hora,tipo,id) values (?,?,?,default)
Hibernate: insert into aforo_registros (business_id,fecha_hora,tipo,id) values (?,?,?,default)
Hibernate: insert into aforo_registros (business_id,fecha_hora,tipo,id) values (?,?,?,default)
Hibernate: insert into aforo_registros (business_id,fecha_hora,tipo,id) values (?,?,?,default)
Hibernate: insert into aforo_registros (business_id,fecha_hora,tipo,id) values (?,?,?,default)
Hibernate: insert into aforo_registros (business_id,fecha_hora,tipo,id) values (?,?,?,default)
Hibernate: insert into aforo_registros (business_id,fecha_hora,tipo,id) values (?,?,?,default)
Hibernate: insert into aforo_registros (business_id,fecha_hora,tipo,id) values (?,?,?,default)
Hibernate: insert into aforo_registros (business_id,fecha_hora,tipo,id) values (?,?,?,default)
Hibernate: insert into aforo_registros (business_id,fecha_hora,tipo,id) values (?,?,?,default)
Hibernate: insert into aforo_registros (business_id,fecha_hora,tipo,id) values (?,?,?,default)
Hibernate: insert into aforo_registros (business_id,fecha_hora,tipo,id) values (?,?,?,default)
Hibernate: insert into aforo_registros (business_id,fecha_hora,tipo,id) values (?,?,?,default)
Hibernate: insert into aforo_registros (business_id,fecha_hora,tipo,id) values (?,?,?,default)
Hibernate: insert into aforo_registros (business_id,fecha_hora,tipo,id) values (?,?,?,default)
Hibernate: insert into aforo_registros (business_id,fecha_hora,tipo,id) values (?,?,?,default)
Hibernate: insert into aforo_registros (business_id,fecha_hora,tipo,id) values (?,?,?,default)
Hibernate: insert into aforo_registros (business_id,fecha_hora,tipo,id) values (?,?,?,default)
Hibernate: insert into aforo_registros (business_id,fecha_hora,tipo,id) values (?,?,?,default)
Hibernate: insert into aforo_registros (business_id,fecha_hora,tipo,id) values (?,?,?,default)
Hibernate: insert into aforo_registros (business_id,fecha_hora,tipo,id) values (?,?,?,default)
Hibernate: insert into aforo_registros (business_id,fecha_hora,tipo,id) values (?,?,?,default)
Hibernate: insert into aforo_registros (business_id,fecha_hora,tipo,id) values (?,?,?,default)
Hibernate: insert into aforo_registros (business_id,fecha_hora,tipo,id) values (?,?,?,default)
Hibernate: insert into aforo_registros (business_id,fecha_hora,tipo,id) values (?,?,?,default)
Hibernate: insert into aforo_registros (business_id,fecha_hora,tipo,id) values (?,?,?,default)
Hibernate: insert into aforo_registros (business_id,fecha_hora,tipo,id) values (?,?,?,default)
Hibernate: insert into aforo_registros (business_id,fecha_hora,tipo,id) values (?,?,?,default)
Hibernate: insert into aforo_registros (business_id,fecha_hora,tipo,id) values (?,?,?,default)
Hibernate: insert into aforo_registros (business_id,fecha_hora,tipo,id) values (?,?,?,default)
Hibernate: insert into aforo_registros (business_id,fecha_hora,tipo,id) values (?,?,?,default)
Hibernate: insert into aforo_registros (business_id,fecha_hora,tipo,id) values (?,?,?,default)
Hibernate: insert into aforo_registros (business_id,fecha_hora,tipo,id) values (?,?,?,default)
Hibernate: insert into aforo_registros (business_id,fecha_hora,tipo,id) values (?,?,?,default)
Hibernate: insert into aforo_registros (business_id,fecha_hora,tipo,id) values (?,?,?,default)
Hibernate: insert into aforo_registros (business_id,fecha_hora,tipo,id) values (?,?,?,default)
Hibernate: insert into aforo_registros (business_id,fecha_hora,tipo,id) values (?,?,?,default)
Hibernate: insert into aforo_registros (business_id,fecha_hora,tipo,id) values (?,?,?,default)
Hibernate: insert into aforo_registros (business_id,fecha_hora,tipo,id) values (?,?,?,default)
Hibernate: insert into aforo_registros (business_id,fecha_hora,tipo,id) values (?,?,?,default)
Hibernate: insert into aforo_registros (business_id,fecha_hora,tipo,id) values (?,?,?,default)
Hibernate: insert into aforo_registros (business_id,fecha_hora,tipo,id) values (?,?,?,default)
Hibernate: insert into aforo_registros (business_id,fecha_hora,tipo,id) values (?,?,?,default)
Hibernate: insert into aforo_registros (business_id,fecha_hora,tipo,id) values (?,?,?,default)
Hibernate: insert into aforo_registros (business_id,fecha_hora,tipo,id) values (?,?,?,default)
Hibernate: insert into aforo_registros (business_id,fecha_hora,tipo,id) values (?,?,?,default)
Hibernate: insert into aforo_registros (business_id,fecha_hora,tipo,id) values (?,?,?,default)
Hibernate: insert into aforo_registros (business_id,fecha_hora,tipo,id) values (?,?,?,default)
Hibernate: insert into aforo_registros (business_id,fecha_hora,tipo,id) values (?,?,?,default)
Hibernate: insert into aforo_registros (business_id,fecha_hora,tipo,id) values (?,?,?,default)
Hibernate: insert into aforo_registros (business_id,fecha_hora,tipo,id) values (?,?,?,default)
Hibernate: insert into aforo_registros (business_id,fecha_hora,tipo,id) values (?,?,?,default)
Hibernate: insert into aforo_registros (business_id,fecha_hora,tipo,id) values (?,?,?,default)
Hibernate: insert into aforo_registros (business_id,fecha_hora,tipo,id) values (?,?,?,default)
Hibernate: insert into aforo_registros (business_id,fecha_hora,tipo,id) values (?,?,?,default)
Hibernate: insert into aforo_registros (business_id,fecha_hora,tipo,id) values (?,?,?,default)
Hibernate: insert into aforo_registros (business_id,fecha_hora,tipo,id) values (?,?,?,default)
Hibernate: insert into aforo_registros (business_id,fecha_hora,tipo,id) values (?,?,?,default)
Hibernate: insert into aforo_registros (business_id,fecha_hora,tipo,id) values (?,?,?,default)
Hibernate: insert into aforo_registros (business_id,fecha_hora,tipo,id) values (?,?,?,default)
Hibernate: insert into aforo_registros (business_id,fecha_hora,tipo,id) values (?,?,?,default)
Hibernate: insert into aforo_registros (business_id,fecha_hora,tipo,id) values (?,?,?,default)
Hibernate: insert into aforo_registros (business_id,fecha_hora,tipo,id) values (?,?,?,default)
Hibernate: insert into aforo_registros (business_id,fecha_hora,tipo,id) values (?,?,?,default)
Hibernate: insert into aforo_registros (business_id,fecha_hora,tipo,id) values (?,?,?,default)
Hibernate: insert into aforo_registros (business_id,fecha_hora,tipo,id) values (?,?,?,default)
Hibernate: insert into aforo_registros (business_id,fecha_hora,tipo,id) values (?,?,?,default)
Hibernate: insert into aforo_registros (business_id,fecha_hora,tipo,id) values (?,?,?,default)
Hibernate: insert into aforo_registros (business_id,fecha_hora,tipo,id) values (?,?,?,default)
Hibernate: insert into aforo_registros (business_id,fecha_hora,tipo,id) values (?,?,?,default)
Hibernate: insert into aforo_registros (business_id,fecha_hora,tipo,id) values (?,?,?,default)
Hibernate: insert into aforo_registros (business_id,fecha_hora,tipo,id) values (?,?,?,default)
Hibernate: insert into aforo_registros (business_id,fecha_hora,tipo,id) values (?,?,?,default)
Hibernate: insert into aforo_registros (business_id,fecha_hora,tipo,id) values (?,?,?,default)
Hibernate: insert into aforo_registros (business_id,fecha_hora,tipo,id) values (?,?,?,default)
Hibernate: insert into aforo_registros (business_id,fecha_hora,tipo,id) values (?,?,?,default)
Hibernate: insert into aforo_registros (business_id,fecha_hora,tipo,id) values (?,?,?,default)
Hibernate: insert into aforo_registros (business_id,fecha_hora,tipo,id) values (?,?,?,default)
Hibernate: insert into aforo_registros (business_id,fecha_hora,tipo,id) values (?,?,?,default)
Hibernate: insert into aforo_registros (business_id,fecha_hora,tipo,id) values (?,?,?,default)
Hibernate: insert into aforo_registros (business_id,fecha_hora,tipo,id) values (?,?,?,default)
Hibernate: insert into aforo_registros (business_id,fecha_hora,tipo,id) values (?,?,?,default)
Hibernate: insert into aforo_registros (business_id,fecha_hora,tipo,id) values (?,?,?,default)
Hibernate: insert into aforo_registros (business_id,fecha_hora,tipo,id) values (?,?,?,default)
Hibernate: insert into aforo_registros (business_id,fecha_hora,tipo,id) values (?,?,?,default)
Hibernate: insert into aforo_registros (business_id,fecha_hora,tipo,id) values (?,?,?,default)
Hibernate: insert into aforo_registros (business_id,fecha_hora,tipo,id) values (?,?,?,default)
Hibernate: insert into aforo_registros (business_id,fecha_hora,tipo,id) values (?,?,?,default)
Hibernate: insert into aforo_registros (business_id,fecha_hora,tipo,id) values (?,?,?,default)
Hibernate: insert into aforo_registros (business_id,fecha_hora,tipo,id) values (?,?,?,default)
Hibernate: insert into aforo_registros (business_id,fecha_hora,tipo,id) values (?,?,?,default)
Hibernate: insert into aforo_registros (business_id,fecha_hora,tipo,id) values (?,?,?,default)
Hibernate: insert into aforo_registros (business_id,fecha_hora,tipo,id) values (?,?,?,default)
Hibernate: insert into aforo_registros (business_id,fecha_hora,tipo,id) values (?,?,?,default)
Hibernate: insert into aforo_registros (business_id,fecha_hora,tipo,id) values (?,?,?,default)
Hibernate: insert into aforo_registros (business_id,fecha_hora,tipo,id) values (?,?,?,default)
Hibernate: insert into aforo_registros (business_id,fecha_hora,tipo,id) values (?,?,?,default)
Hibernate: insert into aforo_registros (business_id,fecha_hora,tipo,id) values (?,?,?,default)
Hibernate: insert into aforo_registros (business_id,fecha_hora,tipo,id) values (?,?,?,default)
Hibernate: insert into aforo_registros (business_id,fecha_hora,tipo,id) values (?,?,?,default)
Hibernate: insert into aforo_registros (business_id,fecha_hora,tipo,id) values (?,?,?,default)
Hibernate: insert into aforo_registros (business_id,fecha_hora,tipo,id) values (?,?,?,default)
Hibernate: insert into aforo_registros (business_id,fecha_hora,tipo,id) values (?,?,?,default)
Hibernate: insert into aforo_registros (business_id,fecha_hora,tipo,id) values (?,?,?,default)
Hibernate: insert into aforo_registros (business_id,fecha_hora,tipo,id) values (?,?,?,default)
Hibernate: insert into aforo_registros (business_id,fecha_hora,tipo,id) values (?,?,?,default)
Hibernate: insert into aforo_registros (business_id,fecha_hora,tipo,id) values (?,?,?,default)
Hibernate: insert into aforo_registros (business_id,fecha_hora,tipo,id) values (?,?,?,default)
Hibernate: insert into aforo_registros (business_id,fecha_hora,tipo,id) values (?,?,?,default)
Hibernate: insert into aforo_registros (business_id,fecha_hora,tipo,id) values (?,?,?,default)
Hibernate: insert into aforo_registros (business_id,fecha_hora,tipo,id) values (?,?,?,default)
Hibernate: insert into aforo_registros (business_id,fecha_hora,tipo,id) values (?,?,?,default)
Hibernate: insert into aforo_registros (business_id,fecha_hora,tipo,id) values (?,?,?,default)
Hibernate: insert into aforo_registros (business_id,fecha_hora,tipo,id) values (?,?,?,default)
Hibernate: insert into aforo_registros (business_id,fecha_hora,tipo,id) values (?,?,?,default)
Hibernate: insert into aforo_registros (business_id,fecha_hora,tipo,id) values (?,?,?,default)
Hibernate: insert into aforo_registros (business_id,fecha_hora,tipo,id) values (?,?,?,default)
Hibernate: insert into aforo_registros (business_id,fecha_hora,tipo,id) values (?,?,?,default)
Hibernate: insert into aforo_registros (business_id,fecha_hora,tipo,id) values (?,?,?,default)
Hibernate: insert into aforo_registros (business_id,fecha_hora,tipo,id) values (?,?,?,default)
Hibernate: insert into aforo_registros (business_id,fecha_hora,tipo,id) values (?,?,?,default)
Hibernate: insert into aforo_registros (business_id,fecha_hora,tipo,id) values (?,?,?,default)
Hibernate: insert into aforo_registros (business_id,fecha_hora,tipo,id) values (?,?,?,default)
Hibernate: insert into aforo_registros (business_id,fecha_hora,tipo,id) values (?,?,?,default)
Hibernate: insert into aforo_registros (business_id,fecha_hora,tipo,id) values (?,?,?,default)
Hibernate: insert into aforo_registros (business_id,fecha_hora,tipo,id) values (?,?,?,default)
Hibernate: insert into aforo_registros (business_id,fecha_hora,tipo,id) values (?,?,?,default)
Hibernate: insert into aforo_registros (business_id,fecha_hora,tipo,id) values (?,?,?,default)
Hibernate: insert into aforo_registros (business_id,fecha_hora,tipo,id) values (?,?,?,default)
Hibernate: insert into aforo_registros (business_id,fecha_hora,tipo,id) values (?,?,?,default)
Hibernate: insert into aforo_registros (business_id,fecha_hora,tipo,id) values (?,?,?,default)
Hibernate: insert into aforo_registros (business_id,fecha_hora,tipo,id) values (?,?,?,default)
Hibernate: insert into aforo_registros (business_id,fecha_hora,tipo,id) values (?,?,?,default)
Hibernate: insert into aforo_registros (business_id,fecha_hora,tipo,id) values (?,?,?,default)
Hibernate: insert into aforo_registros (business_id,fecha_hora,tipo,id) values (?,?,?,default)
Hibernate: insert into aforo_registros (business_id,fecha_hora,tipo,id) values (?,?,?,default)
Hibernate: insert into aforo_registros (business_id,fecha_hora,tipo,id) values (?,?,?,default)
Hibernate: insert into aforo_registros (business_id,fecha_hora,tipo,id) values (?,?,?,default)
Hibernate: insert into aforo_registros (business_id,fecha_hora,tipo,id) values (?,?,?,default)
Hibernate: insert into aforo_registros (business_id,fecha_hora,tipo,id) values (?,?,?,default)
Hibernate: insert into aforo_registros (business_id,fecha_hora,tipo,id) values (?,?,?,default)
Hibernate: insert into aforo_registros (business_id,fecha_hora,tipo,id) values (?,?,?,default)
Hibernate: insert into aforo_registros (business_id,fecha_hora,tipo,id) values (?,?,?,default)
Hibernate: insert into aforo_registros (business_id,fecha_hora,tipo,id) values (?,?,?,default)
Hibernate: insert into aforo_registros (business_id,fecha_hora,tipo,id) values (?,?,?,default)
Hibernate: insert into aforo_registros (business_id,fecha_hora,tipo,id) values (?,?,?,default)
Hibernate: insert into aforo_registros (business_id,fecha_hora,tipo,id) values (?,?,?,default)
Hibernate: insert into aforo_registros (business_id,fecha_hora,tipo,id) values (?,?,?,default)
Hibernate: insert into aforo_registros (business_id,fecha_hora,tipo,id) values (?,?,?,default)
Hibernate: insert into aforo_registros (business_id,fecha_hora,tipo,id) values (?,?,?,default)
Hibernate: insert into aforo_registros (business_id,fecha_hora,tipo,id) values (?,?,?,default)
Hibernate: insert into aforo_registros (business_id,fecha_hora,tipo,id) values (?,?,?,default)
Hibernate: insert into aforo_registros (business_id,fecha_hora,tipo,id) values (?,?,?,default)
Hibernate: insert into aforo_registros (business_id,fecha_hora,tipo,id) values (?,?,?,default)
Hibernate: insert into aforo_registros (business_id,fecha_hora,tipo,id) values (?,?,?,default)
Hibernate: insert into aforo_registros (business_id,fecha_hora,tipo,id) values (?,?,?,default)
Hibernate: insert into aforo_registros (business_id,fecha_hora,tipo,id) values (?,?,?,default)
Hibernate: insert into aforo_registros (business_id,fecha_hora,tipo,id) values (?,?,?,default)
Hibernate: insert into aforo_registros (business_id,fecha_hora,tipo,id) values (?,?,?,default)
Hibernate: insert into aforo_registros (business_id,fecha_hora,tipo,id) values (?,?,?,default)
Hibernate: insert into aforo_registros (business_id,fecha_hora,tipo,id) values (?,?,?,default)
Hibernate: insert into aforo_registros (business_id,fecha_hora,tipo,id) values (?,?,?,default)
Hibernate: insert into aforo_registros (business_id,fecha_hora,tipo,id) values (?,?,?,default)
Hibernate: insert into aforo_registros (business_id,fecha_hora,tipo,id) values (?,?,?,default)
Hibernate: insert into aforo_registros (business_id,fecha_hora,tipo,id) values (?,?,?,default)
Hibernate: insert into aforo_registros (business_id,fecha_hora,tipo,id) values (?,?,?,default)
Hibernate: insert into aforo_registros (business_id,fecha_hora,tipo,id) values (?,?,?,default)
Hibernate: insert into aforo_registros (business_id,fecha_hora,tipo,id) values (?,?,?,default)
Hibernate: insert into aforo_registros (business_id,fecha_hora,tipo,id) values (?,?,?,default)
Hibernate: insert into aforo_registros (business_id,fecha_hora,tipo,id) values (?,?,?,default)
Hibernate: insert into aforo_registros (business_id,fecha_hora,tipo,id) values (?,?,?,default)
Hibernate: insert into aforo_registros (business_id,fecha_hora,tipo,id) values (?,?,?,default)
Hibernate: insert into aforo_registros (business_id,fecha_hora,tipo,id) values (?,?,?,default)
Hibernate: insert into aforo_registros (business_id,fecha_hora,tipo,id) values (?,?,?,default)
Hibernate: insert into aforo_registros (business_id,fecha_hora,tipo,id) values (?,?,?,default)
Hibernate: insert into aforo_registros (business_id,fecha_hora,tipo,id) values (?,?,?,default)
Hibernate: insert into aforo_registros (business_id,fecha_hora,tipo,id) values (?,?,?,default)
Hibernate: insert into aforo_registros (business_id,fecha_hora,tipo,id) values (?,?,?,default)
Hibernate: insert into aforo_registros (business_id,fecha_hora,tipo,id) values (?,?,?,default)
Hibernate: insert into aforo_registros (business_id,fecha_hora,tipo,id) values (?,?,?,default)
Hibernate: insert into aforo_registros (business_id,fecha_hora,tipo,id) values (?,?,?,default)
Hibernate: insert into aforo_registros (business_id,fecha_hora,tipo,id) values (?,?,?,default)
Hibernate: insert into aforo_registros (business_id,fecha_hora,tipo,id) values (?,?,?,default)
Hibernate: insert into aforo_registros (business_id,fecha_hora,tipo,id) values (?,?,?,default)
Hibernate: insert into aforo_registros (business_id,fecha_hora,tipo,id) values (?,?,?,default)
Hibernate: insert into aforo_registros (business_id,fecha_hora,tipo,id) values (?,?,?,default)
Hibernate: insert into aforo_registros (business_id,fecha_hora,tipo,id) values (?,?,?,default)
Hibernate: insert into aforo_registros (business_id,fecha_hora,tipo,id) values (?,?,?,default)
Hibernate: insert into aforo_registros (business_id,fecha_hora,tipo,id) values (?,?,?,default)
Hibernate: insert into aforo_registros (business_id,fecha_hora,tipo,id) values (?,?,?,default)
Hibernate: insert into aforo_registros (business_id,fecha_hora,tipo,id) values (?,?,?,default)
Hibernate: insert into aforo_registros (business_id,fecha_hora,tipo,id) values (?,?,?,default)
Hibernate: insert into aforo_registros (business_id,fecha_hora,tipo,id) values (?,?,?,default)
Hibernate: insert into aforo_registros (business_id,fecha_hora,tipo,id) values (?,?,?,default)
Hibernate: insert into aforo_registros (business_id,fecha_hora,tipo,id) values (?,?,?,default)
Hibernate: insert into aforo_registros (business_id,fecha_hora,tipo,id) values (?,?,?,default)
Hibernate: insert into aforo_registros (business_id,fecha_hora,tipo,id) values (?,?,?,default)
Hibernate: insert into aforo_registros (business_id,fecha_hora,tipo,id) values (?,?,?,default)
Hibernate: insert into aforo_registros (business_id,fecha_hora,tipo,id) values (?,?,?,default)
Hibernate: insert into aforo_registros (business_id,fecha_hora,tipo,id) values (?,?,?,default)
Hibernate: insert into aforo_registros (business_id,fecha_hora,tipo,id) values (?,?,?,default)
Hibernate: insert into aforo_registros (business_id,fecha_hora,tipo,id) values (?,?,?,default)
Hibernate: insert into aforo_registros (business_id,fecha_hora,tipo,id) values (?,?,?,default)
Hibernate: insert into aforo_registros (business_id,fecha_hora,tipo,id) values (?,?,?,default)
Hibernate: insert into aforo_registros (business_id,fecha_hora,tipo,id) values (?,?,?,default)
Hibernate: insert into aforo_registros (business_id,fecha_hora,tipo,id) values (?,?,?,default)
Hibernate: insert into aforo_registros (business_id,fecha_hora,tipo,id) values (?,?,?,default)
Hibernate: insert into aforo_registros (business_id,fecha_hora,tipo,id) values (?,?,?,default)
Hibernate: insert into aforo_registros (business_id,fecha_hora,tipo,id) values (?,?,?,default)
Hibernate: insert into aforo_registros (business_id,fecha_hora,tipo,id) values (?,?,?,default)
Hibernate: insert into aforo_registros (business_id,fecha_hora,tipo,id) values (?,?,?,default)
Hibernate: insert into aforo_registros (business_id,fecha_hora,tipo,id) values (?,?,?,default)
Hibernate: insert into aforo_registros (business_id,fecha_hora,tipo,id) values (?,?,?,default)
Hibernate: insert into aforo_registros (business_id,fecha_hora,tipo,id) values (?,?,?,default)
Hibernate: insert into aforo_registros (business_id,fecha_hora,tipo,id) values (?,?,?,default)
Hibernate: insert into aforo_registros (business_id,fecha_hora,tipo,id) values (?,?,?,default)
Hibernate: insert into aforo_registros (business_id,fecha_hora,tipo,id) values (?,?,?,default)
Hibernate: insert into aforo_registros (business_id,fecha_hora,tipo,id) values (?,?,?,default)
Hibernate: insert into aforo_registros (business_id,fecha_hora,tipo,id) values (?,?,?,default)
Hibernate: insert into aforo_registros (business_id,fecha_hora,tipo,id) values (?,?,?,default)
Hibernate: insert into aforo_registros (business_id,fecha_hora,tipo,id) values (?,?,?,default)
Hibernate: insert into aforo_registros (business_id,fecha_hora,tipo,id) values (?,?,?,default)
Hibernate: insert into aforo_registros (business_id,fecha_hora,tipo,id) values (?,?,?,default)
Hibernate: insert into aforo_registros (business_id,fecha_hora,tipo,id) values (?,?,?,default)
Hibernate: insert into aforo_registros (business_id,fecha_hora,tipo,id) values (?,?,?,default)
Hibernate: insert into aforo_registros (business_id,fecha_hora,tipo,id) values (?,?,?,default)
Hibernate: insert into aforo_registros (business_id,fecha_hora,tipo,id) values (?,?,?,default)
Hibernate: insert into aforo_registros (business_id,fecha_hora,tipo,id) values (?,?,?,default)
Hibernate: insert into aforo_registros (business_id,fecha_hora,tipo,id) values (?,?,?,default)
Hibernate: insert into aforo_registros (business_id,fecha_hora,tipo,id) values (?,?,?,default)
Hibernate: insert into aforo_registros (business_id,fecha_hora,tipo,id) values (?,?,?,default)
Hibernate: insert into aforo_registros (business_id,fecha_hora,tipo,id) values (?,?,?,default)
Hibernate: insert into aforo_registros (business_id,fecha_hora,tipo,id) values (?,?,?,default)
Hibernate: insert into aforo_registros (business_id,fecha_hora,tipo,id) values (?,?,?,default)
Hibernate: insert into aforo_registros (business_id,fecha_hora,tipo,id) values (?,?,?,default)
Hibernate: insert into aforo_registros (business_id,fecha_hora,tipo,id) values (?,?,?,default)
Hibernate: insert into aforo_registros (business_id,fecha_hora,tipo,id) values (?,?,?,default)
Hibernate: insert into aforo_registros (business_id,fecha_hora,tipo,id) values (?,?,?,default)
Hibernate: insert into aforo_registros (business_id,fecha_hora,tipo,id) values (?,?,?,default)
Hibernate: insert into aforo_registros (business_id,fecha_hora,tipo,id) values (?,?,?,default)
Hibernate: insert into aforo_registros (business_id,fecha_hora,tipo,id) values (?,?,?,default)
Hibernate: insert into aforo_registros (business_id,fecha_hora,tipo,id) values (?,?,?,default)
Hibernate: insert into aforo_registros (business_id,fecha_hora,tipo,id) values (?,?,?,default)
Hibernate: insert into aforo_registros (business_id,fecha_hora,tipo,id) values (?,?,?,default)
Hibernate: insert into aforo_registros (business_id,fecha_hora,tipo,id) values (?,?,?,default)
Hibernate: insert into aforo_registros (business_id,fecha_hora,tipo,id) values (?,?,?,default)
Hibernate: insert into aforo_registros (business_id,fecha_hora,tipo,id) values (?,?,?,default)
Hibernate: insert into aforo_registros (business_id,fecha_hora,tipo,id) values (?,?,?,default)
Hibernate: insert into aforo_registros (business_id,fecha_hora,tipo,id) values (?,?,?,default)
Hibernate: insert into aforo_registros (business_id,fecha_hora,tipo,id) values (?,?,?,default)
Hibernate: insert into aforo_registros (business_id,fecha_hora,tipo,id) values (?,?,?,default)
Hibernate: insert into aforo_registros (business_id,fecha_hora,tipo,id) values (?,?,?,default)
Hibernate: insert into aforo_registros (business_id,fecha_hora,tipo,id) values (?,?,?,default)
Hibernate: insert into aforo_registros (business_id,fecha_hora,tipo,id) values (?,?,?,default)
Hibernate: insert into aforo_registros (business_id,fecha_hora,tipo,id) values (?,?,?,default)
Hibernate: insert into aforo_registros (business_id,fecha_hora,tipo,id) values (?,?,?,default)
Hibernate: insert into aforo_registros (business_id,fecha_hora,tipo,id) values (?,?,?,default)
Hibernate: insert into aforo_registros (business_id,fecha_hora,tipo,id) values (?,?,?,default)
Hibernate: insert into aforo_registros (business_id,fecha_hora,tipo,id) values (?,?,?,default)
Hibernate: insert into aforo_registros (business_id,fecha_hora,tipo,id) values (?,?,?,default)
Hibernate: insert into aforo_registros (business_id,fecha_hora,tipo,id) values (?,?,?,default)
Hibernate: insert into aforo_registros (business_id,fecha_hora,tipo,id) values (?,?,?,default)
Hibernate: insert into aforo_registros (business_id,fecha_hora,tipo,id) values (?,?,?,default)
Hibernate: insert into aforo_registros (business_id,fecha_hora,tipo,id) values (?,?,?,default)
Hibernate: insert into aforo_registros (business_id,fecha_hora,tipo,id) values (?,?,?,default)
Hibernate: insert into aforo_registros (business_id,fecha_hora,tipo,id) values (?,?,?,default)
Hibernate: insert into aforo_registros (business_id,fecha_hora,tipo,id) values (?,?,?,default)
Hibernate: insert into aforo_registros (business_id,fecha_hora,tipo,id) values (?,?,?,default)
Hibernate: insert into aforo_registros (business_id,fecha_hora,tipo,id) values (?,?,?,default)
Hibernate: insert into aforo_registros (business_id,fecha_hora,tipo,id) values (?,?,?,default)
Hibernate: insert into aforo_registros (business_id,fecha_hora,tipo,id) values (?,?,?,default)
Hibernate: insert into aforo_registros (business_id,fecha_hora,tipo,id) values (?,?,?,default)
Hibernate: insert into aforo_registros (business_id,fecha_hora,tipo,id) values (?,?,?,default)
Hibernate: insert into aforo_registros (business_id,fecha_hora,tipo,id) values (?,?,?,default)
Hibernate: insert into aforo_registros (business_id,fecha_hora,tipo,id) values (?,?,?,default)
Hibernate: insert into aforo_registros (business_id,fecha_hora,tipo,id) values (?,?,?,default)
Hibernate: insert into aforo_registros (business_id,fecha_hora,tipo,id) values (?,?,?,default)
Hibernate: insert into aforo_registros (business_id,fecha_hora,tipo,id) values (?,?,?,default)
Hibernate: insert into aforo_registros (business_id,fecha_hora,tipo,id) values (?,?,?,default)
Hibernate: insert into aforo_registros (business_id,fecha_hora,tipo,id) values (?,?,?,default)
Hibernate: insert into aforo_registros (business_id,fecha_hora,tipo,id) values (?,?,?,default)
Hibernate: insert into aforo_registros (business_id,fecha_hora,tipo,id) values (?,?,?,default)
Hibernate: insert into aforo_registros (business_id,fecha_hora,tipo,id) values (?,?,?,default)
Hibernate: insert into aforo_registros (business_id,fecha_hora,tipo,id) values (?,?,?,default)
Hibernate: insert into aforo_registros (business_id,fecha_hora,tipo,id) values (?,?,?,default)
Hibernate: insert into aforo_registros (business_id,fecha_hora,tipo,id) values (?,?,?,default)
Hibernate: insert into aforo_registros (business_id,fecha_hora,tipo,id) values (?,?,?,default)
Hibernate: insert into aforo_registros (business_id,fecha_hora,tipo,id) values (?,?,?,default)
Hibernate: insert into aforo_registros (business_id,fecha_hora,tipo,id) values (?,?,?,default)
Hibernate: insert into aforo_registros (business_id,fecha_hora,tipo,id) values (?,?,?,default)
Hibernate: insert into aforo_registros (business_id,fecha_hora,tipo,id) values (?,?,?,default)
Hibernate: insert into aforo_registros (business_id,fecha_hora,tipo,id) values (?,?,?,default)
Hibernate: insert into aforo_registros (business_id,fecha_hora,tipo,id) values (?,?,?,default)
Hibernate: insert into aforo_registros (business_id,fecha_hora,tipo,id) values (?,?,?,default)
Hibernate: insert into aforo_registros (business_id,fecha_hora,tipo,id) values (?,?,?,default)
Hibernate: insert into aforo_registros (business_id,fecha_hora,tipo,id) values (?,?,?,default)
Hibernate: insert into aforo_registros (business_id,fecha_hora,tipo,id) values (?,?,?,default)
Hibernate: insert into aforo_registros (business_id,fecha_hora,tipo,id) values (?,?,?,default)
Hibernate: insert into aforo_registros (business_id,fecha_hora,tipo,id) values (?,?,?,default)
Hibernate: insert into aforo_registros (business_id,fecha_hora,tipo,id) values (?,?,?,default)
Hibernate: insert into aforo_registros (business_id,fecha_hora,tipo,id) values (?,?,?,default)
Hibernate: insert into aforo_registros (business_id,fecha_hora,tipo,id) values (?,?,?,default)
Hibernate: insert into aforo_registros (business_id,fecha_hora,tipo,id) values (?,?,?,default)
Hibernate: insert into aforo_registros (business_id,fecha_hora,tipo,id) values (?,?,?,default)
Hibernate: insert into aforo_registros (business_id,fecha_hora,tipo,id) values (?,?,?,default)
Hibernate: insert into aforo_registros (business_id,fecha_hora,tipo,id) values (?,?,?,default)
Hibernate: insert into aforo_registros (business_id,fecha_hora,tipo,id) values (?,?,?,default)
Hibernate: insert into aforo_registros (business_id,fecha_hora,tipo,id) values (?,?,?,default)
Hibernate: insert into aforo_registros (business_id,fecha_hora,tipo,id) values (?,?,?,default)
Hibernate: insert into aforo_registros (business_id,fecha_hora,tipo,id) values (?,?,?,default)
Hibernate: insert into aforo_registros (business_id,fecha_hora,tipo,id) values (?,?,?,default)
Hibernate: insert into aforo_registros (business_id,fecha_hora,tipo,id) values (?,?,?,default)
Hibernate: insert into aforo_registros (business_id,fecha_hora,tipo,id) values (?,?,?,default)
Hibernate: insert into aforo_registros (business_id,fecha_hora,tipo,id) values (?,?,?,default)
Hibernate: insert into aforo_registros (business_id,fecha_hora,tipo,id) values (?,?,?,default)
Hibernate: insert into aforo_registros (business_id,fecha_hora,tipo,id) values (?,?,?,default)
Hibernate: insert into aforo_registros (business_id,fecha_hora,tipo,id) values (?,?,?,default)
Hibernate: insert into aforo_registros (business_id,fecha_hora,tipo,id) values (?,?,?,default)
Hibernate: insert into aforo_registros (business_id,fecha_hora,tipo,id) values (?,?,?,default)
Hibernate: insert into aforo_registros (business_id,fecha_hora,tipo,id) values (?,?,?,default)
Hibernate: insert into aforo_registros (business_id,fecha_hora,tipo,id) values (?,?,?,default)
Hibernate: insert into aforo_registros (business_id,fecha_hora,tipo,id) values (?,?,?,default)
Hibernate: insert into aforo_registros (business_id,fecha_hora,tipo,id) values (?,?,?,default)
Hibernate: insert into aforo_registros (business_id,fecha_hora,tipo,id) values (?,?,?,default)
Hibernate: insert into aforo_registros (business_id,fecha_hora,tipo,id) values (?,?,?,default)
Hibernate: insert into aforo_registros (business_id,fecha_hora,tipo,id) values (?,?,?,default)
Hibernate: insert into aforo_registros (business_id,fecha_hora,tipo,id) values (?,?,?,default)
Hibernate: insert into aforo_registros (business_id,fecha_hora,tipo,id) values (?,?,?,default)
Hibernate: insert into aforo_registros (business_id,fecha_hora,tipo,id) values (?,?,?,default)
Hibernate: insert into aforo_registros (business_id,fecha_hora,tipo,id) values (?,?,?,default)
Hibernate: insert into aforo_registros (business_id,fecha_hora,tipo,id) values (?,?,?,default)
Hibernate: insert into aforo_registros (business_id,fecha_hora,tipo,id) values (?,?,?,default)
Hibernate: insert into aforo_registros (business_id,fecha_hora,tipo,id) values (?,?,?,default)
Hibernate: insert into aforo_registros (business_id,fecha_hora,tipo,id) values (?,?,?,default)
Hibernate: insert into aforo_registros (business_id,fecha_hora,tipo,id) values (?,?,?,default)
Hibernate: insert into aforo_registros (business_id,fecha_hora,tipo,id) values (?,?,?,default)
Hibernate: insert into aforo_registros (business_id,fecha_hora,tipo,id) values (?,?,?,default)
Hibernate: insert into aforo_registros (business_id,fecha_hora,tipo,id) values (?,?,?,default)
Hibernate: insert into aforo_registros (business_id,fecha_hora,tipo,id) values (?,?,?,default)
Hibernate: insert into aforo_registros (business_id,fecha_hora,tipo,id) values (?,?,?,default)
Hibernate: insert into aforo_registros (business_id,fecha_hora,tipo,id) values (?,?,?,default)
Hibernate: insert into aforo_registros (business_id,fecha_hora,tipo,id) values (?,?,?,default)
Hibernate: insert into aforo_registros (business_id,fecha_hora,tipo,id) values (?,?,?,default)
Hibernate: insert into aforo_registros (business_id,fecha_hora,tipo,id) values (?,?,?,default)
Hibernate: insert into aforo_registros (business_id,fecha_hora,tipo,id) values (?,?,?,default)
Hibernate: insert into aforo_registros (business_id,fecha_hora,tipo,id) values (?,?,?,default)
Hibernate: insert into aforo_registros (business_id,fecha_hora,tipo,id) values (?,?,?,default)
Hibernate: insert into aforo_registros (business_id,fecha_hora,tipo,id) values (?,?,?,default)
Hibernate: insert into aforo_registros (business_id,fecha_hora,tipo,id) values (?,?,?,default)
Hibernate: insert into aforo_registros (business_id,fecha_hora,tipo,id) values (?,?,?,default)
Hibernate: insert into aforo_registros (business_id,fecha_hora,tipo,id) values (?,?,?,default)
Hibernate: insert into aforo_registros (business_id,fecha_hora,tipo,id) values (?,?,?,default)
Hibernate: insert into aforo_registros (business_id,fecha_hora,tipo,id) values (?,?,?,default)
Hibernate: insert into aforo_registros (business_id,fecha_hora,tipo,id) values (?,?,?,default)
Hibernate: insert into aforo_registros (business_id,fecha_hora,tipo,id) values (?,?,?,default)
Hibernate: insert into aforo_registros (business_id,fecha_hora,tipo,id) values (?,?,?,default)
Hibernate: insert into aforo_registros (business_id,fecha_hora,tipo,id) values (?,?,?,default)
Hibernate: insert into aforo_registros (business_id,fecha_hora,tipo,id) values (?,?,?,default)
Hibernate: insert into aforo_registros (business_id,fecha_hora,tipo,id) values (?,?,?,default)
Hibernate: insert into aforo_registros (business_id,fecha_hora,tipo,id) values (?,?,?,default)
Hibernate: insert into aforo_registros (business_id,fecha_hora,tipo,id) values (?,?,?,default)
Hibernate: insert into aforo_registros (business_id,fecha_hora,tipo,id) values (?,?,?,default)
Hibernate: insert into aforo_registros (business_id,fecha_hora,tipo,id) values (?,?,?,default)
Hibernate: insert into aforo_registros (business_id,fecha_hora,tipo,id) values (?,?,?,default)
Hibernate: insert into aforo_registros (business_id,fecha_hora,tipo,id) values (?,?,?,default)
Hibernate: insert into aforo_registros (business_id,fecha_hora,tipo,id) values (?,?,?,default)
Hibernate: insert into aforo_registros (business_id,fecha_hora,tipo,id) values (?,?,?,default)
Hibernate: insert into aforo_registros (business_id,fecha_hora,tipo,id) values (?,?,?,default)
Hibernate: insert into aforo_registros (business_id,fecha_hora,tipo,id) values (?,?,?,default)
Hibernate: insert into aforo_registros (business_id,fecha_hora,tipo,id) values (?,?,?,default)
Hibernate: insert into aforo_registros (business_id,fecha_hora,tipo,id) values (?,?,?,default)
Hibernate: insert into aforo_registros (business_id,fecha_hora,tipo,id) values (?,?,?,default)
Hibernate: insert into aforo_registros (business_id,fecha_hora,tipo,id) values (?,?,?,default)
Hibernate: insert into aforo_registros (business_id,fecha_hora,tipo,id) values (?,?,?,default)
Hibernate: insert into aforo_registros (business_id,fecha_hora,tipo,id) values (?,?,?,default)
Hibernate: insert into aforo_registros (business_id,fecha_hora,tipo,id) values (?,?,?,default)
Hibernate: insert into aforo_registros (business_id,fecha_hora,tipo,id) values (?,?,?,default)
Hibernate: insert into aforo_registros (business_id,fecha_hora,tipo,id) values (?,?,?,default)
Hibernate: insert into aforo_registros (business_id,fecha_hora,tipo,id) values (?,?,?,default)
Hibernate: insert into aforo_registros (business_id,fecha_hora,tipo,id) values (?,?,?,default)
Hibernate: insert into aforo_registros (business_id,fecha_hora,tipo,id) values (?,?,?,default)
Hibernate: insert into aforo_registros (business_id,fecha_hora,tipo,id) values (?,?,?,default)
Hibernate: insert into aforo_registros (business_id,fecha_hora,tipo,id) values (?,?,?,default)
Hibernate: insert into aforo_registros (business_id,fecha_hora,tipo,id) values (?,?,?,default)
Hibernate: insert into aforo_registros (business_id,fecha_hora,tipo,id) values (?,?,?,default)
Hibernate: insert into aforo_registros (business_id,fecha_hora,tipo,id) values (?,?,?,default)
Hibernate: insert into aforo_registros (business_id,fecha_hora,tipo,id) values (?,?,?,default)
Hibernate: insert into aforo_registros (business_id,fecha_hora,tipo,id) values (?,?,?,default)
Hibernate: insert into aforo_registros (business_id,fecha_hora,tipo,id) values (?,?,?,default)
Hibernate: insert into aforo_registros (business_id,fecha_hora,tipo,id) values (?,?,?,default)
Hibernate: insert into aforo_registros (business_id,fecha_hora,tipo,id) values (?,?,?,default)
Hibernate: insert into aforo_registros (business_id,fecha_hora,tipo,id) values (?,?,?,default)
Hibernate: insert into aforo_registros (business_id,fecha_hora,tipo,id) values (?,?,?,default)
Hibernate: insert into aforo_registros (business_id,fecha_hora,tipo,id) values (?,?,?,default)
Hibernate: insert into aforo_registros (business_id,fecha_hora,tipo,id) values (?,?,?,default)
Hibernate: insert into aforo_registros (business_id,fecha_hora,tipo,id) values (?,?,?,default)
Hibernate: insert into aforo_registros (business_id,fecha_hora,tipo,id) values (?,?,?,default)
Hibernate: insert into aforo_registros (business_id,fecha_hora,tipo,id) values (?,?,?,default)
Hibernate: insert into aforo_registros (business_id,fecha_hora,tipo,id) values (?,?,?,default)
Hibernate: insert into aforo_registros (business_id,fecha_hora,tipo,id) values (?,?,?,default)
Hibernate: insert into aforo_registros (business_id,fecha_hora,tipo,id) values (?,?,?,default)
Hibernate: insert into aforo_registros (business_id,fecha_hora,tipo,id) values (?,?,?,default)
Hibernate: insert into aforo_registros (business_id,fecha_hora,tipo,id) values (?,?,?,default)
Hibernate: insert into aforo_registros (business_id,fecha_hora,tipo,id) values (?,?,?,default)
Hibernate: insert into aforo_registros (business_id,fecha_hora,tipo,id) values (?,?,?,default)
Hibernate: insert into aforo_registros (business_id,fecha_hora,tipo,id) values (?,?,?,default)
Hibernate: insert into aforo_registros (business_id,fecha_hora,tipo,id) values (?,?,?,default)
Hibernate: insert into aforo_registros (business_id,fecha_hora,tipo,id) values (?,?,?,default)
Hibernate: insert into aforo_registros (business_id,fecha_hora,tipo,id) values (?,?,?,default)
Hibernate: insert into aforo_registros (business_id,fecha_hora,tipo,id) values (?,?,?,default)
Hibernate: insert into aforo_registros (business_id,fecha_hora,tipo,id) values (?,?,?,default)
Hibernate: insert into aforo_registros (business_id,fecha_hora,tipo,id) values (?,?,?,default)
Hibernate: insert into aforo_registros (business_id,fecha_hora,tipo,id) values (?,?,?,default)
Hibernate: insert into aforo_registros (business_id,fecha_hora,tipo,id) values (?,?,?,default)
Hibernate: insert into aforo_registros (business_id,fecha_hora,tipo,id) values (?,?,?,default)
Hibernate: insert into aforo_registros (business_id,fecha_hora,tipo,id) values (?,?,?,default)
Hibernate: insert into aforo_registros (business_id,fecha_hora,tipo,id) values (?,?,?,default)
Hibernate: insert into aforo_registros (business_id,fecha_hora,tipo,id) values (?,?,?,default)
Hibernate: insert into aforo_registros (business_id,fecha_hora,tipo,id) values (?,?,?,default)
Hibernate: insert into aforo_registros (business_id,fecha_hora,tipo,id) values (?,?,?,default)
Hibernate: insert into aforo_registros (business_id,fecha_hora,tipo,id) values (?,?,?,default)
Hibernate: insert into aforo_registros (business_id,fecha_hora,tipo,id) values (?,?,?,default)
Hibernate: insert into aforo_registros (business_id,fecha_hora,tipo,id) values (?,?,?,default)
Hibernate: insert into aforo_registros (business_id,fecha_hora,tipo,id) values (?,?,?,default)
Hibernate: insert into aforo_registros (business_id,fecha_hora,tipo,id) values (?,?,?,default)
Hibernate: insert into aforo_registros (business_id,fecha_hora,tipo,id) values (?,?,?,default)
Hibernate: insert into aforo_registros (business_id,fecha_hora,tipo,id) values (?,?,?,default)
Hibernate: insert into aforo_registros (business_id,fecha_hora,tipo,id) values (?,?,?,default)
Hibernate: insert into aforo_registros (business_id,fecha_hora,tipo,id) values (?,?,?,default)
Hibernate: insert into aforo_registros (business_id,fecha_hora,tipo,id) values (?,?,?,default)
Hibernate: insert into aforo_registros (business_id,fecha_hora,tipo,id) values (?,?,?,default)
Hibernate: insert into aforo_registros (business_id,fecha_hora,tipo,id) values (?,?,?,default)
Hibernate: insert into aforo_registros (business_id,fecha_hora,tipo,id) values (?,?,?,default)
Hibernate: insert into aforo_registros (business_id,fecha_hora,tipo,id) values (?,?,?,default)
Hibernate: insert into aforo_registros (business_id,fecha_hora,tipo,id) values (?,?,?,default)
Hibernate: insert into aforo_registros (business_id,fecha_hora,tipo,id) values (?,?,?,default)
Hibernate: insert into aforo_registros (business_id,fecha_hora,tipo,id) values (?,?,?,default)
Hibernate: insert into aforo_registros (business_id,fecha_hora,tipo,id) values (?,?,?,default)
Hibernate: insert into aforo_registros (business_id,fecha_hora,tipo,id) values (?,?,?,default)
Hibernate: insert into aforo_registros (business_id,fecha_hora,tipo,id) values (?,?,?,default)
Hibernate: insert into aforo_registros (business_id,fecha_hora,tipo,id) values (?,?,?,default)
Hibernate: insert into aforo_registros (business_id,fecha_hora,tipo,id) values (?,?,?,default)
Hibernate: insert into aforo_registros (business_id,fecha_hora,tipo,id) values (?,?,?,default)
Hibernate: insert into aforo_registros (business_id,fecha_hora,tipo,id) values (?,?,?,default)
Hibernate: insert into aforo_registros (business_id,fecha_hora,tipo,id) values (?,?,?,default)
Hibernate: insert into aforo_registros (business_id,fecha_hora,tipo,id) values (?,?,?,default)
Hibernate: insert into aforo_registros (business_id,fecha_hora,tipo,id) values (?,?,?,default)
Hibernate: insert into aforo_registros (business_id,fecha_hora,tipo,id) values (?,?,?,default)
Hibernate: insert into aforo_registros (business_id,fecha_hora,tipo,id) values (?,?,?,default)
Hibernate: insert into aforo_registros (business_id,fecha_hora,tipo,id) values (?,?,?,default)
Hibernate: insert into aforo_registros (business_id,fecha_hora,tipo,id) values (?,?,?,default)
Hibernate: insert into aforo_registros (business_id,fecha_hora,tipo,id) values (?,?,?,default)
Hibernate: insert into aforo_registros (business_id,fecha_hora,tipo,id) values (?,?,?,default)
Hibernate: insert into aforo_registros (business_id,fecha_hora,tipo,id) values (?,?,?,default)
Hibernate: insert into aforo_registros (business_id,fecha_hora,tipo,id) values (?,?,?,default)
Hibernate: insert into aforo_registros (business_id,fecha_hora,tipo,id) values (?,?,?,default)
Hibernate: insert into aforo_registros (business_id,fecha_hora,tipo,id) values (?,?,?,default)
Hibernate: insert into aforo_registros (business_id,fecha_hora,tipo,id) values (?,?,?,default)
Hibernate: insert into aforo_registros (business_id,fecha_hora,tipo,id) values (?,?,?,default)
Hibernate: insert into aforo_registros (business_id,fecha_hora,tipo,id) values (?,?,?,default)
Hibernate: insert into aforo_registros (business_id,fecha_hora,tipo,id) values (?,?,?,default)
Hibernate: insert into aforo_registros (business_id,fecha_hora,tipo,id) values (?,?,?,default)
Hibernate: insert into aforo_registros (business_id,fecha_hora,tipo,id) values (?,?,?,default)
Hibernate: insert into aforo_registros (business_id,fecha_hora,tipo,id) values (?,?,?,default)
Hibernate: insert into aforo_registros (business_id,fecha_hora,tipo,id) values (?,?,?,default)
Hibernate: insert into aforo_registros (business_id,fecha_hora,tipo,id) values (?,?,?,default)
Hibernate: insert into aforo_registros (business_id,fecha_hora,tipo,id) values (?,?,?,default)
Hibernate: insert into aforo_registros (business_id,fecha_hora,tipo,id) values (?,?,?,default)
Hibernate: insert into aforo_registros (business_id,fecha_hora,tipo,id) values (?,?,?,default)
Hibernate: insert into aforo_registros (business_id,fecha_hora,tipo,id) values (?,?,?,default)
Hibernate: insert into aforo_registros (business_id,fecha_hora,tipo,id) values (?,?,?,default)
Hibernate: insert into aforo_registros (business_id,fecha_hora,tipo,id) values (?,?,?,default)
Hibernate: insert into aforo_registros (business_id,fecha_hora,tipo,id) values (?,?,?,default)
Hibernate: insert into aforo_registros (business_id,fecha_hora,tipo,id) values (?,?,?,default)
Hibernate: insert into aforo_registros (business_id,fecha_hora,tipo,id) values (?,?,?,default)
Hibernate: insert into aforo_registros (business_id,fecha_hora,tipo,id) values (?,?,?,default)
Hibernate: insert into aforo_registros (business_id,fecha_hora,tipo,id) values (?,?,?,default)
Hibernate: insert into aforo_registros (business_id,fecha_hora,tipo,id) values (?,?,?,default)
Hibernate: insert into aforo_registros (business_id,fecha_hora,tipo,id) values (?,?,?,default)
Hibernate: insert into aforo_registros (business_id,fecha_hora,tipo,id) values (?,?,?,default)
Hibernate: insert into aforo_registros (business_id,fecha_hora,tipo,id) values (?,?,?,default)
Hibernate: insert into aforo_registros (business_id,fecha_hora,tipo,id) values (?,?,?,default)
Hibernate: insert into aforo_registros (business_id,fecha_hora,tipo,id) values (?,?,?,default)
Hibernate: insert into aforo_registros (business_id,fecha_hora,tipo,id) values (?,?,?,default)
Hibernate: insert into aforo_registros (business_id,fecha_hora,tipo,id) values (?,?,?,default)
Hibernate: insert into aforo_registros (business_id,fecha_hora,tipo,id) values (?,?,?,default)
Hibernate: insert into aforo_registros (business_id,fecha_hora,tipo,id) values (?,?,?,default)
Hibernate: insert into aforo_registros (business_id,fecha_hora,tipo,id) values (?,?,?,default)
Hibernate: insert into aforo_registros (business_id,fecha_hora,tipo,id) values (?,?,?,default)
Hibernate: insert into aforo_registros (business_id,fecha_hora,tipo,id) values (?,?,?,default)
Hibernate: insert into aforo_registros (business_id,fecha_hora,tipo,id) values (?,?,?,default)
Hibernate: insert into aforo_registros (business_id,fecha_hora,tipo,id) values (?,?,?,default)
Hibernate: insert into aforo_registros (business_id,fecha_hora,tipo,id) values (?,?,?,default)
Hibernate: insert into aforo_registros (business_id,fecha_hora,tipo,id) values (?,?,?,default)
Hibernate: insert into aforo_registros (business_id,fecha_hora,tipo,id) values (?,?,?,default)
Hibernate: insert into aforo_registros (business_id,fecha_hora,tipo,id) values (?,?,?,default)
Hibernate: insert into aforo_registros (business_id,fecha_hora,tipo,id) values (?,?,?,default)
Hibernate: insert into aforo_registros (business_id,fecha_hora,tipo,id) values (?,?,?,default)
Hibernate: insert into aforo_registros (business_id,fecha_hora,tipo,id) values (?,?,?,default)
Hibernate: insert into aforo_registros (business_id,fecha_hora,tipo,id) values (?,?,?,default)
Hibernate: insert into aforo_registros (business_id,fecha_hora,tipo,id) values (?,?,?,default)
Hibernate: insert into aforo_registros (business_id,fecha_hora,tipo,id) values (?,?,?,default)
Hibernate: insert into aforo_registros (business_id,fecha_hora,tipo,id) values (?,?,?,default)
Hibernate: insert into aforo_registros (business_id,fecha_hora,tipo,id) values (?,?,?,default)
Hibernate: insert into aforo_registros (business_id,fecha_hora,tipo,id) values (?,?,?,default)
Hibernate: insert into aforo_registros (business_id,fecha_hora,tipo,id) values (?,?,?,default)
Hibernate: insert into aforo_registros (business_id,fecha_hora,tipo,id) values (?,?,?,default)
Hibernate: insert into aforo_registros (business_id,fecha_hora,tipo,id) values (?,?,?,default)
Hibernate: insert into aforo_registros (business_id,fecha_hora,tipo,id) values (?,?,?,default)
Hibernate: insert into aforo_registros (business_id,fecha_hora,tipo,id) values (?,?,?,default)
Hibernate: insert into aforo_registros (business_id,fecha_hora,tipo,id) values (?,?,?,default)
Hibernate: insert into aforo_registros (business_id,fecha_hora,tipo,id) values (?,?,?,default)
Hibernate: insert into aforo_registros (business_id,fecha_hora,tipo,id) values (?,?,?,default)
Hibernate: insert into aforo_registros (business_id,fecha_hora,tipo,id) values (?,?,?,default)
Hibernate: insert into aforo_registros (business_id,fecha_hora,tipo,id) values (?,?,?,default)
Hibernate: insert into aforo_registros (business_id,fecha_hora,tipo,id) values (?,?,?,default)
Hibernate: insert into aforo_registros (business_id,fecha_hora,tipo,id) values (?,?,?,default)
Hibernate: insert into aforo_registros (business_id,fecha_hora,tipo,id) values (?,?,?,default)
Hibernate: insert into aforo_registros (business_id,fecha_hora,tipo,id) values (?,?,?,default)
Hibernate: insert into aforo_registros (business_id,fecha_hora,tipo,id) values (?,?,?,default)
Hibernate: insert into aforo_registros (business_id,fecha_hora,tipo,id) values (?,?,?,default)
Hibernate: insert into aforo_registros (business_id,fecha_hora,tipo,id) values (?,?,?,default)
Hibernate: insert into aforo_registros (business_id,fecha_hora,tipo,id) values (?,?,?,default)
Hibernate: insert into aforo_registros (business_id,fecha_hora,tipo,id) values (?,?,?,default)
Hibernate: insert into aforo_registros (business_id,fecha_hora,tipo,id) values (?,?,?,default)
Hibernate: insert into aforo_registros (business_id,fecha_hora,tipo,id) values (?,?,?,default)
Hibernate: insert into aforo_registros (business_id,fecha_hora,tipo,id) values (?,?,?,default)
Hibernate: insert into aforo_registros (business_id,fecha_hora,tipo,id) values (?,?,?,default)
Hibernate: insert into aforo_registros (business_id,fecha_hora,tipo,id) values (?,?,?,default)
Hibernate: insert into aforo_registros (business_id,fecha_hora,tipo,id) values (?,?,?,default)
Hibernate: insert into aforo_registros (business_id,fecha_hora,tipo,id) values (?,?,?,default)
Hibernate: insert into aforo_registros (business_id,fecha_hora,tipo,id) values (?,?,?,default)
Hibernate: insert into aforo_registros (business_id,fecha_hora,tipo,id) values (?,?,?,default)
Hibernate: insert into aforo_registros (business_id,fecha_hora,tipo,id) values (?,?,?,default)
Hibernate: insert into aforo_registros (business_id,fecha_hora,tipo,id) values (?,?,?,default)
Hibernate: insert into aforo_registros (business_id,fecha_hora,tipo,id) values (?,?,?,default)
Hibernate: insert into aforo_registros (business_id,fecha_hora,tipo,id) values (?,?,?,default)
Hibernate: insert into aforo_registros (business_id,fecha_hora,tipo,id) values (?,?,?,default)
Hibernate: insert into aforo_registros (business_id,fecha_hora,tipo,id) values (?,?,?,default)
Hibernate: insert into aforo_registros (business_id,fecha_hora,tipo,id) values (?,?,?,default)
Hibernate: insert into aforo_registros (business_id,fecha_hora,tipo,id) values (?,?,?,default)
Hibernate: insert into aforo_registros (business_id,fecha_hora,tipo,id) values (?,?,?,default)
Hibernate: insert into aforo_registros (business_id,fecha_hora,tipo,id) values (?,?,?,default)
Hibernate: insert into aforo_registros (business_id,fecha_hora,tipo,id) values (?,?,?,default)
Hibernate: insert into aforo_registros (business_id,fecha_hora,tipo,id) values (?,?,?,default)
Hibernate: insert into aforo_registros (business_id,fecha_hora,tipo,id) values (?,?,?,default)
Hibernate: insert into aforo_registros (business_id,fecha_hora,tipo,id) values (?,?,?,default)
Hibernate: insert into aforo_registros (business_id,fecha_hora,tipo,id) values (?,?,?,default)
Hibernate: insert into aforo_registros (business_id,fecha_hora,tipo,id) values (?,?,?,default)
Hibernate: insert into aforo_registros (business_id,fecha_hora,tipo,id) values (?,?,?,default)
Hibernate: insert into aforo_registros (business_id,fecha_hora,tipo,id) values (?,?,?,default)
Hibernate: insert into aforo_registros (business_id,fecha_hora,tipo,id) values (?,?,?,default)
Hibernate: insert into aforo_registros (business_id,fecha_hora,tipo,id) values (?,?,?,default)
Hibernate: insert into aforo_registros (business_id,fecha_hora,tipo,id) values (?,?,?,default)
Hibernate: insert into aforo_registros (business_id,fecha_hora,tipo,id) values (?,?,?,default)
Hibernate: insert into aforo_registros (business_id,fecha_hora,tipo,id) values (?,?,?,default)
Hibernate: insert into aforo_registros (business_id,fecha_hora,tipo,id) values (?,?,?,default)
Hibernate: insert into aforo_registros (business_id,fecha_hora,tipo,id) values (?,?,?,default)
Hibernate: insert into aforo_registros (business_id,fecha_hora,tipo,id) values (?,?,?,default)
Hibernate: insert into aforo_registros (business_id,fecha_hora,tipo,id) values (?,?,?,default)
Hibernate: insert into aforo_registros (business_id,fecha_hora,tipo,id) values (?,?,?,default)
Hibernate: insert into aforo_registros (business_id,fecha_hora,tipo,id) values (?,?,?,default)
Hibernate: insert into aforo_registros (business_id,fecha_hora,tipo,id) values (?,?,?,default)
Hibernate: insert into aforo_registros (business_id,fecha_hora,tipo,id) values (?,?,?,default)
Hibernate: insert into aforo_registros (business_id,fecha_hora,tipo,id) values (?,?,?,default)
Hibernate: insert into aforo_registros (business_id,fecha_hora,tipo,id) values (?,?,?,default)
Hibernate: insert into aforo_registros (business_id,fecha_hora,tipo,id) values (?,?,?,default)
Hibernate: insert into aforo_registros (business_id,fecha_hora,tipo,id) values (?,?,?,default)
Hibernate: insert into aforo_registros (business_id,fecha_hora,tipo,id) values (?,?,?,default)
Hibernate: insert into aforo_registros (business_id,fecha_hora,tipo,id) values (?,?,?,default)
Hibernate: insert into aforo_registros (business_id,fecha_hora,tipo,id) values (?,?,?,default)
Hibernate: insert into aforo_registros (business_id,fecha_hora,tipo,id) values (?,?,?,default)
Hibernate: insert into aforo_registros (business_id,fecha_hora,tipo,id) values (?,?,?,default)
Hibernate: insert into aforo_registros (business_id,fecha_hora,tipo,id) values (?,?,?,default)
Hibernate: insert into aforo_registros (business_id,fecha_hora,tipo,id) values (?,?,?,default)
Hibernate: insert into aforo_registros (business_id,fecha_hora,tipo,id) values (?,?,?,default)
Hibernate: insert into aforo_registros (business_id,fecha_hora,tipo,id) values (?,?,?,default)
Hibernate: insert into aforo_registros (business_id,fecha_hora,tipo,id) values (?,?,?,default)
Hibernate: insert into aforo_registros (business_id,fecha_hora,tipo,id) values (?,?,?,default)
Hibernate: insert into aforo_registros (business_id,fecha_hora,tipo,id) values (?,?,?,default)
Hibernate: insert into aforo_registros (business_id,fecha_hora,tipo,id) values (?,?,?,default)
Hibernate: insert into aforo_registros (business_id,fecha_hora,tipo,id) values (?,?,?,default)
Hibernate: insert into aforo_registros (business_id,fecha_hora,tipo,id) values (?,?,?,default)
Hibernate: insert into aforo_registros (business_id,fecha_hora,tipo,id) values (?,?,?,default)
Hibernate: insert into aforo_registros (business_id,fecha_hora,tipo,id) values (?,?,?,default)
Hibernate: insert into aforo_registros (business_id,fecha_hora,tipo,id) values (?,?,?,default)
Hibernate: insert into aforo_registros (business_id,fecha_hora,tipo,id) values (?,?,?,default)
Hibernate: insert into aforo_registros (business_id,fecha_hora,tipo,id) values (?,?,?,default)
Hibernate: insert into aforo_registros (business_id,fecha_hora,tipo,id) values (?,?,?,default)
Hibernate: insert into aforo_registros (business_id,fecha_hora,tipo,id) values (?,?,?,default)
Hibernate: insert into aforo_registros (business_id,fecha_hora,tipo,id) values (?,?,?,default)
Hibernate: insert into aforo_registros (business_id,fecha_hora,tipo,id) values (?,?,?,default)
Hibernate: insert into aforo_registros (business_id,fecha_hora,tipo,id) values (?,?,?,default)
Hibernate: insert into aforo_registros (business_id,fecha_hora,tipo,id) values (?,?,?,default)
Hibernate: insert into aforo_registros (business_id,fecha_hora,tipo,id) values (?,?,?,default)
Hibernate: insert into aforo_registros (business_id,fecha_hora,tipo,id) values (?,?,?,default)
Hibernate: insert into aforo_registros (business_id,fecha_hora,tipo,id) values (?,?,?,default)
Hibernate: insert into aforo_registros (business_id,fecha_hora,tipo,id) values (?,?,?,default)
Hibernate: insert into aforo_registros (business_id,fecha_hora,tipo,id) values (?,?,?,default)
Hibernate: insert into aforo_registros (business_id,fecha_hora,tipo,id) values (?,?,?,default)
Hibernate: insert into aforo_registros (business_id,fecha_hora,tipo,id) values (?,?,?,default)
Hibernate: insert into aforo_registros (business_id,fecha_hora,tipo,id) values (?,?,?,default)
Hibernate: insert into aforo_registros (business_id,fecha_hora,tipo,id) values (?,?,?,default)
Hibernate: insert into aforo_registros (business_id,fecha_hora,tipo,id) values (?,?,?,default)
Hibernate: insert into aforo_registros (business_id,fecha_hora,tipo,id) values (?,?,?,default)
Hibernate: insert into aforo_registros (business_id,fecha_hora,tipo,id) values (?,?,?,default)
Hibernate: insert into aforo_registros (business_id,fecha_hora,tipo,id) values (?,?,?,default)
Hibernate: insert into aforo_registros (business_id,fecha_hora,tipo,id) values (?,?,?,default)
Hibernate: insert into aforo_registros (business_id,fecha_hora,tipo,id) values (?,?,?,default)
Hibernate: insert into aforo_registros (business_id,fecha_hora,tipo,id) values (?,?,?,default)
Hibernate: insert into aforo_registros (business_id,fecha_hora,tipo,id) values (?,?,?,default)
Hibernate: insert into aforo_registros (business_id,fecha_hora,tipo,id) values (?,?,?,default)
Hibernate: insert into aforo_registros (business_id,fecha_hora,tipo,id) values (?,?,?,default)
Hibernate: insert into aforo_registros (business_id,fecha_hora,tipo,id) values (?,?,?,default)
Hibernate: insert into aforo_registros (business_id,fecha_hora,tipo,id) values (?,?,?,default)
Hibernate: insert into aforo_registros (business_id,fecha_hora,tipo,id) values (?,?,?,default)
Hibernate: insert into aforo_registros (business_id,fecha_hora,tipo,id) values (?,?,?,default)
Hibernate: insert into aforo_registros (business_id,fecha_hora,tipo,id) values (?,?,?,default)
Hibernate: insert into aforo_registros (business_id,fecha_hora,tipo,id) values (?,?,?,default)
Hibernate: insert into aforo_registros (business_id,fecha_hora,tipo,id) values (?,?,?,default)
Hibernate: insert into aforo_registros (business_id,fecha_hora,tipo,id) values (?,?,?,default)
Hibernate: insert into aforo_registros (business_id,fecha_hora,tipo,id) values (?,?,?,default)
Hibernate: insert into aforo_registros (business_id,fecha_hora,tipo,id) values (?,?,?,default)
Hibernate: insert into aforo_registros (business_id,fecha_hora,tipo,id) values (?,?,?,default)
Hibernate: insert into aforo_registros (business_id,fecha_hora,tipo,id) values (?,?,?,default)
Hibernate: insert into aforo_registros (business_id,fecha_hora,tipo,id) values (?,?,?,default)
Hibernate: insert into aforo_registros (business_id,fecha_hora,tipo,id) values (?,?,?,default)
Hibernate: insert into aforo_registros (business_id,fecha_hora,tipo,id) values (?,?,?,default)
Hibernate: insert into aforo_registros (business_id,fecha_hora,tipo,id) values (?,?,?,default)
Hibernate: insert into aforo_registros (business_id,fecha_hora,tipo,id) values (?,?,?,default)
Hibernate: insert into aforo_registros (business_id,fecha_hora,tipo,id) values (?,?,?,default)
Hibernate: insert into aforo_registros (business_id,fecha_hora,tipo,id) values (?,?,?,default)
Hibernate: insert into aforo_registros (business_id,fecha_hora,tipo,id) values (?,?,?,default)
Hibernate: insert into aforo_registros (business_id,fecha_hora,tipo,id) values (?,?,?,default)
Hibernate: insert into aforo_registros (business_id,fecha_hora,tipo,id) values (?,?,?,default)
Hibernate: insert into aforo_registros (business_id,fecha_hora,tipo,id) values (?,?,?,default)
Hibernate: insert into aforo_registros (business_id,fecha_hora,tipo,id) values (?,?,?,default)
Hibernate: insert into aforo_registros (business_id,fecha_hora,tipo,id) values (?,?,?,default)
Hibernate: insert into aforo_registros (business_id,fecha_hora,tipo,id) values (?,?,?,default)
Hibernate: insert into aforo_registros (business_id,fecha_hora,tipo,id) values (?,?,?,default)
Hibernate: insert into aforo_registros (business_id,fecha_hora,tipo,id) values (?,?,?,default)
Hibernate: insert into aforo_registros (business_id,fecha_hora,tipo,id) values (?,?,?,default)
Hibernate: insert into aforo_registros (business_id,fecha_hora,tipo,id) values (?,?,?,default)
Hibernate: insert into aforo_registros (business_id,fecha_hora,tipo,id) values (?,?,?,default)
Hibernate: insert into aforo_registros (business_id,fecha_hora,tipo,id) values (?,?,?,default)
Hibernate: insert into aforo_registros (business_id,fecha_hora,tipo,id) values (?,?,?,default)
Hibernate: insert into aforo_registros (business_id,fecha_hora,tipo,id) values (?,?,?,default)
Hibernate: insert into aforo_registros (business_id,fecha_hora,tipo,id) values (?,?,?,default)
Hibernate: insert into aforo_registros (business_id,fecha_hora,tipo,id) values (?,?,?,default)
Hibernate: insert into aforo_registros (business_id,fecha_hora,tipo,id) values (?,?,?,default)
Hibernate: insert into aforo_registros (business_id,fecha_hora,tipo,id) values (?,?,?,default)
Hibernate: insert into aforo_registros (business_id,fecha_hora,tipo,id) values (?,?,?,default)
Hibernate: insert into aforo_registros (business_id,fecha_hora,tipo,id) values (?,?,?,default)
Hibernate: insert into aforo_registros (business_id,fecha_hora,tipo,id) values (?,?,?,default)
Hibernate: insert into aforo_registros (business_id,fecha_hora,tipo,id) values (?,?,?,default)
Hibernate: insert into aforo_registros (business_id,fecha_hora,tipo,id) values (?,?,?,default)
Hibernate: insert into aforo_registros (business_id,fecha_hora,tipo,id) values (?,?,?,default)
Hibernate: insert into aforo_registros (business_id,fecha_hora,tipo,id) values (?,?,?,default)
Hibernate: insert into aforo_registros (business_id,fecha_hora,tipo,id) values (?,?,?,default)
Hibernate: insert into aforo_registros (business_id,fecha_hora,tipo,id) values (?,?,?,default)
Hibernate: insert into aforo_registros (business_id,fecha_hora,tipo,id) values (?,?,?,default)
Hibernate: insert into aforo_registros (business_id,fecha_hora,tipo,id) values (?,?,?,default)
Hibernate: insert into aforo_registros (business_id,fecha_hora,tipo,id) values (?,?,?,default)
Hibernate: insert into aforo_registros (business_id,fecha_hora,tipo,id) values (?,?,?,default)
Hibernate: insert into aforo_registros (business_id,fecha_hora,tipo,id) values (?,?,?,default)
Hibernate: insert into aforo_registros (business_id,fecha_hora,tipo,id) values (?,?,?,default)
Hibernate: insert into aforo_registros (business_id,fecha_hora,tipo,id) values (?,?,?,default)
Hibernate: insert into aforo_registros (business_id,fecha_hora,tipo,id) values (?,?,?,default)
Hibernate: insert into aforo_registros (business_id,fecha_hora,tipo,id) values (?,?,?,default)
Hibernate: insert into aforo_registros (business_id,fecha_hora,tipo,id) values (?,?,?,default)
Hibernate: insert into aforo_registros (business_id,fecha_hora,tipo,id) values (?,?,?,default)
Hibernate: insert into aforo_registros (business_id,fecha_hora,tipo,id) values (?,?,?,default)
Hibernate: insert into aforo_registros (business_id,fecha_hora,tipo,id) values (?,?,?,default)
Hibernate: insert into aforo_registros (business_id,fecha_hora,tipo,id) values (?,?,?,default)
Hibernate: insert into aforo_registros (business_id,fecha_hora,tipo,id) values (?,?,?,default)
Hibernate: insert into aforo_registros (business_id,fecha_hora,tipo,id) values (?,?,?,default)
Hibernate: insert into aforo_registros (business_id,fecha_hora,tipo,id) values (?,?,?,default)
Hibernate: insert into aforo_registros (business_id,fecha_hora,tipo,id) values (?,?,?,default)
Hibernate: insert into aforo_registros (business_id,fecha_hora,tipo,id) values (?,?,?,default)
Hibernate: insert into aforo_registros (business_id,fecha_hora,tipo,id) values (?,?,?,default)
Hibernate: insert into aforo_registros (business_id,fecha_hora,tipo,id) values (?,?,?,default)
Hibernate: insert into aforo_registros (business_id,fecha_hora,tipo,id) values (?,?,?,default)
Hibernate: insert into aforo_registros (business_id,fecha_hora,tipo,id) values (?,?,?,default)
Hibernate: insert into aforo_registros (business_id,fecha_hora,tipo,id) values (?,?,?,default)
Hibernate: insert into aforo_registros (business_id,fecha_hora,tipo,id) values (?,?,?,default)
Hibernate: insert into aforo_registros (business_id,fecha_hora,tipo,id) values (?,?,?,default)
Hibernate: insert into aforo_registros (business_id,fecha_hora,tipo,id) values (?,?,?,default)
Hibernate: insert into aforo_registros (business_id,fecha_hora,tipo,id) values (?,?,?,default)
Hibernate: insert into aforo_registros (business_id,fecha_hora,tipo,id) values (?,?,?,default)
Hibernate: insert into aforo_registros (business_id,fecha_hora,tipo,id) values (?,?,?,default)
Hibernate: insert into aforo_registros (business_id,fecha_hora,tipo,id) values (?,?,?,default)
Hibernate: insert into aforo_registros (business_id,fecha_hora,tipo,id) values (?,?,?,default)
Hibernate: insert into aforo_registros (business_id,fecha_hora,tipo,id) values (?,?,?,default)
Hibernate: insert into aforo_registros (business_id,fecha_hora,tipo,id) values (?,?,?,default)
Hibernate: insert into aforo_registros (business_id,fecha_hora,tipo,id) values (?,?,?,default)
Hibernate: insert into aforo_registros (business_id,fecha_hora,tipo,id) values (?,?,?,default)
Hibernate: insert into aforo_registros (business_id,fecha_hora,tipo,id) values (?,?,?,default)
Hibernate: insert into aforo_registros (business_id,fecha_hora,tipo,id) values (?,?,?,default)
Hibernate: insert into aforo_registros (business_id,fecha_hora,tipo,id) values (?,?,?,default)
Hibernate: insert into aforo_registros (business_id,fecha_hora,tipo,id) values (?,?,?,default)
Hibernate: insert into aforo_registros (business_id,fecha_hora,tipo,id) values (?,?,?,default)
Hibernate: insert into aforo_registros (business_id,fecha_hora,tipo,id) values (?,?,?,default)
Hibernate: insert into aforo_registros (business_id,fecha_hora,tipo,id) values (?,?,?,default)
Hibernate: insert into aforo_registros (business_id,fecha_hora,tipo,id) values (?,?,?,default)
Hibernate: insert into aforo_registros (business_id,fecha_hora,tipo,id) values (?,?,?,default)
Hibernate: insert into aforo_registros (business_id,fecha_hora,tipo,id) values (?,?,?,default)
Hibernate: insert into aforo_registros (business_id,fecha_hora,tipo,id) values (?,?,?,default)
Hibernate: insert into aforo_registros (business_id,fecha_hora,tipo,id) values (?,?,?,default)
Hibernate: insert into aforo_registros (business_id,fecha_hora,tipo,id) values (?,?,?,default)
Hibernate: insert into aforo_registros (business_id,fecha_hora,tipo,id) values (?,?,?,default)
Hibernate: insert into aforo_registros (business_id,fecha_hora,tipo,id) values (?,?,?,default)
Hibernate: insert into aforo_registros (business_id,fecha_hora,tipo,id) values (?,?,?,default)
Hibernate: insert into aforo_registros (business_id,fecha_hora,tipo,id) values (?,?,?,default)
Hibernate: insert into aforo_registros (business_id,fecha_hora,tipo,id) values (?,?,?,default)
Hibernate: insert into aforo_registros (business_id,fecha_hora,tipo,id) values (?,?,?,default)
Hibernate: insert into aforo_registros (business_id,fecha_hora,tipo,id) values (?,?,?,default)
Hibernate: insert into aforo_registros (business_id,fecha_hora,tipo,id) values (?,?,?,default)
Hibernate: insert into aforo_registros (business_id,fecha_hora,tipo,id) values (?,?,?,default)
Hibernate: insert into aforo_registros (business_id,fecha_hora,tipo,id) values (?,?,?,default)
Hibernate: insert into aforo_registros (business_id,fecha_hora,tipo,id) values (?,?,?,default)
Hibernate: insert into aforo_registros (business_id,fecha_hora,tipo,id) values (?,?,?,default)
Hibernate: insert into aforo_registros (business_id,fecha_hora,tipo,id) values (?,?,?,default)
Hibernate: insert into aforo_registros (business_id,fecha_hora,tipo,id) values (?,?,?,default)
Hibernate: insert into aforo_registros (business_id,fecha_hora,tipo,id) values (?,?,?,default)
Hibernate: insert into aforo_registros (business_id,fecha_hora,tipo,id) values (?,?,?,default)
Hibernate: insert into aforo_registros (business_id,fecha_hora,tipo,id) values (?,?,?,default)
Hibernate: insert into aforo_registros (business_id,fecha_hora,tipo,id) values (?,?,?,default)
Hibernate: insert into aforo_registros (business_id,fecha_hora,tipo,id) values (?,?,?,default)
Hibernate: insert into aforo_registros (business_id,fecha_hora,tipo,id) values (?,?,?,default)
Hibernate: insert into aforo_registros (business_id,fecha_hora,tipo,id) values (?,?,?,default)
Hibernate: insert into aforo_registros (business_id,fecha_hora,tipo,id) values (?,?,?,default)
Hibernate: insert into aforo_registros (business_id,fecha_hora,tipo,id) values (?,?,?,default)
Hibernate: insert into aforo_registros (business_id,fecha_hora,tipo,id) values (?,?,?,default)
Hibernate: insert into aforo_registros (business_id,fecha_hora,tipo,id) values (?,?,?,default)
Hibernate: insert into aforo_registros (business_id,fecha_hora,tipo,id) values (?,?,?,default)
Hibernate: insert into aforo_registros (business_id,fecha_hora,tipo,id) values (?,?,?,default)
Hibernate: insert into aforo_registros (business_id,fecha_hora,tipo,id) values (?,?,?,default)
Hibernate: insert into aforo_registros (business_id,fecha_hora,tipo,id) values (?,?,?,default)
Hibernate: insert into aforo_registros (business_id,fecha_hora,tipo,id) values (?,?,?,default)
Hibernate: insert into aforo_registros (business_id,fecha_hora,tipo,id) values (?,?,?,default)
Hibernate: insert into aforo_registros (business_id,fecha_hora,tipo,id) values (?,?,?,default)
Hibernate: insert into aforo_registros (business_id,fecha_hora,tipo,id) values (?,?,?,default)
Hibernate: insert into aforo_registros (business_id,fecha_hora,tipo,id) values (?,?,?,default)
Hibernate: insert into aforo_registros (business_id,fecha_hora,tipo,id) values (?,?,?,default)
Hibernate: insert into aforo_registros (business_id,fecha_hora,tipo,id) values (?,?,?,default)
Hibernate: insert into aforo_registros (business_id,fecha_hora,tipo,id) values (?,?,?,default)
Hibernate: insert into aforo_registros (business_id,fecha_hora,tipo,id) values (?,?,?,default)
Hibernate: insert into aforo_registros (business_id,fecha_hora,tipo,id) values (?,?,?,default)
Hibernate: insert into aforo_registros (business_id,fecha_hora,tipo,id) values (?,?,?,default)
Hibernate: insert into aforo_registros (business_id,fecha_hora,tipo,id) values (?,?,?,default)
Hibernate: insert into aforo_registros (business_id,fecha_hora,tipo,id) values (?,?,?,default)
Hibernate: insert into aforo_registros (business_id,fecha_hora,tipo,id) values (?,?,?,default)
Hibernate: insert into aforo_registros (business_id,fecha_hora,tipo,id) values (?,?,?,default)
Hibernate: insert into aforo_registros (business_id,fecha_hora,tipo,id) values (?,?,?,default)
Hibernate: insert into aforo_registros (business_id,fecha_hora,tipo,id) values (?,?,?,default)
Hibernate: insert into aforo_registros (business_id,fecha_hora,tipo,id) values (?,?,?,default)
Hibernate: insert into aforo_registros (business_id,fecha_hora,tipo,id) values (?,?,?,default)
Hibernate: insert into aforo_registros (business_id,fecha_hora,tipo,id) values (?,?,?,default)
Hibernate: insert into aforo_registros (business_id,fecha_hora,tipo,id) values (?,?,?,default)
Hibernate: insert into aforo_registros (business_id,fecha_hora,tipo,id) values (?,?,?,default)
Hibernate: insert into aforo_registros (business_id,fecha_hora,tipo,id) values (?,?,?,default)
Hibernate: insert into aforo_registros (business_id,fecha_hora,tipo,id) values (?,?,?,default)
Hibernate: insert into aforo_registros (business_id,fecha_hora,tipo,id) values (?,?,?,default)
Hibernate: insert into aforo_registros (business_id,fecha_hora,tipo,id) values (?,?,?,default)
Hibernate: insert into aforo_registros (business_id,fecha_hora,tipo,id) values (?,?,?,default)
Hibernate: insert into aforo_registros (business_id,fecha_hora,tipo,id) values (?,?,?,default)
Hibernate: insert into aforo_registros (business_id,fecha_hora,tipo,id) values (?,?,?,default)
Hibernate: insert into aforo_registros (business_id,fecha_hora,tipo,id) values (?,?,?,default)
Hibernate: insert into aforo_registros (business_id,fecha_hora,tipo,id) values (?,?,?,default)
Hibernate: insert into aforo_registros (business_id,fecha_hora,tipo,id) values (?,?,?,default)
Hibernate: insert into aforo_registros (business_id,fecha_hora,tipo,id) values (?,?,?,default)
Hibernate: insert into aforo_registros (business_id,fecha_hora,tipo,id) values (?,?,?,default)
Hibernate: insert into aforo_registros (business_id,fecha_hora,tipo,id) values (?,?,?,default)
Hibernate: insert into aforo_registros (business_id,fecha_hora,tipo,id) values (?,?,?,default)
Hibernate: insert into aforo_registros (business_id,fecha_hora,tipo,id) values (?,?,?,default)
Hibernate: insert into aforo_registros (business_id,fecha_hora,tipo,id) values (?,?,?,default)
Hibernate: insert into aforo_registros (business_id,fecha_hora,tipo,id) values (?,?,?,default)
Hibernate: insert into aforo_registros (business_id,fecha_hora,tipo,id) values (?,?,?,default)
Hibernate: insert into aforo_registros (business_id,fecha_hora,tipo,id) values (?,?,?,default)
Hibernate: insert into aforo_registros (business_id,fecha_hora,tipo,id) values (?,?,?,default)
Hibernate: insert into aforo_registros (business_id,fecha_hora,tipo,id) values (?,?,?,default)
Hibernate: insert into aforo_registros (business_id,fecha_hora,tipo,id) values (?,?,?,default)
Hibernate: insert into aforo_registros (business_id,fecha_hora,tipo,id) values (?,?,?,default)
Hibernate: insert into aforo_registros (business_id,fecha_hora,tipo,id) values (?,?,?,default)
Hibernate: insert into aforo_registros (business_id,fecha_hora,tipo,id) values (?,?,?,default)
Hibernate: insert into aforo_registros (business_id,fecha_hora,tipo,id) values (?,?,?,default)
Hibernate: insert into aforo_registros (business_id,fecha_hora,tipo,id) values (?,?,?,default)
Hibernate: insert into aforo_registros (business_id,fecha_hora,tipo,id) values (?,?,?,default)
Hibernate: insert into aforo_registros (business_id,fecha_hora,tipo,id) values (?,?,?,default)
Hibernate: insert into aforo_registros (business_id,fecha_hora,tipo,id) values (?,?,?,default)
Hibernate: insert into aforo_registros (business_id,fecha_hora,tipo,id) values (?,?,?,default)
Hibernate: insert into aforo_registros (business_id,fecha_hora,tipo,id) values (?,?,?,default)
Hibernate: insert into aforo_registros (business_id,fecha_hora,tipo,id) values (?,?,?,default)
Hibernate: insert into aforo_registros (business_id,fecha_hora,tipo,id) values (?,?,?,default)
Hibernate: insert into aforo_registros (business_id,fecha_hora,tipo,id) values (?,?,?,default)
Hibernate: insert into aforo_registros (business_id,fecha_hora,tipo,id) values (?,?,?,default)
Hibernate: insert into aforo_registros (business_id,fecha_hora,tipo,id) values (?,?,?,default)
Hibernate: insert into aforo_registros (business_id,fecha_hora,tipo,id) values (?,?,?,default)
Hibernate: insert into aforo_registros (business_id,fecha_hora,tipo,id) values (?,?,?,default)
Hibernate: insert into aforo_registros (business_id,fecha_hora,tipo,id) values (?,?,?,default)
Hibernate: insert into aforo_registros (business_id,fecha_hora,tipo,id) values (?,?,?,default)
Hibernate: insert into aforo_registros (business_id,fecha_hora,tipo,id) values (?,?,?,default)
Hibernate: insert into aforo_registros (business_id,fecha_hora,tipo,id) values (?,?,?,default)
Hibernate: insert into aforo_registros (business_id,fecha_hora,tipo,id) values (?,?,?,default)
Hibernate: insert into aforo_registros (business_id,fecha_hora,tipo,id) values (?,?,?,default)
Hibernate: insert into aforo_registros (business_id,fecha_hora,tipo,id) values (?,?,?,default)
Hibernate: insert into aforo_registros (business_id,fecha_hora,tipo,id) values (?,?,?,default)
Hibernate: insert into aforo_registros (business_id,fecha_hora,tipo,id) values (?,?,?,default)
Hibernate: insert into aforo_registros (business_id,fecha_hora,tipo,id) values (?,?,?,default)
Hibernate: insert into aforo_registros (business_id,fecha_hora,tipo,id) values (?,?,?,default)
Hibernate: insert into aforo_registros (business_id,fecha_hora,tipo,id) values (?,?,?,default)
Hibernate: insert into aforo_registros (business_id,fecha_hora,tipo,id) values (?,?,?,default)
Hibernate: insert into aforo_registros (business_id,fecha_hora,tipo,id) values (?,?,?,default)
Hibernate: insert into aforo_registros (business_id,fecha_hora,tipo,id) values (?,?,?,default)
Hibernate: insert into aforo_registros (business_id,fecha_hora,tipo,id) values (?,?,?,default)
Hibernate: insert into aforo_registros (business_id,fecha_hora,tipo,id) values (?,?,?,default)
Hibernate: insert into aforo_registros (business_id,fecha_hora,tipo,id) values (?,?,?,default)
Hibernate: insert into aforo_registros (business_id,fecha_hora,tipo,id) values (?,?,?,default)
Hibernate: insert into aforo_registros (business_id,fecha_hora,tipo,id) values (?,?,?,default)
Hibernate: insert into aforo_registros (business_id,fecha_hora,tipo,id) values (?,?,?,default)
Hibernate: insert into aforo_registros (business_id,fecha_hora,tipo,id) values (?,?,?,default)
Hibernate: insert into aforo_registros (business_id,fecha_hora,tipo,id) values (?,?,?,default)
Hibernate: insert into aforo_registros (business_id,fecha_hora,tipo,id) values (?,?,?,default)
Hibernate: insert into aforo_registros (business_id,fecha_hora,tipo,id) values (?,?,?,default)
Hibernate: insert into aforo_registros (business_id,fecha_hora,tipo,id) values (?,?,?,default)
Hibernate: insert into aforo_registros (business_id,fecha_hora,tipo,id) values (?,?,?,default)
Hibernate: insert into aforo_registros (business_id,fecha_hora,tipo,id) values (?,?,?,default)
Hibernate: insert into aforo_registros (business_id,fecha_hora,tipo,id) values (?,?,?,default)
Hibernate: insert into aforo_registros (business_id,fecha_hora,tipo,id) values (?,?,?,default)
Hibernate: insert into aforo_registros (business_id,fecha_hora,tipo,id) values (?,?,?,default)
Hibernate: insert into aforo_registros (business_id,fecha_hora,tipo,id) values (?,?,?,default)
Hibernate: insert into aforo_registros (business_id,fecha_hora,tipo,id) values (?,?,?,default)
Hibernate: insert into aforo_registros (business_id,fecha_hora,tipo,id) values (?,?,?,default)
Hibernate: insert into aforo_registros (business_id,fecha_hora,tipo,id) values (?,?,?,default)
Hibernate: insert into aforo_registros (business_id,fecha_hora,tipo,id) values (?,?,?,default)
Hibernate: insert into aforo_registros (business_id,fecha_hora,tipo,id) values (?,?,?,default)
Hibernate: insert into aforo_registros (business_id,fecha_hora,tipo,id) values (?,?,?,default)
Hibernate: insert into aforo_registros (business_id,fecha_hora,tipo,id) values (?,?,?,default)
Hibernate: insert into aforo_registros (business_id,fecha_hora,tipo,id) values (?,?,?,default)
Hibernate: insert into aforo_registros (business_id,fecha_hora,tipo,id) values (?,?,?,default)
Hibernate: insert into aforo_registros (business_id,fecha_hora,tipo,id) values (?,?,?,default)
Hibernate: insert into aforo_registros (business_id,fecha_hora,tipo,id) values (?,?,?,default)
Hibernate: insert into aforo_registros (business_id,fecha_hora,tipo,id) values (?,?,?,default)
Hibernate: insert into aforo_registros (business_id,fecha_hora,tipo,id) values (?,?,?,default)
Hibernate: insert into aforo_registros (business_id,fecha_hora,tipo,id) values (?,?,?,default)
Hibernate: insert into aforo_registros (business_id,fecha_hora,tipo,id) values (?,?,?,default)
Hibernate: insert into aforo_registros (business_id,fecha_hora,tipo,id) values (?,?,?,default)
Hibernate: insert into aforo_registros (business_id,fecha_hora,tipo,id) values (?,?,?,default)
Hibernate: insert into aforo_registros (business_id,fecha_hora,tipo,id) values (?,?,?,default)
Hibernate: insert into aforo_registros (business_id,fecha_hora,tipo,id) values (?,?,?,default)
Hibernate: insert into aforo_registros (business_id,fecha_hora,tipo,id) values (?,?,?,default)
Hibernate: insert into aforo_registros (business_id,fecha_hora,tipo,id) values (?,?,?,default)
Hibernate: insert into aforo_registros (business_id,fecha_hora,tipo,id) values (?,?,?,default)
Hibernate: insert into aforo_registros (business_id,fecha_hora,tipo,id) values (?,?,?,default)
Hibernate: insert into aforo_registros (business_id,fecha_hora,tipo,id) values (?,?,?,default)
Hibernate: insert into aforo_registros (business_id,fecha_hora,tipo,id) values (?,?,?,default)
Hibernate: insert into aforo_registros (business_id,fecha_hora,tipo,id) values (?,?,?,default)
Hibernate: insert into aforo_registros (business_id,fecha_hora,tipo,id) values (?,?,?,default)
Hibernate: insert into aforo_registros (business_id,fecha_hora,tipo,id) values (?,?,?,default)
Hibernate: insert into aforo_registros (business_id,fecha_hora,tipo,id) values (?,?,?,default)
Hibernate: insert into aforo_registros (business_id,fecha_hora,tipo,id) values (?,?,?,default)
Hibernate: insert into aforo_registros (business_id,fecha_hora,tipo,id) values (?,?,?,default)
Hibernate: insert into aforo_registros (business_id,fecha_hora,tipo,id) values (?,?,?,default)
Hibernate: insert into aforo_registros (business_id,fecha_hora,tipo,id) values (?,?,?,default)
Hibernate: insert into aforo_registros (business_id,fecha_hora,tipo,id) values (?,?,?,default)
Hibernate: insert into aforo_registros (business_id,fecha_hora,tipo,id) values (?,?,?,default)
Hibernate: insert into aforo_registros (business_id,fecha_hora,tipo,id) values (?,?,?,default)
Hibernate: insert into aforo_registros (business_id,fecha_hora,tipo,id) values (?,?,?,default)
Hibernate: insert into aforo_registros (business_id,fecha_hora,tipo,id) values (?,?,?,default)
Hibernate: insert into aforo_registros (business_id,fecha_hora,tipo,id) values (?,?,?,default)
Hibernate: insert into aforo_registros (business_id,fecha_hora,tipo,id) values (?,?,?,default)
Hibernate: insert into aforo_registros (business_id,fecha_hora,tipo,id) values (?,?,?,default)
Hibernate: insert into aforo_registros (business_id,fecha_hora,tipo,id) values (?,?,?,default)
Hibernate: insert into aforo_registros (business_id,fecha_hora,tipo,id) values (?,?,?,default)
Hibernate: insert into aforo_registros (business_id,fecha_hora,tipo,id) values (?,?,?,default)
Hibernate: insert into aforo_registros (business_id,fecha_hora,tipo,id) values (?,?,?,default)
Hibernate: insert into aforo_registros (business_id,fecha_hora,tipo,id) values (?,?,?,default)
Hibernate: insert into aforo_registros (business_id,fecha_hora,tipo,id) values (?,?,?,default)
Hibernate: insert into aforo_registros (business_id,fecha_hora,tipo,id) values (?,?,?,default)
Hibernate: insert into aforo_registros (business_id,fecha_hora,tipo,id) values (?,?,?,default)
Hibernate: insert into aforo_registros (business_id,fecha_hora,tipo,id) values (?,?,?,default)
Hibernate: insert into aforo_registros (business_id,fecha_hora,tipo,id) values (?,?,?,default)
Hibernate: insert into aforo_registros (business_id,fecha_hora,tipo,id) values (?,?,?,default)
Hibernate: insert into aforo_registros (business_id,fecha_hora,tipo,id) values (?,?,?,default)
Hibernate: insert into aforo_registros (business_id,fecha_hora,tipo,id) values (?,?,?,default)
Hibernate: insert into aforo_registros (business_id,fecha_hora,tipo,id) values (?,?,?,default)
Hibernate: insert into aforo_registros (business_id,fecha_hora,tipo,id) values (?,?,?,default)
Hibernate: insert into aforo_registros (business_id,fecha_hora,tipo,id) values (?,?,?,default)
Hibernate: insert into aforo_registros (business_id,fecha_hora,tipo,id) values (?,?,?,default)
Hibernate: insert into aforo_registros (business_id,fecha_hora,tipo,id) values (?,?,?,default)
Hibernate: insert into aforo_registros (business_id,fecha_hora,tipo,id) values (?,?,?,default)
Hibernate: insert into aforo_registros (business_id,fecha_hora,tipo,id) values (?,?,?,default)
Hibernate: insert into aforo_registros (business_id,fecha_hora,tipo,id) values (?,?,?,default)
Hibernate: insert into aforo_registros (business_id,fecha_hora,tipo,id) values (?,?,?,default)
Hibernate: insert into aforo_registros (business_id,fecha_hora,tipo,id) values (?,?,?,default)
Hibernate: insert into aforo_registros (business_id,fecha_hora,tipo,id) values (?,?,?,default)
Hibernate: insert into aforo_registros (business_id,fecha_hora,tipo,id) values (?,?,?,default)
Hibernate: insert into aforo_registros (business_id,fecha_hora,tipo,id) values (?,?,?,default)
Hibernate: insert into aforo_registros (business_id,fecha_hora,tipo,id) values (?,?,?,default)
Hibernate: insert into aforo_registros (business_id,fecha_hora,tipo,id) values (?,?,?,default)
Hibernate: insert into aforo_registros (business_id,fecha_hora,tipo,id) values (?,?,?,default)
Hibernate: insert into aforo_registros (business_id,fecha_hora,tipo,id) values (?,?,?,default)
Hibernate: insert into aforo_registros (business_id,fecha_hora,tipo,id) values (?,?,?,default)
Hibernate: insert into aforo_registros (business_id,fecha_hora,tipo,id) values (?,?,?,default)
Hibernate: insert into aforo_registros (business_id,fecha_hora,tipo,id) values (?,?,?,default)
Hibernate: insert into aforo_registros (business_id,fecha_hora,tipo,id) values (?,?,?,default)
Hibernate: insert into aforo_registros (business_id,fecha_hora,tipo,id) values (?,?,?,default)
Hibernate: insert into aforo_registros (business_id,fecha_hora,tipo,id) values (?,?,?,default)
Hibernate: insert into aforo_registros (business_id,fecha_hora,tipo,id) values (?,?,?,default)
Hibernate: insert into aforo_registros (business_id,fecha_hora,tipo,id) values (?,?,?,default)
Hibernate: insert into aforo_registros (business_id,fecha_hora,tipo,id) values (?,?,?,default)
Hibernate: insert into aforo_registros (business_id,fecha_hora,tipo,id) values (?,?,?,default)
Hibernate: insert into aforo_registros (business_id,fecha_hora,tipo,id) values (?,?,?,default)
Hibernate: insert into aforo_registros (business_id,fecha_hora,tipo,id) values (?,?,?,default)
Hibernate: insert into aforo_registros (business_id,fecha_hora,tipo,id) values (?,?,?,default)
Hibernate: insert into aforo_registros (business_id,fecha_hora,tipo,id) values (?,?,?,default)
Hibernate: insert into aforo_registros (business_id,fecha_hora,tipo,id) values (?,?,?,default)
Hibernate: insert into aforo_registros (business_id,fecha_hora,tipo,id) values (?,?,?,default)
Hibernate: insert into aforo_registros (business_id,fecha_hora,tipo,id) values (?,?,?,default)
Hibernate: insert into aforo_registros (business_id,fecha_hora,tipo,id) values (?,?,?,default)
Hibernate: insert into aforo_registros (business_id,fecha_hora,tipo,id) values (?,?,?,default)
Hibernate: insert into aforo_registros (business_id,fecha_hora,tipo,id) values (?,?,?,default)
Hibernate: insert into aforo_registros (business_id,fecha_hora,tipo,id) values (?,?,?,default)
Hibernate: insert into aforo_registros (business_id,fecha_hora,tipo,id) values (?,?,?,default)
Hibernate: insert into aforo_registros (business_id,fecha_hora,tipo,id) values (?,?,?,default)
Hibernate: insert into aforo_registros (business_id,fecha_hora,tipo,id) values (?,?,?,default)
Hibernate: insert into aforo_registros (business_id,fecha_hora,tipo,id) values (?,?,?,default)
Hibernate: insert into aforo_registros (business_id,fecha_hora,tipo,id) values (?,?,?,default)
Hibernate: insert into aforo_registros (business_id,fecha_hora,tipo,id) values (?,?,?,default)
Hibernate: insert into aforo_registros (business_id,fecha_hora,tipo,id) values (?,?,?,default)
Hibernate: insert into aforo_registros (business_id,fecha_hora,tipo,id) values (?,?,?,default)
Hibernate: insert into aforo_registros (business_id,fecha_hora,tipo,id) values (?,?,?,default)
Hibernate: insert into aforo_registros (business_id,fecha_hora,tipo,id) values (?,?,?,default)
Hibernate: insert into aforo_registros (business_id,fecha_hora,tipo,id) values (?,?,?,default)
Hibernate: insert into aforo_registros (business_id,fecha_hora,tipo,id) values (?,?,?,default)
Hibernate: insert into aforo_registros (business_id,fecha_hora,tipo,id) values (?,?,?,default)
Hibernate: insert into aforo_registros (business_id,fecha_hora,tipo,id) values (?,?,?,default)
Hibernate: insert into aforo_registros (business_id,fecha_hora,tipo,id) values (?,?,?,default)
Hibernate: insert into aforo_registros (business_id,fecha_hora,tipo,id) values (?,?,?,default)
Hibernate: insert into aforo_registros (business_id,fecha_hora,tipo,id) values (?,?,?,default)
Hibernate: insert into aforo_registros (business_id,fecha_hora,tipo,id) values (?,?,?,default)
Hibernate: insert into aforo_registros (business_id,fecha_hora,tipo,id) values (?,?,?,default)
Hibernate: insert into aforo_registros (business_id,fecha_hora,tipo,id) values (?,?,?,default)
Hibernate: insert into aforo_registros (business_id,fecha_hora,tipo,id) values (?,?,?,default)
Hibernate: insert into aforo_registros (business_id,fecha_hora,tipo,id) values (?,?,?,default)
Hibernate: insert into aforo_registros (business_id,fecha_hora,tipo,id) values (?,?,?,default)
Hibernate: insert into aforo_registros (business_id,fecha_hora,tipo,id) values (?,?,?,default)
Hibernate: insert into aforo_registros (business_id,fecha_hora,tipo,id) values (?,?,?,default)
Hibernate: insert into aforo_registros (business_id,fecha_hora,tipo,id) values (?,?,?,default)
Hibernate: insert into aforo_registros (business_id,fecha_hora,tipo,id) values (?,?,?,default)
Hibernate: insert into aforo_registros (business_id,fecha_hora,tipo,id) values (?,?,?,default)
Hibernate: insert into aforo_registros (business_id,fecha_hora,tipo,id) values (?,?,?,default)
Hibernate: insert into aforo_registros (business_id,fecha_hora,tipo,id) values (?,?,?,default)
Hibernate: insert into aforo_registros (business_id,fecha_hora,tipo,id) values (?,?,?,default)
Hibernate: insert into aforo_registros (business_id,fecha_hora,tipo,id) values (?,?,?,default)
Hibernate: insert into aforo_registros (business_id,fecha_hora,tipo,id) values (?,?,?,default)
Hibernate: insert into aforo_registros (business_id,fecha_hora,tipo,id) values (?,?,?,default)
Hibernate: insert into aforo_registros (business_id,fecha_hora,tipo,id) values (?,?,?,default)
Hibernate: insert into aforo_registros (business_id,fecha_hora,tipo,id) values (?,?,?,default)
Hibernate: insert into aforo_registros (business_id,fecha_hora,tipo,id) values (?,?,?,default)
Hibernate: insert into aforo_registros (business_id,fecha_hora,tipo,id) values (?,?,?,default)
Hibernate: insert into aforo_registros (business_id,fecha_hora,tipo,id) values (?,?,?,default)
Hibernate: insert into aforo_registros (business_id,fecha_hora,tipo,id) values (?,?,?,default)
Hibernate: insert into aforo_registros (business_id,fecha_hora,tipo,id) values (?,?,?,default)
Hibernate: insert into aforo_registros (business_id,fecha_hora,tipo,id) values (?,?,?,default)
Hibernate: insert into aforo_registros (business_id,fecha_hora,tipo,id) values (?,?,?,default)
Hibernate: insert into aforo_registros (business_id,fecha_hora,tipo,id) values (?,?,?,default)
Hibernate: insert into aforo_registros (business_id,fecha_hora,tipo,id) values (?,?,?,default)
Hibernate: insert into aforo_registros (business_id,fecha_hora,tipo,id) values (?,?,?,default)
Hibernate: insert into aforo_registros (business_id,fecha_hora,tipo,id) values (?,?,?,default)
Hibernate: insert into aforo_registros (business_id,fecha_hora,tipo,id) values (?,?,?,default)
Hibernate: insert into aforo_registros (business_id,fecha_hora,tipo,id) values (?,?,?,default)
Hibernate: insert into aforo_registros (business_id,fecha_hora,tipo,id) values (?,?,?,default)
Hibernate: insert into aforo_registros (business_id,fecha_hora,tipo,id) values (?,?,?,default)
Hibernate: insert into aforo_registros (business_id,fecha_hora,tipo,id) values (?,?,?,default)
Hibernate: insert into aforo_registros (business_id,fecha_hora,tipo,id) values (?,?,?,default)
Hibernate: insert into aforo_registros (business_id,fecha_hora,tipo,id) values (?,?,?,default)
Hibernate: insert into aforo_registros (business_id,fecha_hora,tipo,id) values (?,?,?,default)
Hibernate: insert into aforo_registros (business_id,fecha_hora,tipo,id) values (?,?,?,default)
Hibernate: insert into aforo_registros (business_id,fecha_hora,tipo,id) values (?,?,?,default)
Hibernate: insert into aforo_registros (business_id,fecha_hora,tipo,id) values (?,?,?,default)
Hibernate: insert into aforo_registros (business_id,fecha_hora,tipo,id) values (?,?,?,default)
Hibernate: insert into aforo_registros (business_id,fecha_hora,tipo,id) values (?,?,?,default)
Hibernate: insert into aforo_registros (business_id,fecha_hora,tipo,id) values (?,?,?,default)
Hibernate: insert into aforo_registros (business_id,fecha_hora,tipo,id) values (?,?,?,default)
Hibernate: insert into aforo_registros (business_id,fecha_hora,tipo,id) values (?,?,?,default)
Hibernate: insert into aforo_registros (business_id,fecha_hora,tipo,id) values (?,?,?,default)
Hibernate: insert into aforo_registros (business_id,fecha_hora,tipo,id) values (?,?,?,default)
Hibernate: insert into aforo_registros (business_id,fecha_hora,tipo,id) values (?,?,?,default)
Hibernate: insert into aforo_registros (business_id,fecha_hora,tipo,id) values (?,?,?,default)
Hibernate: insert into aforo_registros (business_id,fecha_hora,tipo,id) values (?,?,?,default)
Hibernate: insert into aforo_registros (business_id,fecha_hora,tipo,id) values (?,?,?,default)
Hibernate: insert into aforo_registros (business_id,fecha_hora,tipo,id) values (?,?,?,default)
Hibernate: insert into aforo_registros (business_id,fecha_hora,tipo,id) values (?,?,?,default)
Hibernate: insert into aforo_registros (business_id,fecha_hora,tipo,id) values (?,?,?,default)
Hibernate: insert into aforo_registros (business_id,fecha_hora,tipo,id) values (?,?,?,default)
Hibernate: insert into aforo_registros (business_id,fecha_hora,tipo,id) values (?,?,?,default)
Hibernate: insert into aforo_registros (business_id,fecha_hora,tipo,id) values (?,?,?,default)
Hibernate: insert into aforo_registros (business_id,fecha_hora,tipo,id) values (?,?,?,default)
Hibernate: insert into aforo_registros (business_id,fecha_hora,tipo,id) values (?,?,?,default)
Hibernate: insert into aforo_registros (business_id,fecha_hora,tipo,id) values (?,?,?,default)
Hibernate: insert into aforo_registros (business_id,fecha_hora,tipo,id) values (?,?,?,default)
Hibernate: insert into aforo_registros (business_id,fecha_hora,tipo,id) values (?,?,?,default)
Hibernate: insert into aforo_registros (business_id,fecha_hora,tipo,id) values (?,?,?,default)
Hibernate: insert into aforo_registros (business_id,fecha_hora,tipo,id) values (?,?,?,default)
Hibernate: insert into aforo_registros (business_id,fecha_hora,tipo,id) values (?,?,?,default)
Hibernate: insert into aforo_registros (business_id,fecha_hora,tipo,id) values (?,?,?,default)
Hibernate: insert into aforo_registros (business_id,fecha_hora,tipo,id) values (?,?,?,default)
Hibernate: insert into aforo_registros (business_id,fecha_hora,tipo,id) values (?,?,?,default)
Hibernate: insert into aforo_registros (business_id,fecha_hora,tipo,id) values (?,?,?,default)
Hibernate: insert into aforo_registros (business_id,fecha_hora,tipo,id) values (?,?,?,default)
Hibernate: insert into aforo_registros (business_id,fecha_hora,tipo,id) values (?,?,?,default)
Hibernate: insert into aforo_registros (business_id,fecha_hora,tipo,id) values (?,?,?,default)
Hibernate: insert into aforo_registros (business_id,fecha_hora,tipo,id) values (?,?,?,default)
Hibernate: insert into aforo_registros (business_id,fecha_hora,tipo,id) values (?,?,?,default)
Hibernate: insert into aforo_registros (business_id,fecha_hora,tipo,id) values (?,?,?,default)
Hibernate: insert into aforo_registros (business_id,fecha_hora,tipo,id) values (?,?,?,default)
Hibernate: insert into aforo_registros (business_id,fecha_hora,tipo,id) values (?,?,?,default)
Hibernate: insert into aforo_registros (business_id,fecha_hora,tipo,id) values (?,?,?,default)
Hibernate: insert into aforo_registros (business_id,fecha_hora,tipo,id) values (?,?,?,default)
Hibernate: insert into aforo_registros (business_id,fecha_hora,tipo,id) values (?,?,?,default)
Hibernate: insert into aforo_registros (business_id,fecha_hora,tipo,id) values (?,?,?,default)
Hibernate: insert into aforo_registros (business_id,fecha_hora,tipo,id) values (?,?,?,default)
Hibernate: insert into aforo_registros (business_id,fecha_hora,tipo,id) values (?,?,?,default)
Hibernate: insert into aforo_registros (business_id,fecha_hora,tipo,id) values (?,?,?,default)
Hibernate: insert into aforo_registros (business_id,fecha_hora,tipo,id) values (?,?,?,default)
Hibernate: insert into aforo_registros (business_id,fecha_hora,tipo,id) values (?,?,?,default)
Hibernate: insert into aforo_registros (business_id,fecha_hora,tipo,id) values (?,?,?,default)
Hibernate: insert into aforo_registros (business_id,fecha_hora,tipo,id) values (?,?,?,default)
Hibernate: insert into aforo_registros (business_id,fecha_hora,tipo,id) values (?,?,?,default)
Hibernate: insert into aforo_registros (business_id,fecha_hora,tipo,id) values (?,?,?,default)
Hibernate: insert into aforo_registros (business_id,fecha_hora,tipo,id) values (?,?,?,default)
Hibernate: insert into aforo_registros (business_id,fecha_hora,tipo,id) values (?,?,?,default)
Hibernate: insert into aforo_registros (business_id,fecha_hora,tipo,id) values (?,?,?,default)
Hibernate: insert into aforo_registros (business_id,fecha_hora,tipo,id) values (?,?,?,default)
Hibernate: insert into aforo_registros (business_id,fecha_hora,tipo,id) values (?,?,?,default)
Hibernate: insert into aforo_registros (business_id,fecha_hora,tipo,id) values (?,?,?,default)
Hibernate: insert into aforo_registros (business_id,fecha_hora,tipo,id) values (?,?,?,default)
Hibernate: insert into aforo_registros (business_id,fecha_hora,tipo,id) values (?,?,?,default)
Hibernate: insert into aforo_registros (business_id,fecha_hora,tipo,id) values (?,?,?,default)
Hibernate: insert into aforo_registros (business_id,fecha_hora,tipo,id) values (?,?,?,default)
Hibernate: insert into aforo_registros (business_id,fecha_hora,tipo,id) values (?,?,?,default)
Hibernate: insert into aforo_registros (business_id,fecha_hora,tipo,id) values (?,?,?,default)
Hibernate: insert into aforo_registros (business_id,fecha_hora,tipo,id) values (?,?,?,default)
Hibernate: insert into aforo_registros (business_id,fecha_hora,tipo,id) values (?,?,?,default)
Hibernate: insert into aforo_registros (business_id,fecha_hora,tipo,id) values (?,?,?,default)
Hibernate: insert into aforo_registros (business_id,fecha_hora,tipo,id) values (?,?,?,default)
Hibernate: insert into aforo_registros (business_id,fecha_hora,tipo,id) values (?,?,?,default)
Hibernate: insert into aforo_registros (business_id,fecha_hora,tipo,id) values (?,?,?,default)
Hibernate: insert into aforo_registros (business_id,fecha_hora,tipo,id) values (?,?,?,default)
Hibernate: insert into aforo_registros (business_id,fecha_hora,tipo,id) values (?,?,?,default)
Hibernate: insert into aforo_registros (business_id,fecha_hora,tipo,id) values (?,?,?,default)
Hibernate: insert into aforo_registros (business_id,fecha_hora,tipo,id) values (?,?,?,default)
Hibernate: insert into aforo_registros (business_id,fecha_hora,tipo,id) values (?,?,?,default)
Hibernate: insert into aforo_registros (business_id,fecha_hora,tipo,id) values (?,?,?,default)
Hibernate: insert into aforo_registros (business_id,fecha_hora,tipo,id) values (?,?,?,default)
Hibernate: insert into aforo_registros (business_id,fecha_hora,tipo,id) values (?,?,?,default)
Hibernate: insert into aforo_registros (business_id,fecha_hora,tipo,id) values (?,?,?,default)
Hibernate: insert into aforo_registros (business_id,fecha_hora,tipo,id) values (?,?,?,default)
Hibernate: insert into aforo_registros (business_id,fecha_hora,tipo,id) values (?,?,?,default)
Hibernate: insert into aforo_registros (business_id,fecha_hora,tipo,id) values (?,?,?,default)
Hibernate: insert into aforo_registros (business_id,fecha_hora,tipo,id) values (?,?,?,default)
Hibernate: insert into aforo_registros (business_id,fecha_hora,tipo,id) values (?,?,?,default)
Hibernate: insert into aforo_registros (business_id,fecha_hora,tipo,id) values (?,?,?,default)
Hibernate: insert into aforo_registros (business_id,fecha_hora,tipo,id) values (?,?,?,default)
Hibernate: insert into aforo_registros (business_id,fecha_hora,tipo,id) values (?,?,?,default)
Hibernate: insert into aforo_registros (business_id,fecha_hora,tipo,id) values (?,?,?,default)
Hibernate: insert into aforo_registros (business_id,fecha_hora,tipo,id) values (?,?,?,default)
Hibernate: insert into aforo_registros (business_id,fecha_hora,tipo,id) values (?,?,?,default)
Hibernate: insert into aforo_registros (business_id,fecha_hora,tipo,id) values (?,?,?,default)
Hibernate: insert into aforo_registros (business_id,fecha_hora,tipo,id) values (?,?,?,default)
Hibernate: insert into aforo_registros (business_id,fecha_hora,tipo,id) values (?,?,?,default)
Hibernate: insert into aforo_registros (business_id,fecha_hora,tipo,id) values (?,?,?,default)
Hibernate: insert into aforo_registros (business_id,fecha_hora,tipo,id) values (?,?,?,default)
Hibernate: insert into aforo_registros (business_id,fecha_hora,tipo,id) values (?,?,?,default)
Hibernate: insert into aforo_registros (business_id,fecha_hora,tipo,id) values (?,?,?,default)
Hibernate: insert into aforo_registros (business_id,fecha_hora,tipo,id) values (?,?,?,default)
Hibernate: insert into aforo_registros (business_id,fecha_hora,tipo,id) values (?,?,?,default)
Hibernate: insert into aforo_registros (business_id,fecha_hora,tipo,id) values (?,?,?,default)
Hibernate: insert into aforo_registros (business_id,fecha_hora,tipo,id) values (?,?,?,default)
Hibernate: insert into aforo_registros (business_id,fecha_hora,tipo,id) values (?,?,?,default)
Hibernate: insert into aforo_registros (business_id,fecha_hora,tipo,id) values (?,?,?,default)
Hibernate: insert into aforo_registros (business_id,fecha_hora,tipo,id) values (?,?,?,default)
Hibernate: insert into aforo_registros (business_id,fecha_hora,tipo,id) values (?,?,?,default)
Hibernate: insert into aforo_registros (business_id,fecha_hora,tipo,id) values (?,?,?,default)
Hibernate: insert into aforo_registros (business_id,fecha_hora,tipo,id) values (?,?,?,default)
Hibernate: insert into aforo_registros (business_id,fecha_hora,tipo,id) values (?,?,?,default)
Hibernate: insert into aforo_registros (business_id,fecha_hora,tipo,id) values (?,?,?,default)
Hibernate: insert into aforo_registros (business_id,fecha_hora,tipo,id) values (?,?,?,default)
Hibernate: insert into aforo_registros (business_id,fecha_hora,tipo,id) values (?,?,?,default)
Hibernate: insert into aforo_registros (business_id,fecha_hora,tipo,id) values (?,?,?,default)
Hibernate: insert into aforo_registros (business_id,fecha_hora,tipo,id) values (?,?,?,default)
Hibernate: insert into aforo_registros (business_id,fecha_hora,tipo,id) values (?,?,?,default)
Hibernate: insert into aforo_registros (business_id,fecha_hora,tipo,id) values (?,?,?,default)
Hibernate: insert into aforo_registros (business_id,fecha_hora,tipo,id) values (?,?,?,default)
Hibernate: insert into aforo_registros (business_id,fecha_hora,tipo,id) values (?,?,?,default)
Hibernate: insert into aforo_registros (business_id,fecha_hora,tipo,id) values (?,?,?,default)
Hibernate: insert into aforo_registros (business_id,fecha_hora,tipo,id) values (?,?,?,default)
Hibernate: insert into aforo_registros (business_id,fecha_hora,tipo,id) values (?,?,?,default)
Hibernate: insert into aforo_registros (business_id,fecha_hora,tipo,id) values (?,?,?,default)
Hibernate: insert into aforo_registros (business_id,fecha_hora,tipo,id) values (?,?,?,default)
Hibernate: insert into aforo_registros (business_id,fecha_hora,tipo,id) values (?,?,?,default)
Hibernate: insert into aforo_registros (business_id,fecha_hora,tipo,id) values (?,?,?,default)
Hibernate: insert into aforo_registros (business_id,fecha_hora,tipo,id) values (?,?,?,default)
Hibernate: insert into aforo_registros (business_id,fecha_hora,tipo,id) values (?,?,?,default)
Hibernate: insert into aforo_registros (business_id,fecha_hora,tipo,id) values (?,?,?,default)
Hibernate: insert into aforo_registros (business_id,fecha_hora,tipo,id) values (?,?,?,default)
Hibernate: insert into aforo_registros (business_id,fecha_hora,tipo,id) values (?,?,?,default)
Hibernate: insert into aforo_registros (business_id,fecha_hora,tipo,id) values (?,?,?,default)
Hibernate: insert into aforo_registros (business_id,fecha_hora,tipo,id) values (?,?,?,default)
Hibernate: insert into aforo_registros (business_id,fecha_hora,tipo,id) values (?,?,?,default)
Hibernate: insert into aforo_registros (business_id,fecha_hora,tipo,id) values (?,?,?,default)
Hibernate: insert into aforo_registros (business_id,fecha_hora,tipo,id) values (?,?,?,default)
Hibernate: insert into aforo_registros (business_id,fecha_hora,tipo,id) values (?,?,?,default)
Hibernate: insert into aforo_registros (business_id,fecha_hora,tipo,id) values (?,?,?,default)
Hibernate: insert into aforo_registros (business_id,fecha_hora,tipo,id) values (?,?,?,default)
Hibernate: insert into aforo_registros (business_id,fecha_hora,tipo,id) values (?,?,?,default)
Hibernate: insert into aforo_registros (business_id,fecha_hora,tipo,id) values (?,?,?,default)
Hibernate: insert into aforo_registros (business_id,fecha_hora,tipo,id) values (?,?,?,default)
Hibernate: insert into aforo_registros (business_id,fecha_hora,tipo,id) values (?,?,?,default)
Hibernate: insert into aforo_registros (business_id,fecha_hora,tipo,id) values (?,?,?,default)
Hibernate: insert into aforo_registros (business_id,fecha_hora,tipo,id) values (?,?,?,default)
Hibernate: insert into aforo_registros (business_id,fecha_hora,tipo,id) values (?,?,?,default)
Hibernate: insert into aforo_registros (business_id,fecha_hora,tipo,id) values (?,?,?,default)
Hibernate: insert into aforo_registros (business_id,fecha_hora,tipo,id) values (?,?,?,default)
Hibernate: insert into aforo_registros (business_id,fecha_hora,tipo,id) values (?,?,?,default)
Hibernate: insert into aforo_registros (business_id,fecha_hora,tipo,id) values (?,?,?,default)
Hibernate: insert into aforo_registros (business_id,fecha_hora,tipo,id) values (?,?,?,default)
Hibernate: insert into aforo_registros (business_id,fecha_hora,tipo,id) values (?,?,?,default)
Hibernate: insert into aforo_registros (business_id,fecha_hora,tipo,id) values (?,?,?,default)
Hibernate: insert into aforo_registros (business_id,fecha_hora,tipo,id) values (?,?,?,default)
Hibernate: insert into aforo_registros (business_id,fecha_hora,tipo,id) values (?,?,?,default)
Hibernate: insert into aforo_registros (business_id,fecha_hora,tipo,id) values (?,?,?,default)
Hibernate: insert into aforo_registros (business_id,fecha_hora,tipo,id) values (?,?,?,default)
Hibernate: insert into aforo_registros (business_id,fecha_hora,tipo,id) values (?,?,?,default)
Hibernate: insert into aforo_registros (business_id,fecha_hora,tipo,id) values (?,?,?,default)
Hibernate: insert into aforo_registros (business_id,fecha_hora,tipo,id) values (?,?,?,default)
Hibernate: insert into aforo_registros (business_id,fecha_hora,tipo,id) values (?,?,?,default)
Hibernate: insert into aforo_registros (business_id,fecha_hora,tipo,id) values (?,?,?,default)
Hibernate: insert into aforo_registros (business_id,fecha_hora,tipo,id) values (?,?,?,default)
Hibernate: insert into aforo_registros (business_id,fecha_hora,tipo,id) values (?,?,?,default)
Hibernate: insert into aforo_registros (business_id,fecha_hora,tipo,id) values (?,?,?,default)
Hibernate: insert into aforo_registros (business_id,fecha_hora,tipo,id) values (?,?,?,default)
Hibernate: insert into aforo_registros (business_id,fecha_hora,tipo,id) values (?,?,?,default)
Hibernate: insert into aforo_registros (business_id,fecha_hora,tipo,id) values (?,?,?,default)
Hibernate: insert into aforo_registros (business_id,fecha_hora,tipo,id) values (?,?,?,default)
Hibernate: insert into aforo_registros (business_id,fecha_hora,tipo,id) values (?,?,?,default)
Hibernate: insert into aforo_registros (business_id,fecha_hora,tipo,id) values (?,?,?,default)
Hibernate: insert into aforo_registros (business_id,fecha_hora,tipo,id) values (?,?,?,default)
Hibernate: insert into aforo_registros (business_id,fecha_hora,tipo,id) values (?,?,?,default)
Hibernate: insert into aforo_registros (business_id,fecha_hora,tipo,id) values (?,?,?,default)
Hibernate: insert into aforo_registros (business_id,fecha_hora,tipo,id) values (?,?,?,default)
Hibernate: insert into aforo_registros (business_id,fecha_hora,tipo,id) values (?,?,?,default)
Hibernate: insert into aforo_registros (business_id,fecha_hora,tipo,id) values (?,?,?,default)
Hibernate: insert into aforo_registros (business_id,fecha_hora,tipo,id) values (?,?,?,default)
Hibernate: insert into aforo_registros (business_id,fecha_hora,tipo,id) values (?,?,?,default)
Hibernate: insert into aforo_registros (business_id,fecha_hora,tipo,id) values (?,?,?,default)
Hibernate: insert into aforo_registros (business_id,fecha_hora,tipo,id) values (?,?,?,default)
Hibernate: insert into aforo_registros (business_id,fecha_hora,tipo,id) values (?,?,?,default)
Hibernate: insert into aforo_registros (business_id,fecha_hora,tipo,id) values (?,?,?,default)
Hibernate: insert into aforo_registros (business_id,fecha_hora,tipo,id) values (?,?,?,default)
Hibernate: insert into aforo_registros (business_id,fecha_hora,tipo,id) values (?,?,?,default)
Hibernate: insert into aforo_registros (business_id,fecha_hora,tipo,id) values (?,?,?,default)
Hibernate: insert into aforo_registros (business_id,fecha_hora,tipo,id) values (?,?,?,default)
Hibernate: insert into aforo_registros (business_id,fecha_hora,tipo,id) values (?,?,?,default)
Hibernate: insert into aforo_registros (business_id,fecha_hora,tipo,id) values (?,?,?,default)
Hibernate: insert into aforo_registros (business_id,fecha_hora,tipo,id) values (?,?,?,default)
Hibernate: insert into aforo_registros (business_id,fecha_hora,tipo,id) values (?,?,?,default)
Hibernate: insert into aforo_registros (business_id,fecha_hora,tipo,id) values (?,?,?,default)
Hibernate: insert into aforo_registros (business_id,fecha_hora,tipo,id) values (?,?,?,default)
Hibernate: insert into aforo_registros (business_id,fecha_hora,tipo,id) values (?,?,?,default)
Hibernate: insert into aforo_registros (business_id,fecha_hora,tipo,id) values (?,?,?,default)
Hibernate: insert into aforo_registros (business_id,fecha_hora,tipo,id) values (?,?,?,default)
Hibernate: insert into aforo_registros (business_id,fecha_hora,tipo,id) values (?,?,?,default)
Hibernate: insert into aforo_registros (business_id,fecha_hora,tipo,id) values (?,?,?,default)
Hibernate: insert into aforo_registros (business_id,fecha_hora,tipo,id) values (?,?,?,default)
Hibernate: insert into aforo_registros (business_id,fecha_hora,tipo,id) values (?,?,?,default)
Hibernate: insert into aforo_registros (business_id,fecha_hora,tipo,id) values (?,?,?,default)
Hibernate: insert into aforo_registros (business_id,fecha_hora,tipo,id) values (?,?,?,default)
Hibernate: insert into aforo_registros (business_id,fecha_hora,tipo,id) values (?,?,?,default)
Hibernate: insert into aforo_registros (business_id,fecha_hora,tipo,id) values (?,?,?,default)
Hibernate: insert into aforo_registros (business_id,fecha_hora,tipo,id) values (?,?,?,default)
Hibernate: insert into aforo_registros (business_id,fecha_hora,tipo,id) values (?,?,?,default)
Hibernate: insert into aforo_registros (business_id,fecha_hora,tipo,id) values (?,?,?,default)
Hibernate: insert into aforo_registros (business_id,fecha_hora,tipo,id) values (?,?,?,default)
Hibernate: insert into aforo_registros (business_id,fecha_hora,tipo,id) values (?,?,?,default)
Hibernate: insert into aforo_registros (business_id,fecha_hora,tipo,id) values (?,?,?,default)
Hibernate: insert into aforo_registros (business_id,fecha_hora,tipo,id) values (?,?,?,default)
Hibernate: insert into aforo_registros (business_id,fecha_hora,tipo,id) values (?,?,?,default)
Hibernate: insert into aforo_registros (business_id,fecha_hora,tipo,id) values (?,?,?,default)
Hibernate: insert into aforo_registros (business_id,fecha_hora,tipo,id) values (?,?,?,default)
Hibernate: insert into aforo_registros (business_id,fecha_hora,tipo,id) values (?,?,?,default)
Hibernate: insert into aforo_registros (business_id,fecha_hora,tipo,id) values (?,?,?,default)
Hibernate: insert into aforo_registros (business_id,fecha_hora,tipo,id) values (?,?,?,default)
Hibernate: insert into aforo_registros (business_id,fecha_hora,tipo,id) values (?,?,?,default)
Hibernate: insert into aforo_registros (business_id,fecha_hora,tipo,id) values (?,?,?,default)
Hibernate: insert into aforo_registros (business_id,fecha_hora,tipo,id) values (?,?,?,default)
Hibernate: insert into aforo_registros (business_id,fecha_hora,tipo,id) values (?,?,?,default)
Hibernate: insert into aforo_registros (business_id,fecha_hora,tipo,id) values (?,?,?,default)
Hibernate: insert into aforo_registros (business_id,fecha_hora,tipo,id) values (?,?,?,default)
Hibernate: insert into aforo_registros (business_id,fecha_hora,tipo,id) values (?,?,?,default)
Hibernate: insert into aforo_registros (business_id,fecha_hora,tipo,id) values (?,?,?,default)
Hibernate: insert into aforo_registros (business_id,fecha_hora,tipo,id) values (?,?,?,default)
Hibernate: insert into aforo_registros (business_id,fecha_hora,tipo,id) values (?,?,?,default)
Hibernate: insert into aforo_registros (business_id,fecha_hora,tipo,id) values (?,?,?,default)
Hibernate: insert into aforo_registros (business_id,fecha_hora,tipo,id) values (?,?,?,default)
Hibernate: insert into aforo_registros (business_id,fecha_hora,tipo,id) values (?,?,?,default)
Hibernate: insert into aforo_registros (business_id,fecha_hora,tipo,id) values (?,?,?,default)
Hibernate: insert into aforo_registros (business_id,fecha_hora,tipo,id) values (?,?,?,default)
Hibernate: insert into aforo_registros (business_id,fecha_hora,tipo,id) values (?,?,?,default)
Hibernate: insert into aforo_registros (business_id,fecha_hora,tipo,id) values (?,?,?,default)
Hibernate: insert into aforo_registros (business_id,fecha_hora,tipo,id) values (?,?,?,default)
Hibernate: insert into aforo_registros (business_id,fecha_hora,tipo,id) values (?,?,?,default)
Hibernate: insert into aforo_registros (business_id,fecha_hora,tipo,id) values (?,?,?,default)
Hibernate: insert into aforo_registros (business_id,fecha_hora,tipo,id) values (?,?,?,default)
Hibernate: insert into aforo_registros (business_id,fecha_hora,tipo,id) values (?,?,?,default)
Hibernate: insert into aforo_registros (business_id,fecha_hora,tipo,id) values (?,?,?,default)
Hibernate: insert into aforo_registros (business_id,fecha_hora,tipo,id) values (?,?,?,default)
Hibernate: insert into aforo_registros (business_id,fecha_hora,tipo,id) values (?,?,?,default)
Hibernate: insert into aforo_registros (business_id,fecha_hora,tipo,id) values (?,?,?,default)
Hibernate: insert into aforo_registros (business_id,fecha_hora,tipo,id) values (?,?,?,default)
Hibernate: insert into aforo_registros (business_id,fecha_hora,tipo,id) values (?,?,?,default)
Hibernate: insert into aforo_registros (business_id,fecha_hora,tipo,id) values (?,?,?,default)
Hibernate: insert into aforo_registros (business_id,fecha_hora,tipo,id) values (?,?,?,default)
Hibernate: insert into aforo_registros (business_id,fecha_hora,tipo,id) values (?,?,?,default)
Hibernate: insert into aforo_registros (business_id,fecha_hora,tipo,id) values (?,?,?,default)
Hibernate: insert into aforo_registros (business_id,fecha_hora,tipo,id) values (?,?,?,default)
Hibernate: insert into aforo_registros (business_id,fecha_hora,tipo,id) values (?,?,?,default)
Hibernate: insert into aforo_registros (business_id,fecha_hora,tipo,id) values (?,?,?,default)
Hibernate: insert into aforo_registros (business_id,fecha_hora,tipo,id) values (?,?,?,default)
Hibernate: insert into aforo_registros (business_id,fecha_hora,tipo,id) values (?,?,?,default)
Hibernate: insert into aforo_registros (business_id,fecha_hora,tipo,id) values (?,?,?,default)
Hibernate: insert into aforo_registros (business_id,fecha_hora,tipo,id) values (?,?,?,default)
Hibernate: insert into aforo_registros (business_id,fecha_hora,tipo,id) values (?,?,?,default)
Hibernate: insert into aforo_registros (business_id,fecha_hora,tipo,id) values (?,?,?,default)
Hibernate: insert into aforo_registros (business_id,fecha_hora,tipo,id) values (?,?,?,default)
Hibernate: insert into aforo_registros (business_id,fecha_hora,tipo,id) values (?,?,?,default)
Hibernate: insert into aforo_registros (business_id,fecha_hora,tipo,id) values (?,?,?,default)
Hibernate: insert into aforo_registros (business_id,fecha_hora,tipo,id) values (?,?,?,default)
Hibernate: insert into aforo_registros (business_id,fecha_hora,tipo,id) values (?,?,?,default)
Hibernate: insert into aforo_registros (business_id,fecha_hora,tipo,id) values (?,?,?,default)
Hibernate: insert into aforo_registros (business_id,fecha_hora,tipo,id) values (?,?,?,default)
Hibernate: insert into aforo_registros (business_id,fecha_hora,tipo,id) values (?,?,?,default)
Hibernate: insert into aforo_registros (business_id,fecha_hora,tipo,id) values (?,?,?,default)
Hibernate: insert into aforo_registros (business_id,fecha_hora,tipo,id) values (?,?,?,default)
Hibernate: insert into aforo_registros (business_id,fecha_hora,tipo,id) values (?,?,?,default)
Hibernate: insert into aforo_registros (business_id,fecha_hora,tipo,id) values (?,?,?,default)
Hibernate: insert into aforo_registros (business_id,fecha_hora,tipo,id) values (?,?,?,default)
Hibernate: insert into aforo_registros (business_id,fecha_hora,tipo,id) values (?,?,?,default)
Hibernate: insert into aforo_registros (business_id,fecha_hora,tipo,id) values (?,?,?,default)
Hibernate: insert into aforo_registros (business_id,fecha_hora,tipo,id) values (?,?,?,default)
Hibernate: insert into aforo_registros (business_id,fecha_hora,tipo,id) values (?,?,?,default)
Hibernate: insert into aforo_registros (business_id,fecha_hora,tipo,id) values (?,?,?,default)
Hibernate: insert into aforo_registros (business_id,fecha_hora,tipo,id) values (?,?,?,default)
Hibernate: insert into aforo_registros (business_id,fecha_hora,tipo,id) values (?,?,?,default)
Hibernate: insert into aforo_registros (business_id,fecha_hora,tipo,id) values (?,?,?,default)
Hibernate: insert into aforo_registros (business_id,fecha_hora,tipo,id) values (?,?,?,default)
Hibernate: insert into aforo_registros (business_id,fecha_hora,tipo,id) values (?,?,?,default)
Hibernate: insert into aforo_registros (business_id,fecha_hora,tipo,id) values (?,?,?,default)
Hibernate: insert into aforo_registros (business_id,fecha_hora,tipo,id) values (?,?,?,default)
Hibernate: insert into aforo_registros (business_id,fecha_hora,tipo,id) values (?,?,?,default)
Hibernate: insert into aforo_registros (business_id,fecha_hora,tipo,id) values (?,?,?,default)
Hibernate: insert into aforo_registros (business_id,fecha_hora,tipo,id) values (?,?,?,default)
Hibernate: insert into aforo_registros (business_id,fecha_hora,tipo,id) values (?,?,?,default)
Hibernate: insert into aforo_registros (business_id,fecha_hora,tipo,id) values (?,?,?,default)
Hibernate: insert into aforo_registros (business_id,fecha_hora,tipo,id) values (?,?,?,default)
Hibernate: insert into aforo_registros (business_id,fecha_hora,tipo,id) values (?,?,?,default)
Hibernate: insert into aforo_registros (business_id,fecha_hora,tipo,id) values (?,?,?,default)
Hibernate: insert into aforo_registros (business_id,fecha_hora,tipo,id) values (?,?,?,default)
Hibernate: insert into aforo_registros (business_id,fecha_hora,tipo,id) values (?,?,?,default)
Hibernate: insert into aforo_registros (business_id,fecha_hora,tipo,id) values (?,?,?,default)
Hibernate: insert into aforo_registros (business_id,fecha_hora,tipo,id) values (?,?,?,default)
Hibernate: insert into aforo_registros (business_id,fecha_hora,tipo,id) values (?,?,?,default)
Hibernate: insert into aforo_registros (business_id,fecha_hora,tipo,id) values (?,?,?,default)
Hibernate: insert into aforo_registros (business_id,fecha_hora,tipo,id) values (?,?,?,default)
Hibernate: insert into aforo_registros (business_id,fecha_hora,tipo,id) values (?,?,?,default)
Hibernate: insert into aforo_registros (business_id,fecha_hora,tipo,id) values (?,?,?,default)
Hibernate: insert into aforo_registros (business_id,fecha_hora,tipo,id) values (?,?,?,default)
Hibernate: insert into aforo_registros (business_id,fecha_hora,tipo,id) values (?,?,?,default)
Hibernate: insert into aforo_registros (business_id,fecha_hora,tipo,id) values (?,?,?,default)
Hibernate: insert into aforo_registros (business_id,fecha_hora,tipo,id) values (?,?,?,default)
Hibernate: insert into aforo_registros (business_id,fecha_hora,tipo,id) values (?,?,?,default)
Hibernate: insert into aforo_registros (business_id,fecha_hora,tipo,id) values (?,?,?,default)
Hibernate: insert into aforo_registros (business_id,fecha_hora,tipo,id) values (?,?,?,default)
Hibernate: insert into aforo_registros (business_id,fecha_hora,tipo,id) values (?,?,?,default)
Hibernate: insert into aforo_registros (business_id,fecha_hora,tipo,id) values (?,?,?,default)
Hibernate: insert into aforo_registros (business_id,fecha_hora,tipo,id) values (?,?,?,default)
Hibernate: insert into aforo_registros (business_id,fecha_hora,tipo,id) values (?,?,?,default)
Hibernate: insert into aforo_registros (business_id,fecha_hora,tipo,id) values (?,?,?,default)
Hibernate: insert into aforo_registros (business_id,fecha_hora,tipo,id) values (?,?,?,default)
Hibernate: insert into aforo_registros (business_id,fecha_hora,tipo,id) values (?,?,?,default)
Hibernate: insert into aforo_registros (business_id,fecha_hora,tipo,id) values (?,?,?,default)
Hibernate: insert into aforo_registros (business_id,fecha_hora,tipo,id) values (?,?,?,default)
Hibernate: insert into aforo_registros (business_id,fecha_hora,tipo,id) values (?,?,?,default)
Hibernate: insert into aforo_registros (business_id,fecha_hora,tipo,id) values (?,?,?,default)
Hibernate: insert into aforo_registros (business_id,fecha_hora,tipo,id) values (?,?,?,default)
Hibernate: insert into aforo_registros (business_id,fecha_hora,tipo,id) values (?,?,?,default)
Hibernate: insert into aforo_registros (business_id,fecha_hora,tipo,id) values (?,?,?,default)
Hibernate: insert into aforo_registros (business_id,fecha_hora,tipo,id) values (?,?,?,default)
Hibernate: insert into aforo_registros (business_id,fecha_hora,tipo,id) values (?,?,?,default)
Hibernate: insert into aforo_registros (business_id,fecha_hora,tipo,id) values (?,?,?,default)
Hibernate: insert into aforo_registros (business_id,fecha_hora,tipo,id) values (?,?,?,default)
Hibernate: insert into aforo_registros (business_id,fecha_hora,tipo,id) values (?,?,?,default)
Hibernate: insert into aforo_registros (business_id,fecha_hora,tipo,id) values (?,?,?,default)
Hibernate: insert into aforo_registros (business_id,fecha_hora,tipo,id) values (?,?,?,default)
Hibernate: insert into aforo_registros (business_id,fecha_hora,tipo,id) values (?,?,?,default)
Hibernate: insert into aforo_registros (business_id,fecha_hora,tipo,id) values (?,?,?,default)
Hibernate: insert into aforo_registros (business_id,fecha_hora,tipo,id) values (?,?,?,default)
Hibernate: insert into aforo_registros (business_id,fecha_hora,tipo,id) values (?,?,?,default)
Hibernate: insert into aforo_registros (business_id,fecha_hora,tipo,id) values (?,?,?,default)
Hibernate: insert into aforo_registros (business_id,fecha_hora,tipo,id) values (?,?,?,default)
Hibernate: insert into aforo_registros (business_id,fecha_hora,tipo,id) values (?,?,?,default)
Hibernate: insert into aforo_registros (business_id,fecha_hora,tipo,id) values (?,?,?,default)
Hibernate: insert into aforo_registros (business_id,fecha_hora,tipo,id) values (?,?,?,default)
Hibernate: insert into aforo_registros (business_id,fecha_hora,tipo,id) values (?,?,?,default)
Hibernate: insert into aforo_registros (business_id,fecha_hora,tipo,id) values (?,?,?,default)
Hibernate: insert into aforo_registros (business_id,fecha_hora,tipo,id) values (?,?,?,default)
Hibernate: insert into aforo_registros (business_id,fecha_hora,tipo,id) values (?,?,?,default)
Hibernate: insert into aforo_registros (business_id,fecha_hora,tipo,id) values (?,?,?,default)
Hibernate: insert into aforo_registros (business_id,fecha_hora,tipo,id) values (?,?,?,default)
Hibernate: insert into aforo_registros (business_id,fecha_hora,tipo,id) values (?,?,?,default)
Hibernate: insert into aforo_registros (business_id,fecha_hora,tipo,id) values (?,?,?,default)
Hibernate: insert into aforo_registros (business_id,fecha_hora,tipo,id) values (?,?,?,default)
Hibernate: insert into aforo_registros (business_id,fecha_hora,tipo,id) values (?,?,?,default)
Hibernate: insert into aforo_registros (business_id,fecha_hora,tipo,id) values (?,?,?,default)
Hibernate: insert into aforo_registros (business_id,fecha_hora,tipo,id) values (?,?,?,default)
Hibernate: insert into aforo_registros (business_id,fecha_hora,tipo,id) values (?,?,?,default)
Hibernate: insert into aforo_registros (business_id,fecha_hora,tipo,id) values (?,?,?,default)
Hibernate: insert into aforo_registros (business_id,fecha_hora,tipo,id) values (?,?,?,default)
Hibernate: insert into aforo_registros (business_id,fecha_hora,tipo,id) values (?,?,?,default)
Hibernate: insert into aforo_registros (business_id,fecha_hora,tipo,id) values (?,?,?,default)
Hibernate: insert into aforo_registros (business_id,fecha_hora,tipo,id) values (?,?,?,default)
Hibernate: insert into aforo_registros (business_id,fecha_hora,tipo,id) values (?,?,?,default)
Hibernate: insert into aforo_registros (business_id,fecha_hora,tipo,id) values (?,?,?,default)
Hibernate: insert into aforo_registros (business_id,fecha_hora,tipo,id) values (?,?,?,default)
Hibernate: insert into aforo_registros (business_id,fecha_hora,tipo,id) values (?,?,?,default)
Hibernate: insert into aforo_registros (business_id,fecha_hora,tipo,id) values (?,?,?,default)
Hibernate: insert into aforo_registros (business_id,fecha_hora,tipo,id) values (?,?,?,default)
Hibernate: insert into aforo_registros (business_id,fecha_hora,tipo,id) values (?,?,?,default)
Hibernate: insert into aforo_registros (business_id,fecha_hora,tipo,id) values (?,?,?,default)
Hibernate: insert into aforo_registros (business_id,fecha_hora,tipo,id) values (?,?,?,default)
Hibernate: insert into aforo_registros (business_id,fecha_hora,tipo,id) values (?,?,?,default)
Hibernate: insert into aforo_registros (business_id,fecha_hora,tipo,id) values (?,?,?,default)
Hibernate: insert into aforo_registros (business_id,fecha_hora,tipo,id) values (?,?,?,default)
Hibernate: insert into aforo_registros (business_id,fecha_hora,tipo,id) values (?,?,?,default)
Hibernate: insert into aforo_registros (business_id,fecha_hora,tipo,id) values (?,?,?,default)
Hibernate: insert into aforo_registros (business_id,fecha_hora,tipo,id) values (?,?,?,default)
Hibernate: insert into aforo_registros (business_id,fecha_hora,tipo,id) values (?,?,?,default)
Hibernate: insert into aforo_registros (business_id,fecha_hora,tipo,id) values (?,?,?,default)
Hibernate: insert into aforo_registros (business_id,fecha_hora,tipo,id) values (?,?,?,default)
Hibernate: insert into aforo_registros (business_id,fecha_hora,tipo,id) values (?,?,?,default)
Hibernate: insert into aforo_registros (business_id,fecha_hora,tipo,id) values (?,?,?,default)
Hibernate: insert into aforo_registros (business_id,fecha_hora,tipo,id) values (?,?,?,default)
Hibernate: insert into aforo_registros (business_id,fecha_hora,tipo,id) values (?,?,?,default)
Hibernate: insert into aforo_registros (business_id,fecha_hora,tipo,id) values (?,?,?,default)
Hibernate: insert into aforo_registros (business_id,fecha_hora,tipo,id) values (?,?,?,default)
Hibernate: insert into aforo_registros (business_id,fecha_hora,tipo,id) values (?,?,?,default)
Hibernate: insert into aforo_registros (business_id,fecha_hora,tipo,id) values (?,?,?,default)
Hibernate: insert into aforo_registros (business_id,fecha_hora,tipo,id) values (?,?,?,default)
Hibernate: insert into aforo_registros (business_id,fecha_hora,tipo,id) values (?,?,?,default)
Hibernate: insert into aforo_registros (business_id,fecha_hora,tipo,id) values (?,?,?,default)
Hibernate: insert into aforo_registros (business_id,fecha_hora,tipo,id) values (?,?,?,default)
Hibernate: insert into aforo_registros (business_id,fecha_hora,tipo,id) values (?,?,?,default)
Hibernate: insert into aforo_registros (business_id,fecha_hora,tipo,id) values (?,?,?,default)
Hibernate: insert into aforo_registros (business_id,fecha_hora,tipo,id) values (?,?,?,default)
Hibernate: insert into aforo_registros (business_id,fecha_hora,tipo,id) values (?,?,?,default)
Hibernate: insert into aforo_registros (business_id,fecha_hora,tipo,id) values (?,?,?,default)
Hibernate: insert into aforo_registros (business_id,fecha_hora,tipo,id) values (?,?,?,default)
Hibernate: insert into aforo_registros (business_id,fecha_hora,tipo,id) values (?,?,?,default)
Hibernate: insert into aforo_registros (business_id,fecha_hora,tipo,id) values (?,?,?,default)
Hibernate: insert into aforo_registros (business_id,fecha_hora,tipo,id) values (?,?,?,default)
Hibernate: insert into aforo_registros (business_id,fecha_hora,tipo,id) values (?,?,?,default)
Hibernate: insert into aforo_registros (business_id,fecha_hora,tipo,id) values (?,?,?,default)
Hibernate: insert into aforo_registros (business_id,fecha_hora,tipo,id) values (?,?,?,default)
Hibernate: insert into aforo_registros (business_id,fecha_hora,tipo,id) values (?,?,?,default)
Hibernate: insert into aforo_registros (business_id,fecha_hora,tipo,id) values (?,?,?,default)
Hibernate: insert into aforo_registros (business_id,fecha_hora,tipo,id) values (?,?,?,default)
Hibernate: insert into aforo_registros (business_id,fecha_hora,tipo,id) values (?,?,?,default)
Hibernate: insert into aforo_registros (business_id,fecha_hora,tipo,id) values (?,?,?,default)
Hibernate: insert into aforo_registros (business_id,fecha_hora,tipo,id) values (?,?,?,default)
Hibernate: insert into aforo_registros (business_id,fecha_hora,tipo,id) values (?,?,?,default)
Hibernate: insert into aforo_registros (business_id,fecha_hora,tipo,id) values (?,?,?,default)
Hibernate: insert into aforo_registros (business_id,fecha_hora,tipo,id) values (?,?,?,default)
Hibernate: insert into aforo_registros (business_id,fecha_hora,tipo,id) values (?,?,?,default)
Hibernate: insert into aforo_registros (business_id,fecha_hora,tipo,id) values (?,?,?,default)
Hibernate: insert into aforo_registros (business_id,fecha_hora,tipo,id) values (?,?,?,default)
Hibernate: insert into aforo_registros (business_id,fecha_hora,tipo,id) values (?,?,?,default)
Hibernate: insert into aforo_registros (business_id,fecha_hora,tipo,id) values (?,?,?,default)
Hibernate: insert into aforo_registros (business_id,fecha_hora,tipo,id) values (?,?,?,default)
Hibernate: insert into aforo_registros (business_id,fecha_hora,tipo,id) values (?,?,?,default)
Hibernate: insert into aforo_registros (business_id,fecha_hora,tipo,id) values (?,?,?,default)
Hibernate: insert into aforo_registros (business_id,fecha_hora,tipo,id) values (?,?,?,default)
Hibernate: insert into aforo_registros (business_id,fecha_hora,tipo,id) values (?,?,?,default)
Hibernate: insert into aforo_registros (business_id,fecha_hora,tipo,id) values (?,?,?,default)
Hibernate: insert into aforo_registros (business_id,fecha_hora,tipo,id) values (?,?,?,default)
Hibernate: insert into aforo_registros (business_id,fecha_hora,tipo,id) values (?,?,?,default)
Hibernate: insert into aforo_registros (business_id,fecha_hora,tipo,id) values (?,?,?,default)
Hibernate: insert into aforo_registros (business_id,fecha_hora,tipo,id) values (?,?,?,default)
Hibernate: insert into aforo_registros (business_id,fecha_hora,tipo,id) values (?,?,?,default)
Hibernate: insert into aforo_registros (business_id,fecha_hora,tipo,id) values (?,?,?,default)
Hibernate: insert into aforo_registros (business_id,fecha_hora,tipo,id) values (?,?,?,default)
Hibernate: insert into aforo_registros (business_id,fecha_hora,tipo,id) values (?,?,?,default)
Hibernate: insert into aforo_registros (business_id,fecha_hora,tipo,id) values (?,?,?,default)
Hibernate: insert into aforo_registros (business_id,fecha_hora,tipo,id) values (?,?,?,default)
Hibernate: insert into aforo_registros (business_id,fecha_hora,tipo,id) values (?,?,?,default)
Hibernate: insert into aforo_registros (business_id,fecha_hora,tipo,id) values (?,?,?,default)
Hibernate: insert into aforo_registros (business_id,fecha_hora,tipo,id) values (?,?,?,default)
Hibernate: insert into aforo_registros (business_id,fecha_hora,tipo,id) values (?,?,?,default)
Hibernate: insert into aforo_registros (business_id,fecha_hora,tipo,id) values (?,?,?,default)
Hibernate: insert into aforo_registros (business_id,fecha_hora,tipo,id) values (?,?,?,default)
Hibernate: insert into aforo_registros (business_id,fecha_hora,tipo,id) values (?,?,?,default)
Hibernate: insert into aforo_registros (business_id,fecha_hora,tipo,id) values (?,?,?,default)
Hibernate: insert into aforo_registros (business_id,fecha_hora,tipo,id) values (?,?,?,default)
Hibernate: insert into aforo_registros (business_id,fecha_hora,tipo,id) values (?,?,?,default)
Hibernate: insert into aforo_registros (business_id,fecha_hora,tipo,id) values (?,?,?,default)
Hibernate: insert into aforo_registros (business_id,fecha_hora,tipo,id) values (?,?,?,default)
Hibernate: insert into aforo_registros (business_id,fecha_hora,tipo,id) values (?,?,?,default)
Hibernate: insert into aforo_registros (business_id,fecha_hora,tipo,id) values (?,?,?,default)
Hibernate: insert into aforo_registros (business_id,fecha_hora,tipo,id) values (?,?,?,default)
Hibernate: insert into aforo_registros (business_id,fecha_hora,tipo,id) values (?,?,?,default)
Hibernate: insert into aforo_registros (business_id,fecha_hora,tipo,id) values (?,?,?,default)
Hibernate: insert into aforo_registros (business_id,fecha_hora,tipo,id) values (?,?,?,default)
Hibernate: insert into aforo_registros (business_id,fecha_hora,tipo,id) values (?,?,?,default)
Hibernate: insert into aforo_registros (business_id,fecha_hora,tipo,id) values (?,?,?,default)
Hibernate: insert into aforo_registros (business_id,fecha_hora,tipo,id) values (?,?,?,default)
Hibernate: insert into aforo_registros (business_id,fecha_hora,tipo,id) values (?,?,?,default)
Hibernate: insert into aforo_registros (business_id,fecha_hora,tipo,id) values (?,?,?,default)
Hibernate: insert into aforo_registros (business_id,fecha_hora,tipo,id) values (?,?,?,default)
Hibernate: insert into aforo_registros (business_id,fecha_hora,tipo,id) values (?,?,?,default)
Hibernate: insert into aforo_registros (business_id,fecha_hora,tipo,id) values (?,?,?,default)
Hibernate: insert into aforo_registros (business_id,fecha_hora,tipo,id) values (?,?,?,default)
Hibernate: insert into aforo_registros (business_id,fecha_hora,tipo,id) values (?,?,?,default)
Hibernate: insert into aforo_registros (business_id,fecha_hora,tipo,id) values (?,?,?,default)
Hibernate: insert into aforo_registros (business_id,fecha_hora,tipo,id) values (?,?,?,default)
Hibernate: insert into aforo_registros (business_id,fecha_hora,tipo,id) values (?,?,?,default)
Hibernate: insert into aforo_registros (business_id,fecha_hora,tipo,id) values (?,?,?,default)
Hibernate: insert into aforo_registros (business_id,fecha_hora,tipo,id) values (?,?,?,default)
Hibernate: insert into aforo_registros (business_id,fecha_hora,tipo,id) values (?,?,?,default)
Hibernate: insert into aforo_registros (business_id,fecha_hora,tipo,id) values (?,?,?,default)
Hibernate: insert into aforo_registros (business_id,fecha_hora,tipo,id) values (?,?,?,default)
Hibernate: insert into aforo_registros (business_id,fecha_hora,tipo,id) values (?,?,?,default)
Hibernate: insert into aforo_registros (business_id,fecha_hora,tipo,id) values (?,?,?,default)
Hibernate: insert into aforo_registros (business_id,fecha_hora,tipo,id) values (?,?,?,default)
Hibernate: insert into aforo_registros (business_id,fecha_hora,tipo,id) values (?,?,?,default)
Hibernate: insert into aforo_registros (business_id,fecha_hora,tipo,id) values (?,?,?,default)
Hibernate: insert into aforo_registros (business_id,fecha_hora,tipo,id) values (?,?,?,default)
Hibernate: insert into aforo_registros (business_id,fecha_hora,tipo,id) values (?,?,?,default)
Hibernate: insert into aforo_registros (business_id,fecha_hora,tipo,id) values (?,?,?,default)
Hibernate: insert into aforo_registros (business_id,fecha_hora,tipo,id) values (?,?,?,default)
Hibernate: insert into aforo_registros (business_id,fecha_hora,tipo,id) values (?,?,?,default)
Hibernate: insert into aforo_registros (business_id,fecha_hora,tipo,id) values (?,?,?,default)
Hibernate: insert into aforo_registros (business_id,fecha_hora,tipo,id) values (?,?,?,default)
Hibernate: insert into aforo_registros (business_id,fecha_hora,tipo,id) values (?,?,?,default)
Hibernate: insert into aforo_registros (business_id,fecha_hora,tipo,id) values (?,?,?,default)
Hibernate: insert into aforo_registros (business_id,fecha_hora,tipo,id) values (?,?,?,default)
Hibernate: insert into aforo_registros (business_id,fecha_hora,tipo,id) values (?,?,?,default)
Hibernate: insert into aforo_registros (business_id,fecha_hora,tipo,id) values (?,?,?,default)
Hibernate: insert into aforo_registros (business_id,fecha_hora,tipo,id) values (?,?,?,default)
Hibernate: insert into aforo_registros (business_id,fecha_hora,tipo,id) values (?,?,?,default)
Hibernate: insert into aforo_registros (business_id,fecha_hora,tipo,id) values (?,?,?,default)
Hibernate: insert into aforo_registros (business_id,fecha_hora,tipo,id) values (?,?,?,default)
Hibernate: insert into aforo_registros (business_id,fecha_hora,tipo,id) values (?,?,?,default)
Hibernate: insert into aforo_registros (business_id,fecha_hora,tipo,id) values (?,?,?,default)
Hibernate: insert into aforo_registros (business_id,fecha_hora,tipo,id) values (?,?,?,default)
Hibernate: insert into aforo_registros (business_id,fecha_hora,tipo,id) values (?,?,?,default)
Hibernate: insert into aforo_registros (business_id,fecha_hora,tipo,id) values (?,?,?,default)
Hibernate: insert into aforo_registros (business_id,fecha_hora,tipo,id) values (?,?,?,default)
Hibernate: insert into aforo_registros (business_id,fecha_hora,tipo,id) values (?,?,?,default)
Hibernate: insert into aforo_registros (business_id,fecha_hora,tipo,id) values (?,?,?,default)
Hibernate: insert into aforo_registros (business_id,fecha_hora,tipo,id) values (?,?,?,default)
Hibernate: insert into aforo_registros (business_id,fecha_hora,tipo,id) values (?,?,?,default)
Hibernate: insert into aforo_registros (business_id,fecha_hora,tipo,id) values (?,?,?,default)
Hibernate: insert into aforo_registros (business_id,fecha_hora,tipo,id) values (?,?,?,default)
Hibernate: insert into aforo_registros (business_id,fecha_hora,tipo,id) values (?,?,?,default)
Hibernate: insert into aforo_registros (business_id,fecha_hora,tipo,id) values (?,?,?,default)
Hibernate: insert into aforo_registros (business_id,fecha_hora,tipo,id) values (?,?,?,default)
Hibernate: insert into aforo_registros (business_id,fecha_hora,tipo,id) values (?,?,?,default)
Hibernate: insert into aforo_registros (business_id,fecha_hora,tipo,id) values (?,?,?,default)
Hibernate: insert into aforo_registros (business_id,fecha_hora,tipo,id) values (?,?,?,default)
Hibernate: insert into aforo_registros (business_id,fecha_hora,tipo,id) values (?,?,?,default)
Hibernate: insert into aforo_registros (business_id,fecha_hora,tipo,id) values (?,?,?,default)
Hibernate: insert into aforo_registros (business_id,fecha_hora,tipo,id) values (?,?,?,default)
Hibernate: insert into aforo_registros (business_id,fecha_hora,tipo,id) values (?,?,?,default)
Hibernate: insert into aforo_registros (business_id,fecha_hora,tipo,id) values (?,?,?,default)
Hibernate: insert into aforo_registros (business_id,fecha_hora,tipo,id) values (?,?,?,default)
Hibernate: insert into aforo_registros (business_id,fecha_hora,tipo,id) values (?,?,?,default)
Hibernate: insert into aforo_registros (business_id,fecha_hora,tipo,id) values (?,?,?,default)
Hibernate: insert into aforo_registros (business_id,fecha_hora,tipo,id) values (?,?,?,default)
Hibernate: insert into aforo_registros (business_id,fecha_hora,tipo,id) values (?,?,?,default)
Hibernate: insert into aforo_registros (business_id,fecha_hora,tipo,id) values (?,?,?,default)
Hibernate: insert into aforo_registros (business_id,fecha_hora,tipo,id) values (?,?,?,default)
Hibernate: insert into aforo_registros (business_id,fecha_hora,tipo,id) values (?,?,?,default)
Hibernate: insert into aforo_registros (business_id,fecha_hora,tipo,id) values (?,?,?,default)
Hibernate: insert into aforo_registros (business_id,fecha_hora,tipo,id) values (?,?,?,default)
Hibernate: insert into aforo_registros (business_id,fecha_hora,tipo,id) values (?,?,?,default)
Hibernate: insert into aforo_registros (business_id,fecha_hora,tipo,id) values (?,?,?,default)
Hibernate: insert into aforo_registros (business_id,fecha_hora,tipo,id) values (?,?,?,default)
Hibernate: insert into aforo_registros (business_id,fecha_hora,tipo,id) values (?,?,?,default)
Hibernate: insert into aforo_registros (business_id,fecha_hora,tipo,id) values (?,?,?,default)
Hibernate: insert into aforo_registros (business_id,fecha_hora,tipo,id) values (?,?,?,default)
Hibernate: insert into aforo_registros (business_id,fecha_hora,tipo,id) values (?,?,?,default)
Hibernate: insert into aforo_registros (business_id,fecha_hora,tipo,id) values (?,?,?,default)
Hibernate: insert into aforo_registros (business_id,fecha_hora,tipo,id) values (?,?,?,default)
Hibernate: insert into aforo_registros (business_id,fecha_hora,tipo,id) values (?,?,?,default)
Hibernate: insert into aforo_registros (business_id,fecha_hora,tipo,id) values (?,?,?,default)
Hibernate: insert into aforo_registros (business_id,fecha_hora,tipo,id) values (?,?,?,default)
Hibernate: insert into aforo_registros (business_id,fecha_hora,tipo,id) values (?,?,?,default)
Hibernate: insert into aforo_registros (business_id,fecha_hora,tipo,id) values (?,?,?,default)
Hibernate: insert into aforo_registros (business_id,fecha_hora,tipo,id) values (?,?,?,default)
Hibernate: insert into aforo_registros (business_id,fecha_hora,tipo,id) values (?,?,?,default)
Hibernate: insert into aforo_registros (business_id,fecha_hora,tipo,id) values (?,?,?,default)
Hibernate: insert into aforo_registros (business_id,fecha_hora,tipo,id) values (?,?,?,default)
Hibernate: insert into aforo_registros (business_id,fecha_hora,tipo,id) values (?,?,?,default)
Hibernate: insert into aforo_registros (business_id,fecha_hora,tipo,id) values (?,?,?,default)
Hibernate: insert into aforo_registros (business_id,fecha_hora,tipo,id) values (?,?,?,default)
Hibernate: insert into aforo_registros (business_id,fecha_hora,tipo,id) values (?,?,?,default)
Hibernate: insert into aforo_registros (business_id,fecha_hora,tipo,id) values (?,?,?,default)
Hibernate: insert into aforo_registros (business_id,fecha_hora,tipo,id) values (?,?,?,default)
Hibernate: insert into aforo_registros (business_id,fecha_hora,tipo,id) values (?,?,?,default)
Hibernate: insert into aforo_registros (business_id,fecha_hora,tipo,id) values (?,?,?,default)
Hibernate: insert into aforo_registros (business_id,fecha_hora,tipo,id) values (?,?,?,default)
Hibernate: insert into aforo_registros (business_id,fecha_hora,tipo,id) values (?,?,?,default)
Hibernate: insert into aforo_registros (business_id,fecha_hora,tipo,id) values (?,?,?,default)
Hibernate: insert into aforo_registros (business_id,fecha_hora,tipo,id) values (?,?,?,default)
Hibernate: insert into aforo_registros (business_id,fecha_hora,tipo,id) values (?,?,?,default)
Hibernate: insert into aforo_registros (business_id,fecha_hora,tipo,id) values (?,?,?,default)
Hibernate: insert into aforo_registros (business_id,fecha_hora,tipo,id) values (?,?,?,default)
Hibernate: insert into aforo_registros (business_id,fecha_hora,tipo,id) values (?,?,?,default)
Hibernate: insert into aforo_registros (business_id,fecha_hora,tipo,id) values (?,?,?,default)
Hibernate: insert into aforo_registros (business_id,fecha_hora,tipo,id) values (?,?,?,default)
Hibernate: insert into aforo_registros (business_id,fecha_hora,tipo,id) values (?,?,?,default)
Hibernate: insert into aforo_registros (business_id,fecha_hora,tipo,id) values (?,?,?,default)
Hibernate: insert into aforo_registros (business_id,fecha_hora,tipo,id) values (?,?,?,default)
Hibernate: insert into aforo_registros (business_id,fecha_hora,tipo,id) values (?,?,?,default)
Hibernate: insert into aforo_registros (business_id,fecha_hora,tipo,id) values (?,?,?,default)
Hibernate: insert into aforo_registros (business_id,fecha_hora,tipo,id) values (?,?,?,default)
Hibernate: insert into aforo_registros (business_id,fecha_hora,tipo,id) values (?,?,?,default)
Hibernate: insert into aforo_registros (business_id,fecha_hora,tipo,id) values (?,?,?,default)
Hibernate: insert into aforo_registros (business_id,fecha_hora,tipo,id) values (?,?,?,default)
Hibernate: insert into aforo_registros (business_id,fecha_hora,tipo,id) values (?,?,?,default)
Hibernate: insert into aforo_registros (business_id,fecha_hora,tipo,id) values (?,?,?,default)
Hibernate: insert into aforo_registros (business_id,fecha_hora,tipo,id) values (?,?,?,default)
Hibernate: insert into aforo_registros (business_id,fecha_hora,tipo,id) values (?,?,?,default)
Hibernate: insert into aforo_registros (business_id,fecha_hora,tipo,id) values (?,?,?,default)
Hibernate: insert into aforo_registros (business_id,fecha_hora,tipo,id) values (?,?,?,default)
Hibernate: insert into aforo_registros (business_id,fecha_hora,tipo,id) values (?,?,?,default)
Hibernate: insert into aforo_registros (business_id,fecha_hora,tipo,id) values (?,?,?,default)
Hibernate: insert into aforo_registros (business_id,fecha_hora,tipo,id) values (?,?,?,default)
Hibernate: insert into aforo_registros (business_id,fecha_hora,tipo,id) values (?,?,?,default)
Hibernate: insert into aforo_registros (business_id,fecha_hora,tipo,id) values (?,?,?,default)
Hibernate: insert into aforo_registros (business_id,fecha_hora,tipo,id) values (?,?,?,default)
Hibernate: insert into aforo_registros (business_id,fecha_hora,tipo,id) values (?,?,?,default)
Hibernate: insert into aforo_registros (business_id,fecha_hora,tipo,id) values (?,?,?,default)
Hibernate: insert into aforo_registros (business_id,fecha_hora,tipo,id) values (?,?,?,default)
Hibernate: insert into aforo_registros (business_id,fecha_hora,tipo,id) values (?,?,?,default)
Hibernate: insert into aforo_registros (business_id,fecha_hora,tipo,id) values (?,?,?,default)
Hibernate: insert into aforo_registros (business_id,fecha_hora,tipo,id) values (?,?,?,default)
Hibernate: insert into aforo_registros (business_id,fecha_hora,tipo,id) values (?,?,?,default)
Hibernate: insert into aforo_registros (business_id,fecha_hora,tipo,id) values (?,?,?,default)
Hibernate: insert into aforo_registros (business_id,fecha_hora,tipo,id) values (?,?,?,default)
Hibernate: insert into aforo_registros (business_id,fecha_hora,tipo,id) values (?,?,?,default)
Hibernate: insert into aforo_registros (business_id,fecha_hora,tipo,id) values (?,?,?,default)
Hibernate: insert into aforo_registros (business_id,fecha_hora,tipo,id) values (?,?,?,default)
Hibernate: insert into aforo_registros (business_id,fecha_hora,tipo,id) values (?,?,?,default)
Hibernate: insert into aforo_registros (business_id,fecha_hora,tipo,id) values (?,?,?,default)
Hibernate: insert into aforo_registros (business_id,fecha_hora,tipo,id) values (?,?,?,default)
Hibernate: insert into aforo_registros (business_id,fecha_hora,tipo,id) values (?,?,?,default)
Hibernate: insert into aforo_registros (business_id,fecha_hora,tipo,id) values (?,?,?,default)
Hibernate: insert into aforo_registros (business_id,fecha_hora,tipo,id) values (?,?,?,default)
Hibernate: insert into aforo_registros (business_id,fecha_hora,tipo,id) values (?,?,?,default)
Hibernate: insert into aforo_registros (business_id,fecha_hora,tipo,id) values (?,?,?,default)
Hibernate: insert into aforo_registros (business_id,fecha_hora,tipo,id) values (?,?,?,default)
Hibernate: insert into aforo_registros (business_id,fecha_hora,tipo,id) values (?,?,?,default)
Hibernate: insert into aforo_registros (business_id,fecha_hora,tipo,id) values (?,?,?,default)
Hibernate: insert into aforo_registros (business_id,fecha_hora,tipo,id) values (?,?,?,default)
Hibernate: insert into aforo_registros (business_id,fecha_hora,tipo,id) values (?,?,?,default)
Hibernate: insert into aforo_registros (business_id,fecha_hora,tipo,id) values (?,?,?,default)
Hibernate: insert into aforo_registros (business_id,fecha_hora,tipo,id) values (?,?,?,default)
Hibernate: insert into aforo_registros (business_id,fecha_hora,tipo,id) values (?,?,?,default)
Hibernate: insert into aforo_registros (business_id,fecha_hora,tipo,id) values (?,?,?,default)
Hibernate: insert into aforo_registros (business_id,fecha_hora,tipo,id) values (?,?,?,default)
Hibernate: insert into aforo_registros (business_id,fecha_hora,tipo,id) values (?,?,?,default)
Hibernate: insert into aforo_registros (business_id,fecha_hora,tipo,id) values (?,?,?,default)
Hibernate: insert into aforo_registros (business_id,fecha_hora,tipo,id) values (?,?,?,default)
Hibernate: insert into aforo_registros (business_id,fecha_hora,tipo,id) values (?,?,?,default)
Hibernate: insert into aforo_registros (business_id,fecha_hora,tipo,id) values (?,?,?,default)
Hibernate: insert into aforo_registros (business_id,fecha_hora,tipo,id) values (?,?,?,default)
Hibernate: insert into aforo_registros (business_id,fecha_hora,tipo,id) values (?,?,?,default)
Hibernate: insert into aforo_registros (business_id,fecha_hora,tipo,id) values (?,?,?,default)
Hibernate: insert into aforo_registros (business_id,fecha_hora,tipo,id) values (?,?,?,default)
Hibernate: insert into aforo_registros (business_id,fecha_hora,tipo,id) values (?,?,?,default)
Hibernate: insert into aforo_registros (business_id,fecha_hora,tipo,id) values (?,?,?,default)
Hibernate: insert into aforo_registros (business_id,fecha_hora,tipo,id) values (?,?,?,default)
Hibernate: insert into aforo_registros (business_id,fecha_hora,tipo,id) values (?,?,?,default)
Hibernate: insert into aforo_registros (business_id,fecha_hora,tipo,id) values (?,?,?,default)
Hibernate: insert into aforo_registros (business_id,fecha_hora,tipo,id) values (?,?,?,default)
Hibernate: insert into aforo_registros (business_id,fecha_hora,tipo,id) values (?,?,?,default)
Hibernate: insert into aforo_registros (business_id,fecha_hora,tipo,id) values (?,?,?,default)
Hibernate: insert into aforo_registros (business_id,fecha_hora,tipo,id) values (?,?,?,default)
Hibernate: insert into aforo_registros (business_id,fecha_hora,tipo,id) values (?,?,?,default)
Hibernate: insert into aforo_registros (business_id,fecha_hora,tipo,id) values (?,?,?,default)
Hibernate: insert into aforo_registros (business_id,fecha_hora,tipo,id) values (?,?,?,default)
Hibernate: insert into aforo_registros (business_id,fecha_hora,tipo,id) values (?,?,?,default)
Hibernate: insert into aforo_registros (business_id,fecha_hora,tipo,id) values (?,?,?,default)
Hibernate: insert into aforo_registros (business_id,fecha_hora,tipo,id) values (?,?,?,default)
Hibernate: insert into aforo_registros (business_id,fecha_hora,tipo,id) values (?,?,?,default)
Hibernate: insert into aforo_registros (business_id,fecha_hora,tipo,id) values (?,?,?,default)
Hibernate: insert into aforo_registros (business_id,fecha_hora,tipo,id) values (?,?,?,default)
Hibernate: insert into aforo_registros (business_id,fecha_hora,tipo,id) values (?,?,?,default)
Hibernate: insert into aforo_registros (business_id,fecha_hora,tipo,id) values (?,?,?,default)
Hibernate: insert into aforo_registros (business_id,fecha_hora,tipo,id) values (?,?,?,default)
Hibernate: insert into aforo_registros (business_id,fecha_hora,tipo,id) values (?,?,?,default)
Hibernate: insert into aforo_registros (business_id,fecha_hora,tipo,id) values (?,?,?,default)
Hibernate: insert into aforo_registros (business_id,fecha_hora,tipo,id) values (?,?,?,default)
Hibernate: insert into aforo_registros (business_id,fecha_hora,tipo,id) values (?,?,?,default)
Hibernate: insert into aforo_registros (business_id,fecha_hora,tipo,id) values (?,?,?,default)
Hibernate: insert into aforo_registros (business_id,fecha_hora,tipo,id) values (?,?,?,default)
Hibernate: insert into aforo_registros (business_id,fecha_hora,tipo,id) values (?,?,?,default)
Hibernate: insert into aforo_registros (business_id,fecha_hora,tipo,id) values (?,?,?,default)
Hibernate: insert into aforo_registros (business_id,fecha_hora,tipo,id) values (?,?,?,default)
Hibernate: insert into aforo_registros (business_id,fecha_hora,tipo,id) values (?,?,?,default)
Hibernate: insert into aforo_registros (business_id,fecha_hora,tipo,id) values (?,?,?,default)
Hibernate: insert into aforo_registros (business_id,fecha_hora,tipo,id) values (?,?,?,default)
Hibernate: insert into aforo_registros (business_id,fecha_hora,tipo,id) values (?,?,?,default)
Hibernate: insert into aforo_registros (business_id,fecha_hora,tipo,id) values (?,?,?,default)
Hibernate: insert into aforo_registros (business_id,fecha_hora,tipo,id) values (?,?,?,default)
Hibernate: insert into aforo_registros (business_id,fecha_hora,tipo,id) values (?,?,?,default)
Hibernate: insert into aforo_registros (business_id,fecha_hora,tipo,id) values (?,?,?,default)
Hibernate: insert into aforo_registros (business_id,fecha_hora,tipo,id) values (?,?,?,default)
Hibernate: insert into aforo_registros (business_id,fecha_hora,tipo,id) values (?,?,?,default)
Hibernate: insert into aforo_registros (business_id,fecha_hora,tipo,id) values (?,?,?,default)
Hibernate: insert into aforo_registros (business_id,fecha_hora,tipo,id) values (?,?,?,default)
Hibernate: insert into aforo_registros (business_id,fecha_hora,tipo,id) values (?,?,?,default)
Hibernate: insert into aforo_registros (business_id,fecha_hora,tipo,id) values (?,?,?,default)
Hibernate: insert into aforo_registros (business_id,fecha_hora,tipo,id) values (?,?,?,default)
Hibernate: insert into aforo_registros (business_id,fecha_hora,tipo,id) values (?,?,?,default)
Hibernate: insert into aforo_registros (business_id,fecha_hora,tipo,id) values (?,?,?,default)
Hibernate: insert into aforo_registros (business_id,fecha_hora,tipo,id) values (?,?,?,default)
Hibernate: insert into aforo_registros (business_id,fecha_hora,tipo,id) values (?,?,?,default)
Hibernate: insert into aforo_registros (business_id,fecha_hora,tipo,id) values (?,?,?,default)
Hibernate: insert into aforo_registros (business_id,fecha_hora,tipo,id) values (?,?,?,default)
Hibernate: insert into aforo_registros (business_id,fecha_hora,tipo,id) values (?,?,?,default)
Hibernate: insert into aforo_registros (business_id,fecha_hora,tipo,id) values (?,?,?,default)
Hibernate: insert into aforo_registros (business_id,fecha_hora,tipo,id) values (?,?,?,default)
Hibernate: insert into aforo_registros (business_id,fecha_hora,tipo,id) values (?,?,?,default)
Hibernate: insert into aforo_registros (business_id,fecha_hora,tipo,id) values (?,?,?,default)
Hibernate: insert into aforo_registros (business_id,fecha_hora,tipo,id) values (?,?,?,default)
Hibernate: insert into aforo_registros (business_id,fecha_hora,tipo,id) values (?,?,?,default)
Hibernate: insert into aforo_registros (business_id,fecha_hora,tipo,id) values (?,?,?,default)
Hibernate: insert into aforo_registros (business_id,fecha_hora,tipo,id) values (?,?,?,default)
Hibernate: insert into aforo_registros (business_id,fecha_hora,tipo,id) values (?,?,?,default)
Hibernate: insert into aforo_registros (business_id,fecha_hora,tipo,id) values (?,?,?,default)
Hibernate: insert into aforo_registros (business_id,fecha_hora,tipo,id) values (?,?,?,default)
Hibernate: insert into aforo_registros (business_id,fecha_hora,tipo,id) values (?,?,?,default)
Hibernate: insert into aforo_registros (business_id,fecha_hora,tipo,id) values (?,?,?,default)
Hibernate: insert into aforo_registros (business_id,fecha_hora,tipo,id) values (?,?,?,default)
Hibernate: insert into aforo_registros (business_id,fecha_hora,tipo,id) values (?,?,?,default)
Hibernate: insert into aforo_registros (business_id,fecha_hora,tipo,id) values (?,?,?,default)
Hibernate: insert into aforo_registros (business_id,fecha_hora,tipo,id) values (?,?,?,default)
Hibernate: insert into aforo_registros (business_id,fecha_hora,tipo,id) values (?,?,?,default)
Hibernate: insert into aforo_registros (business_id,fecha_hora,tipo,id) values (?,?,?,default)
Hibernate: insert into aforo_registros (business_id,fecha_hora,tipo,id) values (?,?,?,default)
Hibernate: insert into aforo_registros (business_id,fecha_hora,tipo,id) values (?,?,?,default)
Hibernate: insert into aforo_registros (business_id,fecha_hora,tipo,id) values (?,?,?,default)
Hibernate: insert into aforo_registros (business_id,fecha_hora,tipo,id) values (?,?,?,default)
Hibernate: insert into aforo_registros (business_id,fecha_hora,tipo,id) values (?,?,?,default)
Hibernate: insert into aforo_registros (business_id,fecha_hora,tipo,id) values (?,?,?,default)
Hibernate: insert into aforo_registros (business_id,fecha_hora,tipo,id) values (?,?,?,default)
Hibernate: insert into aforo_registros (business_id,fecha_hora,tipo,id) values (?,?,?,default)
Hibernate: insert into aforo_registros (business_id,fecha_hora,tipo,id) values (?,?,?,default)
Hibernate: insert into aforo_registros (business_id,fecha_hora,tipo,id) values (?,?,?,default)
Hibernate: insert into aforo_registros (business_id,fecha_hora,tipo,id) values (?,?,?,default)
Hibernate: insert into aforo_registros (business_id,fecha_hora,tipo,id) values (?,?,?,default)
Hibernate: insert into aforo_registros (business_id,fecha_hora,tipo,id) values (?,?,?,default)
Hibernate: insert into aforo_registros (business_id,fecha_hora,tipo,id) values (?,?,?,default)
Hibernate: insert into aforo_registros (business_id,fecha_hora,tipo,id) values (?,?,?,default)
Hibernate: insert into aforo_registros (business_id,fecha_hora,tipo,id) values (?,?,?,default)
Hibernate: insert into aforo_registros (business_id,fecha_hora,tipo,id) values (?,?,?,default)
Hibernate: insert into aforo_registros (business_id,fecha_hora,tipo,id) values (?,?,?,default)
Hibernate: insert into aforo_registros (business_id,fecha_hora,tipo,id) values (?,?,?,default)
Hibernate: insert into aforo_registros (business_id,fecha_hora,tipo,id) values (?,?,?,default)
Hibernate: insert into aforo_registros (business_id,fecha_hora,tipo,id) values (?,?,?,default)
Hibernate: insert into aforo_registros (business_id,fecha_hora,tipo,id) values (?,?,?,default)
Hibernate: insert into aforo_registros (business_id,fecha_hora,tipo,id) values (?,?,?,default)
Hibernate: insert into aforo_registros (business_id,fecha_hora,tipo,id) values (?,?,?,default)
Hibernate: insert into aforo_registros (business_id,fecha_hora,tipo,id) values (?,?,?,default)
Hibernate: insert into aforo_registros (business_id,fecha_hora,tipo,id) values (?,?,?,default)
Hibernate: insert into aforo_registros (business_id,fecha_hora,tipo,id) values (?,?,?,default)
Hibernate: insert into aforo_registros (business_id,fecha_hora,tipo,id) values (?,?,?,default)
Hibernate: insert into aforo_registros (business_id,fecha_hora,tipo,id) values (?,?,?,default)
Hibernate: insert into aforo_registros (business_id,fecha_hora,tipo,id) values (?,?,?,default)
Hibernate: insert into aforo_registros (business_id,fecha_hora,tipo,id) values (?,?,?,default)
Hibernate: insert into aforo_registros (business_id,fecha_hora,tipo,id) values (?,?,?,default)
Hibernate: insert into aforo_registros (business_id,fecha_hora,tipo,id) values (?,?,?,default)
Hibernate: insert into aforo_registros (business_id,fecha_hora,tipo,id) values (?,?,?,default)
Hibernate: insert into aforo_registros (business_id,fecha_hora,tipo,id) values (?,?,?,default)
Hibernate: insert into aforo_registros (business_id,fecha_hora,tipo,id) values (?,?,?,default)
Hibernate: insert into aforo_registros (business_id,fecha_hora,tipo,id) values (?,?,?,default)
Hibernate: insert into aforo_registros (business_id,fecha_hora,tipo,id) values (?,?,?,default)
Hibernate: insert into aforo_registros (business_id,fecha_hora,tipo,id) values (?,?,?,default)
Hibernate: insert into aforo_registros (business_id,fecha_hora,tipo,id) values (?,?,?,default)
Hibernate: insert into aforo_registros (business_id,fecha_hora,tipo,id) values (?,?,?,default)
Hibernate: insert into aforo_registros (business_id,fecha_hora,tipo,id) values (?,?,?,default)
Hibernate: insert into aforo_registros (business_id,fecha_hora,tipo,id) values (?,?,?,default)
Hibernate: insert into aforo_registros (business_id,fecha_hora,tipo,id) values (?,?,?,default)
Hibernate: insert into aforo_registros (business_id,fecha_hora,tipo,id) values (?,?,?,default)
Hibernate: insert into aforo_registros (business_id,fecha_hora,tipo,id) values (?,?,?,default)
Hibernate: insert into aforo_registros (business_id,fecha_hora,tipo,id) values (?,?,?,default)
Hibernate: insert into aforo_registros (business_id,fecha_hora,tipo,id) values (?,?,?,default)
Hibernate: insert into aforo_registros (business_id,fecha_hora,tipo,id) values (?,?,?,default)
Hibernate: insert into aforo_registros (business_id,fecha_hora,tipo,id) values (?,?,?,default)
Hibernate: insert into aforo_registros (business_id,fecha_hora,tipo,id) values (?,?,?,default)
Hibernate: insert into aforo_registros (business_id,fecha_hora,tipo,id) values (?,?,?,default)
Hibernate: insert into aforo_registros (business_id,fecha_hora,tipo,id) values (?,?,?,default)
Hibernate: insert into aforo_registros (business_id,fecha_hora,tipo,id) values (?,?,?,default)
Hibernate: insert into aforo_registros (business_id,fecha_hora,tipo,id) values (?,?,?,default)
Hibernate: insert into aforo_registros (business_id,fecha_hora,tipo,id) values (?,?,?,default)
Hibernate: insert into aforo_registros (business_id,fecha_hora,tipo,id) values (?,?,?,default)
Hibernate: insert into aforo_registros (business_id,fecha_hora,tipo,id) values (?,?,?,default)
Hibernate: insert into aforo_registros (business_id,fecha_hora,tipo,id) values (?,?,?,default)
Hibernate: insert into aforo_registros (business_id,fecha_hora,tipo,id) values (?,?,?,default)
Hibernate: insert into aforo_registros (business_id,fecha_hora,tipo,id) values (?,?,?,default)
Hibernate: insert into aforo_registros (business_id,fecha_hora,tipo,id) values (?,?,?,default)
Hibernate: insert into aforo_registros (business_id,fecha_hora,tipo,id) values (?,?,?,default)
Hibernate: insert into aforo_registros (business_id,fecha_hora,tipo,id) values (?,?,?,default)
Hibernate: insert into aforo_registros (business_id,fecha_hora,tipo,id) values (?,?,?,default)
Hibernate: insert into aforo_registros (business_id,fecha_hora,tipo,id) values (?,?,?,default)
Hibernate: insert into aforo_registros (business_id,fecha_hora,tipo,id) values (?,?,?,default)
Hibernate: insert into aforo_registros (business_id,fecha_hora,tipo,id) values (?,?,?,default)
Hibernate: insert into aforo_registros (business_id,fecha_hora,tipo,id) values (?,?,?,default)
Hibernate: insert into aforo_registros (business_id,fecha_hora,tipo,id) values (?,?,?,default)
Hibernate: insert into aforo_registros (business_id,fecha_hora,tipo,id) values (?,?,?,default)
Hibernate: insert into aforo_registros (business_id,fecha_hora,tipo,id) values (?,?,?,default)
Hibernate: insert into aforo_registros (business_id,fecha_hora,tipo,id) values (?,?,?,default)
Hibernate: insert into aforo_registros (business_id,fecha_hora,tipo,id) values (?,?,?,default)
Hibernate: insert into aforo_registros (business_id,fecha_hora,tipo,id) values (?,?,?,default)
Hibernate: insert into aforo_registros (business_id,fecha_hora,tipo,id) values (?,?,?,default)
Hibernate: insert into aforo_registros (business_id,fecha_hora,tipo,id) values (?,?,?,default)
Hibernate: insert into aforo_registros (business_id,fecha_hora,tipo,id) values (?,?,?,default)
Hibernate: insert into aforo_registros (business_id,fecha_hora,tipo,id) values (?,?,?,default)
Hibernate: insert into aforo_registros (business_id,fecha_hora,tipo,id) values (?,?,?,default)
Hibernate: insert into aforo_registros (business_id,fecha_hora,tipo,id) values (?,?,?,default)
Hibernate: insert into aforo_registros (business_id,fecha_hora,tipo,id) values (?,?,?,default)
Hibernate: insert into aforo_registros (business_id,fecha_hora,tipo,id) values (?,?,?,default)
Hibernate: insert into aforo_registros (business_id,fecha_hora,tipo,id) values (?,?,?,default)
Hibernate: insert into aforo_registros (business_id,fecha_hora,tipo,id) values (?,?,?,default)
Hibernate: insert into aforo_registros (business_id,fecha_hora,tipo,id) values (?,?,?,default)
Hibernate: insert into aforo_registros (business_id,fecha_hora,tipo,id) values (?,?,?,default)
Hibernate: insert into aforo_registros (business_id,fecha_hora,tipo,id) values (?,?,?,default)
Hibernate: insert into aforo_registros (business_id,fecha_hora,tipo,id) values (?,?,?,default)
Hibernate: insert into aforo_registros (business_id,fecha_hora,tipo,id) values (?,?,?,default)
Hibernate: insert into aforo_registros (business_id,fecha_hora,tipo,id) values (?,?,?,default)
Hibernate: insert into aforo_registros (business_id,fecha_hora,tipo,id) values (?,?,?,default)
Hibernate: insert into aforo_registros (business_id,fecha_hora,tipo,id) values (?,?,?,default)
Hibernate: insert into aforo_registros (business_id,fecha_hora,tipo,id) values (?,?,?,default)
Hibernate: insert into aforo_registros (business_id,fecha_hora,tipo,id) values (?,?,?,default)
Hibernate: insert into aforo_registros (business_id,fecha_hora,tipo,id) values (?,?,?,default)
Hibernate: insert into aforo_registros (business_id,fecha_hora,tipo,id) values (?,?,?,default)
Hibernate: insert into aforo_registros (business_id,fecha_hora,tipo,id) values (?,?,?,default)
Hibernate: insert into aforo_registros (business_id,fecha_hora,tipo,id) values (?,?,?,default)
Hibernate: insert into aforo_registros (business_id,fecha_hora,tipo,id) values (?,?,?,default)
Hibernate: insert into aforo_registros (business_id,fecha_hora,tipo,id) values (?,?,?,default)
Hibernate: insert into aforo_registros (business_id,fecha_hora,tipo,id) values (?,?,?,default)
Hibernate: insert into aforo_registros (business_id,fecha_hora,tipo,id) values (?,?,?,default)
Hibernate: insert into aforo_registros (business_id,fecha_hora,tipo,id) values (?,?,?,default)
Hibernate: insert into aforo_registros (business_id,fecha_hora,tipo,id) values (?,?,?,default)
Hibernate: insert into aforo_registros (business_id,fecha_hora,tipo,id) values (?,?,?,default)
Hibernate: insert into aforo_registros (business_id,fecha_hora,tipo,id) values (?,?,?,default)
Hibernate: insert into aforo_registros (business_id,fecha_hora,tipo,id) values (?,?,?,default)
Hibernate: insert into aforo_registros (business_id,fecha_hora,tipo,id) values (?,?,?,default)
Hibernate: insert into aforo_registros (business_id,fecha_hora,tipo,id) values (?,?,?,default)
Hibernate: insert into aforo_registros (business_id,fecha_hora,tipo,id) values (?,?,?,default)
Hibernate: insert into aforo_registros (business_id,fecha_hora,tipo,id) values (?,?,?,default)
Hibernate: insert into aforo_registros (business_id,fecha_hora,tipo,id) values (?,?,?,default)
Hibernate: insert into aforo_registros (business_id,fecha_hora,tipo,id) values (?,?,?,default)
Hibernate: insert into aforo_registros (business_id,fecha_hora,tipo,id) values (?,?,?,default)
Hibernate: insert into aforo_registros (business_id,fecha_hora,tipo,id) values (?,?,?,default)
Hibernate: insert into aforo_registros (business_id,fecha_hora,tipo,id) values (?,?,?,default)
Hibernate: insert into aforo_registros (business_id,fecha_hora,tipo,id) values (?,?,?,default)
Hibernate: insert into aforo_registros (business_id,fecha_hora,tipo,id) values (?,?,?,default)
Hibernate: insert into aforo_registros (business_id,fecha_hora,tipo,id) values (?,?,?,default)
Hibernate: insert into aforo_registros (business_id,fecha_hora,tipo,id) values (?,?,?,default)
Hibernate: insert into aforo_registros (business_id,fecha_hora,tipo,id) values (?,?,?,default)
Hibernate: insert into aforo_registros (business_id,fecha_hora,tipo,id) values (?,?,?,default)
Hibernate: insert into aforo_registros (business_id,fecha_hora,tipo,id) values (?,?,?,default)
Hibernate: insert into aforo_registros (business_id,fecha_hora,tipo,id) values (?,?,?,default)
Hibernate: insert into aforo_registros (business_id,fecha_hora,tipo,id) values (?,?,?,default)
Hibernate: insert into aforo_registros (business_id,fecha_hora,tipo,id) values (?,?,?,default)
Hibernate: insert into aforo_registros (business_id,fecha_hora,tipo,id) values (?,?,?,default)
Hibernate: insert into aforo_registros (business_id,fecha_hora,tipo,id) values (?,?,?,default)
Hibernate: insert into aforo_registros (business_id,fecha_hora,tipo,id) values (?,?,?,default)
Hibernate: insert into aforo_registros (business_id,fecha_hora,tipo,id) values (?,?,?,default)
Hibernate: insert into aforo_registros (business_id,fecha_hora,tipo,id) values (?,?,?,default)
Hibernate: insert into aforo_registros (business_id,fecha_hora,tipo,id) values (?,?,?,default)
Hibernate: insert into aforo_registros (business_id,fecha_hora,tipo,id) values (?,?,?,default)
Hibernate: insert into aforo_registros (business_id,fecha_hora,tipo,id) values (?,?,?,default)
Hibernate: insert into aforo_registros (business_id,fecha_hora,tipo,id) values (?,?,?,default)
Hibernate: insert into aforo_registros (business_id,fecha_hora,tipo,id) values (?,?,?,default)
Hibernate: insert into aforo_registros (business_id,fecha_hora,tipo,id) values (?,?,?,default)
Hibernate: insert into aforo_registros (business_id,fecha_hora,tipo,id) values (?,?,?,default)
Hibernate: insert into aforo_registros (business_id,fecha_hora,tipo,id) values (?,?,?,default)
Hibernate: insert into aforo_registros (business_id,fecha_hora,tipo,id) values (?,?,?,default)
Hibernate: insert into aforo_registros (business_id,fecha_hora,tipo,id) values (?,?,?,default)
Hibernate: insert into aforo_registros (business_id,fecha_hora,tipo,id) values (?,?,?,default)
Hibernate: insert into aforo_registros (business_id,fecha_hora,tipo,id) values (?,?,?,default)
Hibernate: insert into aforo_registros (business_id,fecha_hora,tipo,id) values (?,?,?,default)
Hibernate: insert into aforo_registros (business_id,fecha_hora,tipo,id) values (?,?,?,default)
Hibernate: insert into aforo_registros (business_id,fecha_hora,tipo,id) values (?,?,?,default)
Hibernate: insert into aforo_registros (business_id,fecha_hora,tipo,id) values (?,?,?,default)
Hibernate: insert into aforo_registros (business_id,fecha_hora,tipo,id) values (?,?,?,default)
Hibernate: insert into aforo_registros (business_id,fecha_hora,tipo,id) values (?,?,?,default)
Hibernate: insert into aforo_registros (business_id,fecha_hora,tipo,id) values (?,?,?,default)
Hibernate: insert into aforo_registros (business_id,fecha_hora,tipo,id) values (?,?,?,default)
Hibernate: insert into aforo_registros (business_id,fecha_hora,tipo,id) values (?,?,?,default)
Hibernate: insert into aforo_registros (business_id,fecha_hora,tipo,id) values (?,?,?,default)
Hibernate: insert into aforo_registros (business_id,fecha_hora,tipo,id) values (?,?,?,default)
Hibernate: insert into aforo_registros (business_id,fecha_hora,tipo,id) values (?,?,?,default)
Hibernate: insert into aforo_registros (business_id,fecha_hora,tipo,id) values (?,?,?,default)
Hibernate: insert into aforo_registros (business_id,fecha_hora,tipo,id) values (?,?,?,default)
Hibernate: insert into aforo_registros (business_id,fecha_hora,tipo,id) values (?,?,?,default)
Hibernate: insert into aforo_registros (business_id,fecha_hora,tipo,id) values (?,?,?,default)
Hibernate: insert into aforo_registros (business_id,fecha_hora,tipo,id) values (?,?,?,default)
Hibernate: insert into aforo_registros (business_id,fecha_hora,tipo,id) values (?,?,?,default)
Hibernate: insert into aforo_registros (business_id,fecha_hora,tipo,id) values (?,?,?,default)
Hibernate: insert into aforo_registros (business_id,fecha_hora,tipo,id) values (?,?,?,default)
Hibernate: insert into aforo_registros (business_id,fecha_hora,tipo,id) values (?,?,?,default)
Hibernate: insert into aforo_registros (business_id,fecha_hora,tipo,id) values (?,?,?,default)
Hibernate: insert into aforo_registros (business_id,fecha_hora,tipo,id) values (?,?,?,default)
Hibernate: insert into aforo_registros (business_id,fecha_hora,tipo,id) values (?,?,?,default)
Hibernate: insert into aforo_registros (business_id,fecha_hora,tipo,id) values (?,?,?,default)
Hibernate: insert into aforo_registros (business_id,fecha_hora,tipo,id) values (?,?,?,default)
Hibernate: insert into aforo_registros (business_id,fecha_hora,tipo,id) values (?,?,?,default)
Hibernate: insert into aforo_registros (business_id,fecha_hora,tipo,id) values (?,?,?,default)
Hibernate: insert into aforo_registros (business_id,fecha_hora,tipo,id) values (?,?,?,default)
Hibernate: insert into aforo_registros (business_id,fecha_hora,tipo,id) values (?,?,?,default)
Hibernate: insert into aforo_registros (business_id,fecha_hora,tipo,id) values (?,?,?,default)
Hibernate: insert into aforo_registros (business_id,fecha_hora,tipo,id) values (?,?,?,default)
Hibernate: insert into aforo_registros (business_id,fecha_hora,tipo,id) values (?,?,?,default)
Hibernate: insert into aforo_registros (business_id,fecha_hora,tipo,id) values (?,?,?,default)
Hibernate: insert into aforo_registros (business_id,fecha_hora,tipo,id) values (?,?,?,default)
Hibernate: insert into aforo_registros (business_id,fecha_hora,tipo,id) values (?,?,?,default)
Hibernate: insert into aforo_registros (business_id,fecha_hora,tipo,id) values (?,?,?,default)
Hibernate: insert into aforo_registros (business_id,fecha_hora,tipo,id) values (?,?,?,default)
Hibernate: insert into aforo_registros (business_id,fecha_hora,tipo,id) values (?,?,?,default)
Hibernate: insert into aforo_registros (business_id,fecha_hora,tipo,id) values (?,?,?,default)
Hibernate: insert into aforo_registros (business_id,fecha_hora,tipo,id) values (?,?,?,default)
Hibernate: insert into aforo_registros (business_id,fecha_hora,tipo,id) values (?,?,?,default)
Hibernate: insert into aforo_registros (business_id,fecha_hora,tipo,id) values (?,?,?,default)
Hibernate: insert into aforo_registros (business_id,fecha_hora,tipo,id) values (?,?,?,default)
Hibernate: insert into aforo_registros (business_id,fecha_hora,tipo,id) values (?,?,?,default)
Hibernate: insert into aforo_registros (business_id,fecha_hora,tipo,id) values (?,?,?,default)
Hibernate: insert into aforo_registros (business_id,fecha_hora,tipo,id) values (?,?,?,default)
Hibernate: insert into aforo_registros (business_id,fecha_hora,tipo,id) values (?,?,?,default)
Hibernate: insert into aforo_registros (business_id,fecha_hora,tipo,id) values (?,?,?,default)
Hibernate: insert into aforo_registros (business_id,fecha_hora,tipo,id) values (?,?,?,default)
Hibernate: insert into aforo_registros (business_id,fecha_hora,tipo,id) values (?,?,?,default)
Hibernate: insert into aforo_registros (business_id,fecha_hora,tipo,id) values (?,?,?,default)
Hibernate: insert into aforo_registros (business_id,fecha_hora,tipo,id) values (?,?,?,default)
Hibernate: insert into aforo_registros (business_id,fecha_hora,tipo,id) values (?,?,?,default)
Hibernate: insert into aforo_registros (business_id,fecha_hora,tipo,id) values (?,?,?,default)
Hibernate: insert into aforo_registros (business_id,fecha_hora,tipo,id) values (?,?,?,default)
Hibernate: insert into aforo_registros (business_id,fecha_hora,tipo,id) values (?,?,?,default)
Hibernate: insert into aforo_registros (business_id,fecha_hora,tipo,id) values (?,?,?,default)
Hibernate: insert into aforo_registros (business_id,fecha_hora,tipo,id) values (?,?,?,default)
Hibernate: insert into aforo_registros (business_id,fecha_hora,tipo,id) values (?,?,?,default)
Hibernate: insert into aforo_registros (business_id,fecha_hora,tipo,id) values (?,?,?,default)
Hibernate: insert into aforo_registros (business_id,fecha_hora,tipo,id) values (?,?,?,default)
Hibernate: insert into aforo_registros (business_id,fecha_hora,tipo,id) values (?,?,?,default)
Hibernate: insert into aforo_registros (business_id,fecha_hora,tipo,id) values (?,?,?,default)
Hibernate: insert into aforo_registros (business_id,fecha_hora,tipo,id) values (?,?,?,default)
Hibernate: insert into aforo_registros (business_id,fecha_hora,tipo,id) values (?,?,?,default)
Hibernate: insert into aforo_registros (business_id,fecha_hora,tipo,id) values (?,?,?,default)
Hibernate: insert into aforo_registros (business_id,fecha_hora,tipo,id) values (?,?,?,default)
Hibernate: insert into aforo_registros (business_id,fecha_hora,tipo,id) values (?,?,?,default)
Hibernate: insert into aforo_registros (business_id,fecha_hora,tipo,id) values (?,?,?,default)
Hibernate: insert into aforo_registros (business_id,fecha_hora,tipo,id) values (?,?,?,default)
Hibernate: insert into aforo_registros (business_id,fecha_hora,tipo,id) values (?,?,?,default)
Hibernate: insert into aforo_registros (business_id,fecha_hora,tipo,id) values (?,?,?,default)
Hibernate: insert into aforo_registros (business_id,fecha_hora,tipo,id) values (?,?,?,default)
Hibernate: insert into aforo_registros (business_id,fecha_hora,tipo,id) values (?,?,?,default)
Hibernate: insert into aforo_registros (business_id,fecha_hora,tipo,id) values (?,?,?,default)
Hibernate: insert into aforo_registros (business_id,fecha_hora,tipo,id) values (?,?,?,default)
Hibernate: insert into aforo_registros (business_id,fecha_hora,tipo,id) values (?,?,?,default)
Hibernate: insert into aforo_registros (business_id,fecha_hora,tipo,id) values (?,?,?,default)
Hibernate: insert into aforo_registros (business_id,fecha_hora,tipo,id) values (?,?,?,default)
Hibernate: insert into aforo_registros (business_id,fecha_hora,tipo,id) values (?,?,?,default)
Hibernate: insert into aforo_registros (business_id,fecha_hora,tipo,id) values (?,?,?,default)
Hibernate: insert into aforo_registros (business_id,fecha_hora,tipo,id) values (?,?,?,default)
Hibernate: insert into aforo_registros (business_id,fecha_hora,tipo,id) values (?,?,?,default)
Hibernate: insert into aforo_registros (business_id,fecha_hora,tipo,id) values (?,?,?,default)
Hibernate: insert into aforo_registros (business_id,fecha_hora,tipo,id) values (?,?,?,default)
Hibernate: insert into aforo_registros (business_id,fecha_hora,tipo,id) values (?,?,?,default)
Hibernate: insert into aforo_registros (business_id,fecha_hora,tipo,id) values (?,?,?,default)
Hibernate: insert into aforo_registros (business_id,fecha_hora,tipo,id) values (?,?,?,default)
Hibernate: insert into aforo_registros (business_id,fecha_hora,tipo,id) values (?,?,?,default)
Hibernate: insert into aforo_registros (business_id,fecha_hora,tipo,id) values (?,?,?,default)
Hibernate: insert into aforo_registros (business_id,fecha_hora,tipo,id) values (?,?,?,default)
Hibernate: insert into aforo_registros (business_id,fecha_hora,tipo,id) values (?,?,?,default)
Hibernate: insert into aforo_registros (business_id,fecha_hora,tipo,id) values (?,?,?,default)
Hibernate: insert into aforo_registros (business_id,fecha_hora,tipo,id) values (?,?,?,default)
Hibernate: insert into aforo_registros (business_id,fecha_hora,tipo,id) values (?,?,?,default)
Hibernate: insert into aforo_registros (business_id,fecha_hora,tipo,id) values (?,?,?,default)
Hibernate: insert into aforo_registros (business_id,fecha_hora,tipo,id) values (?,?,?,default)
Hibernate: insert into aforo_registros (business_id,fecha_hora,tipo,id) values (?,?,?,default)
Hibernate: insert into aforo_registros (business_id,fecha_hora,tipo,id) values (?,?,?,default)
Hibernate: insert into aforo_registros (business_id,fecha_hora,tipo,id) values (?,?,?,default)
Hibernate: insert into aforo_registros (business_id,fecha_hora,tipo,id) values (?,?,?,default)
Hibernate: insert into aforo_registros (business_id,fecha_hora,tipo,id) values (?,?,?,default)
Hibernate: insert into aforo_registros (business_id,fecha_hora,tipo,id) values (?,?,?,default)
Hibernate: insert into aforo_registros (business_id,fecha_hora,tipo,id) values (?,?,?,default)
Hibernate: insert into aforo_registros (business_id,fecha_hora,tipo,id) values (?,?,?,default)
Hibernate: insert into aforo_registros (business_id,fecha_hora,tipo,id) values (?,?,?,default)
Hibernate: insert into aforo_registros (business_id,fecha_hora,tipo,id) values (?,?,?,default)
Hibernate: insert into aforo_registros (business_id,fecha_hora,tipo,id) values (?,?,?,default)
Hibernate: insert into aforo_registros (business_id,fecha_hora,tipo,id) values (?,?,?,default)
Hibernate: insert into aforo_registros (business_id,fecha_hora,tipo,id) values (?,?,?,default)
Hibernate: insert into aforo_registros (business_id,fecha_hora,tipo,id) values (?,?,?,default)
Hibernate: insert into aforo_registros (business_id,fecha_hora,tipo,id) values (?,?,?,default)
Hibernate: insert into aforo_registros (business_id,fecha_hora,tipo,id) values (?,?,?,default)
Hibernate: insert into aforo_registros (business_id,fecha_hora,tipo,id) values (?,?,?,default)
Hibernate: insert into aforo_registros (business_id,fecha_hora,tipo,id) values (?,?,?,default)
Hibernate: insert into aforo_registros (business_id,fecha_hora,tipo,id) values (?,?,?,default)
Hibernate: insert into aforo_registros (business_id,fecha_hora,tipo,id) values (?,?,?,default)
Hibernate: insert into aforo_registros (business_id,fecha_hora,tipo,id) values (?,?,?,default)
Hibernate: insert into aforo_registros (business_id,fecha_hora,tipo,id) values (?,?,?,default)
Hibernate: insert into aforo_registros (business_id,fecha_hora,tipo,id) values (?,?,?,default)
Hibernate: insert into aforo_registros (business_id,fecha_hora,tipo,id) values (?,?,?,default)
Hibernate: insert into aforo_registros (business_id,fecha_hora,tipo,id) values (?,?,?,default)
Hibernate: insert into aforo_registros (business_id,fecha_hora,tipo,id) values (?,?,?,default)
Hibernate: insert into aforo_registros (business_id,fecha_hora,tipo,id) values (?,?,?,default)
Hibernate: insert into aforo_registros (business_id,fecha_hora,tipo,id) values (?,?,?,default)
Hibernate: insert into aforo_registros (business_id,fecha_hora,tipo,id) values (?,?,?,default)
Hibernate: insert into aforo_registros (business_id,fecha_hora,tipo,id) values (?,?,?,default)
Hibernate: insert into aforo_registros (business_id,fecha_hora,tipo,id) values (?,?,?,default)
Hibernate: insert into aforo_registros (business_id,fecha_hora,tipo,id) values (?,?,?,default)
Hibernate: insert into aforo_registros (business_id,fecha_hora,tipo,id) values (?,?,?,default)
Hibernate: insert into aforo_registros (business_id,fecha_hora,tipo,id) values (?,?,?,default)
Hibernate: insert into aforo_registros (business_id,fecha_hora,tipo,id) values (?,?,?,default)
Hibernate: insert into aforo_registros (business_id,fecha_hora,tipo,id) values (?,?,?,default)
Hibernate: insert into aforo_registros (business_id,fecha_hora,tipo,id) values (?,?,?,default)
Hibernate: insert into aforo_registros (business_id,fecha_hora,tipo,id) values (?,?,?,default)
Hibernate: insert into aforo_registros (business_id,fecha_hora,tipo,id) values (?,?,?,default)
Hibernate: insert into aforo_registros (business_id,fecha_hora,tipo,id) values (?,?,?,default)
Hibernate: insert into aforo_registros (business_id,fecha_hora,tipo,id) values (?,?,?,default)
Hibernate: insert into aforo_registros (business_id,fecha_hora,tipo,id) values (?,?,?,default)
Hibernate: insert into aforo_registros (business_id,fecha_hora,tipo,id) values (?,?,?,default)
Hibernate: insert into aforo_registros (business_id,fecha_hora,tipo,id) values (?,?,?,default)
Hibernate: insert into aforo_registros (business_id,fecha_hora,tipo,id) values (?,?,?,default)
Hibernate: insert into aforo_registros (business_id,fecha_hora,tipo,id) values (?,?,?,default)
Hibernate: insert into aforo_registros (business_id,fecha_hora,tipo,id) values (?,?,?,default)
Hibernate: insert into aforo_registros (business_id,fecha_hora,tipo,id) values (?,?,?,default)
Hibernate: insert into aforo_registros (business_id,fecha_hora,tipo,id) values (?,?,?,default)
Hibernate: insert into aforo_registros (business_id,fecha_hora,tipo,id) values (?,?,?,default)
Hibernate: insert into aforo_registros (business_id,fecha_hora,tipo,id) values (?,?,?,default)
Hibernate: insert into aforo_registros (business_id,fecha_hora,tipo,id) values (?,?,?,default)
Hibernate: insert into aforo_registros (business_id,fecha_hora,tipo,id) values (?,?,?,default)
Hibernate: insert into aforo_registros (business_id,fecha_hora,tipo,id) values (?,?,?,default)
Hibernate: insert into aforo_registros (business_id,fecha_hora,tipo,id) values (?,?,?,default)
Hibernate: insert into aforo_registros (business_id,fecha_hora,tipo,id) values (?,?,?,default)
Hibernate: insert into aforo_registros (business_id,fecha_hora,tipo,id) values (?,?,?,default)
Hibernate: insert into aforo_registros (business_id,fecha_hora,tipo,id) values (?,?,?,default)
Hibernate: insert into aforo_registros (business_id,fecha_hora,tipo,id) values (?,?,?,default)
Hibernate: insert into aforo_registros (business_id,fecha_hora,tipo,id) values (?,?,?,default)
Hibernate: insert into aforo_registros (business_id,fecha_hora,tipo,id) values (?,?,?,default)
Hibernate: insert into aforo_registros (business_id,fecha_hora,tipo,id) values (?,?,?,default)
Hibernate: insert into aforo_registros (business_id,fecha_hora,tipo,id) values (?,?,?,default)
Hibernate: insert into aforo_registros (business_id,fecha_hora,tipo,id) values (?,?,?,default)
Hibernate: insert into aforo_registros (business_id,fecha_hora,tipo,id) values (?,?,?,default)
Hibernate: insert into aforo_registros (business_id,fecha_hora,tipo,id) values (?,?,?,default)
Hibernate: insert into aforo_registros (business_id,fecha_hora,tipo,id) values (?,?,?,default)
Hibernate: insert into aforo_registros (business_id,fecha_hora,tipo,id) values (?,?,?,default)
Hibernate: insert into aforo_registros (business_id,fecha_hora,tipo,id) values (?,?,?,default)
Hibernate: insert into aforo_registros (business_id,fecha_hora,tipo,id) values (?,?,?,default)
Hibernate: insert into aforo_registros (business_id,fecha_hora,tipo,id) values (?,?,?,default)
Hibernate: insert into aforo_registros (business_id,fecha_hora,tipo,id) values (?,?,?,default)
Hibernate: insert into aforo_registros (business_id,fecha_hora,tipo,id) values (?,?,?,default)
Hibernate: insert into aforo_registros (business_id,fecha_hora,tipo,id) values (?,?,?,default)
Hibernate: insert into aforo_registros (business_id,fecha_hora,tipo,id) values (?,?,?,default)
Hibernate: insert into aforo_registros (business_id,fecha_hora,tipo,id) values (?,?,?,default)
Hibernate: insert into aforo_registros (business_id,fecha_hora,tipo,id) values (?,?,?,default)
Hibernate: insert into aforo_registros (business_id,fecha_hora,tipo,id) values (?,?,?,default)
Hibernate: insert into aforo_registros (business_id,fecha_hora,tipo,id) values (?,?,?,default)
Hibernate: insert into aforo_registros (business_id,fecha_hora,tipo,id) values (?,?,?,default)
Hibernate: insert into aforo_registros (business_id,fecha_hora,tipo,id) values (?,?,?,default)
Hibernate: insert into aforo_registros (business_id,fecha_hora,tipo,id) values (?,?,?,default)
Hibernate: insert into aforo_registros (business_id,fecha_hora,tipo,id) values (?,?,?,default)
Hibernate: insert into aforo_registros (business_id,fecha_hora,tipo,id) values (?,?,?,default)
Hibernate: insert into aforo_registros (business_id,fecha_hora,tipo,id) values (?,?,?,default)
Hibernate: insert into aforo_registros (business_id,fecha_hora,tipo,id) values (?,?,?,default)
Hibernate: insert into aforo_registros (business_id,fecha_hora,tipo,id) values (?,?,?,default)
Hibernate: insert into aforo_registros (business_id,fecha_hora,tipo,id) values (?,?,?,default)
Hibernate: insert into aforo_registros (business_id,fecha_hora,tipo,id) values (?,?,?,default)
Hibernate: insert into aforo_registros (business_id,fecha_hora,tipo,id) values (?,?,?,default)
Hibernate: insert into aforo_registros (business_id,fecha_hora,tipo,id) values (?,?,?,default)
Hibernate: insert into aforo_registros (business_id,fecha_hora,tipo,id) values (?,?,?,default)
Hibernate: insert into aforo_registros (business_id,fecha_hora,tipo,id) values (?,?,?,default)
Hibernate: insert into aforo_registros (business_id,fecha_hora,tipo,id) values (?,?,?,default)
Hibernate: insert into aforo_registros (business_id,fecha_hora,tipo,id) values (?,?,?,default)
Hibernate: insert into aforo_registros (business_id,fecha_hora,tipo,id) values (?,?,?,default)
Hibernate: insert into aforo_registros (business_id,fecha_hora,tipo,id) values (?,?,?,default)
Hibernate: insert into aforo_registros (business_id,fecha_hora,tipo,id) values (?,?,?,default)
Hibernate: insert into aforo_registros (business_id,fecha_hora,tipo,id) values (?,?,?,default)
Hibernate: insert into aforo_registros (business_id,fecha_hora,tipo,id) values (?,?,?,default)
Hibernate: insert into aforo_registros (business_id,fecha_hora,tipo,id) values (?,?,?,default)
Hibernate: insert into aforo_registros (business_id,fecha_hora,tipo,id) values (?,?,?,default)
Hibernate: insert into aforo_registros (business_id,fecha_hora,tipo,id) values (?,?,?,default)
Hibernate: insert into aforo_registros (business_id,fecha_hora,tipo,id) values (?,?,?,default)
Hibernate: insert into aforo_registros (business_id,fecha_hora,tipo,id) values (?,?,?,default)
Hibernate: insert into aforo_registros (business_id,fecha_hora,tipo,id) values (?,?,?,default)
Hibernate: insert into aforo_registros (business_id,fecha_hora,tipo,id) values (?,?,?,default)
Hibernate: insert into aforo_registros (business_id,fecha_hora,tipo,id) values (?,?,?,default)
Hibernate: insert into aforo_registros (business_id,fecha_hora,tipo,id) values (?,?,?,default)
Hibernate: insert into aforo_registros (business_id,fecha_hora,tipo,id) values (?,?,?,default)
Hibernate: insert into aforo_registros (business_id,fecha_hora,tipo,id) values (?,?,?,default)
Hibernate: insert into aforo_registros (business_id,fecha_hora,tipo,id) values (?,?,?,default)
Hibernate: insert into aforo_registros (business_id,fecha_hora,tipo,id) values (?,?,?,default)
Hibernate: insert into aforo_registros (business_id,fecha_hora,tipo,id) values (?,?,?,default)
Hibernate: insert into aforo_registros (business_id,fecha_hora,tipo,id) values (?,?,?,default)
Hibernate: insert into aforo_registros (business_id,fecha_hora,tipo,id) values (?,?,?,default)
Hibernate: insert into aforo_registros (business_id,fecha_hora,tipo,id) values (?,?,?,default)
Hibernate: insert into aforo_registros (business_id,fecha_hora,tipo,id) values (?,?,?,default)
Hibernate: insert into aforo_registros (business_id,fecha_hora,tipo,id) values (?,?,?,default)
Hibernate: insert into aforo_registros (business_id,fecha_hora,tipo,id) values (?,?,?,default)
Hibernate: insert into aforo_registros (business_id,fecha_hora,tipo,id) values (?,?,?,default)
Hibernate: insert into aforo_registros (business_id,fecha_hora,tipo,id) values (?,?,?,default)
Hibernate: insert into aforo_registros (business_id,fecha_hora,tipo,id) values (?,?,?,default)
Hibernate: insert into aforo_registros (business_id,fecha_hora,tipo,id) values (?,?,?,default)
Hibernate: insert into aforo_registros (business_id,fecha_hora,tipo,id) values (?,?,?,default)
Hibernate: insert into aforo_registros (business_id,fecha_hora,tipo,id) values (?,?,?,default)
Hibernate: insert into aforo_registros (business_id,fecha_hora,tipo,id) values (?,?,?,default)
Hibernate: insert into aforo_registros (business_id,fecha_hora,tipo,id) values (?,?,?,default)
Hibernate: insert into aforo_registros (business_id,fecha_hora,tipo,id) values (?,?,?,default)
Hibernate: insert into aforo_registros (business_id,fecha_hora,tipo,id) values (?,?,?,default)
Hibernate: insert into aforo_registros (business_id,fecha_hora,tipo,id) values (?,?,?,default)
Hibernate: insert into aforo_registros (business_id,fecha_hora,tipo,id) values (?,?,?,default)
Hibernate: insert into aforo_registros (business_id,fecha_hora,tipo,id) values (?,?,?,default)
Hibernate: insert into aforo_registros (business_id,fecha_hora,tipo,id) values (?,?,?,default)
Hibernate: insert into aforo_registros (business_id,fecha_hora,tipo,id) values (?,?,?,default)
Hibernate: insert into aforo_registros (business_id,fecha_hora,tipo,id) values (?,?,?,default)
Hibernate: insert into aforo_registros (business_id,fecha_hora,tipo,id) values (?,?,?,default)
Hibernate: insert into aforo_registros (business_id,fecha_hora,tipo,id) values (?,?,?,default)
Hibernate: insert into aforo_registros (business_id,fecha_hora,tipo,id) values (?,?,?,default)
Hibernate: insert into aforo_registros (business_id,fecha_hora,tipo,id) values (?,?,?,default)
Hibernate: insert into aforo_registros (business_id,fecha_hora,tipo,id) values (?,?,?,default)
Hibernate: insert into aforo_registros (business_id,fecha_hora,tipo,id) values (?,?,?,default)
Hibernate: insert into aforo_registros (business_id,fecha_hora,tipo,id) values (?,?,?,default)
Hibernate: insert into aforo_registros (business_id,fecha_hora,tipo,id) values (?,?,?,default)
Hibernate: insert into aforo_registros (business_id,fecha_hora,tipo,id) values (?,?,?,default)
Hibernate: insert into aforo_registros (business_id,fecha_hora,tipo,id) values (?,?,?,default)
Hibernate: insert into aforo_registros (business_id,fecha_hora,tipo,id) values (?,?,?,default)
Hibernate: insert into aforo_registros (business_id,fecha_hora,tipo,id) values (?,?,?,default)
Hibernate: insert into aforo_registros (business_id,fecha_hora,tipo,id) values (?,?,?,default)
Hibernate: insert into aforo_registros (business_id,fecha_hora,tipo,id) values (?,?,?,default)
Hibernate: insert into aforo_registros (business_id,fecha_hora,tipo,id) values (?,?,?,default)
Hibernate: insert into aforo_registros (business_id,fecha_hora,tipo,id) values (?,?,?,default)
Hibernate: insert into aforo_registros (business_id,fecha_hora,tipo,id) values (?,?,?,default)
Hibernate: insert into aforo_registros (business_id,fecha_hora,tipo,id) values (?,?,?,default)
Hibernate: insert into aforo_registros (business_id,fecha_hora,tipo,id) values (?,?,?,default)
Hibernate: insert into aforo_registros (business_id,fecha_hora,tipo,id) values (?,?,?,default)
Hibernate: insert into aforo_registros (business_id,fecha_hora,tipo,id) values (?,?,?,default)
Hibernate: insert into aforo_registros (business_id,fecha_hora,tipo,id) values (?,?,?,default)
Hibernate: insert into aforo_registros (business_id,fecha_hora,tipo,id) values (?,?,?,default)
Hibernate: insert into aforo_registros (business_id,fecha_hora,tipo,id) values (?,?,?,default)
Hibernate: insert into aforo_registros (business_id,fecha_hora,tipo,id) values (?,?,?,default)
Hibernate: insert into aforo_registros (business_id,fecha_hora,tipo,id) values (?,?,?,default)
Hibernate: insert into aforo_registros (business_id,fecha_hora,tipo,id) values (?,?,?,default)
Hibernate: insert into aforo_registros (business_id,fecha_hora,tipo,id) values (?,?,?,default)
Hibernate: insert into aforo_registros (business_id,fecha_hora,tipo,id) values (?,?,?,default)
Hibernate: insert into aforo_registros (business_id,fecha_hora,tipo,id) values (?,?,?,default)
Hibernate: insert into aforo_registros (business_id,fecha_hora,tipo,id) values (?,?,?,default)
Hibernate: insert into aforo_registros (business_id,fecha_hora,tipo,id) values (?,?,?,default)
Hibernate: insert into aforo_registros (business_id,fecha_hora,tipo,id) values (?,?,?,default)
Hibernate: insert into aforo_registros (business_id,fecha_hora,tipo,id) values (?,?,?,default)
Hibernate: insert into aforo_registros (business_id,fecha_hora,tipo,id) values (?,?,?,default)
Hibernate: insert into aforo_registros (business_id,fecha_hora,tipo,id) values (?,?,?,default)
Hibernate: insert into aforo_registros (business_id,fecha_hora,tipo,id) values (?,?,?,default)
Hibernate: insert into aforo_registros (business_id,fecha_hora,tipo,id) values (?,?,?,default)
Hibernate: insert into aforo_registros (business_id,fecha_hora,tipo,id) values (?,?,?,default)
Hibernate: insert into aforo_registros (business_id,fecha_hora,tipo,id) values (?,?,?,default)
Hibernate: insert into aforo_registros (business_id,fecha_hora,tipo,id) values (?,?,?,default)
Hibernate: insert into aforo_registros (business_id,fecha_hora,tipo,id) values (?,?,?,default)
Hibernate: insert into aforo_registros (business_id,fecha_hora,tipo,id) values (?,?,?,default)
Hibernate: insert into aforo_registros (business_id,fecha_hora,tipo,id) values (?,?,?,default)
Hibernate: insert into aforo_registros (business_id,fecha_hora,tipo,id) values (?,?,?,default)
Hibernate: insert into aforo_registros (business_id,fecha_hora,tipo,id) values (?,?,?,default)
Hibernate: insert into aforo_registros (business_id,fecha_hora,tipo,id) values (?,?,?,default)
Hibernate: insert into aforo_registros (business_id,fecha_hora,tipo,id) values (?,?,?,default)
Hibernate: insert into aforo_registros (business_id,fecha_hora,tipo,id) values (?,?,?,default)
Hibernate: insert into aforo_registros (business_id,fecha_hora,tipo,id) values (?,?,?,default)
Hibernate: insert into aforo_registros (business_id,fecha_hora,tipo,id) values (?,?,?,default)
Hibernate: insert into aforo_registros (business_id,fecha_hora,tipo,id) values (?,?,?,default)
Hibernate: insert into aforo_registros (business_id,fecha_hora,tipo,id) values (?,?,?,default)
Hibernate: insert into aforo_registros (business_id,fecha_hora,tipo,id) values (?,?,?,default)
Hibernate: insert into aforo_registros (business_id,fecha_hora,tipo,id) values (?,?,?,default)
Hibernate: insert into aforo_registros (business_id,fecha_hora,tipo,id) values (?,?,?,default)
Hibernate: insert into aforo_registros (business_id,fecha_hora,tipo,id) values (?,?,?,default)
Hibernate: insert into aforo_registros (business_id,fecha_hora,tipo,id) values (?,?,?,default)
Hibernate: insert into aforo_registros (business_id,fecha_hora,tipo,id) values (?,?,?,default)
Hibernate: insert into aforo_registros (business_id,fecha_hora,tipo,id) values (?,?,?,default)
Hibernate: insert into aforo_registros (business_id,fecha_hora,tipo,id) values (?,?,?,default)
Hibernate: insert into aforo_registros (business_id,fecha_hora,tipo,id) values (?,?,?,default)
Hibernate: insert into aforo_registros (business_id,fecha_hora,tipo,id) values (?,?,?,default)
Hibernate: insert into aforo_registros (business_id,fecha_hora,tipo,id) values (?,?,?,default)
Hibernate: insert into aforo_registros (business_id,fecha_hora,tipo,id) values (?,?,?,default)
Hibernate: insert into aforo_registros (business_id,fecha_hora,tipo,id) values (?,?,?,default)
Hibernate: insert into aforo_registros (business_id,fecha_hora,tipo,id) values (?,?,?,default)
Hibernate: insert into aforo_registros (business_id,fecha_hora,tipo,id) values (?,?,?,default)
Hibernate: insert into aforo_registros (business_id,fecha_hora,tipo,id) values (?,?,?,default)
Hibernate: insert into aforo_registros (business_id,fecha_hora,tipo,id) values (?,?,?,default)
Hibernate: insert into aforo_registros (business_id,fecha_hora,tipo,id) values (?,?,?,default)
Hibernate: insert into aforo_registros (business_id,fecha_hora,tipo,id) values (?,?,?,default)
Hibernate: insert into aforo_registros (business_id,fecha_hora,tipo,id) values (?,?,?,default)
Hibernate: insert into aforo_registros (business_id,fecha_hora,tipo,id) values (?,?,?,default)
Hibernate: insert into aforo_registros (business_id,fecha_hora,tipo,id) values (?,?,?,default)
Hibernate: insert into aforo_registros (business_id,fecha_hora,tipo,id) values (?,?,?,default)
Hibernate: insert into aforo_registros (business_id,fecha_hora,tipo,id) values (?,?,?,default)
Hibernate: insert into aforo_registros (business_id,fecha_hora,tipo,id) values (?,?,?,default)
Hibernate: insert into aforo_registros (business_id,fecha_hora,tipo,id) values (?,?,?,default)
Hibernate: insert into aforo_registros (business_id,fecha_hora,tipo,id) values (?,?,?,default)
Hibernate: insert into aforo_registros (business_id,fecha_hora,tipo,id) values (?,?,?,default)
Hibernate: insert into aforo_registros (business_id,fecha_hora,tipo,id) values (?,?,?,default)
Hibernate: insert into aforo_registros (business_id,fecha_hora,tipo,id) values (?,?,?,default)
Hibernate: insert into aforo_registros (business_id,fecha_hora,tipo,id) values (?,?,?,default)
Hibernate: insert into aforo_registros (business_id,fecha_hora,tipo,id) values (?,?,?,default)
Hibernate: insert into aforo_registros (business_id,fecha_hora,tipo,id) values (?,?,?,default)
Hibernate: insert into aforo_registros (business_id,fecha_hora,tipo,id) values (?,?,?,default)
Hibernate: insert into aforo_registros (business_id,fecha_hora,tipo,id) values (?,?,?,default)
Hibernate: insert into aforo_registros (business_id,fecha_hora,tipo,id) values (?,?,?,default)
Hibernate: insert into aforo_registros (business_id,fecha_hora,tipo,id) values (?,?,?,default)
Hibernate: insert into aforo_registros (business_id,fecha_hora,tipo,id) values (?,?,?,default)
Hibernate: insert into aforo_registros (business_id,fecha_hora,tipo,id) values (?,?,?,default)
Hibernate: insert into aforo_registros (business_id,fecha_hora,tipo,id) values (?,?,?,default)
Hibernate: insert into aforo_registros (business_id,fecha_hora,tipo,id) values (?,?,?,default)
Hibernate: insert into aforo_registros (business_id,fecha_hora,tipo,id) values (?,?,?,default)
Hibernate: insert into aforo_registros (business_id,fecha_hora,tipo,id) values (?,?,?,default)
Hibernate: insert into aforo_registros (business_id,fecha_hora,tipo,id) values (?,?,?,default)
Hibernate: insert into aforo_registros (business_id,fecha_hora,tipo,id) values (?,?,?,default)
Hibernate: insert into aforo_registros (business_id,fecha_hora,tipo,id) values (?,?,?,default)
Hibernate: insert into aforo_registros (business_id,fecha_hora,tipo,id) values (?,?,?,default)
Hibernate: insert into aforo_registros (business_id,fecha_hora,tipo,id) values (?,?,?,default)
Hibernate: insert into aforo_registros (business_id,fecha_hora,tipo,id) values (?,?,?,default)
Hibernate: insert into aforo_registros (business_id,fecha_hora,tipo,id) values (?,?,?,default)
Hibernate: insert into aforo_registros (business_id,fecha_hora,tipo,id) values (?,?,?,default)
Hibernate: insert into aforo_registros (business_id,fecha_hora,tipo,id) values (?,?,?,default)
Hibernate: insert into aforo_registros (business_id,fecha_hora,tipo,id) values (?,?,?,default)
Hibernate: insert into aforo_registros (business_id,fecha_hora,tipo,id) values (?,?,?,default)
Hibernate: insert into aforo_registros (business_id,fecha_hora,tipo,id) values (?,?,?,default)
Hibernate: insert into aforo_registros (business_id,fecha_hora,tipo,id) values (?,?,?,default)
Hibernate: insert into aforo_registros (business_id,fecha_hora,tipo,id) values (?,?,?,default)
Hibernate: insert into aforo_registros (business_id,fecha_hora,tipo,id) values (?,?,?,default)
Hibernate: insert into aforo_registros (business_id,fecha_hora,tipo,id) values (?,?,?,default)
Hibernate: insert into aforo_registros (business_id,fecha_hora,tipo,id) values (?,?,?,default)
Hibernate: insert into aforo_registros (business_id,fecha_hora,tipo,id) values (?,?,?,default)
Hibernate: insert into aforo_registros (business_id,fecha_hora,tipo,id) values (?,?,?,default)
Hibernate: insert into aforo_registros (business_id,fecha_hora,tipo,id) values (?,?,?,default)
Hibernate: insert into aforo_registros (business_id,fecha_hora,tipo,id) values (?,?,?,default)
Hibernate: insert into aforo_registros (business_id,fecha_hora,tipo,id) values (?,?,?,default)
Hibernate: insert into aforo_registros (business_id,fecha_hora,tipo,id) values (?,?,?,default)
Hibernate: insert into aforo_registros (business_id,fecha_hora,tipo,id) values (?,?,?,default)
Hibernate: insert into aforo_registros (business_id,fecha_hora,tipo,id) values (?,?,?,default)
Hibernate: insert into aforo_registros (business_id,fecha_hora,tipo,id) values (?,?,?,default)
Hibernate: insert into aforo_registros (business_id,fecha_hora,tipo,id) values (?,?,?,default)
Hibernate: insert into aforo_registros (business_id,fecha_hora,tipo,id) values (?,?,?,default)
Hibernate: insert into aforo_registros (business_id,fecha_hora,tipo,id) values (?,?,?,default)
Hibernate: insert into aforo_registros (business_id,fecha_hora,tipo,id) values (?,?,?,default)
Hibernate: insert into aforo_registros (business_id,fecha_hora,tipo,id) values (?,?,?,default)
Hibernate: insert into aforo_registros (business_id,fecha_hora,tipo,id) values (?,?,?,default)
Hibernate: insert into aforo_registros (business_id,fecha_hora,tipo,id) values (?,?,?,default)
Hibernate: insert into aforo_registros (business_id,fecha_hora,tipo,id) values (?,?,?,default)
Hibernate: insert into aforo_registros (business_id,fecha_hora,tipo,id) values (?,?,?,default)
Hibernate: insert into aforo_registros (business_id,fecha_hora,tipo,id) values (?,?,?,default)
Hibernate: insert into aforo_registros (business_id,fecha_hora,tipo,id) values (?,?,?,default)
Hibernate: insert into aforo_registros (business_id,fecha_hora,tipo,id) values (?,?,?,default)
Hibernate: insert into aforo_registros (business_id,fecha_hora,tipo,id) values (?,?,?,default)
Hibernate: insert into aforo_registros (business_id,fecha_hora,tipo,id) values (?,?,?,default)
Hibernate: insert into aforo_registros (business_id,fecha_hora,tipo,id) values (?,?,?,default)
Hibernate: insert into aforo_registros (business_id,fecha_hora,tipo,id) values (?,?,?,default)
Hibernate: insert into aforo_registros (business_id,fecha_hora,tipo,id) values (?,?,?,default)
Hibernate: insert into aforo_registros (business_id,fecha_hora,tipo,id) values (?,?,?,default)
Hibernate: insert into aforo_registros (business_id,fecha_hora,tipo,id) values (?,?,?,default)
Hibernate: insert into aforo_registros (business_id,fecha_hora,tipo,id) values (?,?,?,default)
Hibernate: insert into aforo_registros (business_id,fecha_hora,tipo,id) values (?,?,?,default)
Hibernate: insert into aforo_registros (business_id,fecha_hora,tipo,id) values (?,?,?,default)
Hibernate: insert into aforo_registros (business_id,fecha_hora,tipo,id) values (?,?,?,default)
Hibernate: insert into aforo_registros (business_id,fecha_hora,tipo,id) values (?,?,?,default)
Hibernate: insert into aforo_registros (business_id,fecha_hora,tipo,id) values (?,?,?,default)
Hibernate: insert into aforo_registros (business_id,fecha_hora,tipo,id) values (?,?,?,default)
Hibernate: insert into aforo_registros (business_id,fecha_hora,tipo,id) values (?,?,?,default)
Hibernate: insert into aforo_registros (business_id,fecha_hora,tipo,id) values (?,?,?,default)
Hibernate: insert into aforo_registros (business_id,fecha_hora,tipo,id) values (?,?,?,default)
Hibernate: insert into aforo_registros (business_id,fecha_hora,tipo,id) values (?,?,?,default)
Hibernate: insert into aforo_registros (business_id,fecha_hora,tipo,id) values (?,?,?,default)
Hibernate: insert into aforo_registros (business_id,fecha_hora,tipo,id) values (?,?,?,default)
Hibernate: insert into aforo_registros (business_id,fecha_hora,tipo,id) values (?,?,?,default)
Hibernate: insert into aforo_registros (business_id,fecha_hora,tipo,id) values (?,?,?,default)
Hibernate: insert into aforo_registros (business_id,fecha_hora,tipo,id) values (?,?,?,default)
Hibernate: insert into aforo_registros (business_id,fecha_hora,tipo,id) values (?,?,?,default)
Hibernate: insert into aforo_registros (business_id,fecha_hora,tipo,id) values (?,?,?,default)
Hibernate: insert into aforo_registros (business_id,fecha_hora,tipo,id) values (?,?,?,default)
Hibernate: insert into aforo_registros (business_id,fecha_hora,tipo,id) values (?,?,?,default)
Hibernate: insert into aforo_registros (business_id,fecha_hora,tipo,id) values (?,?,?,default)
Hibernate: insert into aforo_registros (business_id,fecha_hora,tipo,id) values (?,?,?,default)
Hibernate: insert into aforo_registros (business_id,fecha_hora,tipo,id) values (?,?,?,default)
Hibernate: insert into aforo_registros (business_id,fecha_hora,tipo,id) values (?,?,?,default)
Hibernate: insert into aforo_registros (business_id,fecha_hora,tipo,id) values (?,?,?,default)
Hibernate: insert into aforo_registros (business_id,fecha_hora,tipo,id) values (?,?,?,default)
Hibernate: insert into aforo_registros (business_id,fecha_hora,tipo,id) values (?,?,?,default)
Hibernate: insert into aforo_registros (business_id,fecha_hora,tipo,id) values (?,?,?,default)
Hibernate: insert into aforo_registros (business_id,fecha_hora,tipo,id) values (?,?,?,default)
Hibernate: insert into aforo_registros (business_id,fecha_hora,tipo,id) values (?,?,?,default)
Hibernate: insert into aforo_registros (business_id,fecha_hora,tipo,id) values (?,?,?,default)
Hibernate: insert into aforo_registros (business_id,fecha_hora,tipo,id) values (?,?,?,default)
Hibernate: insert into aforo_registros (business_id,fecha_hora,tipo,id) values (?,?,?,default)
Hibernate: insert into aforo_registros (business_id,fecha_hora,tipo,id) values (?,?,?,default)
Hibernate: insert into aforo_registros (business_id,fecha_hora,tipo,id) values (?,?,?,default)
Hibernate: insert into aforo_registros (business_id,fecha_hora,tipo,id) values (?,?,?,default)
Hibernate: insert into aforo_registros (business_id,fecha_hora,tipo,id) values (?,?,?,default)
Hibernate: insert into aforo_registros (business_id,fecha_hora,tipo,id) values (?,?,?,default)
Hibernate: insert into aforo_registros (business_id,fecha_hora,tipo,id) values (?,?,?,default)
Hibernate: insert into aforo_registros (business_id,fecha_hora,tipo,id) values (?,?,?,default)
Hibernate: insert into aforo_registros (business_id,fecha_hora,tipo,id) values (?,?,?,default)
Hibernate: insert into aforo_registros (business_id,fecha_hora,tipo,id) values (?,?,?,default)
Hibernate: insert into aforo_registros (business_id,fecha_hora,tipo,id) values (?,?,?,default)
Hibernate: insert into aforo_registros (business_id,fecha_hora,tipo,id) values (?,?,?,default)
Hibernate: insert into aforo_registros (business_id,fecha_hora,tipo,id) values (?,?,?,default)
Hibernate: insert into aforo_registros (business_id,fecha_hora,tipo,id) values (?,?,?,default)
Hibernate: insert into aforo_registros (business_id,fecha_hora,tipo,id) values (?,?,?,default)
Hibernate: insert into aforo_registros (business_id,fecha_hora,tipo,id) values (?,?,?,default)
Hibernate: insert into aforo_registros (business_id,fecha_hora,tipo,id) values (?,?,?,default)
Hibernate: insert into aforo_registros (business_id,fecha_hora,tipo,id) values (?,?,?,default)
Hibernate: insert into aforo_registros (business_id,fecha_hora,tipo,id) values (?,?,?,default)
Hibernate: insert into aforo_registros (business_id,fecha_hora,tipo,id) values (?,?,?,default)
Hibernate: insert into aforo_registros (business_id,fecha_hora,tipo,id) values (?,?,?,default)
Hibernate: insert into aforo_registros (business_id,fecha_hora,tipo,id) values (?,?,?,default)
Hibernate: insert into aforo_registros (business_id,fecha_hora,tipo,id) values (?,?,?,default)
Hibernate: insert into aforo_registros (business_id,fecha_hora,tipo,id) values (?,?,?,default)
Hibernate: insert into aforo_registros (business_id,fecha_hora,tipo,id) values (?,?,?,default)
Hibernate: insert into aforo_registros (business_id,fecha_hora,tipo,id) values (?,?,?,default)
Hibernate: insert into aforo_registros (business_id,fecha_hora,tipo,id) values (?,?,?,default)
Hibernate: insert into aforo_registros (business_id,fecha_hora,tipo,id) values (?,?,?,default)
Hibernate: insert into aforo_registros (business_id,fecha_hora,tipo,id) values (?,?,?,default)
Hibernate: insert into aforo_registros (business_id,fecha_hora,tipo,id) values (?,?,?,default)
Hibernate: insert into aforo_registros (business_id,fecha_hora,tipo,id) values (?,?,?,default)
Hibernate: insert into aforo_registros (business_id,fecha_hora,tipo,id) values (?,?,?,default)
Hibernate: insert into aforo_registros (business_id,fecha_hora,tipo,id) values (?,?,?,default)
Hibernate: insert into aforo_registros (business_id,fecha_hora,tipo,id) values (?,?,?,default)
Hibernate: insert into aforo_registros (business_id,fecha_hora,tipo,id) values (?,?,?,default)
Hibernate: insert into aforo_registros (business_id,fecha_hora,tipo,id) values (?,?,?,default)
Hibernate: insert into aforo_registros (business_id,fecha_hora,tipo,id) values (?,?,?,default)
Hibernate: insert into aforo_registros (business_id,fecha_hora,tipo,id) values (?,?,?,default)
Hibernate: insert into aforo_registros (business_id,fecha_hora,tipo,id) values (?,?,?,default)
Hibernate: insert into aforo_registros (business_id,fecha_hora,tipo,id) values (?,?,?,default)
Hibernate: insert into aforo_registros (business_id,fecha_hora,tipo,id) values (?,?,?,default)
Hibernate: insert into aforo_registros (business_id,fecha_hora,tipo,id) values (?,?,?,default)
Hibernate: insert into aforo_registros (business_id,fecha_hora,tipo,id) values (?,?,?,default)
Hibernate: insert into aforo_registros (business_id,fecha_hora,tipo,id) values (?,?,?,default)
Hibernate: insert into aforo_registros (business_id,fecha_hora,tipo,id) values (?,?,?,default)
Hibernate: insert into aforo_registros (business_id,fecha_hora,tipo,id) values (?,?,?,default)
Hibernate: insert into aforo_registros (business_id,fecha_hora,tipo,id) values (?,?,?,default)
Hibernate: insert into aforo_registros (business_id,fecha_hora,tipo,id) values (?,?,?,default)
Hibernate: insert into aforo_registros (business_id,fecha_hora,tipo,id) values (?,?,?,default)
Hibernate: insert into aforo_registros (business_id,fecha_hora,tipo,id) values (?,?,?,default)
Hibernate: insert into aforo_registros (business_id,fecha_hora,tipo,id) values (?,?,?,default)
Hibernate: insert into aforo_registros (business_id,fecha_hora,tipo,id) values (?,?,?,default)
Hibernate: insert into aforo_registros (business_id,fecha_hora,tipo,id) values (?,?,?,default)
Hibernate: insert into aforo_registros (business_id,fecha_hora,tipo,id) values (?,?,?,default)
Hibernate: insert into aforo_registros (business_id,fecha_hora,tipo,id) values (?,?,?,default)
Hibernate: insert into aforo_registros (business_id,fecha_hora,tipo,id) values (?,?,?,default)
Hibernate: insert into aforo_registros (business_id,fecha_hora,tipo,id) values (?,?,?,default)
Hibernate: insert into aforo_registros (business_id,fecha_hora,tipo,id) values (?,?,?,default)
Hibernate: insert into aforo_registros (business_id,fecha_hora,tipo,id) values (?,?,?,default)
Hibernate: insert into aforo_registros (business_id,fecha_hora,tipo,id) values (?,?,?,default)
Hibernate: insert into aforo_registros (business_id,fecha_hora,tipo,id) values (?,?,?,default)
Hibernate: insert into aforo_registros (business_id,fecha_hora,tipo,id) values (?,?,?,default)
Hibernate: insert into aforo_registros (business_id,fecha_hora,tipo,id) values (?,?,?,default)
Hibernate: insert into aforo_registros (business_id,fecha_hora,tipo,id) values (?,?,?,default)
Hibernate: insert into aforo_registros (business_id,fecha_hora,tipo,id) values (?,?,?,default)
Hibernate: insert into aforo_registros (business_id,fecha_hora,tipo,id) values (?,?,?,default)
Hibernate: insert into aforo_registros (business_id,fecha_hora,tipo,id) values (?,?,?,default)
Hibernate: insert into aforo_registros (business_id,fecha_hora,tipo,id) values (?,?,?,default)
Hibernate: insert into aforo_registros (business_id,fecha_hora,tipo,id) values (?,?,?,default)
Hibernate: insert into aforo_registros (business_id,fecha_hora,tipo,id) values (?,?,?,default)
Hibernate: insert into aforo_registros (business_id,fecha_hora,tipo,id) values (?,?,?,default)
Hibernate: insert into aforo_registros (business_id,fecha_hora,tipo,id) values (?,?,?,default)
Hibernate: insert into aforo_registros (business_id,fecha_hora,tipo,id) values (?,?,?,default)
Hibernate: insert into aforo_registros (business_id,fecha_hora,tipo,id) values (?,?,?,default)
Hibernate: insert into aforo_registros (business_id,fecha_hora,tipo,id) values (?,?,?,default)
Hibernate: insert into aforo_registros (business_id,fecha_hora,tipo,id) values (?,?,?,default)
Hibernate: insert into aforo_registros (business_id,fecha_hora,tipo,id) values (?,?,?,default)
Hibernate: insert into aforo_registros (business_id,fecha_hora,tipo,id) values (?,?,?,default)
Hibernate: insert into aforo_registros (business_id,fecha_hora,tipo,id) values (?,?,?,default)
Hibernate: insert into aforo_registros (business_id,fecha_hora,tipo,id) values (?,?,?,default)
Hibernate: insert into aforo_registros (business_id,fecha_hora,tipo,id) values (?,?,?,default)
Hibernate: insert into aforo_registros (business_id,fecha_hora,tipo,id) values (?,?,?,default)
Hibernate: insert into aforo_registros (business_id,fecha_hora,tipo,id) values (?,?,?,default)
Hibernate: insert into aforo_registros (business_id,fecha_hora,tipo,id) values (?,?,?,default)
Hibernate: insert into aforo_registros (business_id,fecha_hora,tipo,id) values (?,?,?,default)
Hibernate: insert into aforo_registros (business_id,fecha_hora,tipo,id) values (?,?,?,default)
Hibernate: insert into aforo_registros (business_id,fecha_hora,tipo,id) values (?,?,?,default)
Hibernate: insert into aforo_registros (business_id,fecha_hora,tipo,id) values (?,?,?,default)
Hibernate: insert into aforo_registros (business_id,fecha_hora,tipo,id) values (?,?,?,default)
Hibernate: insert into aforo_registros (business_id,fecha_hora,tipo,id) values (?,?,?,default)
Hibernate: insert into aforo_registros (business_id,fecha_hora,tipo,id) values (?,?,?,default)
Hibernate: insert into aforo_registros (business_id,fecha_hora,tipo,id) values (?,?,?,default)
Hibernate: insert into aforo_registros (business_id,fecha_hora,tipo,id) values (?,?,?,default)
Hibernate: insert into aforo_registros (business_id,fecha_hora,tipo,id) values (?,?,?,default)
Hibernate: insert into aforo_registros (business_id,fecha_hora,tipo,id) values (?,?,?,default)
Hibernate: insert into aforo_registros (business_id,fecha_hora,tipo,id) values (?,?,?,default)
Hibernate: insert into aforo_registros (business_id,fecha_hora,tipo,id) values (?,?,?,default)
Hibernate: insert into aforo_registros (business_id,fecha_hora,tipo,id) values (?,?,?,default)
Hibernate: insert into aforo_registros (business_id,fecha_hora,tipo,id) values (?,?,?,default)
Hibernate: insert into aforo_registros (business_id,fecha_hora,tipo,id) values (?,?,?,default)
Hibernate: insert into aforo_registros (business_id,fecha_hora,tipo,id) values (?,?,?,default)
Hibernate: insert into aforo_registros (business_id,fecha_hora,tipo,id) values (?,?,?,default)
Hibernate: insert into aforo_registros (business_id,fecha_hora,tipo,id) values (?,?,?,default)
Hibernate: insert into aforo_registros (business_id,fecha_hora,tipo,id) values (?,?,?,default)
Hibernate: insert into aforo_registros (business_id,fecha_hora,tipo,id) values (?,?,?,default)
Hibernate: insert into aforo_registros (business_id,fecha_hora,tipo,id) values (?,?,?,default)
Hibernate: insert into aforo_registros (business_id,fecha_hora,tipo,id) values (?,?,?,default)
Hibernate: insert into aforo_registros (business_id,fecha_hora,tipo,id) values (?,?,?,default)
Hibernate: insert into aforo_registros (business_id,fecha_hora,tipo,id) values (?,?,?,default)
Hibernate: insert into aforo_registros (business_id,fecha_hora,tipo,id) values (?,?,?,default)
Hibernate: insert into aforo_registros (business_id,fecha_hora,tipo,id) values (?,?,?,default)
Hibernate: insert into aforo_registros (business_id,fecha_hora,tipo,id) values (?,?,?,default)
Hibernate: insert into aforo_registros (business_id,fecha_hora,tipo,id) values (?,?,?,default)
Hibernate: insert into aforo_registros (business_id,fecha_hora,tipo,id) values (?,?,?,default)
Hibernate: insert into aforo_registros (business_id,fecha_hora,tipo,id) values (?,?,?,default)
Hibernate: insert into aforo_registros (business_id,fecha_hora,tipo,id) values (?,?,?,default)
Hibernate: insert into aforo_registros (business_id,fecha_hora,tipo,id) values (?,?,?,default)
Hibernate: insert into aforo_registros (business_id,fecha_hora,tipo,id) values (?,?,?,default)
Hibernate: insert into aforo_registros (business_id,fecha_hora,tipo,id) values (?,?,?,default)
Hibernate: insert into aforo_registros (business_id,fecha_hora,tipo,id) values (?,?,?,default)
Hibernate: insert into aforo_registros (business_id,fecha_hora,tipo,id) values (?,?,?,default)
Hibernate: insert into aforo_registros (business_id,fecha_hora,tipo,id) values (?,?,?,default)
Hibernate: insert into aforo_registros (business_id,fecha_hora,tipo,id) values (?,?,?,default)
Hibernate: insert into aforo_registros (business_id,fecha_hora,tipo,id) values (?,?,?,default)
Hibernate: insert into aforo_registros (business_id,fecha_hora,tipo,id) values (?,?,?,default)
Hibernate: insert into aforo_registros (business_id,fecha_hora,tipo,id) values (?,?,?,default)
Hibernate: insert into aforo_registros (business_id,fecha_hora,tipo,id) values (?,?,?,default)
Hibernate: insert into aforo_registros (business_id,fecha_hora,tipo,id) values (?,?,?,default)
Hibernate: insert into aforo_registros (business_id,fecha_hora,tipo,id) values (?,?,?,default)
Hibernate: insert into aforo_registros (business_id,fecha_hora,tipo,id) values (?,?,?,default)
Hibernate: insert into aforo_registros (business_id,fecha_hora,tipo,id) values (?,?,?,default)
Hibernate: insert into aforo_registros (business_id,fecha_hora,tipo,id) values (?,?,?,default)
Hibernate: insert into aforo_registros (business_id,fecha_hora,tipo,id) values (?,?,?,default)
Hibernate: insert into aforo_registros (business_id,fecha_hora,tipo,id) values (?,?,?,default)
Hibernate: insert into aforo_registros (business_id,fecha_hora,tipo,id) values (?,?,?,default)
Hibernate: insert into aforo_registros (business_id,fecha_hora,tipo,id) values (?,?,?,default)
Hibernate: insert into aforo_registros (business_id,fecha_hora,tipo,id) values (?,?,?,default)
Hibernate: insert into aforo_registros (business_id,fecha_hora,tipo,id) values (?,?,?,default)
Hibernate: insert into aforo_registros (business_id,fecha_hora,tipo,id) values (?,?,?,default)
Hibernate: insert into aforo_registros (business_id,fecha_hora,tipo,id) values (?,?,?,default)
Hibernate: insert into aforo_registros (business_id,fecha_hora,tipo,id) values (?,?,?,default)
Hibernate: insert into aforo_registros (business_id,fecha_hora,tipo,id) values (?,?,?,default)
Hibernate: insert into aforo_registros (business_id,fecha_hora,tipo,id) values (?,?,?,default)
Hibernate: insert into aforo_registros (business_id,fecha_hora,tipo,id) values (?,?,?,default)
Hibernate: insert into aforo_registros (business_id,fecha_hora,tipo,id) values (?,?,?,default)
Hibernate: insert into aforo_registros (business_id,fecha_hora,tipo,id) values (?,?,?,default)
Hibernate: insert into aforo_registros (business_id,fecha_hora,tipo,id) values (?,?,?,default)
Hibernate: insert into aforo_registros (business_id,fecha_hora,tipo,id) values (?,?,?,default)
Hibernate: insert into aforo_registros (business_id,fecha_hora,tipo,id) values (?,?,?,default)
Hibernate: insert into aforo_registros (business_id,fecha_hora,tipo,id) values (?,?,?,default)
Hibernate: insert into aforo_registros (business_id,fecha_hora,tipo,id) values (?,?,?,default)
Hibernate: insert into aforo_registros (business_id,fecha_hora,tipo,id) values (?,?,?,default)
Hibernate: insert into aforo_registros (business_id,fecha_hora,tipo,id) values (?,?,?,default)
Hibernate: insert into aforo_registros (business_id,fecha_hora,tipo,id) values (?,?,?,default)
Hibernate: insert into aforo_registros (business_id,fecha_hora,tipo,id) values (?,?,?,default)
Hibernate: insert into aforo_registros (business_id,fecha_hora,tipo,id) values (?,?,?,default)
Hibernate: insert into aforo_registros (business_id,fecha_hora,tipo,id) values (?,?,?,default)
Hibernate: insert into aforo_registros (business_id,fecha_hora,tipo,id) values (?,?,?,default)
Hibernate: insert into aforo_registros (business_id,fecha_hora,tipo,id) values (?,?,?,default)
Hibernate: insert into aforo_registros (business_id,fecha_hora,tipo,id) values (?,?,?,default)
Hibernate: insert into aforo_registros (business_id,fecha_hora,tipo,id) values (?,?,?,default)
Hibernate: insert into aforo_registros (business_id,fecha_hora,tipo,id) values (?,?,?,default)
Hibernate: insert into aforo_registros (business_id,fecha_hora,tipo,id) values (?,?,?,default)
Hibernate: insert into aforo_registros (business_id,fecha_hora,tipo,id) values (?,?,?,default)
Hibernate: insert into aforo_registros (business_id,fecha_hora,tipo,id) values (?,?,?,default)
Hibernate: insert into aforo_registros (business_id,fecha_hora,tipo,id) values (?,?,?,default)
Hibernate: insert into aforo_registros (business_id,fecha_hora,tipo,id) values (?,?,?,default)
Hibernate: insert into aforo_registros (business_id,fecha_hora,tipo,id) values (?,?,?,default)
Hibernate: insert into aforo_registros (business_id,fecha_hora,tipo,id) values (?,?,?,default)
Hibernate: insert into aforo_registros (business_id,fecha_hora,tipo,id) values (?,?,?,default)
Hibernate: insert into aforo_registros (business_id,fecha_hora,tipo,id) values (?,?,?,default)
Hibernate: insert into aforo_registros (business_id,fecha_hora,tipo,id) values (?,?,?,default)
Hibernate: insert into aforo_registros (business_id,fecha_hora,tipo,id) values (?,?,?,default)
Hibernate: insert into aforo_registros (business_id,fecha_hora,tipo,id) values (?,?,?,default)
Hibernate: insert into aforo_registros (business_id,fecha_hora,tipo,id) values (?,?,?,default)
Hibernate: insert into aforo_registros (business_id,fecha_hora,tipo,id) values (?,?,?,default)
Hibernate: insert into aforo_registros (business_id,fecha_hora,tipo,id) values (?,?,?,default)
Hibernate: insert into aforo_registros (business_id,fecha_hora,tipo,id) values (?,?,?,default)
Hibernate: insert into aforo_registros (business_id,fecha_hora,tipo,id) values (?,?,?,default)
Hibernate: insert into aforo_registros (business_id,fecha_hora,tipo,id) values (?,?,?,default)
Hibernate: insert into aforo_registros (business_id,fecha_hora,tipo,id) values (?,?,?,default)
Hibernate: insert into aforo_registros (business_id,fecha_hora,tipo,id) values (?,?,?,default)
Hibernate: insert into aforo_registros (business_id,fecha_hora,tipo,id) values (?,?,?,default)
Hibernate: insert into aforo_registros (business_id,fecha_hora,tipo,id) values (?,?,?,default)
Hibernate: insert into aforo_registros (business_id,fecha_hora,tipo,id) values (?,?,?,default)
Hibernate: insert into aforo_registros (business_id,fecha_hora,tipo,id) values (?,?,?,default)
Hibernate: insert into aforo_registros (business_id,fecha_hora,tipo,id) values (?,?,?,default)
Hibernate: insert into aforo_registros (business_id,fecha_hora,tipo,id) values (?,?,?,default)
Hibernate: insert into aforo_registros (business_id,fecha_hora,tipo,id) values (?,?,?,default)
Hibernate: insert into aforo_registros (business_id,fecha_hora,tipo,id) values (?,?,?,default)
Hibernate: insert into aforo_registros (business_id,fecha_hora,tipo,id) values (?,?,?,default)
Hibernate: insert into aforo_registros (business_id,fecha_hora,tipo,id) values (?,?,?,default)
Hibernate: insert into aforo_registros (business_id,fecha_hora,tipo,id) values (?,?,?,default)
Hibernate: insert into aforo_registros (business_id,fecha_hora,tipo,id) values (?,?,?,default)
Hibernate: insert into aforo_registros (business_id,fecha_hora,tipo,id) values (?,?,?,default)
Hibernate: insert into aforo_registros (business_id,fecha_hora,tipo,id) values (?,?,?,default)
Hibernate: insert into aforo_registros (business_id,fecha_hora,tipo,id) values (?,?,?,default)
Hibernate: insert into aforo_registros (business_id,fecha_hora,tipo,id) values (?,?,?,default)
Hibernate: insert into aforo_registros (business_id,fecha_hora,tipo,id) values (?,?,?,default)
Hibernate: insert into aforo_registros (business_id,fecha_hora,tipo,id) values (?,?,?,default)
Hibernate: insert into aforo_registros (business_id,fecha_hora,tipo,id) values (?,?,?,default)
Hibernate: insert into aforo_registros (business_id,fecha_hora,tipo,id) values (?,?,?,default)
Hibernate: insert into aforo_registros (business_id,fecha_hora,tipo,id) values (?,?,?,default)
Hibernate: insert into aforo_registros (business_id,fecha_hora,tipo,id) values (?,?,?,default)
Hibernate: insert into aforo_registros (business_id,fecha_hora,tipo,id) values (?,?,?,default)
Hibernate: insert into aforo_registros (business_id,fecha_hora,tipo,id) values (?,?,?,default)
Hibernate: insert into aforo_registros (business_id,fecha_hora,tipo,id) values (?,?,?,default)
Hibernate: insert into aforo_registros (business_id,fecha_hora,tipo,id) values (?,?,?,default)
Hibernate: insert into aforo_registros (business_id,fecha_hora,tipo,id) values (?,?,?,default)
Hibernate: insert into aforo_registros (business_id,fecha_hora,tipo,id) values (?,?,?,default)
Hibernate: insert into aforo_registros (business_id,fecha_hora,tipo,id) values (?,?,?,default)
Hibernate: insert into aforo_registros (business_id,fecha_hora,tipo,id) values (?,?,?,default)
Hibernate: insert into aforo_registros (business_id,fecha_hora,tipo,id) values (?,?,?,default)
Hibernate: insert into aforo_registros (business_id,fecha_hora,tipo,id) values (?,?,?,default)
Hibernate: insert into aforo_registros (business_id,fecha_hora,tipo,id) values (?,?,?,default)
Hibernate: insert into aforo_registros (business_id,fecha_hora,tipo,id) values (?,?,?,default)
Hibernate: insert into aforo_registros (business_id,fecha_hora,tipo,id) values (?,?,?,default)
Hibernate: insert into aforo_registros (business_id,fecha_hora,tipo,id) values (?,?,?,default)
Hibernate: insert into aforo_registros (business_id,fecha_hora,tipo,id) values (?,?,?,default)
Hibernate: insert into aforo_registros (business_id,fecha_hora,tipo,id) values (?,?,?,default)
Hibernate: insert into aforo_registros (business_id,fecha_hora,tipo,id) values (?,?,?,default)
Hibernate: insert into aforo_registros (business_id,fecha_hora,tipo,id) values (?,?,?,default)
Hibernate: insert into aforo_registros (business_id,fecha_hora,tipo,id) values (?,?,?,default)
Hibernate: insert into aforo_registros (business_id,fecha_hora,tipo,id) values (?,?,?,default)
Hibernate: insert into aforo_registros (business_id,fecha_hora,tipo,id) values (?,?,?,default)
Hibernate: insert into aforo_registros (business_id,fecha_hora,tipo,id) values (?,?,?,default)
Hibernate: insert into aforo_registros (business_id,fecha_hora,tipo,id) values (?,?,?,default)
Hibernate: insert into aforo_registros (business_id,fecha_hora,tipo,id) values (?,?,?,default)
Hibernate: insert into aforo_registros (business_id,fecha_hora,tipo,id) values (?,?,?,default)
Hibernate: insert into aforo_registros (business_id,fecha_hora,tipo,id) values (?,?,?,default)
Hibernate: insert into aforo_registros (business_id,fecha_hora,tipo,id) values (?,?,?,default)
Hibernate: insert into aforo_registros (business_id,fecha_hora,tipo,id) values (?,?,?,default)
Hibernate: insert into aforo_registros (business_id,fecha_hora,tipo,id) values (?,?,?,default)
Hibernate: insert into aforo_registros (business_id,fecha_hora,tipo,id) values (?,?,?,default)
Hibernate: insert into aforo_registros (business_id,fecha_hora,tipo,id) values (?,?,?,default)
Hibernate: insert into aforo_registros (business_id,fecha_hora,tipo,id) values (?,?,?,default)
Hibernate: insert into aforo_registros (business_id,fecha_hora,tipo,id) values (?,?,?,default)
Hibernate: insert into aforo_registros (business_id,fecha_hora,tipo,id) values (?,?,?,default)
Hibernate: insert into aforo_registros (business_id,fecha_hora,tipo,id) values (?,?,?,default)
Hibernate: insert into aforo_registros (business_id,fecha_hora,tipo,id) values (?,?,?,default)
Hibernate: insert into aforo_registros (business_id,fecha_hora,tipo,id) values (?,?,?,default)
Hibernate: insert into aforo_registros (business_id,fecha_hora,tipo,id) values (?,?,?,default)
Hibernate: insert into aforo_registros (business_id,fecha_hora,tipo,id) values (?,?,?,default)
Hibernate: insert into aforo_registros (business_id,fecha_hora,tipo,id) values (?,?,?,default)
Hibernate: insert into aforo_registros (business_id,fecha_hora,tipo,id) values (?,?,?,default)
Hibernate: insert into aforo_registros (business_id,fecha_hora,tipo,id) values (?,?,?,default)
Hibernate: insert into aforo_registros (business_id,fecha_hora,tipo,id) values (?,?,?,default)
Hibernate: insert into aforo_registros (business_id,fecha_hora,tipo,id) values (?,?,?,default)
Hibernate: insert into aforo_registros (business_id,fecha_hora,tipo,id) values (?,?,?,default)
Hibernate: insert into aforo_registros (business_id,fecha_hora,tipo,id) values (?,?,?,default)
Hibernate: insert into aforo_registros (business_id,fecha_hora,tipo,id) values (?,?,?,default)
Hibernate: insert into aforo_registros (business_id,fecha_hora,tipo,id) values (?,?,?,default)
Hibernate: insert into aforo_registros (business_id,fecha_hora,tipo,id) values (?,?,?,default)
Hibernate: insert into aforo_registros (business_id,fecha_hora,tipo,id) values (?,?,?,default)
Hibernate: insert into aforo_registros (business_id,fecha_hora,tipo,id) values (?,?,?,default)
Hibernate: insert into aforo_registros (business_id,fecha_hora,tipo,id) values (?,?,?,default)
Hibernate: insert into aforo_registros (business_id,fecha_hora,tipo,id) values (?,?,?,default)
Hibernate: insert into aforo_registros (business_id,fecha_hora,tipo,id) values (?,?,?,default)
Hibernate: insert into aforo_registros (business_id,fecha_hora,tipo,id) values (?,?,?,default)
Hibernate: insert into aforo_registros (business_id,fecha_hora,tipo,id) values (?,?,?,default)
Hibernate: insert into aforo_registros (business_id,fecha_hora,tipo,id) values (?,?,?,default)
Hibernate: insert into aforo_registros (business_id,fecha_hora,tipo,id) values (?,?,?,default)
Hibernate: insert into aforo_registros (business_id,fecha_hora,tipo,id) values (?,?,?,default)
Hibernate: insert into aforo_registros (business_id,fecha_hora,tipo,id) values (?,?,?,default)
Hibernate: insert into aforo_registros (business_id,fecha_hora,tipo,id) values (?,?,?,default)
Hibernate: insert into aforo_registros (business_id,fecha_hora,tipo,id) values (?,?,?,default)
Hibernate: insert into aforo_registros (business_id,fecha_hora,tipo,id) values (?,?,?,default)
Hibernate: insert into aforo_registros (business_id,fecha_hora,tipo,id) values (?,?,?,default)
Hibernate: insert into aforo_registros (business_id,fecha_hora,tipo,id) values (?,?,?,default)
Hibernate: insert into aforo_registros (business_id,fecha_hora,tipo,id) values (?,?,?,default)
Hibernate: insert into aforo_registros (business_id,fecha_hora,tipo,id) values (?,?,?,default)
Hibernate: insert into aforo_registros (business_id,fecha_hora,tipo,id) values (?,?,?,default)
Hibernate: insert into aforo_registros (business_id,fecha_hora,tipo,id) values (?,?,?,default)
Hibernate: insert into aforo_registros (business_id,fecha_hora,tipo,id) values (?,?,?,default)
Hibernate: insert into aforo_registros (business_id,fecha_hora,tipo,id) values (?,?,?,default)
Hibernate: insert into aforo_registros (business_id,fecha_hora,tipo,id) values (?,?,?,default)
Hibernate: insert into aforo_registros (business_id,fecha_hora,tipo,id) values (?,?,?,default)
Hibernate: insert into aforo_registros (business_id,fecha_hora,tipo,id) values (?,?,?,default)
Hibernate: insert into aforo_registros (business_id,fecha_hora,tipo,id) values (?,?,?,default)
Hibernate: insert into aforo_registros (business_id,fecha_hora,tipo,id) values (?,?,?,default)
Hibernate: insert into aforo_registros (business_id,fecha_hora,tipo,id) values (?,?,?,default)
Hibernate: insert into aforo_registros (business_id,fecha_hora,tipo,id) values (?,?,?,default)
Hibernate: insert into aforo_registros (business_id,fecha_hora,tipo,id) values (?,?,?,default)
Hibernate: insert into aforo_registros (business_id,fecha_hora,tipo,id) values (?,?,?,default)
Hibernate: insert into aforo_registros (business_id,fecha_hora,tipo,id) values (?,?,?,default)
Hibernate: insert into aforo_registros (business_id,fecha_hora,tipo,id) values (?,?,?,default)
Hibernate: insert into aforo_registros (business_id,fecha_hora,tipo,id) values (?,?,?,default)
Hibernate: insert into aforo_registros (business_id,fecha_hora,tipo,id) values (?,?,?,default)
Hibernate: insert into aforo_registros (business_id,fecha_hora,tipo,id) values (?,?,?,default)
Hibernate: insert into aforo_registros (business_id,fecha_hora,tipo,id) values (?,?,?,default)
Hibernate: insert into aforo_registros (business_id,fecha_hora,tipo,id) values (?,?,?,default)
Hibernate: insert into aforo_registros (business_id,fecha_hora,tipo,id) values (?,?,?,default)
Hibernate: insert into aforo_registros (business_id,fecha_hora,tipo,id) values (?,?,?,default)
Hibernate: insert into aforo_registros (business_id,fecha_hora,tipo,id) values (?,?,?,default)
Hibernate: insert into aforo_registros (business_id,fecha_hora,tipo,id) values (?,?,?,default)
Hibernate: insert into aforo_registros (business_id,fecha_hora,tipo,id) values (?,?,?,default)
Hibernate: insert into aforo_registros (business_id,fecha_hora,tipo,id) values (?,?,?,default)
Hibernate: insert into aforo_registros (business_id,fecha_hora,tipo,id) values (?,?,?,default)
Hibernate: insert into aforo_registros (business_id,fecha_hora,tipo,id) values (?,?,?,default)
Hibernate: insert into aforo_registros (business_id,fecha_hora,tipo,id) values (?,?,?,default)
Hibernate: insert into aforo_registros (business_id,fecha_hora,tipo,id) values (?,?,?,default)
Hibernate: insert into aforo_registros (business_id,fecha_hora,tipo,id) values (?,?,?,default)
Hibernate: insert into aforo_registros (business_id,fecha_hora,tipo,id) values (?,?,?,default)
Hibernate: insert into aforo_registros (business_id,fecha_hora,tipo,id) values (?,?,?,default)
Hibernate: insert into aforo_registros (business_id,fecha_hora,tipo,id) values (?,?,?,default)
Hibernate: insert into aforo_registros (business_id,fecha_hora,tipo,id) values (?,?,?,default)
Hibernate: insert into aforo_registros (business_id,fecha_hora,tipo,id) values (?,?,?,default)
Hibernate: insert into aforo_registros (business_id,fecha_hora,tipo,id) values (?,?,?,default)
Hibernate: insert into aforo_registros (business_id,fecha_hora,tipo,id) values (?,?,?,default)
Hibernate: insert into aforo_registros (business_id,fecha_hora,tipo,id) values (?,?,?,default)
Hibernate: insert into aforo_registros (business_id,fecha_hora,tipo,id) values (?,?,?,default)
Hibernate: insert into aforo_registros (business_id,fecha_hora,tipo,id) values (?,?,?,default)
Hibernate: insert into aforo_registros (business_id,fecha_hora,tipo,id) values (?,?,?,default)
Hibernate: insert into aforo_registros (business_id,fecha_hora,tipo,id) values (?,?,?,default)
Hibernate: insert into aforo_registros (business_id,fecha_hora,tipo,id) values (?,?,?,default)
Hibernate: insert into aforo_registros (business_id,fecha_hora,tipo,id) values (?,?,?,default)
Hibernate: insert into aforo_registros (business_id,fecha_hora,tipo,id) values (?,?,?,default)
Hibernate: insert into aforo_registros (business_id,fecha_hora,tipo,id) values (?,?,?,default)
Hibernate: insert into aforo_registros (business_id,fecha_hora,tipo,id) values (?,?,?,default)
Hibernate: insert into aforo_registros (business_id,fecha_hora,tipo,id) values (?,?,?,default)
Hibernate: insert into aforo_registros (business_id,fecha_hora,tipo,id) values (?,?,?,default)
Hibernate: insert into aforo_registros (business_id,fecha_hora,tipo,id) values (?,?,?,default)
Hibernate: insert into aforo_registros (business_id,fecha_hora,tipo,id) values (?,?,?,default)
Hibernate: insert into aforo_registros (business_id,fecha_hora,tipo,id) values (?,?,?,default)
Hibernate: insert into aforo_registros (business_id,fecha_hora,tipo,id) values (?,?,?,default)
Hibernate: insert into aforo_registros (business_id,fecha_hora,tipo,id) values (?,?,?,default)
Hibernate: insert into aforo_registros (business_id,fecha_hora,tipo,id) values (?,?,?,default)
Hibernate: insert into aforo_registros (business_id,fecha_hora,tipo,id) values (?,?,?,default)
Hibernate: insert into aforo_registros (business_id,fecha_hora,tipo,id) values (?,?,?,default)
Hibernate: insert into aforo_registros (business_id,fecha_hora,tipo,id) values (?,?,?,default)
Hibernate: insert into aforo_registros (business_id,fecha_hora,tipo,id) values (?,?,?,default)
Hibernate: insert into aforo_registros (business_id,fecha_hora,tipo,id) values (?,?,?,default)
Hibernate: insert into aforo_registros (business_id,fecha_hora,tipo,id) values (?,?,?,default)
Hibernate: insert into aforo_registros (business_id,fecha_hora,tipo,id) values (?,?,?,default)
Hibernate: insert into aforo_registros (business_id,fecha_hora,tipo,id) values (?,?,?,default)
Hibernate: insert into aforo_registros (business_id,fecha_hora,tipo,id) values (?,?,?,default)
Hibernate: insert into aforo_registros (business_id,fecha_hora,tipo,id) values (?,?,?,default)
Hibernate: insert into aforo_registros (business_id,fecha_hora,tipo,id) values (?,?,?,default)
Hibernate: insert into aforo_registros (business_id,fecha_hora,tipo,id) values (?,?,?,default)
Hibernate: insert into aforo_registros (business_id,fecha_hora,tipo,id) values (?,?,?,default)
Hibernate: insert into aforo_registros (business_id,fecha_hora,tipo,id) values (?,?,?,default)
Hibernate: insert into aforo_registros (business_id,fecha_hora,tipo,id) values (?,?,?,default)
Hibernate: insert into aforo_registros (business_id,fecha_hora,tipo,id) values (?,?,?,default)
Hibernate: insert into aforo_registros (business_id,fecha_hora,tipo,id) values (?,?,?,default)
Hibernate: insert into aforo_registros (business_id,fecha_hora,tipo,id) values (?,?,?,default)
Hibernate: insert into aforo_registros (business_id,fecha_hora,tipo,id) values (?,?,?,default)
Hibernate: insert into aforo_registros (business_id,fecha_hora,tipo,id) values (?,?,?,default)
Hibernate: insert into aforo_registros (business_id,fecha_hora,tipo,id) values (?,?,?,default)
Hibernate: insert into aforo_registros (business_id,fecha_hora,tipo,id) values (?,?,?,default)
Hibernate: insert into aforo_registros (business_id,fecha_hora,tipo,id) values (?,?,?,default)
Hibernate: insert into aforo_registros (business_id,fecha_hora,tipo,id) values (?,?,?,default)
Hibernate: insert into aforo_registros (business_id,fecha_hora,tipo,id) values (?,?,?,default)
Hibernate: insert into aforo_registros (business_id,fecha_hora,tipo,id) values (?,?,?,default)
Hibernate: insert into aforo_registros (business_id,fecha_hora,tipo,id) values (?,?,?,default)
Hibernate: insert into aforo_registros (business_id,fecha_hora,tipo,id) values (?,?,?,default)
Hibernate: insert into aforo_registros (business_id,fecha_hora,tipo,id) values (?,?,?,default)
Hibernate: insert into aforo_registros (business_id,fecha_hora,tipo,id) values (?,?,?,default)
Hibernate: insert into aforo_registros (business_id,fecha_hora,tipo,id) values (?,?,?,default)
Hibernate: insert into aforo_registros (business_id,fecha_hora,tipo,id) values (?,?,?,default)
Hibernate: insert into aforo_registros (business_id,fecha_hora,tipo,id) values (?,?,?,default)
Hibernate: insert into aforo_registros (business_id,fecha_hora,tipo,id) values (?,?,?,default)
Hibernate: insert into aforo_registros (business_id,fecha_hora,tipo,id) values (?,?,?,default)
Hibernate: insert into aforo_registros (business_id,fecha_hora,tipo,id) values (?,?,?,default)
Hibernate: insert into aforo_registros (business_id,fecha_hora,tipo,id) values (?,?,?,default)
Hibernate: insert into aforo_registros (business_id,fecha_hora,tipo,id) values (?,?,?,default)
Hibernate: insert into aforo_registros (business_id,fecha_hora,tipo,id) values (?,?,?,default)
Hibernate: insert into aforo_registros (business_id,fecha_hora,tipo,id) values (?,?,?,default)
Hibernate: insert into aforo_registros (business_id,fecha_hora,tipo,id) values (?,?,?,default)
Hibernate: insert into aforo_registros (business_id,fecha_hora,tipo,id) values (?,?,?,default)
Hibernate: insert into aforo_registros (business_id,fecha_hora,tipo,id) values (?,?,?,default)
Hibernate: insert into aforo_registros (business_id,fecha_hora,tipo,id) values (?,?,?,default)
Hibernate: insert into aforo_registros (business_id,fecha_hora,tipo,id) values (?,?,?,default)
Hibernate: insert into aforo_registros (business_id,fecha_hora,tipo,id) values (?,?,?,default)
Hibernate: insert into aforo_registros (business_id,fecha_hora,tipo,id) values (?,?,?,default)
Hibernate: insert into aforo_registros (business_id,fecha_hora,tipo,id) values (?,?,?,default)
Hibernate: insert into aforo_registros (business_id,fecha_hora,tipo,id) values (?,?,?,default)
Hibernate: insert into aforo_registros (business_id,fecha_hora,tipo,id) values (?,?,?,default)
Hibernate: insert into aforo_registros (business_id,fecha_hora,tipo,id) values (?,?,?,default)
Hibernate: insert into aforo_registros (business_id,fecha_hora,tipo,id) values (?,?,?,default)
Hibernate: insert into aforo_registros (business_id,fecha_hora,tipo,id) values (?,?,?,default)
Hibernate: insert into aforo_registros (business_id,fecha_hora,tipo,id) values (?,?,?,default)
Hibernate: insert into aforo_registros (business_id,fecha_hora,tipo,id) values (?,?,?,default)
Hibernate: insert into aforo_registros (business_id,fecha_hora,tipo,id) values (?,?,?,default)
Hibernate: insert into aforo_registros (business_id,fecha_hora,tipo,id) values (?,?,?,default)
Hibernate: insert into aforo_registros (business_id,fecha_hora,tipo,id) values (?,?,?,default)
Hibernate: insert into aforo_registros (business_id,fecha_hora,tipo,id) values (?,?,?,default)
Hibernate: insert into aforo_registros (business_id,fecha_hora,tipo,id) values (?,?,?,default)
Hibernate: insert into aforo_registros (business_id,fecha_hora,tipo,id) values (?,?,?,default)
Hibernate: insert into aforo_registros (business_id,fecha_hora,tipo,id) values (?,?,?,default)
Hibernate: insert into aforo_registros (business_id,fecha_hora,tipo,id) values (?,?,?,default)
Hibernate: insert into aforo_registros (business_id,fecha_hora,tipo,id) values (?,?,?,default)
Hibernate: insert into aforo_registros (business_id,fecha_hora,tipo,id) values (?,?,?,default)
Hibernate: insert into aforo_registros (business_id,fecha_hora,tipo,id) values (?,?,?,default)
Hibernate: insert into aforo_registros (business_id,fecha_hora,tipo,id) values (?,?,?,default)
Hibernate: insert into aforo_registros (business_id,fecha_hora,tipo,id) values (?,?,?,default)
Hibernate: insert into aforo_registros (business_id,fecha_hora,tipo,id) values (?,?,?,default)
Hibernate: insert into aforo_registros (business_id,fecha_hora,tipo,id) values (?,?,?,default)
Hibernate: insert into aforo_registros (business_id,fecha_hora,tipo,id) values (?,?,?,default)
Hibernate: insert into aforo_registros (business_id,fecha_hora,tipo,id) values (?,?,?,default)
Hibernate: insert into aforo_registros (business_id,fecha_hora,tipo,id) values (?,?,?,default)
Hibernate: insert into aforo_registros (business_id,fecha_hora,tipo,id) values (?,?,?,default)
Hibernate: insert into aforo_registros (business_id,fecha_hora,tipo,id) values (?,?,?,default)
Hibernate: insert into aforo_registros (business_id,fecha_hora,tipo,id) values (?,?,?,default)
Hibernate: insert into aforo_registros (business_id,fecha_hora,tipo,id) values (?,?,?,default)
Hibernate: insert into aforo_registros (business_id,fecha_hora,tipo,id) values (?,?,?,default)
Hibernate: insert into aforo_registros (business_id,fecha_hora,tipo,id) values (?,?,?,default)
Hibernate: insert into aforo_registros (business_id,fecha_hora,tipo,id) values (?,?,?,default)
Hibernate: insert into aforo_registros (business_id,fecha_hora,tipo,id) values (?,?,?,default)
Hibernate: insert into aforo_registros (business_id,fecha_hora,tipo,id) values (?,?,?,default)
Hibernate: insert into aforo_registros (business_id,fecha_hora,tipo,id) values (?,?,?,default)
Hibernate: insert into aforo_registros (business_id,fecha_hora,tipo,id) values (?,?,?,default)
Hibernate: insert into aforo_registros (business_id,fecha_hora,tipo,id) values (?,?,?,default)
Hibernate: insert into aforo_registros (business_id,fecha_hora,tipo,id) values (?,?,?,default)
Hibernate: insert into aforo_registros (business_id,fecha_hora,tipo,id) values (?,?,?,default)
Hibernate: insert into aforo_registros (business_id,fecha_hora,tipo,id) values (?,?,?,default)
Hibernate: insert into aforo_registros (business_id,fecha_hora,tipo,id) values (?,?,?,default)
Hibernate: insert into aforo_registros (business_id,fecha_hora,tipo,id) values (?,?,?,default)
Hibernate: insert into aforo_registros (business_id,fecha_hora,tipo,id) values (?,?,?,default)
Hibernate: insert into aforo_registros (business_id,fecha_hora,tipo,id) values (?,?,?,default)
Hibernate: insert into aforo_registros (business_id,fecha_hora,tipo,id) values (?,?,?,default)
Hibernate: insert into aforo_registros (business_id,fecha_hora,tipo,id) values (?,?,?,default)
Hibernate: insert into aforo_registros (business_id,fecha_hora,tipo,id) values (?,?,?,default)
Hibernate: insert into aforo_registros (business_id,fecha_hora,tipo,id) values (?,?,?,default)
Hibernate: insert into aforo_registros (business_id,fecha_hora,tipo,id) values (?,?,?,default)
Hibernate: insert into aforo_registros (business_id,fecha_hora,tipo,id) values (?,?,?,default)
Hibernate: insert into aforo_registros (business_id,fecha_hora,tipo,id) values (?,?,?,default)
Hibernate: insert into aforo_registros (business_id,fecha_hora,tipo,id) values (?,?,?,default)
Hibernate: insert into aforo_registros (business_id,fecha_hora,tipo,id) values (?,?,?,default)
Hibernate: insert into aforo_registros (business_id,fecha_hora,tipo,id) values (?,?,?,default)
Hibernate: insert into aforo_registros (business_id,fecha_hora,tipo,id) values (?,?,?,default)
Hibernate: insert into aforo_registros (business_id,fecha_hora,tipo,id) values (?,?,?,default)
Hibernate: insert into aforo_registros (business_id,fecha_hora,tipo,id) values (?,?,?,default)
Hibernate: insert into aforo_registros (business_id,fecha_hora,tipo,id) values (?,?,?,default)
Hibernate: insert into aforo_registros (business_id,fecha_hora,tipo,id) values (?,?,?,default)
Hibernate: insert into aforo_registros (business_id,fecha_hora,tipo,id) values (?,?,?,default)
Hibernate: insert into aforo_registros (business_id,fecha_hora,tipo,id) values (?,?,?,default)
Hibernate: insert into aforo_registros (business_id,fecha_hora,tipo,id) values (?,?,?,default)
Hibernate: insert into aforo_registros (business_id,fecha_hora,tipo,id) values (?,?,?,default)
Hibernate: insert into aforo_registros (business_id,fecha_hora,tipo,id) values (?,?,?,default)
Hibernate: insert into aforo_registros (business_id,fecha_hora,tipo,id) values (?,?,?,default)
Hibernate: insert into aforo_registros (business_id,fecha_hora,tipo,id) values (?,?,?,default)
Hibernate: insert into aforo_registros (business_id,fecha_hora,tipo,id) values (?,?,?,default)
Hibernate: insert into aforo_registros (business_id,fecha_hora,tipo,id) values (?,?,?,default)
Hibernate: insert into aforo_registros (business_id,fecha_hora,tipo,id) values (?,?,?,default)
Hibernate: insert into aforo_registros (business_id,fecha_hora,tipo,id) values (?,?,?,default)
Hibernate: insert into aforo_registros (business_id,fecha_hora,tipo,id) values (?,?,?,default)
Hibernate: insert into aforo_registros (business_id,fecha_hora,tipo,id) values (?,?,?,default)
Hibernate: insert into aforo_registros (business_id,fecha_hora,tipo,id) values (?,?,?,default)
Hibernate: insert into aforo_registros (business_id,fecha_hora,tipo,id) values (?,?,?,default)
Hibernate: insert into aforo_registros (business_id,fecha_hora,tipo,id) values (?,?,?,default)
Hibernate: insert into aforo_registros (business_id,fecha_hora,tipo,id) values (?,?,?,default)
Hibernate: insert into aforo_registros (business_id,fecha_hora,tipo,id) values (?,?,?,default)
Hibernate: insert into aforo_registros (business_id,fecha_hora,tipo,id) values (?,?,?,default)
Hibernate: insert into aforo_registros (business_id,fecha_hora,tipo,id) values (?,?,?,default)
Hibernate: insert into aforo_registros (business_id,fecha_hora,tipo,id) values (?,?,?,default)
Hibernate: insert into aforo_registros (business_id,fecha_hora,tipo,id) values (?,?,?,default)
Hibernate: insert into aforo_registros (business_id,fecha_hora,tipo,id) values (?,?,?,default)
Hibernate: insert into aforo_registros (business_id,fecha_hora,tipo,id) values (?,?,?,default)
Hibernate: insert into aforo_registros (business_id,fecha_hora,tipo,id) values (?,?,?,default)
Hibernate: insert into aforo_registros (business_id,fecha_hora,tipo,id) values (?,?,?,default)
Hibernate: insert into aforo_registros (business_id,fecha_hora,tipo,id) values (?,?,?,default)
Hibernate: insert into aforo_registros (business_id,fecha_hora,tipo,id) values (?,?,?,default)
Hibernate: insert into aforo_registros (business_id,fecha_hora,tipo,id) values (?,?,?,default)
Hibernate: insert into aforo_registros (business_id,fecha_hora,tipo,id) values (?,?,?,default)
Hibernate: insert into aforo_registros (business_id,fecha_hora,tipo,id) values (?,?,?,default)
Hibernate: insert into aforo_registros (business_id,fecha_hora,tipo,id) values (?,?,?,default)
Hibernate: insert into aforo_registros (business_id,fecha_hora,tipo,id) values (?,?,?,default)
Hibernate: insert into aforo_registros (business_id,fecha_hora,tipo,id) values (?,?,?,default)
Hibernate: insert into aforo_registros (business_id,fecha_hora,tipo,id) values (?,?,?,default)
Hibernate: insert into aforo_registros (business_id,fecha_hora,tipo,id) values (?,?,?,default)
Hibernate: insert into aforo_registros (business_id,fecha_hora,tipo,id) values (?,?,?,default)
Hibernate: insert into aforo_registros (business_id,fecha_hora,tipo,id) values (?,?,?,default)
Hibernate: insert into aforo_registros (business_id,fecha_hora,tipo,id) values (?,?,?,default)
Hibernate: insert into aforo_registros (business_id,fecha_hora,tipo,id) values (?,?,?,default)
Hibernate: insert into aforo_registros (business_id,fecha_hora,tipo,id) values (?,?,?,default)
Hibernate: insert into aforo_registros (business_id,fecha_hora,tipo,id) values (?,?,?,default)
Hibernate: insert into aforo_registros (business_id,fecha_hora,tipo,id) values (?,?,?,default)
Hibernate: insert into aforo_registros (business_id,fecha_hora,tipo,id) values (?,?,?,default)
Hibernate: insert into aforo_registros (business_id,fecha_hora,tipo,id) values (?,?,?,default)
Hibernate: insert into aforo_registros (business_id,fecha_hora,tipo,id) values (?,?,?,default)
Hibernate: insert into aforo_registros (business_id,fecha_hora,tipo,id) values (?,?,?,default)
Hibernate: insert into aforo_registros (business_id,fecha_hora,tipo,id) values (?,?,?,default)
Hibernate: insert into aforo_registros (business_id,fecha_hora,tipo,id) values (?,?,?,default)
Hibernate: insert into aforo_registros (business_id,fecha_hora,tipo,id) values (?,?,?,default)
Hibernate: insert into aforo_registros (business_id,fecha_hora,tipo,id) values (?,?,?,default)
Hibernate: insert into aforo_registros (business_id,fecha_hora,tipo,id) values (?,?,?,default)
Hibernate: insert into aforo_registros (business_id,fecha_hora,tipo,id) values (?,?,?,default)
Hibernate: insert into aforo_registros (business_id,fecha_hora,tipo,id) values (?,?,?,default)
Hibernate: insert into aforo_registros (business_id,fecha_hora,tipo,id) values (?,?,?,default)
Hibernate: insert into aforo_registros (business_id,fecha_hora,tipo,id) values (?,?,?,default)
Hibernate: insert into aforo_registros (business_id,fecha_hora,tipo,id) values (?,?,?,default)
Hibernate: insert into aforo_registros (business_id,fecha_hora,tipo,id) values (?,?,?,default)
Hibernate: insert into aforo_registros (business_id,fecha_hora,tipo,id) values (?,?,?,default)
Hibernate: insert into aforo_registros (business_id,fecha_hora,tipo,id) values (?,?,?,default)
Hibernate: insert into aforo_registros (business_id,fecha_hora,tipo,id) values (?,?,?,default)
Hibernate: insert into aforo_registros (business_id,fecha_hora,tipo,id) values (?,?,?,default)
Hibernate: insert into aforo_registros (business_id,fecha_hora,tipo,id) values (?,?,?,default)
Hibernate: insert into aforo_registros (business_id,fecha_hora,tipo,id) values (?,?,?,default)
Hibernate: insert into aforo_registros (business_id,fecha_hora,tipo,id) values (?,?,?,default)
Hibernate: insert into aforo_registros (business_id,fecha_hora,tipo,id) values (?,?,?,default)
Hibernate: insert into aforo_registros (business_id,fecha_hora,tipo,id) values (?,?,?,default)
Hibernate: insert into aforo_registros (business_id,fecha_hora,tipo,id) values (?,?,?,default)
Hibernate: insert into aforo_registros (business_id,fecha_hora,tipo,id) values (?,?,?,default)
Hibernate: insert into aforo_registros (business_id,fecha_hora,tipo,id) values (?,?,?,default)
Hibernate: insert into aforo_registros (business_id,fecha_hora,tipo,id) values (?,?,?,default)
Hibernate: insert into aforo_registros (business_id,fecha_hora,tipo,id) values (?,?,?,default)
Hibernate: insert into aforo_registros (business_id,fecha_hora,tipo,id) values (?,?,?,default)
Hibernate: insert into aforo_registros (business_id,fecha_hora,tipo,id) values (?,?,?,default)
Hibernate: insert into aforo_registros (business_id,fecha_hora,tipo,id) values (?,?,?,default)
Hibernate: insert into aforo_registros (business_id,fecha_hora,tipo,id) values (?,?,?,default)
Hibernate: insert into aforo_registros (business_id,fecha_hora,tipo,id) values (?,?,?,default)
Hibernate: insert into aforo_registros (business_id,fecha_hora,tipo,id) values (?,?,?,default)
Hibernate: insert into aforo_registros (business_id,fecha_hora,tipo,id) values (?,?,?,default)
Hibernate: insert into aforo_registros (business_id,fecha_hora,tipo,id) values (?,?,?,default)
Hibernate: insert into aforo_registros (business_id,fecha_hora,tipo,id) values (?,?,?,default)
Hibernate: insert into aforo_registros (business_id,fecha_hora,tipo,id) values (?,?,?,default)
Hibernate: insert into aforo_registros (business_id,fecha_hora,tipo,id) values (?,?,?,default)
Hibernate: insert into aforo_registros (business_id,fecha_hora,tipo,id) values (?,?,?,default)
Hibernate: insert into aforo_registros (business_id,fecha_hora,tipo,id) values (?,?,?,default)
Hibernate: insert into aforo_registros (business_id,fecha_hora,tipo,id) values (?,?,?,default)
Hibernate: insert into aforo_registros (business_id,fecha_hora,tipo,id) values (?,?,?,default)
Hibernate: insert into aforo_registros (business_id,fecha_hora,tipo,id) values (?,?,?,default)
Hibernate: insert into aforo_registros (business_id,fecha_hora,tipo,id) values (?,?,?,default)
Hibernate: insert into aforo_registros (business_id,fecha_hora,tipo,id) values (?,?,?,default)
Hibernate: insert into aforo_registros (business_id,fecha_hora,tipo,id) values (?,?,?,default)
Hibernate: insert into aforo_registros (business_id,fecha_hora,tipo,id) values (?,?,?,default)
Hibernate: insert into aforo_registros (business_id,fecha_hora,tipo,id) values (?,?,?,default)
Hibernate: insert into aforo_registros (business_id,fecha_hora,tipo,id) values (?,?,?,default)
Hibernate: insert into aforo_registros (business_id,fecha_hora,tipo,id) values (?,?,?,default)
Hibernate: insert into aforo_registros (business_id,fecha_hora,tipo,id) values (?,?,?,default)
Hibernate: insert into aforo_registros (business_id,fecha_hora,tipo,id) values (?,?,?,default)
Hibernate: insert into aforo_registros (business_id,fecha_hora,tipo,id) values (?,?,?,default)
Hibernate: insert into aforo_registros (business_id,fecha_hora,tipo,id) values (?,?,?,default)
Hibernate: insert into aforo_registros (business_id,fecha_hora,tipo,id) values (?,?,?,default)
Hibernate: insert into aforo_registros (business_id,fecha_hora,tipo,id) values (?,?,?,default)
Hibernate: insert into aforo_registros (business_id,fecha_hora,tipo,id) values (?,?,?,default)
Hibernate: insert into aforo_registros (business_id,fecha_hora,tipo,id) values (?,?,?,default)
Hibernate: insert into aforo_registros (business_id,fecha_hora,tipo,id) values (?,?,?,default)
Hibernate: insert into aforo_registros (business_id,fecha_hora,tipo,id) values (?,?,?,default)
Hibernate: insert into aforo_registros (business_id,fecha_hora,tipo,id) values (?,?,?,default)
Hibernate: insert into aforo_registros (business_id,fecha_hora,tipo,id) values (?,?,?,default)
Hibernate: insert into aforo_registros (business_id,fecha_hora,tipo,id) values (?,?,?,default)
Hibernate: insert into aforo_registros (business_id,fecha_hora,tipo,id) values (?,?,?,default)
Hibernate: insert into aforo_registros (business_id,fecha_hora,tipo,id) values (?,?,?,default)
Hibernate: insert into aforo_registros (business_id,fecha_hora,tipo,id) values (?,?,?,default)
Hibernate: insert into aforo_registros (business_id,fecha_hora,tipo,id) values (?,?,?,default)
Hibernate: insert into aforo_registros (business_id,fecha_hora,tipo,id) values (?,?,?,default)
Hibernate: insert into aforo_registros (business_id,fecha_hora,tipo,id) values (?,?,?,default)
Hibernate: insert into aforo_registros (business_id,fecha_hora,tipo,id) values (?,?,?,default)
Hibernate: insert into aforo_registros (business_id,fecha_hora,tipo,id) values (?,?,?,default)
Hibernate: insert into aforo_registros (business_id,fecha_hora,tipo,id) values (?,?,?,default)
Hibernate: insert into aforo_registros (business_id,fecha_hora,tipo,id) values (?,?,?,default)
Hibernate: insert into aforo_registros (business_id,fecha_hora,tipo,id) values (?,?,?,default)
Hibernate: insert into aforo_registros (business_id,fecha_hora,tipo,id) values (?,?,?,default)
Hibernate: insert into aforo_registros (business_id,fecha_hora,tipo,id) values (?,?,?,default)
Hibernate: insert into aforo_registros (business_id,fecha_hora,tipo,id) values (?,?,?,default)
Hibernate: insert into aforo_registros (business_id,fecha_hora,tipo,id) values (?,?,?,default)
Hibernate: insert into aforo_registros (business_id,fecha_hora,tipo,id) values (?,?,?,default)
Hibernate: insert into aforo_registros (business_id,fecha_hora,tipo,id) values (?,?,?,default)
Hibernate: insert into aforo_registros (business_id,fecha_hora,tipo,id) values (?,?,?,default)
Hibernate: insert into aforo_registros (business_id,fecha_hora,tipo,id) values (?,?,?,default)
Hibernate: insert into aforo_registros (business_id,fecha_hora,tipo,id) values (?,?,?,default)
Hibernate: insert into aforo_registros (business_id,fecha_hora,tipo,id) values (?,?,?,default)
Hibernate: insert into aforo_registros (business_id,fecha_hora,tipo,id) values (?,?,?,default)
Hibernate: insert into aforo_registros (business_id,fecha_hora,tipo,id) values (?,?,?,default)
Hibernate: insert into aforo_registros (business_id,fecha_hora,tipo,id) values (?,?,?,default)
Hibernate: insert into aforo_registros (business_id,fecha_hora,tipo,id) values (?,?,?,default)
Hibernate: insert into aforo_registros (business_id,fecha_hora,tipo,id) values (?,?,?,default)
Hibernate: insert into aforo_registros (business_id,fecha_hora,tipo,id) values (?,?,?,default)
Hibernate: insert into aforo_registros (business_id,fecha_hora,tipo,id) values (?,?,?,default)
Hibernate: insert into aforo_registros (business_id,fecha_hora,tipo,id) values (?,?,?,default)
Hibernate: insert into aforo_registros (business_id,fecha_hora,tipo,id) values (?,?,?,default)
Hibernate: insert into aforo_registros (business_id,fecha_hora,tipo,id) values (?,?,?,default)
Hibernate: insert into aforo_registros (business_id,fecha_hora,tipo,id) values (?,?,?,default)
Hibernate: insert into aforo_registros (business_id,fecha_hora,tipo,id) values (?,?,?,default)
Hibernate: insert into aforo_registros (business_id,fecha_hora,tipo,id) values (?,?,?,default)
Hibernate: insert into aforo_registros (business_id,fecha_hora,tipo,id) values (?,?,?,default)
Hibernate: insert into aforo_registros (business_id,fecha_hora,tipo,id) values (?,?,?,default)
Hibernate: insert into aforo_registros (business_id,fecha_hora,tipo,id) values (?,?,?,default)
Hibernate: insert into aforo_registros (business_id,fecha_hora,tipo,id) values (?,?,?,default)
Hibernate: insert into aforo_registros (business_id,fecha_hora,tipo,id) values (?,?,?,default)
Hibernate: insert into aforo_registros (business_id,fecha_hora,tipo,id) values (?,?,?,default)
Hibernate: insert into aforo_registros (business_id,fecha_hora,tipo,id) values (?,?,?,default)
Hibernate: insert into aforo_registros (business_id,fecha_hora,tipo,id) values (?,?,?,default)
Hibernate: insert into aforo_registros (business_id,fecha_hora,tipo,id) values (?,?,?,default)
Hibernate: insert into aforo_registros (business_id,fecha_hora,tipo,id) values (?,?,?,default)
Hibernate: insert into aforo_registros (business_id,fecha_hora,tipo,id) values (?,?,?,default)
Hibernate: insert into aforo_registros (business_id,fecha_hora,tipo,id) values (?,?,?,default)
Hibernate: insert into aforo_registros (business_id,fecha_hora,tipo,id) values (?,?,?,default)
Hibernate: insert into aforo_registros (business_id,fecha_hora,tipo,id) values (?,?,?,default)
Hibernate: insert into aforo_registros (business_id,fecha_hora,tipo,id) values (?,?,?,default)
Hibernate: insert into aforo_registros (business_id,fecha_hora,tipo,id) values (?,?,?,default)
Hibernate: insert into aforo_registros (business_id,fecha_hora,tipo,id) values (?,?,?,default)
Hibernate: insert into aforo_registros (business_id,fecha_hora,tipo,id) values (?,?,?,default)
Hibernate: insert into aforo_registros (business_id,fecha_hora,tipo,id) values (?,?,?,default)
Hibernate: insert into aforo_registros (business_id,fecha_hora,tipo,id) values (?,?,?,default)
Hibernate: insert into aforo_registros (business_id,fecha_hora,tipo,id) values (?,?,?,default)
Hibernate: insert into aforo_registros (business_id,fecha_hora,tipo,id) values (?,?,?,default)
Hibernate: insert into aforo_registros (business_id,fecha_hora,tipo,id) values (?,?,?,default)
Hibernate: insert into aforo_registros (business_id,fecha_hora,tipo,id) values (?,?,?,default)
Hibernate: insert into aforo_registros (business_id,fecha_hora,tipo,id) values (?,?,?,default)
Hibernate: insert into aforo_registros (business_id,fecha_hora,tipo,id) values (?,?,?,default)
Hibernate: insert into aforo_registros (business_id,fecha_hora,tipo,id) values (?,?,?,default)
Hibernate: insert into aforo_registros (business_id,fecha_hora,tipo,id) values (?,?,?,default)
Hibernate: insert into aforo_registros (business_id,fecha_hora,tipo,id) values (?,?,?,default)
Hibernate: insert into aforo_registros (business_id,fecha_hora,tipo,id) values (?,?,?,default)
Hibernate: insert into aforo_registros (business_id,fecha_hora,tipo,id) values (?,?,?,default)
Hibernate: insert into aforo_registros (business_id,fecha_hora,tipo,id) values (?,?,?,default)
Hibernate: insert into aforo_registros (business_id,fecha_hora,tipo,id) values (?,?,?,default)
Hibernate: insert into aforo_registros (business_id,fecha_hora,tipo,id) values (?,?,?,default)
Hibernate: insert into aforo_registros (business_id,fecha_hora,tipo,id) values (?,?,?,default)
Hibernate: insert into aforo_registros (business_id,fecha_hora,tipo,id) values (?,?,?,default)
Hibernate: insert into aforo_registros (business_id,fecha_hora,tipo,id) values (?,?,?,default)
Hibernate: insert into aforo_registros (business_id,fecha_hora,tipo,id) values (?,?,?,default)
Hibernate: insert into aforo_registros (business_id,fecha_hora,tipo,id) values (?,?,?,default)
Hibernate: insert into aforo_registros (business_id,fecha_hora,tipo,id) values (?,?,?,default)
Hibernate: insert into aforo_registros (business_id,fecha_hora,tipo,id) values (?,?,?,default)
Hibernate: insert into aforo_registros (business_id,fecha_hora,tipo,id) values (?,?,?,default)
Hibernate: insert into aforo_registros (business_id,fecha_hora,tipo,id) values (?,?,?,default)
Hibernate: insert into aforo_registros (business_id,fecha_hora,tipo,id) values (?,?,?,default)
Hibernate: insert into aforo_registros (business_id,fecha_hora,tipo,id) values (?,?,?,default)
Hibernate: insert into aforo_registros (business_id,fecha_hora,tipo,id) values (?,?,?,default)
Hibernate: insert into aforo_registros (business_id,fecha_hora,tipo,id) values (?,?,?,default)
Hibernate: insert into aforo_registros (business_id,fecha_hora,tipo,id) values (?,?,?,default)
Hibernate: insert into aforo_registros (business_id,fecha_hora,tipo,id) values (?,?,?,default)
Hibernate: insert into aforo_registros (business_id,fecha_hora,tipo,id) values (?,?,?,default)
Hibernate: insert into aforo_registros (business_id,fecha_hora,tipo,id) values (?,?,?,default)
Hibernate: insert into aforo_registros (business_id,fecha_hora,tipo,id) values (?,?,?,default)
Hibernate: insert into aforo_registros (business_id,fecha_hora,tipo,id) values (?,?,?,default)
Hibernate: insert into aforo_registros (business_id,fecha_hora,tipo,id) values (?,?,?,default)
Hibernate: insert into aforo_registros (business_id,fecha_hora,tipo,id) values (?,?,?,default)
Hibernate: insert into aforo_registros (business_id,fecha_hora,tipo,id) values (?,?,?,default)
Hibernate: insert into aforo_registros (business_id,fecha_hora,tipo,id) values (?,?,?,default)
Hibernate: insert into aforo_registros (business_id,fecha_hora,tipo,id) values (?,?,?,default)
Hibernate: insert into aforo_registros (business_id,fecha_hora,tipo,id) values (?,?,?,default)
Hibernate: insert into aforo_registros (business_id,fecha_hora,tipo,id) values (?,?,?,default)
Hibernate: insert into aforo_registros (business_id,fecha_hora,tipo,id) values (?,?,?,default)
Hibernate: insert into aforo_registros (business_id,fecha_hora,tipo,id) values (?,?,?,default)
Hibernate: insert into aforo_registros (business_id,fecha_hora,tipo,id) values (?,?,?,default)
Hibernate: insert into aforo_registros (business_id,fecha_hora,tipo,id) values (?,?,?,default)
Hibernate: insert into aforo_registros (business_id,fecha_hora,tipo,id) values (?,?,?,default)
Hibernate: insert into aforo_registros (business_id,fecha_hora,tipo,id) values (?,?,?,default)
Hibernate: insert into aforo_registros (business_id,fecha_hora,tipo,id) values (?,?,?,default)
Hibernate: insert into aforo_registros (business_id,fecha_hora,tipo,id) values (?,?,?,default)
Hibernate: insert into aforo_registros (business_id,fecha_hora,tipo,id) values (?,?,?,default)
Hibernate: insert into aforo_registros (business_id,fecha_hora,tipo,id) values (?,?,?,default)
Hibernate: insert into aforo_registros (business_id,fecha_hora,tipo,id) values (?,?,?,default)
Hibernate: insert into aforo_registros (business_id,fecha_hora,tipo,id) values (?,?,?,default)
Hibernate: insert into aforo_registros (business_id,fecha_hora,tipo,id) values (?,?,?,default)
Hibernate: insert into aforo_registros (business_id,fecha_hora,tipo,id) values (?,?,?,default)
Hibernate: insert into aforo_registros (business_id,fecha_hora,tipo,id) values (?,?,?,default)
Hibernate: insert into aforo_registros (business_id,fecha_hora,tipo,id) values (?,?,?,default)
Hibernate: insert into aforo_registros (business_id,fecha_hora,tipo,id) values (?,?,?,default)
Hibernate: insert into aforo_registros (business_id,fecha_hora,tipo,id) values (?,?,?,default)
Hibernate: insert into aforo_registros (business_id,fecha_hora,tipo,id) values (?,?,?,default)
Hibernate: insert into aforo_registros (business_id,fecha_hora,tipo,id) values (?,?,?,default)
Hibernate: insert into aforo_registros (business_id,fecha_hora,tipo,id) values (?,?,?,default)
Hibernate: insert into aforo_registros (business_id,fecha_hora,tipo,id) values (?,?,?,default)
Hibernate: insert into aforo_registros (business_id,fecha_hora,tipo,id) values (?,?,?,default)
Hibernate: insert into aforo_registros (business_id,fecha_hora,tipo,id) values (?,?,?,default)
Hibernate: insert into aforo_registros (business_id,fecha_hora,tipo,id) values (?,?,?,default)
Hibernate: insert into aforo_registros (business_id,fecha_hora,tipo,id) values (?,?,?,default)
Hibernate: insert into aforo_registros (business_id,fecha_hora,tipo,id) values (?,?,?,default)
Hibernate: insert into aforo_registros (business_id,fecha_hora,tipo,id) values (?,?,?,default)
Hibernate: insert into aforo_registros (business_id,fecha_hora,tipo,id) values (?,?,?,default)
Hibernate: insert into aforo_registros (business_id,fecha_hora,tipo,id) values (?,?,?,default)
Hibernate: insert into aforo_registros (business_id,fecha_hora,tipo,id) values (?,?,?,default)
Hibernate: insert into aforo_registros (business_id,fecha_hora,tipo,id) values (?,?,?,default)
Hibernate: insert into aforo_registros (business_id,fecha_hora,tipo,id) values (?,?,?,default)
Hibernate: insert into aforo_registros (business_id,fecha_hora,tipo,id) values (?,?,?,default)
Hibernate: insert into aforo_registros (business_id,fecha_hora,tipo,id) values (?,?,?,default)
Hibernate: insert into aforo_registros (business_id,fecha_hora,tipo,id) values (?,?,?,default)
Hibernate: insert into aforo_registros (business_id,fecha_hora,tipo,id) values (?,?,?,default)
Hibernate: insert into aforo_registros (business_id,fecha_hora,tipo,id) values (?,?,?,default)
Hibernate: insert into aforo_registros (business_id,fecha_hora,tipo,id) values (?,?,?,default)
Hibernate: insert into aforo_registros (business_id,fecha_hora,tipo,id) values (?,?,?,default)
Hibernate: insert into aforo_registros (business_id,fecha_hora,tipo,id) values (?,?,?,default)
Hibernate: insert into aforo_registros (business_id,fecha_hora,tipo,id) values (?,?,?,default)
Hibernate: insert into aforo_registros (business_id,fecha_hora,tipo,id) values (?,?,?,default)
Hibernate: insert into aforo_registros (business_id,fecha_hora,tipo,id) values (?,?,?,default)
Hibernate: insert into aforo_registros (business_id,fecha_hora,tipo,id) values (?,?,?,default)
Hibernate: insert into aforo_registros (business_id,fecha_hora,tipo,id) values (?,?,?,default)
Hibernate: insert into aforo_registros (business_id,fecha_hora,tipo,id) values (?,?,?,default)
Hibernate: insert into aforo_registros (business_id,fecha_hora,tipo,id) values (?,?,?,default)
Hibernate: insert into aforo_registros (business_id,fecha_hora,tipo,id) values (?,?,?,default)
Hibernate: insert into aforo_registros (business_id,fecha_hora,tipo,id) values (?,?,?,default)
Hibernate: insert into aforo_registros (business_id,fecha_hora,tipo,id) values (?,?,?,default)
Hibernate: insert into aforo_registros (business_id,fecha_hora,tipo,id) values (?,?,?,default)
Hibernate: insert into aforo_registros (business_id,fecha_hora,tipo,id) values (?,?,?,default)
Hibernate: insert into aforo_registros (business_id,fecha_hora,tipo,id) values (?,?,?,default)
Hibernate: insert into aforo_registros (business_id,fecha_hora,tipo,id) values (?,?,?,default)
Hibernate: insert into aforo_registros (business_id,fecha_hora,tipo,id) values (?,?,?,default)
Hibernate: insert into aforo_registros (business_id,fecha_hora,tipo,id) values (?,?,?,default)
Hibernate: insert into aforo_registros (business_id,fecha_hora,tipo,id) values (?,?,?,default)
Hibernate: insert into aforo_registros (business_id,fecha_hora,tipo,id) values (?,?,?,default)
Hibernate: insert into aforo_registros (business_id,fecha_hora,tipo,id) values (?,?,?,default)
Hibernate: insert into aforo_registros (business_id,fecha_hora,tipo,id) values (?,?,?,default)
Hibernate: insert into aforo_registros (business_id,fecha_hora,tipo,id) values (?,?,?,default)
Hibernate: insert into aforo_registros (business_id,fecha_hora,tipo,id) values (?,?,?,default)
Hibernate: insert into aforo_registros (business_id,fecha_hora,tipo,id) values (?,?,?,default)
Hibernate: insert into aforo_registros (business_id,fecha_hora,tipo,id) values (?,?,?,default)
Hibernate: insert into aforo_registros (business_id,fecha_hora,tipo,id) values (?,?,?,default)
Hibernate: insert into aforo_registros (business_id,fecha_hora,tipo,id) values (?,?,?,default)
Hibernate: insert into aforo_registros (business_id,fecha_hora,tipo,id) values (?,?,?,default)
Hibernate: insert into aforo_registros (business_id,fecha_hora,tipo,id) values (?,?,?,default)
Hibernate: insert into aforo_registros (business_id,fecha_hora,tipo,id) values (?,?,?,default)
Hibernate: insert into aforo_registros (business_id,fecha_hora,tipo,id) values (?,?,?,default)
Hibernate: insert into aforo_registros (business_id,fecha_hora,tipo,id) values (?,?,?,default)
Hibernate: insert into aforo_registros (business_id,fecha_hora,tipo,id) values (?,?,?,default)
Hibernate: insert into aforo_registros (business_id,fecha_hora,tipo,id) values (?,?,?,default)
Hibernate: insert into aforo_registros (business_id,fecha_hora,tipo,id) values (?,?,?,default)
Hibernate: insert into aforo_registros (business_id,fecha_hora,tipo,id) values (?,?,?,default)
Hibernate: insert into aforo_registros (business_id,fecha_hora,tipo,id) values (?,?,?,default)
Hibernate: insert into aforo_registros (business_id,fecha_hora,tipo,id) values (?,?,?,default)
Hibernate: insert into aforo_registros (business_id,fecha_hora,tipo,id) values (?,?,?,default)
Hibernate: insert into aforo_registros (business_id,fecha_hora,tipo,id) values (?,?,?,default)
Hibernate: insert into aforo_registros (business_id,fecha_hora,tipo,id) values (?,?,?,default)
Hibernate: insert into aforo_registros (business_id,fecha_hora,tipo,id) values (?,?,?,default)
Hibernate: insert into aforo_registros (business_id,fecha_hora,tipo,id) values (?,?,?,default)
Hibernate: insert into aforo_registros (business_id,fecha_hora,tipo,id) values (?,?,?,default)
Hibernate: insert into aforo_registros (business_id,fecha_hora,tipo,id) values (?,?,?,default)
Hibernate: insert into aforo_registros (business_id,fecha_hora,tipo,id) values (?,?,?,default)
Hibernate: insert into aforo_registros (business_id,fecha_hora,tipo,id) values (?,?,?,default)
Hibernate: insert into aforo_registros (business_id,fecha_hora,tipo,id) values (?,?,?,default)
Hibernate: insert into aforo_registros (business_id,fecha_hora,tipo,id) values (?,?,?,default)
Hibernate: insert into aforo_registros (business_id,fecha_hora,tipo,id) values (?,?,?,default)
Hibernate: insert into aforo_registros (business_id,fecha_hora,tipo,id) values (?,?,?,default)
Hibernate: insert into aforo_registros (business_id,fecha_hora,tipo,id) values (?,?,?,default)
Hibernate: insert into aforo_registros (business_id,fecha_hora,tipo,id) values (?,?,?,default)
Hibernate: insert into aforo_registros (business_id,fecha_hora,tipo,id) values (?,?,?,default)
Hibernate: insert into aforo_registros (business_id,fecha_hora,tipo,id) values (?,?,?,default)
Hibernate: insert into aforo_registros (business_id,fecha_hora,tipo,id) values (?,?,?,default)
Hibernate: insert into aforo_registros (business_id,fecha_hora,tipo,id) values (?,?,?,default)
Hibernate: insert into aforo_registros (business_id,fecha_hora,tipo,id) values (?,?,?,default)
Hibernate: insert into aforo_registros (business_id,fecha_hora,tipo,id) values (?,?,?,default)
Hibernate: insert into aforo_registros (business_id,fecha_hora,tipo,id) values (?,?,?,default)
Hibernate: insert into aforo_registros (business_id,fecha_hora,tipo,id) values (?,?,?,default)
Hibernate: insert into aforo_registros (business_id,fecha_hora,tipo,id) values (?,?,?,default)
Hibernate: insert into aforo_registros (business_id,fecha_hora,tipo,id) values (?,?,?,default)
Hibernate: insert into aforo_registros (business_id,fecha_hora,tipo,id) values (?,?,?,default)
Hibernate: insert into aforo_registros (business_id,fecha_hora,tipo,id) values (?,?,?,default)
Hibernate: insert into aforo_registros (business_id,fecha_hora,tipo,id) values (?,?,?,default)
Hibernate: insert into aforo_registros (business_id,fecha_hora,tipo,id) values (?,?,?,default)
Hibernate: insert into aforo_registros (business_id,fecha_hora,tipo,id) values (?,?,?,default)
Hibernate: insert into aforo_registros (business_id,fecha_hora,tipo,id) values (?,?,?,default)
Hibernate: insert into aforo_registros (business_id,fecha_hora,tipo,id) values (?,?,?,default)
Hibernate: insert into aforo_registros (business_id,fecha_hora,tipo,id) values (?,?,?,default)
Hibernate: insert into aforo_registros (business_id,fecha_hora,tipo,id) values (?,?,?,default)
Hibernate: insert into aforo_registros (business_id,fecha_hora,tipo,id) values (?,?,?,default)
Hibernate: insert into aforo_registros (business_id,fecha_hora,tipo,id) values (?,?,?,default)
Hibernate: insert into aforo_registros (business_id,fecha_hora,tipo,id) values (?,?,?,default)
Hibernate: insert into aforo_registros (business_id,fecha_hora,tipo,id) values (?,?,?,default)
Hibernate: insert into aforo_registros (business_id,fecha_hora,tipo,id) values (?,?,?,default)
Hibernate: insert into aforo_registros (business_id,fecha_hora,tipo,id) values (?,?,?,default)
Hibernate: insert into aforo_registros (business_id,fecha_hora,tipo,id) values (?,?,?,default)
Hibernate: insert into aforo_registros (business_id,fecha_hora,tipo,id) values (?,?,?,default)
Hibernate: insert into aforo_registros (business_id,fecha_hora,tipo,id) values (?,?,?,default)
Hibernate: insert into aforo_registros (business_id,fecha_hora,tipo,id) values (?,?,?,default)
Hibernate: insert into aforo_registros (business_id,fecha_hora,tipo,id) values (?,?,?,default)
Hibernate: insert into aforo_registros (business_id,fecha_hora,tipo,id) values (?,?,?,default)
Hibernate: insert into aforo_registros (business_id,fecha_hora,tipo,id) values (?,?,?,default)
Hibernate: insert into aforo_registros (business_id,fecha_hora,tipo,id) values (?,?,?,default)
Hibernate: insert into aforo_registros (business_id,fecha_hora,tipo,id) values (?,?,?,default)
Hibernate: insert into aforo_registros (business_id,fecha_hora,tipo,id) values (?,?,?,default)
Hibernate: insert into aforo_registros (business_id,fecha_hora,tipo,id) values (?,?,?,default)
Hibernate: insert into aforo_registros (business_id,fecha_hora,tipo,id) values (?,?,?,default)
Hibernate: insert into aforo_registros (business_id,fecha_hora,tipo,id) values (?,?,?,default)
Hibernate: insert into aforo_registros (business_id,fecha_hora,tipo,id) values (?,?,?,default)
Hibernate: insert into aforo_registros (business_id,fecha_hora,tipo,id) values (?,?,?,default)
Hibernate: insert into aforo_registros (business_id,fecha_hora,tipo,id) values (?,?,?,default)
Hibernate: insert into aforo_registros (business_id,fecha_hora,tipo,id) values (?,?,?,default)
Hibernate: insert into aforo_registros (business_id,fecha_hora,tipo,id) values (?,?,?,default)
Hibernate: insert into aforo_registros (business_id,fecha_hora,tipo,id) values (?,?,?,default)
Hibernate: insert into aforo_registros (business_id,fecha_hora,tipo,id) values (?,?,?,default)
Hibernate: insert into aforo_registros (business_id,fecha_hora,tipo,id) values (?,?,?,default)
Hibernate: insert into aforo_registros (business_id,fecha_hora,tipo,id) values (?,?,?,default)
Hibernate: insert into aforo_registros (business_id,fecha_hora,tipo,id) values (?,?,?,default)
Hibernate: insert into aforo_registros (business_id,fecha_hora,tipo,id) values (?,?,?,default)
Hibernate: insert into aforo_registros (business_id,fecha_hora,tipo,id) values (?,?,?,default)
Hibernate: insert into aforo_registros (business_id,fecha_hora,tipo,id) values (?,?,?,default)
Hibernate: insert into aforo_registros (business_id,fecha_hora,tipo,id) values (?,?,?,default)
Hibernate: insert into aforo_registros (business_id,fecha_hora,tipo,id) values (?,?,?,default)
Hibernate: insert into aforo_registros (business_id,fecha_hora,tipo,id) values (?,?,?,default)
Hibernate: insert into aforo_registros (business_id,fecha_hora,tipo,id) values (?,?,?,default)
Hibernate: insert into aforo_registros (business_id,fecha_hora,tipo,id) values (?,?,?,default)
Hibernate: insert into aforo_registros (business_id,fecha_hora,tipo,id) values (?,?,?,default)
Hibernate: insert into aforo_registros (business_id,fecha_hora,tipo,id) values (?,?,?,default)
Hibernate: insert into aforo_registros (business_id,fecha_hora,tipo,id) values (?,?,?,default)
Hibernate: insert into aforo_registros (business_id,fecha_hora,tipo,id) values (?,?,?,default)
Hibernate: insert into aforo_registros (business_id,fecha_hora,tipo,id) values (?,?,?,default)
Hibernate: insert into aforo_registros (business_id,fecha_hora,tipo,id) values (?,?,?,default)
Hibernate: insert into aforo_registros (business_id,fecha_hora,tipo,id) values (?,?,?,default)
Hibernate: insert into aforo_registros (business_id,fecha_hora,tipo,id) values (?,?,?,default)
Hibernate: insert into aforo_registros (business_id,fecha_hora,tipo,id) values (?,?,?,default)
Hibernate: insert into aforo_registros (business_id,fecha_hora,tipo,id) values (?,?,?,default)
Hibernate: insert into aforo_registros (business_id,fecha_hora,tipo,id) values (?,?,?,default)
Hibernate: insert into aforo_registros (business_id,fecha_hora,tipo,id) values (?,?,?,default)
Hibernate: insert into aforo_registros (business_id,fecha_hora,tipo,id) values (?,?,?,default)
Hibernate: insert into aforo_registros (business_id,fecha_hora,tipo,id) values (?,?,?,default)
Hibernate: insert into aforo_registros (business_id,fecha_hora,tipo,id) values (?,?,?,default)
Hibernate: insert into aforo_registros (business_id,fecha_hora,tipo,id) values (?,?,?,default)
Hibernate: insert into aforo_registros (business_id,fecha_hora,tipo,id) values (?,?,?,default)
Hibernate: insert into aforo_registros (business_id,fecha_hora,tipo,id) values (?,?,?,default)
Hibernate: insert into aforo_registros (business_id,fecha_hora,tipo,id) values (?,?,?,default)
Hibernate: insert into aforo_registros (business_id,fecha_hora,tipo,id) values (?,?,?,default)
Hibernate: insert into aforo_registros (business_id,fecha_hora,tipo,id) values (?,?,?,default)
Hibernate: insert into aforo_registros (business_id,fecha_hora,tipo,id) values (?,?,?,default)
Hibernate: insert into aforo_registros (business_id,fecha_hora,tipo,id) values (?,?,?,default)
Hibernate: insert into aforo_registros (business_id,fecha_hora,tipo,id) values (?,?,?,default)
Hibernate: insert into aforo_registros (business_id,fecha_hora,tipo,id) values (?,?,?,default)
Hibernate: insert into aforo_registros (business_id,fecha_hora,tipo,id) values (?,?,?,default)
Hibernate: insert into aforo_registros (business_id,fecha_hora,tipo,id) values (?,?,?,default)
Hibernate: insert into aforo_registros (business_id,fecha_hora,tipo,id) values (?,?,?,default)
Hibernate: insert into aforo_registros (business_id,fecha_hora,tipo,id) values (?,?,?,default)
Hibernate: insert into aforo_registros (business_id,fecha_hora,tipo,id) values (?,?,?,default)
Hibernate: insert into aforo_registros (business_id,fecha_hora,tipo,id) values (?,?,?,default)
Hibernate: insert into aforo_registros (business_id,fecha_hora,tipo,id) values (?,?,?,default)
Hibernate: insert into aforo_registros (business_id,fecha_hora,tipo,id) values (?,?,?,default)
Hibernate: insert into aforo_registros (business_id,fecha_hora,tipo,id) values (?,?,?,default)
Hibernate: insert into aforo_registros (business_id,fecha_hora,tipo,id) values (?,?,?,default)
Hibernate: insert into aforo_registros (business_id,fecha_hora,tipo,id) values (?,?,?,default)
Hibernate: insert into aforo_registros (business_id,fecha_hora,tipo,id) values (?,?,?,default)
Hibernate: insert into aforo_registros (business_id,fecha_hora,tipo,id) values (?,?,?,default)
Hibernate: insert into aforo_registros (business_id,fecha_hora,tipo,id) values (?,?,?,default)
Hibernate: insert into aforo_registros (business_id,fecha_hora,tipo,id) values (?,?,?,default)
Hibernate: insert into aforo_registros (business_id,fecha_hora,tipo,id) values (?,?,?,default)
Hibernate: insert into aforo_registros (business_id,fecha_hora,tipo,id) values (?,?,?,default)
Hibernate: insert into aforo_registros (business_id,fecha_hora,tipo,id) values (?,?,?,default)
Hibernate: insert into aforo_registros (business_id,fecha_hora,tipo,id) values (?,?,?,default)
Hibernate: insert into aforo_registros (business_id,fecha_hora,tipo,id) values (?,?,?,default)
Hibernate: insert into aforo_registros (business_id,fecha_hora,tipo,id) values (?,?,?,default)
Hibernate: insert into aforo_registros (business_id,fecha_hora,tipo,id) values (?,?,?,default)
Hibernate: insert into aforo_registros (business_id,fecha_hora,tipo,id) values (?,?,?,default)
Hibernate: insert into aforo_registros (business_id,fecha_hora,tipo,id) values (?,?,?,default)
Hibernate: insert into aforo_registros (business_id,fecha_hora,tipo,id) values (?,?,?,default)
Hibernate: insert into aforo_registros (business_id,fecha_hora,tipo,id) values (?,?,?,default)
Hibernate: insert into aforo_registros (business_id,fecha_hora,tipo,id) values (?,?,?,default)
Hibernate: insert into aforo_registros (business_id,fecha_hora,tipo,id) values (?,?,?,default)
Hibernate: insert into aforo_registros (business_id,fecha_hora,tipo,id) values (?,?,?,default)
Hibernate: insert into aforo_registros (business_id,fecha_hora,tipo,id) values (?,?,?,default)
Hibernate: insert into aforo_registros (business_id,fecha_hora,tipo,id) values (?,?,?,default)
Hibernate: insert into aforo_registros (business_id,fecha_hora,tipo,id) values (?,?,?,default)
Hibernate: insert into aforo_registros (business_id,fecha_hora,tipo,id) values (?,?,?,default)
Hibernate: insert into aforo_registros (business_id,fecha_hora,tipo,id) values (?,?,?,default)
Hibernate: insert into aforo_registros (business_id,fecha_hora,tipo,id) values (?,?,?,default)
Hibernate: insert into aforo_registros (business_id,fecha_hora,tipo,id) values (?,?,?,default)
Hibernate: insert into aforo_registros (business_id,fecha_hora,tipo,id) values (?,?,?,default)
Hibernate: insert into aforo_registros (business_id,fecha_hora,tipo,id) values (?,?,?,default)
Hibernate: insert into aforo_registros (business_id,fecha_hora,tipo,id) values (?,?,?,default)
Hibernate: insert into aforo_registros (business_id,fecha_hora,tipo,id) values (?,?,?,default)
Hibernate: insert into aforo_registros (business_id,fecha_hora,tipo,id) values (?,?,?,default)
Hibernate: insert into aforo_registros (business_id,fecha_hora,tipo,id) values (?,?,?,default)
Hibernate: insert into aforo_registros (business_id,fecha_hora,tipo,id) values (?,?,?,default)
Hibernate: insert into aforo_registros (business_id,fecha_hora,tipo,id) values (?,?,?,default)
Hibernate: insert into aforo_registros (business_id,fecha_hora,tipo,id) values (?,?,?,default)
Hibernate: insert into aforo_registros (business_id,fecha_hora,tipo,id) values (?,?,?,default)
Hibernate: insert into aforo_registros (business_id,fecha_hora,tipo,id) values (?,?,?,default)
Hibernate: insert into aforo_registros (business_id,fecha_hora,tipo,id) values (?,?,?,default)
Hibernate: insert into aforo_registros (business_id,fecha_hora,tipo,id) values (?,?,?,default)
Hibernate: insert into aforo_registros (business_id,fecha_hora,tipo,id) values (?,?,?,default)
Hibernate: insert into aforo_registros (business_id,fecha_hora,tipo,id) values (?,?,?,default)
Hibernate: insert into aforo_registros (business_id,fecha_hora,tipo,id) values (?,?,?,default)
Hibernate: insert into aforo_registros (business_id,fecha_hora,tipo,id) values (?,?,?,default)
Hibernate: insert into aforo_registros (business_id,fecha_hora,tipo,id) values (?,?,?,default)
Hibernate: insert into aforo_registros (business_id,fecha_hora,tipo,id) values (?,?,?,default)
Hibernate: insert into aforo_registros (business_id,fecha_hora,tipo,id) values (?,?,?,default)
Hibernate: insert into aforo_registros (business_id,fecha_hora,tipo,id) values (?,?,?,default)
Hibernate: insert into aforo_registros (business_id,fecha_hora,tipo,id) values (?,?,?,default)
Hibernate: insert into aforo_registros (business_id,fecha_hora,tipo,id) values (?,?,?,default)
Hibernate: insert into aforo_registros (business_id,fecha_hora,tipo,id) values (?,?,?,default)
Hibernate: insert into aforo_registros (business_id,fecha_hora,tipo,id) values (?,?,?,default)
Hibernate: insert into aforo_registros (business_id,fecha_hora,tipo,id) values (?,?,?,default)
Hibernate: insert into aforo_registros (business_id,fecha_hora,tipo,id) values (?,?,?,default)
Hibernate: insert into aforo_registros (business_id,fecha_hora,tipo,id) values (?,?,?,default)
Hibernate: insert into aforo_registros (business_id,fecha_hora,tipo,id) values (?,?,?,default)
Hibernate: insert into aforo_registros (business_id,fecha_hora,tipo,id) values (?,?,?,default)
Hibernate: insert into aforo_registros (business_id,fecha_hora,tipo,id) values (?,?,?,default)
Hibernate: insert into aforo_registros (business_id,fecha_hora,tipo,id) values (?,?,?,default)
Hibernate: insert into aforo_registros (business_id,fecha_hora,tipo,id) values (?,?,?,default)
Hibernate: insert into aforo_registros (business_id,fecha_hora,tipo,id) values (?,?,?,default)
Hibernate: insert into aforo_registros (business_id,fecha_hora,tipo,id) values (?,?,?,default)
Hibernate: insert into aforo_registros (business_id,fecha_hora,tipo,id) values (?,?,?,default)
Hibernate: insert into aforo_registros (business_id,fecha_hora,tipo,id) values (?,?,?,default)
Hibernate: insert into aforo_registros (business_id,fecha_hora,tipo,id) values (?,?,?,default)
Hibernate: insert into aforo_registros (business_id,fecha_hora,tipo,id) values (?,?,?,default)
Hibernate: insert into aforo_registros (business_id,fecha_hora,tipo,id) values (?,?,?,default)
Hibernate: insert into aforo_registros (business_id,fecha_hora,tipo,id) values (?,?,?,default)
Hibernate: insert into aforo_registros (business_id,fecha_hora,tipo,id) values (?,?,?,default)
Hibernate: insert into aforo_registros (business_id,fecha_hora,tipo,id) values (?,?,?,default)
Hibernate: insert into aforo_registros (business_id,fecha_hora,tipo,id) values (?,?,?,default)
Hibernate: insert into aforo_registros (business_id,fecha_hora,tipo,id) values (?,?,?,default)
Hibernate: insert into aforo_registros (business_id,fecha_hora,tipo,id) values (?,?,?,default)
Hibernate: insert into aforo_registros (business_id,fecha_hora,tipo,id) values (?,?,?,default)
Hibernate: insert into aforo_registros (business_id,fecha_hora,tipo,id) values (?,?,?,default)
Hibernate: insert into aforo_registros (business_id,fecha_hora,tipo,id) values (?,?,?,default)
Hibernate: insert into aforo_registros (business_id,fecha_hora,tipo,id) values (?,?,?,default)
Hibernate: insert into aforo_registros (business_id,fecha_hora,tipo,id) values (?,?,?,default)
Hibernate: insert into aforo_registros (business_id,fecha_hora,tipo,id) values (?,?,?,default)
Hibernate: insert into aforo_registros (business_id,fecha_hora,tipo,id) values (?,?,?,default)
Hibernate: insert into aforo_registros (business_id,fecha_hora,tipo,id) values (?,?,?,default)
Hibernate: insert into aforo_registros (business_id,fecha_hora,tipo,id) values (?,?,?,default)
Hibernate: insert into aforo_registros (business_id,fecha_hora,tipo,id) values (?,?,?,default)
Hibernate: insert into aforo_registros (business_id,fecha_hora,tipo,id) values (?,?,?,default)
Hibernate: insert into aforo_registros (business_id,fecha_hora,tipo,id) values (?,?,?,default)
Hibernate: insert into aforo_registros (business_id,fecha_hora,tipo,id) values (?,?,?,default)
Hibernate: insert into aforo_registros (business_id,fecha_hora,tipo,id) values (?,?,?,default)
Hibernate: insert into aforo_registros (business_id,fecha_hora,tipo,id) values (?,?,?,default)
Hibernate: insert into aforo_registros (business_id,fecha_hora,tipo,id) values (?,?,?,default)
Hibernate: insert into aforo_registros (business_id,fecha_hora,tipo,id) values (?,?,?,default)
Hibernate: insert into aforo_registros (business_id,fecha_hora,tipo,id) values (?,?,?,default)
Hibernate: insert into aforo_registros (business_id,fecha_hora,tipo,id) values (?,?,?,default)
Hibernate: insert into aforo_registros (business_id,fecha_hora,tipo,id) values (?,?,?,default)
Hibernate: insert into aforo_registros (business_id,fecha_hora,tipo,id) values (?,?,?,default)
Hibernate: insert into aforo_registros (business_id,fecha_hora,tipo,id) values (?,?,?,default)
Hibernate: insert into aforo_registros (business_id,fecha_hora,tipo,id) values (?,?,?,default)
Hibernate: insert into aforo_registros (business_id,fecha_hora,tipo,id) values (?,?,?,default)
Hibernate: insert into aforo_registros (business_id,fecha_hora,tipo,id) values (?,?,?,default)
Hibernate: insert into aforo_registros (business_id,fecha_hora,tipo,id) values (?,?,?,default)
Hibernate: insert into aforo_registros (business_id,fecha_hora,tipo,id) values (?,?,?,default)
Hibernate: insert into aforo_registros (business_id,fecha_hora,tipo,id) values (?,?,?,default)
Hibernate: insert into aforo_registros (business_id,fecha_hora,tipo,id) values (?,?,?,default)
Hibernate: insert into aforo_registros (business_id,fecha_hora,tipo,id) values (?,?,?,default)
Hibernate: insert into aforo_registros (business_id,fecha_hora,tipo,id) values (?,?,?,default)
Hibernate: insert into aforo_registros (business_id,fecha_hora,tipo,id) values (?,?,?,default)
Hibernate: insert into aforo_registros (business_id,fecha_hora,tipo,id) values (?,?,?,default)
Hibernate: insert into aforo_registros (business_id,fecha_hora,tipo,id) values (?,?,?,default)
Hibernate: insert into aforo_registros (business_id,fecha_hora,tipo,id) values (?,?,?,default)
Hibernate: insert into aforo_registros (business_id,fecha_hora,tipo,id) values (?,?,?,default)
Hibernate: insert into aforo_registros (business_id,fecha_hora,tipo,id) values (?,?,?,default)
Hibernate: insert into aforo_registros (business_id,fecha_hora,tipo,id) values (?,?,?,default)
Hibernate: insert into aforo_registros (business_id,fecha_hora,tipo,id) values (?,?,?,default)
Hibernate: insert into aforo_registros (business_id,fecha_hora,tipo,id) values (?,?,?,default)
Hibernate: insert into aforo_registros (business_id,fecha_hora,tipo,id) values (?,?,?,default)
Hibernate: insert into aforo_registros (business_id,fecha_hora,tipo,id) values (?,?,?,default)
Hibernate: insert into aforo_registros (business_id,fecha_hora,tipo,id) values (?,?,?,default)
Hibernate: insert into aforo_registros (business_id,fecha_hora,tipo,id) values (?,?,?,default)
Hibernate: insert into aforo_registros (business_id,fecha_hora,tipo,id) values (?,?,?,default)
Hibernate: insert into aforo_registros (business_id,fecha_hora,tipo,id) values (?,?,?,default)
Hibernate: insert into aforo_registros (business_id,fecha_hora,tipo,id) values (?,?,?,default)
Hibernate: insert into aforo_registros (business_id,fecha_hora,tipo,id) values (?,?,?,default)
Hibernate: insert into aforo_registros (business_id,fecha_hora,tipo,id) values (?,?,?,default)
Hibernate: insert into aforo_registros (business_id,fecha_hora,tipo,id) values (?,?,?,default)
Hibernate: insert into aforo_registros (business_id,fecha_hora,tipo,id) values (?,?,?,default)
Hibernate: insert into aforo_registros (business_id,fecha_hora,tipo,id) values (?,?,?,default)
Hibernate: insert into aforo_registros (business_id,fecha_hora,tipo,id) values (?,?,?,default)
Hibernate: insert into aforo_registros (business_id,fecha_hora,tipo,id) values (?,?,?,default)
Hibernate: insert into aforo_registros (business_id,fecha_hora,tipo,id) values (?,?,?,default)
Hibernate: insert into aforo_registros (business_id,fecha_hora,tipo,id) values (?,?,?,default)
Hibernate: insert into aforo_registros (business_id,fecha_hora,tipo,id) values (?,?,?,default)
Hibernate: insert into aforo_registros (business_id,fecha_hora,tipo,id) values (?,?,?,default)
Hibernate: insert into aforo_registros (business_id,fecha_hora,tipo,id) values (?,?,?,default)
Hibernate: insert into aforo_registros (business_id,fecha_hora,tipo,id) values (?,?,?,default)
Hibernate: insert into aforo_registros (business_id,fecha_hora,tipo,id) values (?,?,?,default)
Hibernate: insert into aforo_registros (business_id,fecha_hora,tipo,id) values (?,?,?,default)
Hibernate: insert into aforo_registros (business_id,fecha_hora,tipo,id) values (?,?,?,default)
Hibernate: insert into aforo_registros (business_id,fecha_hora,tipo,id) values (?,?,?,default)
Hibernate: insert into aforo_registros (business_id,fecha_hora,tipo,id) values (?,?,?,default)
Hibernate: insert into aforo_registros (business_id,fecha_hora,tipo,id) values (?,?,?,default)
Hibernate: insert into aforo_registros (business_id,fecha_hora,tipo,id) values (?,?,?,default)
Hibernate: insert into aforo_registros (business_id,fecha_hora,tipo,id) values (?,?,?,default)
Hibernate: insert into aforo_registros (business_id,fecha_hora,tipo,id) values (?,?,?,default)
Hibernate: insert into aforo_registros (business_id,fecha_hora,tipo,id) values (?,?,?,default)
Hibernate: insert into aforo_registros (business_id,fecha_hora,tipo,id) values (?,?,?,default)
Hibernate: insert into aforo_registros (business_id,fecha_hora,tipo,id) values (?,?,?,default)
Hibernate: insert into aforo_registros (business_id,fecha_hora,tipo,id) values (?,?,?,default)
Hibernate: insert into aforo_registros (business_id,fecha_hora,tipo,id) values (?,?,?,default)
Hibernate: insert into aforo_registros (business_id,fecha_hora,tipo,id) values (?,?,?,default)
Hibernate: insert into aforo_registros (business_id,fecha_hora,tipo,id) values (?,?,?,default)
Hibernate: insert into aforo_registros (business_id,fecha_hora,tipo,id) values (?,?,?,default)
Hibernate: insert into aforo_registros (business_id,fecha_hora,tipo,id) values (?,?,?,default)
Hibernate: insert into aforo_registros (business_id,fecha_hora,tipo,id) values (?,?,?,default)
Hibernate: insert into aforo_registros (business_id,fecha_hora,tipo,id) values (?,?,?,default)
Hibernate: insert into aforo_registros (business_id,fecha_hora,tipo,id) values (?,?,?,default)
Hibernate: insert into aforo_registros (business_id,fecha_hora,tipo,id) values (?,?,?,default)
Hibernate: insert into aforo_registros (business_id,fecha_hora,tipo,id) values (?,?,?,default)
Hibernate: insert into aforo_registros (business_id,fecha_hora,tipo,id) values (?,?,?,default)
Hibernate: insert into aforo_registros (business_id,fecha_hora,tipo,id) values (?,?,?,default)
Hibernate: insert into aforo_registros (business_id,fecha_hora,tipo,id) values (?,?,?,default)
Hibernate: insert into aforo_registros (business_id,fecha_hora,tipo,id) values (?,?,?,default)
Hibernate: insert into aforo_registros (business_id,fecha_hora,tipo,id) values (?,?,?,default)
Hibernate: insert into aforo_registros (business_id,fecha_hora,tipo,id) values (?,?,?,default)
Hibernate: insert into aforo_registros (business_id,fecha_hora,tipo,id) values (?,?,?,default)
Hibernate: insert into aforo_registros (business_id,fecha_hora,tipo,id) values (?,?,?,default)
Hibernate: insert into aforo_registros (business_id,fecha_hora,tipo,id) values (?,?,?,default)
Hibernate: insert into aforo_registros (business_id,fecha_hora,tipo,id) values (?,?,?,default)
Hibernate: insert into aforo_registros (business_id,fecha_hora,tipo,id) values (?,?,?,default)
Hibernate: insert into aforo_registros (business_id,fecha_hora,tipo,id) values (?,?,?,default)
Hibernate: insert into aforo_registros (business_id,fecha_hora,tipo,id) values (?,?,?,default)
Hibernate: insert into aforo_registros (business_id,fecha_hora,tipo,id) values (?,?,?,default)
Hibernate: insert into aforo_registros (business_id,fecha_hora,tipo,id) values (?,?,?,default)
Hibernate: insert into aforo_registros (business_id,fecha_hora,tipo,id) values (?,?,?,default)
Hibernate: insert into aforo_registros (business_id,fecha_hora,tipo,id) values (?,?,?,default)
Hibernate: insert into aforo_registros (business_id,fecha_hora,tipo,id) values (?,?,?,default)
Hibernate: insert into aforo_registros (business_id,fecha_hora,tipo,id) values (?,?,?,default)
Hibernate: insert into aforo_registros (business_id,fecha_hora,tipo,id) values (?,?,?,default)
Hibernate: insert into aforo_registros (business_id,fecha_hora,tipo,id) values (?,?,?,default)
Hibernate: insert into aforo_registros (business_id,fecha_hora,tipo,id) values (?,?,?,default)
Hibernate: insert into aforo_registros (business_id,fecha_hora,tipo,id) values (?,?,?,default)
Hibernate: insert into aforo_registros (business_id,fecha_hora,tipo,id) values (?,?,?,default)
Hibernate: insert into aforo_registros (business_id,fecha_hora,tipo,id) values (?,?,?,default)
Hibernate: insert into aforo_registros (business_id,fecha_hora,tipo,id) values (?,?,?,default)
Hibernate: insert into aforo_registros (business_id,fecha_hora,tipo,id) values (?,?,?,default)
Hibernate: insert into aforo_registros (business_id,fecha_hora,tipo,id) values (?,?,?,default)
Hibernate: insert into aforo_registros (business_id,fecha_hora,tipo,id) values (?,?,?,default)
Hibernate: insert into aforo_registros (business_id,fecha_hora,tipo,id) values (?,?,?,default)
Hibernate: insert into aforo_registros (business_id,fecha_hora,tipo,id) values (?,?,?,default)
Hibernate: insert into aforo_registros (business_id,fecha_hora,tipo,id) values (?,?,?,default)
Hibernate: insert into aforo_registros (business_id,fecha_hora,tipo,id) values (?,?,?,default)
Hibernate: insert into aforo_registros (business_id,fecha_hora,tipo,id) values (?,?,?,default)
Hibernate: insert into aforo_registros (business_id,fecha_hora,tipo,id) values (?,?,?,default)
Hibernate: insert into aforo_registros (business_id,fecha_hora,tipo,id) values (?,?,?,default)
Hibernate: insert into aforo_registros (business_id,fecha_hora,tipo,id) values (?,?,?,default)
Hibernate: insert into aforo_registros (business_id,fecha_hora,tipo,id) values (?,?,?,default)
Hibernate: insert into aforo_registros (business_id,fecha_hora,tipo,id) values (?,?,?,default)
Hibernate: insert into aforo_registros (business_id,fecha_hora,tipo,id) values (?,?,?,default)
Hibernate: insert into aforo_registros (business_id,fecha_hora,tipo,id) values (?,?,?,default)
Hibernate: insert into aforo_registros (business_id,fecha_hora,tipo,id) values (?,?,?,default)
Hibernate: insert into aforo_registros (business_id,fecha_hora,tipo,id) values (?,?,?,default)
Hibernate: insert into aforo_registros (business_id,fecha_hora,tipo,id) values (?,?,?,default)
Hibernate: insert into aforo_registros (business_id,fecha_hora,tipo,id) values (?,?,?,default)
Hibernate: insert into aforo_registros (business_id,fecha_hora,tipo,id) values (?,?,?,default)
Hibernate: insert into aforo_registros (business_id,fecha_hora,tipo,id) values (?,?,?,default)
Hibernate: insert into aforo_registros (business_id,fecha_hora,tipo,id) values (?,?,?,default)
Hibernate: insert into aforo_registros (business_id,fecha_hora,tipo,id) values (?,?,?,default)
Hibernate: insert into aforo_registros (business_id,fecha_hora,tipo,id) values (?,?,?,default)
Hibernate: insert into aforo_registros (business_id,fecha_hora,tipo,id) values (?,?,?,default)
Hibernate: insert into aforo_registros (business_id,fecha_hora,tipo,id) values (?,?,?,default)
Hibernate: insert into aforo_registros (business_id,fecha_hora,tipo,id) values (?,?,?,default)
Hibernate: insert into aforo_registros (business_id,fecha_hora,tipo,id) values (?,?,?,default)
Hibernate: insert into aforo_registros (business_id,fecha_hora,tipo,id) values (?,?,?,default)
Hibernate: insert into aforo_registros (business_id,fecha_hora,tipo,id) values (?,?,?,default)
Hibernate: insert into aforo_registros (business_id,fecha_hora,tipo,id) values (?,?,?,default)
Hibernate: insert into aforo_registros (business_id,fecha_hora,tipo,id) values (?,?,?,default)
Hibernate: insert into aforo_registros (business_id,fecha_hora,tipo,id) values (?,?,?,default)
Hibernate: insert into aforo_registros (business_id,fecha_hora,tipo,id) values (?,?,?,default)
Hibernate: insert into aforo_registros (business_id,fecha_hora,tipo,id) values (?,?,?,default)
Hibernate: insert into aforo_registros (business_id,fecha_hora,tipo,id) values (?,?,?,default)
Hibernate: insert into aforo_registros (business_id,fecha_hora,tipo,id) values (?,?,?,default)
Hibernate: insert into aforo_registros (business_id,fecha_hora,tipo,id) values (?,?,?,default)
Hibernate: insert into aforo_registros (business_id,fecha_hora,tipo,id) values (?,?,?,default)
Hibernate: insert into aforo_registros (business_id,fecha_hora,tipo,id) values (?,?,?,default)
Hibernate: insert into aforo_registros (business_id,fecha_hora,tipo,id) values (?,?,?,default)
Hibernate: insert into aforo_registros (business_id,fecha_hora,tipo,id) values (?,?,?,default)
Hibernate: insert into aforo_registros (business_id,fecha_hora,tipo,id) values (?,?,?,default)
Hibernate: insert into aforo_registros (business_id,fecha_hora,tipo,id) values (?,?,?,default)
Hibernate: insert into aforo_registros (business_id,fecha_hora,tipo,id) values (?,?,?,default)
Hibernate: insert into aforo_registros (business_id,fecha_hora,tipo,id) values (?,?,?,default)
Hibernate: insert into aforo_registros (business_id,fecha_hora,tipo,id) values (?,?,?,default)
Hibernate: insert into aforo_registros (business_id,fecha_hora,tipo,id) values (?,?,?,default)
Hibernate: insert into aforo_registros (business_id,fecha_hora,tipo,id) values (?,?,?,default)
Hibernate: insert into aforo_registros (business_id,fecha_hora,tipo,id) values (?,?,?,default)
Hibernate: insert into aforo_registros (business_id,fecha_hora,tipo,id) values (?,?,?,default)
Hibernate: insert into aforo_registros (business_id,fecha_hora,tipo,id) values (?,?,?,default)
Hibernate: insert into aforo_registros (business_id,fecha_hora,tipo,id) values (?,?,?,default)
Hibernate: insert into aforo_registros (business_id,fecha_hora,tipo,id) values (?,?,?,default)
Hibernate: insert into aforo_registros (business_id,fecha_hora,tipo,id) values (?,?,?,default)
Hibernate: insert into aforo_registros (business_id,fecha_hora,tipo,id) values (?,?,?,default)
Hibernate: insert into aforo_registros (business_id,fecha_hora,tipo,id) values (?,?,?,default)
Hibernate: insert into aforo_registros (business_id,fecha_hora,tipo,id) values (?,?,?,default)
Hibernate: insert into aforo_registros (business_id,fecha_hora,tipo,id) values (?,?,?,default)
Hibernate: insert into aforo_registros (business_id,fecha_hora,tipo,id) values (?,?,?,default)
Hibernate: insert into aforo_registros (business_id,fecha_hora,tipo,id) values (?,?,?,default)
Hibernate: insert into aforo_registros (business_id,fecha_hora,tipo,id) values (?,?,?,default)
Hibernate: insert into aforo_registros (business_id,fecha_hora,tipo,id) values (?,?,?,default)
Hibernate: insert into aforo_registros (business_id,fecha_hora,tipo,id) values (?,?,?,default)
Hibernate: insert into aforo_registros (business_id,fecha_hora,tipo,id) values (?,?,?,default)
Hibernate: insert into aforo_registros (business_id,fecha_hora,tipo,id) values (?,?,?,default)
Hibernate: insert into aforo_registros (business_id,fecha_hora,tipo,id) values (?,?,?,default)
Hibernate: insert into aforo_registros (business_id,fecha_hora,tipo,id) values (?,?,?,default)
Hibernate: insert into aforo_registros (business_id,fecha_hora,tipo,id) values (?,?,?,default)
Hibernate: insert into aforo_registros (business_id,fecha_hora,tipo,id) values (?,?,?,default)
Hibernate: insert into aforo_registros (business_id,fecha_hora,tipo,id) values (?,?,?,default)
Hibernate: insert into aforo_registros (business_id,fecha_hora,tipo,id) values (?,?,?,default)
Hibernate: insert into aforo_registros (business_id,fecha_hora,tipo,id) values (?,?,?,default)
Hibernate: insert into aforo_registros (business_id,fecha_hora,tipo,id) values (?,?,?,default)
Hibernate: insert into aforo_registros (business_id,fecha_hora,tipo,id) values (?,?,?,default)
Hibernate: insert into aforo_registros (business_id,fecha_hora,tipo,id) values (?,?,?,default)
Hibernate: insert into aforo_registros (business_id,fecha_hora,tipo,id) values (?,?,?,default)
Hibernate: insert into aforo_registros (business_id,fecha_hora,tipo,id) values (?,?,?,default)
Hibernate: insert into aforo_registros (business_id,fecha_hora,tipo,id) values (?,?,?,default)
Hibernate: insert into aforo_registros (business_id,fecha_hora,tipo,id) values (?,?,?,default)
Hibernate: insert into aforo_registros (business_id,fecha_hora,tipo,id) values (?,?,?,default)
Hibernate: insert into aforo_registros (business_id,fecha_hora,tipo,id) values (?,?,?,default)
Hibernate: insert into aforo_registros (business_id,fecha_hora,tipo,id) values (?,?,?,default)
Hibernate: insert into aforo_registros (business_id,fecha_hora,tipo,id) values (?,?,?,default)
Hibernate: insert into aforo_registros (business_id,fecha_hora,tipo,id) values (?,?,?,default)
Hibernate: insert into aforo_registros (business_id,fecha_hora,tipo,id) values (?,?,?,default)
Hibernate: insert into aforo_registros (business_id,fecha_hora,tipo,id) values (?,?,?,default)
Hibernate: insert into aforo_registros (business_id,fecha_hora,tipo,id) values (?,?,?,default)
Hibernate: insert into aforo_registros (business_id,fecha_hora,tipo,id) values (?,?,?,default)
Hibernate: insert into aforo_registros (business_id,fecha_hora,tipo,id) values (?,?,?,default)
Hibernate: insert into aforo_registros (business_id,fecha_hora,tipo,id) values (?,?,?,default)
Hibernate: insert into aforo_registros (business_id,fecha_hora,tipo,id) values (?,?,?,default)
Hibernate: insert into aforo_registros (business_id,fecha_hora,tipo,id) values (?,?,?,default)
Hibernate: insert into aforo_registros (business_id,fecha_hora,tipo,id) values (?,?,?,default)
Hibernate: insert into aforo_registros (business_id,fecha_hora,tipo,id) values (?,?,?,default)
Hibernate: insert into aforo_registros (business_id,fecha_hora,tipo,id) values (?,?,?,default)
Hibernate: insert into aforo_registros (business_id,fecha_hora,tipo,id) values (?,?,?,default)
Hibernate: insert into aforo_registros (business_id,fecha_hora,tipo,id) values (?,?,?,default)
Hibernate: insert into aforo_registros (business_id,fecha_hora,tipo,id) values (?,?,?,default)
Hibernate: insert into aforo_registros (business_id,fecha_hora,tipo,id) values (?,?,?,default)
Hibernate: insert into aforo_registros (business_id,fecha_hora,tipo,id) values (?,?,?,default)
Hibernate: insert into aforo_registros (business_id,fecha_hora,tipo,id) values (?,?,?,default)
Hibernate: insert into aforo_registros (business_id,fecha_hora,tipo,id) values (?,?,?,default)
Hibernate: insert into aforo_registros (business_id,fecha_hora,tipo,id) values (?,?,?,default)
Hibernate: insert into aforo_registros (business_id,fecha_hora,tipo,id) values (?,?,?,default)
Hibernate: insert into aforo_registros (business_id,fecha_hora,tipo,id) values (?,?,?,default)
Hibernate: insert into aforo_registros (business_id,fecha_hora,tipo,id) values (?,?,?,default)
Hibernate: insert into aforo_registros (business_id,fecha_hora,tipo,id) values (?,?,?,default)
Hibernate: insert into aforo_registros (business_id,fecha_hora,tipo,id) values (?,?,?,default)
Hibernate: insert into aforo_registros (business_id,fecha_hora,tipo,id) values (?,?,?,default)
Hibernate: insert into aforo_registros (business_id,fecha_hora,tipo,id) values (?,?,?,default)
Hibernate: insert into aforo_registros (business_id,fecha_hora,tipo,id) values (?,?,?,default)
Hibernate: insert into aforo_registros (business_id,fecha_hora,tipo,id) values (?,?,?,default)
Hibernate: insert into aforo_registros (business_id,fecha_hora,tipo,id) values (?,?,?,default)
Hibernate: insert into aforo_registros (business_id,fecha_hora,tipo,id) values (?,?,?,default)
Hibernate: insert into aforo_registros (business_id,fecha_hora,tipo,id) values (?,?,?,default)
Hibernate: insert into aforo_registros (business_id,fecha_hora,tipo,id) values (?,?,?,default)
Hibernate: insert into aforo_registros (business_id,fecha_hora,tipo,id) values (?,?,?,default)
Hibernate: insert into aforo_registros (business_id,fecha_hora,tipo,id) values (?,?,?,default)
Hibernate: insert into aforo_registros (business_id,fecha_hora,tipo,id) values (?,?,?,default)
Hibernate: insert into aforo_registros (business_id,fecha_hora,tipo,id) values (?,?,?,default)
Hibernate: insert into aforo_registros (business_id,fecha_hora,tipo,id) values (?,?,?,default)
Hibernate: insert into aforo_registros (business_id,fecha_hora,tipo,id) values (?,?,?,default)
Hibernate: insert into aforo_registros (business_id,fecha_hora,tipo,id) values (?,?,?,default)
Hibernate: insert into aforo_registros (business_id,fecha_hora,tipo,id) values (?,?,?,default)
Hibernate: insert into aforo_registros (business_id,fecha_hora,tipo,id) values (?,?,?,default)
Hibernate: insert into aforo_registros (business_id,fecha_hora,tipo,id) values (?,?,?,default)
Hibernate: insert into aforo_registros (business_id,fecha_hora,tipo,id) values (?,?,?,default)
Hibernate: insert into aforo_registros (business_id,fecha_hora,tipo,id) values (?,?,?,default)
Hibernate: insert into aforo_registros (business_id,fecha_hora,tipo,id) values (?,?,?,default)
Hibernate: insert into aforo_registros (business_id,fecha_hora,tipo,id) values (?,?,?,default)
Hibernate: insert into aforo_registros (business_id,fecha_hora,tipo,id) values (?,?,?,default)
Hibernate: insert into aforo_registros (business_id,fecha_hora,tipo,id) values (?,?,?,default)
Hibernate: insert into aforo_registros (business_id,fecha_hora,tipo,id) values (?,?,?,default)
Hibernate: insert into aforo_registros (business_id,fecha_hora,tipo,id) values (?,?,?,default)
Hibernate: insert into aforo_registros (business_id,fecha_hora,tipo,id) values (?,?,?,default)
Hibernate: insert into aforo_registros (business_id,fecha_hora,tipo,id) values (?,?,?,default)
Hibernate: insert into aforo_registros (business_id,fecha_hora,tipo,id) values (?,?,?,default)
Hibernate: insert into aforo_registros (business_id,fecha_hora,tipo,id) values (?,?,?,default)
Hibernate: insert into aforo_registros (business_id,fecha_hora,tipo,id) values (?,?,?,default)
Hibernate: insert into aforo_registros (business_id,fecha_hora,tipo,id) values (?,?,?,default)
Hibernate: insert into aforo_registros (business_id,fecha_hora,tipo,id) values (?,?,?,default)
Hibernate: insert into aforo_registros (business_id,fecha_hora,tipo,id) values (?,?,?,default)
Hibernate: insert into aforo_registros (business_id,fecha_hora,tipo,id) values (?,?,?,default)
Hibernate: insert into aforo_registros (business_id,fecha_hora,tipo,id) values (?,?,?,default)
Hibernate: insert into aforo_registros (business_id,fecha_hora,tipo,id) values (?,?,?,default)
Hibernate: insert into aforo_registros (business_id,fecha_hora,tipo,id) values (?,?,?,default)
Hibernate: insert into aforo_registros (business_id,fecha_hora,tipo,id) values (?,?,?,default)
Hibernate: insert into aforo_registros (business_id,fecha_hora,tipo,id) values (?,?,?,default)
Hibernate: insert into aforo_registros (business_id,fecha_hora,tipo,id) values (?,?,?,default)
Hibernate: insert into aforo_registros (business_id,fecha_hora,tipo,id) values (?,?,?,default)
Hibernate: insert into aforo_registros (business_id,fecha_hora,tipo,id) values (?,?,?,default)
Hibernate: insert into aforo_registros (business_id,fecha_hora,tipo,id) values (?,?,?,default)
Hibernate: insert into aforo_registros (business_id,fecha_hora,tipo,id) values (?,?,?,default)
Hibernate: insert into aforo_registros (business_id,fecha_hora,tipo,id) values (?,?,?,default)
Hibernate: insert into aforo_registros (business_id,fecha_hora,tipo,id) values (?,?,?,default)
Hibernate: insert into aforo_registros (business_id,fecha_hora,tipo,id) values (?,?,?,default)
Hibernate: insert into aforo_registros (business_id,fecha_hora,tipo,id) values (?,?,?,default)
Hibernate: insert into aforo_registros (business_id,fecha_hora,tipo,id) values (?,?,?,default)
Hibernate: insert into aforo_registros (business_id,fecha_hora,tipo,id) values (?,?,?,default)
Hibernate: insert into aforo_registros (business_id,fecha_hora,tipo,id) values (?,?,?,default)
Hibernate: insert into aforo_registros (business_id,fecha_hora,tipo,id) values (?,?,?,default)
Hibernate: insert into aforo_registros (business_id,fecha_hora,tipo,id) values (?,?,?,default)
Hibernate: insert into aforo_registros (business_id,fecha_hora,tipo,id) values (?,?,?,default)
Hibernate: insert into aforo_registros (business_id,fecha_hora,tipo,id) values (?,?,?,default)
Hibernate: insert into aforo_registros (business_id,fecha_hora,tipo,id) values (?,?,?,default)
Hibernate: insert into aforo_registros (business_id,fecha_hora,tipo,id) values (?,?,?,default)
Hibernate: insert into aforo_registros (business_id,fecha_hora,tipo,id) values (?,?,?,default)
Hibernate: insert into aforo_registros (business_id,fecha_hora,tipo,id) values (?,?,?,default)
Hibernate: insert into aforo_registros (business_id,fecha_hora,tipo,id) values (?,?,?,default)
Hibernate: insert into aforo_registros (business_id,fecha_hora,tipo,id) values (?,?,?,default)
Hibernate: insert into aforo_registros (business_id,fecha_hora,tipo,id) values (?,?,?,default)
Hibernate: insert into aforo_registros (business_id,fecha_hora,tipo,id) values (?,?,?,default)
Hibernate: insert into aforo_registros (business_id,fecha_hora,tipo,id) values (?,?,?,default)
Hibernate: insert into aforo_registros (business_id,fecha_hora,tipo,id) values (?,?,?,default)
Hibernate: insert into aforo_registros (business_id,fecha_hora,tipo,id) values (?,?,?,default)
Hibernate: insert into aforo_registros (business_id,fecha_hora,tipo,id) values (?,?,?,default)
Hibernate: insert into aforo_registros (business_id,fecha_hora,tipo,id) values (?,?,?,default)
Hibernate: insert into aforo_registros (business_id,fecha_hora,tipo,id) values (?,?,?,default)
Hibernate: insert into aforo_registros (business_id,fecha_hora,tipo,id) values (?,?,?,default)
Hibernate: insert into aforo_registros (business_id,fecha_hora,tipo,id) values (?,?,?,default)
Hibernate: insert into aforo_registros (business_id,fecha_hora,tipo,id) values (?,?,?,default)
Hibernate: insert into aforo_registros (business_id,fecha_hora,tipo,id) values (?,?,?,default)
Hibernate: insert into aforo_registros (business_id,fecha_hora,tipo,id) values (?,?,?,default)
Hibernate: insert into aforo_registros (business_id,fecha_hora,tipo,id) values (?,?,?,default)
Hibernate: insert into aforo_registros (business_id,fecha_hora,tipo,id) values (?,?,?,default)
Hibernate: insert into aforo_registros (business_id,fecha_hora,tipo,id) values (?,?,?,default)
Hibernate: insert into aforo_registros (business_id,fecha_hora,tipo,id) values (?,?,?,default)
Hibernate: insert into aforo_registros (business_id,fecha_hora,tipo,id) values (?,?,?,default)
Hibernate: insert into aforo_registros (business_id,fecha_hora,tipo,id) values (?,?,?,default)
Hibernate: insert into aforo_registros (business_id,fecha_hora,tipo,id) values (?,?,?,default)
Hibernate: insert into aforo_registros (business_id,fecha_hora,tipo,id) values (?,?,?,default)
Hibernate: insert into aforo_registros (business_id,fecha_hora,tipo,id) values (?,?,?,default)
Hibernate: insert into aforo_registros (business_id,fecha_hora,tipo,id) values (?,?,?,default)
Hibernate: insert into aforo_registros (business_id,fecha_hora,tipo,id) values (?,?,?,default)
Hibernate: insert into aforo_registros (business_id,fecha_hora,tipo,id) values (?,?,?,default)
Hibernate: insert into aforo_registros (business_id,fecha_hora,tipo,id) values (?,?,?,default)
Hibernate: insert into aforo_registros (business_id,fecha_hora,tipo,id) values (?,?,?,default)
Hibernate: insert into aforo_registros (business_id,fecha_hora,tipo,id) values (?,?,?,default)
Hibernate: insert into aforo_registros (business_id,fecha_hora,tipo,id) values (?,?,?,default)
Hibernate: insert into aforo_registros (business_id,fecha_hora,tipo,id) values (?,?,?,default)
Hibernate: insert into aforo_registros (business_id,fecha_hora,tipo,id) values (?,?,?,default)
Hibernate: insert into aforo_registros (business_id,fecha_hora,tipo,id) values (?,?,?,default)
Hibernate: insert into aforo_registros (business_id,fecha_hora,tipo,id) values (?,?,?,default)
Hibernate: insert into aforo_registros (business_id,fecha_hora,tipo,id) values (?,?,?,default)
Hibernate: insert into aforo_registros (business_id,fecha_hora,tipo,id) values (?,?,?,default)
Hibernate: insert into aforo_registros (business_id,fecha_hora,tipo,id) values (?,?,?,default)
Hibernate: insert into aforo_registros (business_id,fecha_hora,tipo,id) values (?,?,?,default)
Hibernate: insert into aforo_registros (business_id,fecha_hora,tipo,id) values (?,?,?,default)
Hibernate: insert into aforo_registros (business_id,fecha_hora,tipo,id) values (?,?,?,default)
Hibernate: insert into aforo_registros (business_id,fecha_hora,tipo,id) values (?,?,?,default)
Hibernate: insert into aforo_registros (business_id,fecha_hora,tipo,id) values (?,?,?,default)
Hibernate: insert into aforo_registros (business_id,fecha_hora,tipo,id) values (?,?,?,default)
Hibernate: insert into aforo_registros (business_id,fecha_hora,tipo,id) values (?,?,?,default)
Hibernate: insert into aforo_registros (business_id,fecha_hora,tipo,id) values (?,?,?,default)
Hibernate: insert into aforo_registros (business_id,fecha_hora,tipo,id) values (?,?,?,default)
Hibernate: insert into aforo_registros (business_id,fecha_hora,tipo,id) values (?,?,?,default)
Hibernate: insert into aforo_registros (business_id,fecha_hora,tipo,id) values (?,?,?,default)
Hibernate: insert into aforo_registros (business_id,fecha_hora,tipo,id) values (?,?,?,default)
Hibernate: insert into aforo_registros (business_id,fecha_hora,tipo,id) values (?,?,?,default)
Hibernate: insert into aforo_registros (business_id,fecha_hora,tipo,id) values (?,?,?,default)
Hibernate: insert into aforo_registros (business_id,fecha_hora,tipo,id) values (?,?,?,default)
Hibernate: insert into aforo_registros (business_id,fecha_hora,tipo,id) values (?,?,?,default)
Hibernate: insert into aforo_registros (business_id,fecha_hora,tipo,id) values (?,?,?,default)
Hibernate: insert into aforo_registros (business_id,fecha_hora,tipo,id) values (?,?,?,default)
Hibernate: insert into aforo_registros (business_id,fecha_hora,tipo,id) values (?,?,?,default)
Hibernate: insert into aforo_registros (business_id,fecha_hora,tipo,id) values (?,?,?,default)
Hibernate: insert into aforo_registros (business_id,fecha_hora,tipo,id) values (?,?,?,default)
Hibernate: insert into aforo_registros (business_id,fecha_hora,tipo,id) values (?,?,?,default)
Hibernate: insert into aforo_registros (business_id,fecha_hora,tipo,id) values (?,?,?,default)
Hibernate: insert into aforo_registros (business_id,fecha_hora,tipo,id) values (?,?,?,default)
Hibernate: insert into aforo_registros (business_id,fecha_hora,tipo,id) values (?,?,?,default)
Hibernate: insert into aforo_registros (business_id,fecha_hora,tipo,id) values (?,?,?,default)
Hibernate: insert into aforo_registros (business_id,fecha_hora,tipo,id) values (?,?,?,default)
Hibernate: insert into aforo_registros (business_id,fecha_hora,tipo,id) values (?,?,?,default)
Hibernate: insert into aforo_registros (business_id,fecha_hora,tipo,id) values (?,?,?,default)
Hibernate: insert into aforo_registros (business_id,fecha_hora,tipo,id) values (?,?,?,default)
Hibernate: insert into aforo_registros (business_id,fecha_hora,tipo,id) values (?,?,?,default)
Hibernate: insert into aforo_registros (business_id,fecha_hora,tipo,id) values (?,?,?,default)
Hibernate: insert into aforo_registros (business_id,fecha_hora,tipo,id) values (?,?,?,default)
Hibernate: insert into aforo_registros (business_id,fecha_hora,tipo,id) values (?,?,?,default)
Hibernate: insert into aforo_registros (business_id,fecha_hora,tipo,id) values (?,?,?,default)
Hibernate: insert into aforo_registros (business_id,fecha_hora,tipo,id) values (?,?,?,default)
Hibernate: insert into aforo_registros (business_id,fecha_hora,tipo,id) values (?,?,?,default)
Hibernate: insert into aforo_registros (business_id,fecha_hora,tipo,id) values (?,?,?,default)
Hibernate: insert into aforo_registros (business_id,fecha_hora,tipo,id) values (?,?,?,default)
Hibernate: insert into aforo_registros (business_id,fecha_hora,tipo,id) values (?,?,?,default)
Hibernate: insert into aforo_registros (business_id,fecha_hora,tipo,id) values (?,?,?,default)
Hibernate: insert into aforo_registros (business_id,fecha_hora,tipo,id) values (?,?,?,default)
Hibernate: insert into aforo_registros (business_id,fecha_hora,tipo,id) values (?,?,?,default)
Hibernate: insert into aforo_registros (business_id,fecha_hora,tipo,id) values (?,?,?,default)
Hibernate: insert into aforo_registros (business_id,fecha_hora,tipo,id) values (?,?,?,default)
Hibernate: insert into aforo_registros (business_id,fecha_hora,tipo,id) values (?,?,?,default)
Hibernate: insert into aforo_registros (business_id,fecha_hora,tipo,id) values (?,?,?,default)
Hibernate: insert into aforo_registros (business_id,fecha_hora,tipo,id) values (?,?,?,default)
Hibernate: insert into aforo_registros (business_id,fecha_hora,tipo,id) values (?,?,?,default)
Hibernate: insert into aforo_registros (business_id,fecha_hora,tipo,id) values (?,?,?,default)
Hibernate: insert into aforo_registros (business_id,fecha_hora,tipo,id) values (?,?,?,default)
Hibernate: insert into aforo_registros (business_id,fecha_hora,tipo,id) values (?,?,?,default)
Hibernate: insert into aforo_registros (business_id,fecha_hora,tipo,id) values (?,?,?,default)
Hibernate: insert into aforo_registros (business_id,fecha_hora,tipo,id) values (?,?,?,default)
Hibernate: insert into aforo_registros (business_id,fecha_hora,tipo,id) values (?,?,?,default)
Hibernate: insert into aforo_registros (business_id,fecha_hora,tipo,id) values (?,?,?,default)
Hibernate: insert into aforo_registros (business_id,fecha_hora,tipo,id) values (?,?,?,default)
Hibernate: insert into aforo_registros (business_id,fecha_hora,tipo,id) values (?,?,?,default)
Hibernate: insert into aforo_registros (business_id,fecha_hora,tipo,id) values (?,?,?,default)
Hibernate: insert into aforo_registros (business_id,fecha_hora,tipo,id) values (?,?,?,default)
Hibernate: insert into aforo_registros (business_id,fecha_hora,tipo,id) values (?,?,?,default)
Hibernate: insert into aforo_registros (business_id,fecha_hora,tipo,id) values (?,?,?,default)
Hibernate: insert into aforo_registros (business_id,fecha_hora,tipo,id) values (?,?,?,default)
Hibernate: insert into aforo_registros (business_id,fecha_hora,tipo,id) values (?,?,?,default)
Hibernate: insert into aforo_registros (business_id,fecha_hora,tipo,id) values (?,?,?,default)
Hibernate: insert into aforo_registros (business_id,fecha_hora,tipo,id) values (?,?,?,default)
Hibernate: insert into aforo_registros (business_id,fecha_hora,tipo,id) values (?,?,?,default)
Hibernate: insert into aforo_registros (business_id,fecha_hora,tipo,id) values (?,?,?,default)
Hibernate: insert into aforo_registros (business_id,fecha_hora,tipo,id) values (?,?,?,default)
Hibernate: insert into aforo_registros (business_id,fecha_hora,tipo,id) values (?,?,?,default)
Hibernate: insert into aforo_registros (business_id,fecha_hora,tipo,id) values (?,?,?,default)
Hibernate: insert into aforo_registros (business_id,fecha_hora,tipo,id) values (?,?,?,default)
Hibernate: insert into aforo_registros (business_id,fecha_hora,tipo,id) values (?,?,?,default)
Hibernate: insert into aforo_registros (business_id,fecha_hora,tipo,id) values (?,?,?,default)
Hibernate: insert into aforo_registros (business_id,fecha_hora,tipo,id) values (?,?,?,default)
Hibernate: insert into aforo_registros (business_id,fecha_hora,tipo,id) values (?,?,?,default)
Hibernate: insert into aforo_registros (business_id,fecha_hora,tipo,id) values (?,?,?,default)
Hibernate: insert into aforo_registros (business_id,fecha_hora,tipo,id) values (?,?,?,default)
Hibernate: insert into aforo_registros (business_id,fecha_hora,tipo,id) values (?,?,?,default)
Hibernate: insert into aforo_registros (business_id,fecha_hora,tipo,id) values (?,?,?,default)
Hibernate: insert into aforo_registros (business_id,fecha_hora,tipo,id) values (?,?,?,default)
Hibernate: insert into aforo_registros (business_id,fecha_hora,tipo,id) values (?,?,?,default)
Hibernate: insert into aforo_registros (business_id,fecha_hora,tipo,id) values (?,?,?,default)
Hibernate: insert into aforo_registros (business_id,fecha_hora,tipo,id) values (?,?,?,default)
Hibernate: insert into aforo_registros (business_id,fecha_hora,tipo,id) values (?,?,?,default)
Hibernate: insert into aforo_registros (business_id,fecha_hora,tipo,id) values (?,?,?,default)
Hibernate: insert into aforo_registros (business_id,fecha_hora,tipo,id) values (?,?,?,default)
Hibernate: insert into aforo_registros (business_id,fecha_hora,tipo,id) values (?,?,?,default)
Hibernate: insert into aforo_registros (business_id,fecha_hora,tipo,id) values (?,?,?,default)
Hibernate: insert into aforo_registros (business_id,fecha_hora,tipo,id) values (?,?,?,default)
Hibernate: insert into aforo_registros (business_id,fecha_hora,tipo,id) values (?,?,?,default)
Hibernate: insert into aforo_registros (business_id,fecha_hora,tipo,id) values (?,?,?,default)
Hibernate: insert into aforo_registros (business_id,fecha_hora,tipo,id) values (?,?,?,default)
Hibernate: insert into aforo_registros (business_id,fecha_hora,tipo,id) values (?,?,?,default)
Hibernate: insert into aforo_registros (business_id,fecha_hora,tipo,id) values (?,?,?,default)
Hibernate: insert into aforo_registros (business_id,fecha_hora,tipo,id) values (?,?,?,default)
Hibernate: insert into aforo_registros (business_id,fecha_hora,tipo,id) values (?,?,?,default)
Hibernate: insert into aforo_registros (business_id,fecha_hora,tipo,id) values (?,?,?,default)
Hibernate: insert into aforo_registros (business_id,fecha_hora,tipo,id) values (?,?,?,default)
Hibernate: insert into aforo_registros (business_id,fecha_hora,tipo,id) values (?,?,?,default)
Hibernate: insert into aforo_registros (business_id,fecha_hora,tipo,id) values (?,?,?,default)
Hibernate: insert into aforo_registros (business_id,fecha_hora,tipo,id) values (?,?,?,default)
Hibernate: insert into aforo_registros (business_id,fecha_hora,tipo,id) values (?,?,?,default)
Hibernate: insert into aforo_registros (business_id,fecha_hora,tipo,id) values (?,?,?,default)
Hibernate: insert into aforo_registros (business_id,fecha_hora,tipo,id) values (?,?,?,default)
Hibernate: insert into aforo_registros (business_id,fecha_hora,tipo,id) values (?,?,?,default)
Hibernate: insert into aforo_registros (business_id,fecha_hora,tipo,id) values (?,?,?,default)
Hibernate: insert into aforo_registros (business_id,fecha_hora,tipo,id) values (?,?,?,default)
Hibernate: insert into aforo_registros (business_id,fecha_hora,tipo,id) values (?,?,?,default)
Hibernate: insert into aforo_registros (business_id,fecha_hora,tipo,id) values (?,?,?,default)
Hibernate: insert into aforo_registros (business_id,fecha_hora,tipo,id) values (?,?,?,default)
Hibernate: insert into aforo_registros (business_id,fecha_hora,tipo,id) values (?,?,?,default)
Hibernate: insert into aforo_registros (business_id,fecha_hora,tipo,id) values (?,?,?,default)
Hibernate: insert into aforo_registros (business_id,fecha_hora,tipo,id) values (?,?,?,default)
Hibernate: insert into aforo_registros (business_id,fecha_hora,tipo,id) values (?,?,?,default)
Hibernate: insert into aforo_registros (business_id,fecha_hora,tipo,id) values (?,?,?,default)
Hibernate: insert into aforo_registros (business_id,fecha_hora,tipo,id) values (?,?,?,default)
Hibernate: insert into aforo_registros (business_id,fecha_hora,tipo,id) values (?,?,?,default)
Hibernate: insert into aforo_registros (business_id,fecha_hora,tipo,id) values (?,?,?,default)
Hibernate: insert into aforo_registros (business_id,fecha_hora,tipo,id) values (?,?,?,default)
Hibernate: insert into aforo_registros (business_id,fecha_hora,tipo,id) values (?,?,?,default)
Hibernate: insert into aforo_registros (business_id,fecha_hora,tipo,id) values (?,?,?,default)
Hibernate: insert into aforo_registros (business_id,fecha_hora,tipo,id) values (?,?,?,default)
Hibernate: insert into aforo_registros (business_id,fecha_hora,tipo,id) values (?,?,?,default)
Hibernate: insert into aforo_registros (business_id,fecha_hora,tipo,id) values (?,?,?,default)
Hibernate: insert into aforo_registros (business_id,fecha_hora,tipo,id) values (?,?,?,default)
Hibernate: insert into aforo_registros (business_id,fecha_hora,tipo,id) values (?,?,?,default)
Hibernate: insert into aforo_registros (business_id,fecha_hora,tipo,id) values (?,?,?,default)
Hibernate: insert into aforo_registros (business_id,fecha_hora,tipo,id) values (?,?,?,default)
Hibernate: insert into aforo_registros (business_id,fecha_hora,tipo,id) values (?,?,?,default)
Hibernate: insert into aforo_registros (business_id,fecha_hora,tipo,id) values (?,?,?,default)
Hibernate: insert into aforo_registros (business_id,fecha_hora,tipo,id) values (?,?,?,default)
Hibernate: insert into aforo_registros (business_id,fecha_hora,tipo,id) values (?,?,?,default)
Hibernate: insert into aforo_registros (business_id,fecha_hora,tipo,id) values (?,?,?,default)
Hibernate: insert into aforo_registros (business_id,fecha_hora,tipo,id) values (?,?,?,default)
Hibernate: insert into aforo_registros (business_id,fecha_hora,tipo,id) values (?,?,?,default)
Hibernate: insert into aforo_registros (business_id,fecha_hora,tipo,id) values (?,?,?,default)
Hibernate: insert into aforo_registros (business_id,fecha_hora,tipo,id) values (?,?,?,default)
Hibernate: insert into aforo_registros (business_id,fecha_hora,tipo,id) values (?,?,?,default)
Hibernate: insert into aforo_registros (business_id,fecha_hora,tipo,id) values (?,?,?,default)
Hibernate: insert into aforo_registros (business_id,fecha_hora,tipo,id) values (?,?,?,default)
Hibernate: insert into aforo_registros (business_id,fecha_hora,tipo,id) values (?,?,?,default)
Hibernate: insert into aforo_registros (business_id,fecha_hora,tipo,id) values (?,?,?,default)
Hibernate: insert into aforo_registros (business_id,fecha_hora,tipo,id) values (?,?,?,default)
Hibernate: insert into aforo_registros (business_id,fecha_hora,tipo,id) values (?,?,?,default)
Hibernate: insert into aforo_registros (business_id,fecha_hora,tipo,id) values (?,?,?,default)
Hibernate: insert into aforo_registros (business_id,fecha_hora,tipo,id) values (?,?,?,default)
Hibernate: insert into aforo_registros (business_id,fecha_hora,tipo,id) values (?,?,?,default)
Hibernate: insert into aforo_registros (business_id,fecha_hora,tipo,id) values (?,?,?,default)
Hibernate: insert into aforo_registros (business_id,fecha_hora,tipo,id) values (?,?,?,default)
Hibernate: insert into aforo_registros (business_id,fecha_hora,tipo,id) values (?,?,?,default)
Hibernate: insert into aforo_registros (business_id,fecha_hora,tipo,id) values (?,?,?,default)
Hibernate: insert into aforo_registros (business_id,fecha_hora,tipo,id) values (?,?,?,default)
Hibernate: insert into aforo_registros (business_id,fecha_hora,tipo,id) values (?,?,?,default)
Hibernate: insert into aforo_registros (business_id,fecha_hora,tipo,id) values (?,?,?,default)
Hibernate: insert into aforo_registros (business_id,fecha_hora,tipo,id) values (?,?,?,default)
Hibernate: insert into aforo_registros (business_id,fecha_hora,tipo,id) values (?,?,?,default)
Hibernate: insert into aforo_registros (business_id,fecha_hora,tipo,id) values (?,?,?,default)
Hibernate: insert into aforo_registros (business_id,fecha_hora,tipo,id) values (?,?,?,default)
Hibernate: insert into aforo_registros (business_id,fecha_hora,tipo,id) values (?,?,?,default)
Hibernate: insert into aforo_registros (business_id,fecha_hora,tipo,id) values (?,?,?,default)
Hibernate: insert into aforo_registros (business_id,fecha_hora,tipo,id) values (?,?,?,default)
Hibernate: insert into aforo_registros (business_id,fecha_hora,tipo,id) values (?,?,?,default)
Hibernate: insert into aforo_registros (business_id,fecha_hora,tipo,id) values (?,?,?,default)
Hibernate: insert into aforo_registros (business_id,fecha_hora,tipo,id) values (?,?,?,default)
Hibernate: insert into aforo_registros (business_id,fecha_hora,tipo,id) values (?,?,?,default)
Hibernate: insert into aforo_registros (business_id,fecha_hora,tipo,id) values (?,?,?,default)
Hibernate: insert into aforo_registros (business_id,fecha_hora,tipo,id) values (?,?,?,default)
Hibernate: insert into aforo_registros (business_id,fecha_hora,tipo,id) values (?,?,?,default)
Hibernate: insert into aforo_registros (business_id,fecha_hora,tipo,id) values (?,?,?,default)
Hibernate: insert into aforo_registros (business_id,fecha_hora,tipo,id) values (?,?,?,default)
Hibernate: insert into aforo_registros (business_id,fecha_hora,tipo,id) values (?,?,?,default)
Hibernate: insert into aforo_registros (business_id,fecha_hora,tipo,id) values (?,?,?,default)
Hibernate: insert into aforo_registros (business_id,fecha_hora,tipo,id) values (?,?,?,default)
Hibernate: insert into aforo_registros (business_id,fecha_hora,tipo,id) values (?,?,?,default)
Hibernate: insert into aforo_registros (business_id,fecha_hora,tipo,id) values (?,?,?,default)
Hibernate: insert into aforo_registros (business_id,fecha_hora,tipo,id) values (?,?,?,default)
Hibernate: insert into aforo_registros (business_id,fecha_hora,tipo,id) values (?,?,?,default)
Hibernate: insert into aforo_registros (business_id,fecha_hora,tipo,id) values (?,?,?,default)
Hibernate: insert into aforo_registros (business_id,fecha_hora,tipo,id) values (?,?,?,default)
Hibernate: insert into aforo_registros (business_id,fecha_hora,tipo,id) values (?,?,?,default)
Hibernate: insert into aforo_registros (business_id,fecha_hora,tipo,id) values (?,?,?,default)
Hibernate: insert into aforo_registros (business_id,fecha_hora,tipo,id) values (?,?,?,default)
Hibernate: insert into aforo_registros (business_id,fecha_hora,tipo,id) values (?,?,?,default)
Hibernate: insert into aforo_registros (business_id,fecha_hora,tipo,id) values (?,?,?,default)
Hibernate: insert into aforo_registros (business_id,fecha_hora,tipo,id) values (?,?,?,default)
Hibernate: insert into aforo_registros (business_id,fecha_hora,tipo,id) values (?,?,?,default)
Hibernate: insert into aforo_registros (business_id,fecha_hora,tipo,id) values (?,?,?,default)
Hibernate: insert into aforo_registros (business_id,fecha_hora,tipo,id) values (?,?,?,default)
Hibernate: insert into aforo_registros (business_id,fecha_hora,tipo,id) values (?,?,?,default)
Hibernate: insert into aforo_registros (business_id,fecha_hora,tipo,id) values (?,?,?,default)
Hibernate: insert into aforo_registros (business_id,fecha_hora,tipo,id) values (?,?,?,default)
Hibernate: insert into aforo_registros (business_id,fecha_hora,tipo,id) values (?,?,?,default)
Hibernate: insert into aforo_registros (business_id,fecha_hora,tipo,id) values (?,?,?,default)
Hibernate: insert into aforo_registros (business_id,fecha_hora,tipo,id) values (?,?,?,default)
Hibernate: insert into aforo_registros (business_id,fecha_hora,tipo,id) values (?,?,?,default)
Hibernate: insert into aforo_registros (business_id,fecha_hora,tipo,id) values (?,?,?,default)
Hibernate: insert into aforo_registros (business_id,fecha_hora,tipo,id) values (?,?,?,default)
Hibernate: insert into aforo_registros (business_id,fecha_hora,tipo,id) values (?,?,?,default)
Hibernate: insert into aforo_registros (business_id,fecha_hora,tipo,id) values (?,?,?,default)
Hibernate: insert into aforo_registros (business_id,fecha_hora,tipo,id) values (?,?,?,default)
Hibernate: insert into aforo_registros (business_id,fecha_hora,tipo,id) values (?,?,?,default)
Hibernate: insert into aforo_registros (business_id,fecha_hora,tipo,id) values (?,?,?,default)
Hibernate: insert into aforo_registros (business_id,fecha_hora,tipo,id) values (?,?,?,default)
Hibernate: insert into aforo_registros (business_id,fecha_hora,tipo,id) values (?,?,?,default)
Hibernate: insert into aforo_registros (business_id,fecha_hora,tipo,id) values (?,?,?,default)
Hibernate: insert into aforo_registros (business_id,fecha_hora,tipo,id) values (?,?,?,default)
Hibernate: insert into aforo_registros (business_id,fecha_hora,tipo,id) values (?,?,?,default)
Hibernate: insert into aforo_registros (business_id,fecha_hora,tipo,id) values (?,?,?,default)
Hibernate: insert into aforo_registros (business_id,fecha_hora,tipo,id) values (?,?,?,default)
Hibernate: insert into aforo_registros (business_id,fecha_hora,tipo,id) values (?,?,?,default)
Hibernate: insert into aforo_registros (business_id,fecha_hora,tipo,id) values (?,?,?,default)
Hibernate: insert into aforo_registros (business_id,fecha_hora,tipo,id) values (?,?,?,default)
Hibernate: insert into aforo_registros (business_id,fecha_hora,tipo,id) values (?,?,?,default)
Hibernate: insert into aforo_registros (business_id,fecha_hora,tipo,id) values (?,?,?,default)
Hibernate: insert into aforo_registros (business_id,fecha_hora,tipo,id) values (?,?,?,default)
Hibernate: insert into aforo_registros (business_id,fecha_hora,tipo,id) values (?,?,?,default)
Hibernate: insert into aforo_registros (business_id,fecha_hora,tipo,id) values (?,?,?,default)
Hibernate: insert into aforo_registros (business_id,fecha_hora,tipo,id) values (?,?,?,default)
Hibernate: insert into aforo_registros (business_id,fecha_hora,tipo,id) values (?,?,?,default)
Hibernate: insert into aforo_registros (business_id,fecha_hora,tipo,id) values (?,?,?,default)
Hibernate: insert into aforo_registros (business_id,fecha_hora,tipo,id) values (?,?,?,default)
Hibernate: insert into aforo_registros (business_id,fecha_hora,tipo,id) values (?,?,?,default)
Hibernate: insert into aforo_registros (business_id,fecha_hora,tipo,id) values (?,?,?,default)
Hibernate: insert into aforo_registros (business_id,fecha_hora,tipo,id) values (?,?,?,default)
Hibernate: insert into aforo_registros (business_id,fecha_hora,tipo,id) values (?,?,?,default)
Hibernate: insert into aforo_registros (business_id,fecha_hora,tipo,id) values (?,?,?,default)
Hibernate: insert into aforo_registros (business_id,fecha_hora,tipo,id) values (?,?,?,default)
Hibernate: insert into aforo_registros (business_id,fecha_hora,tipo,id) values (?,?,?,default)
Hibernate: insert into aforo_registros (business_id,fecha_hora,tipo,id) values (?,?,?,default)
Hibernate: insert into aforo_registros (business_id,fecha_hora,tipo,id) values (?,?,?,default)
Hibernate: insert into aforo_registros (business_id,fecha_hora,tipo,id) values (?,?,?,default)
Hibernate: insert into aforo_registros (business_id,fecha_hora,tipo,id) values (?,?,?,default)
Hibernate: insert into aforo_registros (business_id,fecha_hora,tipo,id) values (?,?,?,default)
Hibernate: insert into aforo_registros (business_id,fecha_hora,tipo,id) values (?,?,?,default)
Hibernate: insert into aforo_registros (business_id,fecha_hora,tipo,id) values (?,?,?,default)
Hibernate: insert into aforo_registros (business_id,fecha_hora,tipo,id) values (?,?,?,default)
Hibernate: insert into aforo_registros (business_id,fecha_hora,tipo,id) values (?,?,?,default)
Hibernate: insert into aforo_registros (business_id,fecha_hora,tipo,id) values (?,?,?,default)
Hibernate: insert into aforo_registros (business_id,fecha_hora,tipo,id) values (?,?,?,default)
Hibernate: insert into aforo_registros (business_id,fecha_hora,tipo,id) values (?,?,?,default)
Hibernate: insert into aforo_registros (business_id,fecha_hora,tipo,id) values (?,?,?,default)
Hibernate: insert into aforo_registros (business_id,fecha_hora,tipo,id) values (?,?,?,default)
Hibernate: insert into aforo_registros (business_id,fecha_hora,tipo,id) values (?,?,?,default)
Hibernate: insert into aforo_registros (business_id,fecha_hora,tipo,id) values (?,?,?,default)
Hibernate: insert into aforo_registros (business_id,fecha_hora,tipo,id) values (?,?,?,default)
Hibernate: insert into aforo_registros (business_id,fecha_hora,tipo,id) values (?,?,?,default)
Hibernate: insert into aforo_registros (business_id,fecha_hora,tipo,id) values (?,?,?,default)
Hibernate: insert into aforo_registros (business_id,fecha_hora,tipo,id) values (?,?,?,default)
Hibernate: insert into aforo_registros (business_id,fecha_hora,tipo,id) values (?,?,?,default)
Hibernate: insert into aforo_registros (business_id,fecha_hora,tipo,id) values (?,?,?,default)
Hibernate: insert into aforo_registros (business_id,fecha_hora,tipo,id) values (?,?,?,default)
Hibernate: insert into aforo_registros (business_id,fecha_hora,tipo,id) values (?,?,?,default)
Hibernate: insert into aforo_registros (business_id,fecha_hora,tipo,id) values (?,?,?,default)
Hibernate: insert into aforo_registros (business_id,fecha_hora,tipo,id) values (?,?,?,default)
Hibernate: insert into aforo_registros (business_id,fecha_hora,tipo,id) values (?,?,?,default)
Hibernate: insert into aforo_registros (business_id,fecha_hora,tipo,id) values (?,?,?,default)
Hibernate: insert into aforo_registros (business_id,fecha_hora,tipo,id) values (?,?,?,default)
Hibernate: insert into aforo_registros (business_id,fecha_hora,tipo,id) values (?,?,?,default)
Hibernate: insert into aforo_registros (business_id,fecha_hora,tipo,id) values (?,?,?,default)
Hibernate: insert into aforo_registros (business_id,fecha_hora,tipo,id) values (?,?,?,default)
Hibernate: insert into aforo_registros (business_id,fecha_hora,tipo,id) values (?,?,?,default)
Hibernate: insert into aforo_registros (business_id,fecha_hora,tipo,id) values (?,?,?,default)
Hibernate: insert into aforo_registros (business_id,fecha_hora,tipo,id) values (?,?,?,default)
Hibernate: insert into aforo_registros (business_id,fecha_hora,tipo,id) values (?,?,?,default)
Hibernate: insert into aforo_registros (business_id,fecha_hora,tipo,id) values (?,?,?,default)
Hibernate: insert into aforo_registros (business_id,fecha_hora,tipo,id) values (?,?,?,default)
Hibernate: insert into aforo_registros (business_id,fecha_hora,tipo,id) values (?,?,?,default)
Hibernate: insert into aforo_registros (business_id,fecha_hora,tipo,id) values (?,?,?,default)
Hibernate: insert into aforo_registros (business_id,fecha_hora,tipo,id) values (?,?,?,default)
Hibernate: insert into aforo_registros (business_id,fecha_hora,tipo,id) values (?,?,?,default)
Hibernate: insert into aforo_registros (business_id,fecha_hora,tipo,id) values (?,?,?,default)
Hibernate: insert into aforo_registros (business_id,fecha_hora,tipo,id) values (?,?,?,default)
Hibernate: insert into aforo_registros (business_id,fecha_hora,tipo,id) values (?,?,?,default)
Hibernate: insert into aforo_registros (business_id,fecha_hora,tipo,id) values (?,?,?,default)
Hibernate: insert into aforo_registros (business_id,fecha_hora,tipo,id) values (?,?,?,default)
Hibernate: insert into aforo_registros (business_id,fecha_hora,tipo,id) values (?,?,?,default)
Hibernate: insert into aforo_registros (business_id,fecha_hora,tipo,id) values (?,?,?,default)
Hibernate: insert into aforo_registros (business_id,fecha_hora,tipo,id) values (?,?,?,default)
Hibernate: insert into aforo_registros (business_id,fecha_hora,tipo,id) values (?,?,?,default)
Hibernate: insert into aforo_registros (business_id,fecha_hora,tipo,id) values (?,?,?,default)
Hibernate: insert into aforo_registros (business_id,fecha_hora,tipo,id) values (?,?,?,default)
Hibernate: insert into aforo_registros (business_id,fecha_hora,tipo,id) values (?,?,?,default)
Hibernate: insert into aforo_registros (business_id,fecha_hora,tipo,id) values (?,?,?,default)
Hibernate: insert into aforo_registros (business_id,fecha_hora,tipo,id) values (?,?,?,default)
Hibernate: insert into aforo_registros (business_id,fecha_hora,tipo,id) values (?,?,?,default)
Hibernate: insert into aforo_registros (business_id,fecha_hora,tipo,id) values (?,?,?,default)
Hibernate: insert into aforo_registros (business_id,fecha_hora,tipo,id) values (?,?,?,default)
Hibernate: insert into aforo_registros (business_id,fecha_hora,tipo,id) values (?,?,?,default)
Hibernate: insert into aforo_registros (business_id,fecha_hora,tipo,id) values (?,?,?,default)
Hibernate: insert into aforo_registros (business_id,fecha_hora,tipo,id) values (?,?,?,default)
Hibernate: insert into aforo_registros (business_id,fecha_hora,tipo,id) values (?,?,?,default)
Hibernate: insert into aforo_registros (business_id,fecha_hora,tipo,id) values (?,?,?,default)
Hibernate: insert into aforo_registros (business_id,fecha_hora,tipo,id) values (?,?,?,default)
Hibernate: insert into aforo_registros (business_id,fecha_hora,tipo,id) values (?,?,?,default)
Hibernate: insert into aforo_registros (business_id,fecha_hora,tipo,id) values (?,?,?,default)
Hibernate: insert into aforo_registros (business_id,fecha_hora,tipo,id) values (?,?,?,default)
Hibernate: insert into aforo_registros (business_id,fecha_hora,tipo,id) values (?,?,?,default)
Hibernate: insert into aforo_registros (business_id,fecha_hora,tipo,id) values (?,?,?,default)
Hibernate: insert into aforo_registros (business_id,fecha_hora,tipo,id) values (?,?,?,default)
Hibernate: insert into aforo_registros (business_id,fecha_hora,tipo,id) values (?,?,?,default)
Hibernate: insert into aforo_registros (business_id,fecha_hora,tipo,id) values (?,?,?,default)
Hibernate: insert into aforo_registros (business_id,fecha_hora,tipo,id) values (?,?,?,default)
Hibernate: insert into aforo_registros (business_id,fecha_hora,tipo,id) values (?,?,?,default)
Hibernate: insert into aforo_registros (business_id,fecha_hora,tipo,id) values (?,?,?,default)
Hibernate: insert into aforo_registros (business_id,fecha_hora,tipo,id) values (?,?,?,default)
Hibernate: insert into aforo_registros (business_id,fecha_hora,tipo,id) values (?,?,?,default)
Hibernate: insert into aforo_registros (business_id,fecha_hora,tipo,id) values (?,?,?,default)
Hibernate: insert into aforo_registros (business_id,fecha_hora,tipo,id) values (?,?,?,default)
Hibernate: insert into aforo_registros (business_id,fecha_hora,tipo,id) values (?,?,?,default)
Hibernate: insert into aforo_registros (business_id,fecha_hora,tipo,id) values (?,?,?,default)
Hibernate: insert into aforo_registros (business_id,fecha_hora,tipo,id) values (?,?,?,default)
Hibernate: insert into aforo_registros (business_id,fecha_hora,tipo,id) values (?,?,?,default)
Hibernate: insert into aforo_registros (business_id,fecha_hora,tipo,id) values (?,?,?,default)
Hibernate: insert into aforo_registros (business_id,fecha_hora,tipo,id) values (?,?,?,default)
Hibernate: insert into aforo_registros (business_id,fecha_hora,tipo,id) values (?,?,?,default)
Hibernate: insert into aforo_registros (business_id,fecha_hora,tipo,id) values (?,?,?,default)
Hibernate: insert into aforo_registros (business_id,fecha_hora,tipo,id) values (?,?,?,default)
Hibernate: insert into aforo_registros (business_id,fecha_hora,tipo,id) values (?,?,?,default)
Hibernate: insert into aforo_registros (business_id,fecha_hora,tipo,id) values (?,?,?,default)
Hibernate: insert into aforo_registros (business_id,fecha_hora,tipo,id) values (?,?,?,default)
Hibernate: insert into aforo_registros (business_id,fecha_hora,tipo,id) values (?,?,?,default)
Hibernate: insert into aforo_registros (business_id,fecha_hora,tipo,id) values (?,?,?,default)
Hibernate: insert into aforo_registros (business_id,fecha_hora,tipo,id) values (?,?,?,default)
Hibernate: insert into aforo_registros (business_id,fecha_hora,tipo,id) values (?,?,?,default)
Hibernate: insert into aforo_registros (business_id,fecha_hora,tipo,id) values (?,?,?,default)
Hibernate: insert into aforo_registros (business_id,fecha_hora,tipo,id) values (?,?,?,default)
Hibernate: insert into aforo_registros (business_id,fecha_hora,tipo,id) values (?,?,?,default)
Hibernate: insert into aforo_registros (business_id,fecha_hora,tipo,id) values (?,?,?,default)
Hibernate: insert into aforo_registros (business_id,fecha_hora,tipo,id) values (?,?,?,default)
Hibernate: insert into aforo_registros (business_id,fecha_hora,tipo,id) values (?,?,?,default)
Hibernate: insert into aforo_registros (business_id,fecha_hora,tipo,id) values (?,?,?,default)
Hibernate: insert into aforo_registros (business_id,fecha_hora,tipo,id) values (?,?,?,default)
Hibernate: insert into aforo_registros (business_id,fecha_hora,tipo,id) values (?,?,?,default)
Hibernate: insert into aforo_registros (business_id,fecha_hora,tipo,id) values (?,?,?,default)
Hibernate: insert into aforo_registros (business_id,fecha_hora,tipo,id) values (?,?,?,default)
Hibernate: insert into aforo_registros (business_id,fecha_hora,tipo,id) values (?,?,?,default)
Hibernate: insert into aforo_registros (business_id,fecha_hora,tipo,id) values (?,?,?,default)
Hibernate: insert into aforo_registros (business_id,fecha_hora,tipo,id) values (?,?,?,default)
Hibernate: insert into aforo_registros (business_id,fecha_hora,tipo,id) values (?,?,?,default)
Hibernate: insert into aforo_registros (business_id,fecha_hora,tipo,id) values (?,?,?,default)
Hibernate: insert into aforo_registros (business_id,fecha_hora,tipo,id) values (?,?,?,default)
Hibernate: insert into aforo_registros (business_id,fecha_hora,tipo,id) values (?,?,?,default)
Hibernate: insert into aforo_registros (business_id,fecha_hora,tipo,id) values (?,?,?,default)
Hibernate: insert into aforo_registros (business_id,fecha_hora,tipo,id) values (?,?,?,default)
Hibernate: insert into aforo_registros (business_id,fecha_hora,tipo,id) values (?,?,?,default)
Hibernate: insert into aforo_registros (business_id,fecha_hora,tipo,id) values (?,?,?,default)
Hibernate: insert into aforo_registros (business_id,fecha_hora,tipo,id) values (?,?,?,default)
Hibernate: insert into aforo_registros (business_id,fecha_hora,tipo,id) values (?,?,?,default)
Hibernate: insert into aforo_registros (business_id,fecha_hora,tipo,id) values (?,?,?,default)
Hibernate: insert into aforo_registros (business_id,fecha_hora,tipo,id) values (?,?,?,default)
Hibernate: insert into aforo_registros (business_id,fecha_hora,tipo,id) values (?,?,?,default)
Hibernate: insert into aforo_registros (business_id,fecha_hora,tipo,id) values (?,?,?,default)
Hibernate: insert into aforo_registros (business_id,fecha_hora,tipo,id) values (?,?,?,default)
Hibernate: insert into aforo_registros (business_id,fecha_hora,tipo,id) values (?,?,?,default)
Hibernate: insert into aforo_registros (business_id,fecha_hora,tipo,id) values (?,?,?,default)
Hibernate: insert into aforo_registros (business_id,fecha_hora,tipo,id) values (?,?,?,default)
Hibernate: insert into aforo_registros (business_id,fecha_hora,tipo,id) values (?,?,?,default)
Hibernate: insert into aforo_registros (business_id,fecha_hora,tipo,id) values (?,?,?,default)
Hibernate: insert into aforo_registros (business_id,fecha_hora,tipo,id) values (?,?,?,default)
Hibernate: insert into aforo_registros (business_id,fecha_hora,tipo,id) values (?,?,?,default)
Hibernate: insert into aforo_registros (business_id,fecha_hora,tipo,id) values (?,?,?,default)
Hibernate: insert into aforo_registros (business_id,fecha_hora,tipo,id) values (?,?,?,default)
Hibernate: insert into aforo_registros (business_id,fecha_hora,tipo,id) values (?,?,?,default)
Hibernate: insert into aforo_registros (business_id,fecha_hora,tipo,id) values (?,?,?,default)
Hibernate: insert into aforo_registros (business_id,fecha_hora,tipo,id) values (?,?,?,default)
Hibernate: insert into aforo_registros (business_id,fecha_hora,tipo,id) values (?,?,?,default)
Hibernate: insert into aforo_registros (business_id,fecha_hora,tipo,id) values (?,?,?,default)
Hibernate: insert into aforo_registros (business_id,fecha_hora,tipo,id) values (?,?,?,default)
Hibernate: insert into aforo_registros (business_id,fecha_hora,tipo,id) values (?,?,?,default)
Hibernate: insert into aforo_registros (business_id,fecha_hora,tipo,id) values (?,?,?,default)
Hibernate: insert into aforo_registros (business_id,fecha_hora,tipo,id) values (?,?,?,default)
Hibernate: insert into aforo_registros (business_id,fecha_hora,tipo,id) values (?,?,?,default)
Hibernate: insert into aforo_registros (business_id,fecha_hora,tipo,id) values (?,?,?,default)
Hibernate: insert into aforo_registros (business_id,fecha_hora,tipo,id) values (?,?,?,default)
Hibernate: insert into aforo_registros (business_id,fecha_hora,tipo,id) values (?,?,?,default)
Hibernate: insert into aforo_registros (business_id,fecha_hora,tipo,id) values (?,?,?,default)
Hibernate: insert into aforo_registros (business_id,fecha_hora,tipo,id) values (?,?,?,default)
Hibernate: insert into aforo_registros (business_id,fecha_hora,tipo,id) values (?,?,?,default)
Hibernate: insert into aforo_registros (business_id,fecha_hora,tipo,id) values (?,?,?,default)
Hibernate: insert into aforo_registros (business_id,fecha_hora,tipo,id) values (?,?,?,default)
Hibernate: insert into aforo_registros (business_id,fecha_hora,tipo,id) values (?,?,?,default)
Hibernate: insert into aforo_registros (business_id,fecha_hora,tipo,id) values (?,?,?,default)
Hibernate: insert into aforo_registros (business_id,fecha_hora,tipo,id) values (?,?,?,default)
Hibernate: insert into aforo_registros (business_id,fecha_hora,tipo,id) values (?,?,?,default)
Hibernate: insert into aforo_registros (business_id,fecha_hora,tipo,id) values (?,?,?,default)
Hibernate: insert into aforo_registros (business_id,fecha_hora,tipo,id) values (?,?,?,default)
Hibernate: insert into aforo_registros (business_id,fecha_hora,tipo,id) values (?,?,?,default)
Hibernate: insert into aforo_registros (business_id,fecha_hora,tipo,id) values (?,?,?,default)
Hibernate: insert into aforo_registros (business_id,fecha_hora,tipo,id) values (?,?,?,default)
Hibernate: insert into aforo_registros (business_id,fecha_hora,tipo,id) values (?,?,?,default)
Hibernate: insert into aforo_registros (business_id,fecha_hora,tipo,id) values (?,?,?,default)
Hibernate: insert into aforo_registros (business_id,fecha_hora,tipo,id) values (?,?,?,default)
Hibernate: insert into aforo_registros (business_id,fecha_hora,tipo,id) values (?,?,?,default)
Hibernate: insert into aforo_registros (business_id,fecha_hora,tipo,id) values (?,?,?,default)
Hibernate: insert into aforo_registros (business_id,fecha_hora,tipo,id) values (?,?,?,default)
Hibernate: insert into aforo_registros (business_id,fecha_hora,tipo,id) values (?,?,?,default)
Hibernate: insert into aforo_registros (business_id,fecha_hora,tipo,id) values (?,?,?,default)
Hibernate: insert into aforo_registros (business_id,fecha_hora,tipo,id) values (?,?,?,default)
Hibernate: insert into aforo_registros (business_id,fecha_hora,tipo,id) values (?,?,?,default)
Hibernate: insert into aforo_registros (business_id,fecha_hora,tipo,id) values (?,?,?,default)
Hibernate: insert into aforo_registros (business_id,fecha_hora,tipo,id) values (?,?,?,default)
Hibernate: insert into aforo_registros (business_id,fecha_hora,tipo,id) values (?,?,?,default)
Hibernate: insert into aforo_registros (business_id,fecha_hora,tipo,id) values (?,?,?,default)
Hibernate: insert into aforo_registros (business_id,fecha_hora,tipo,id) values (?,?,?,default)
Hibernate: insert into aforo_registros (business_id,fecha_hora,tipo,id) values (?,?,?,default)
Hibernate: insert into aforo_registros (business_id,fecha_hora,tipo,id) values (?,?,?,default)
Hibernate: insert into aforo_registros (business_id,fecha_hora,tipo,id) values (?,?,?,default)
Hibernate: insert into aforo_registros (business_id,fecha_hora,tipo,id) values (?,?,?,default)
Hibernate: insert into aforo_registros (business_id,fecha_hora,tipo,id) values (?,?,?,default)
Hibernate: insert into aforo_registros (business_id,fecha_hora,tipo,id) values (?,?,?,default)
Hibernate: insert into aforo_registros (business_id,fecha_hora,tipo,id) values (?,?,?,default)
Hibernate: insert into aforo_registros (business_id,fecha_hora,tipo,id) values (?,?,?,default)
Hibernate: insert into aforo_registros (business_id,fecha_hora,tipo,id) values (?,?,?,default)
Hibernate: insert into aforo_registros (business_id,fecha_hora,tipo,id) values (?,?,?,default)
Hibernate: insert into aforo_registros (business_id,fecha_hora,tipo,id) values (?,?,?,default)
Hibernate: insert into aforo_registros (business_id,fecha_hora,tipo,id) values (?,?,?,default)
Hibernate: insert into aforo_registros (business_id,fecha_hora,tipo,id) values (?,?,?,default)
Hibernate: insert into aforo_registros (business_id,fecha_hora,tipo,id) values (?,?,?,default)
Hibernate: insert into aforo_registros (business_id,fecha_hora,tipo,id) values (?,?,?,default)
Hibernate: insert into aforo_registros (business_id,fecha_hora,tipo,id) values (?,?,?,default)
Hibernate: insert into aforo_registros (business_id,fecha_hora,tipo,id) values (?,?,?,default)
Hibernate: insert into aforo_registros (business_id,fecha_hora,tipo,id) values (?,?,?,default)
Hibernate: insert into aforo_registros (business_id,fecha_hora,tipo,id) values (?,?,?,default)
Hibernate: insert into aforo_registros (business_id,fecha_hora,tipo,id) values (?,?,?,default)
Hibernate: insert into aforo_registros (business_id,fecha_hora,tipo,id) values (?,?,?,default)
Hibernate: insert into aforo_registros (business_id,fecha_hora,tipo,id) values (?,?,?,default)
Hibernate: insert into aforo_registros (business_id,fecha_hora,tipo,id) values (?,?,?,default)
Hibernate: insert into aforo_registros (business_id,fecha_hora,tipo,id) values (?,?,?,default)
Hibernate: insert into aforo_registros (business_id,fecha_hora,tipo,id) values (?,?,?,default)
Hibernate: insert into aforo_registros (business_id,fecha_hora,tipo,id) values (?,?,?,default)
Hibernate: insert into aforo_registros (business_id,fecha_hora,tipo,id) values (?,?,?,default)
Hibernate: insert into aforo_registros (business_id,fecha_hora,tipo,id) values (?,?,?,default)
Hibernate: insert into aforo_registros (business_id,fecha_hora,tipo,id) values (?,?,?,default)
Hibernate: insert into aforo_registros (business_id,fecha_hora,tipo,id) values (?,?,?,default)
Hibernate: insert into aforo_registros (business_id,fecha_hora,tipo,id) values (?,?,?,default)
Hibernate: insert into aforo_registros (business_id,fecha_hora,tipo,id) values (?,?,?,default)
Hibernate: insert into aforo_registros (business_id,fecha_hora,tipo,id) values (?,?,?,default)
Hibernate: insert into aforo_registros (business_id,fecha_hora,tipo,id) values (?,?,?,default)
Hibernate: insert into aforo_registros (business_id,fecha_hora,tipo,id) values (?,?,?,default)
Hibernate: insert into aforo_registros (business_id,fecha_hora,tipo,id) values (?,?,?,default)
Hibernate: insert into aforo_registros (business_id,fecha_hora,tipo,id) values (?,?,?,default)
Hibernate: insert into aforo_registros (business_id,fecha_hora,tipo,id) values (?,?,?,default)
Hibernate: insert into aforo_registros (business_id,fecha_hora,tipo,id) values (?,?,?,default)
Hibernate: insert into aforo_registros (business_id,fecha_hora,tipo,id) values (?,?,?,default)
Hibernate: insert into aforo_registros (business_id,fecha_hora,tipo,id) values (?,?,?,default)
Hibernate: insert into aforo_registros (business_id,fecha_hora,tipo,id) values (?,?,?,default)
Hibernate: insert into aforo_registros (business_id,fecha_hora,tipo,id) values (?,?,?,default)
Hibernate: insert into aforo_registros (business_id,fecha_hora,tipo,id) values (?,?,?,default)
Hibernate: insert into aforo_registros (business_id,fecha_hora,tipo,id) values (?,?,?,default)
Hibernate: insert into aforo_registros (business_id,fecha_hora,tipo,id) values (?,?,?,default)
Hibernate: insert into aforo_registros (business_id,fecha_hora,tipo,id) values (?,?,?,default)
Hibernate: insert into aforo_registros (business_id,fecha_hora,tipo,id) values (?,?,?,default)
Hibernate: insert into aforo_registros (business_id,fecha_hora,tipo,id) values (?,?,?,default)
Hibernate: insert into aforo_registros (business_id,fecha_hora,tipo,id) values (?,?,?,default)
Hibernate: insert into aforo_registros (business_id,fecha_hora,tipo,id) values (?,?,?,default)
Hibernate: insert into aforo_registros (business_id,fecha_hora,tipo,id) values (?,?,?,default)
Hibernate: insert into aforo_registros (business_id,fecha_hora,tipo,id) values (?,?,?,default)
Hibernate: insert into aforo_registros (business_id,fecha_hora,tipo,id) values (?,?,?,default)
Hibernate: insert into aforo_registros (business_id,fecha_hora,tipo,id) values (?,?,?,default)
Hibernate: insert into aforo_registros (business_id,fecha_hora,tipo,id) values (?,?,?,default)
Hibernate: insert into aforo_registros (business_id,fecha_hora,tipo,id) values (?,?,?,default)
Hibernate: insert into aforo_registros (business_id,fecha_hora,tipo,id) values (?,?,?,default)
Hibernate: insert into aforo_registros (business_id,fecha_hora,tipo,id) values (?,?,?,default)
Hibernate: insert into aforo_registros (business_id,fecha_hora,tipo,id) values (?,?,?,default)
Hibernate: insert into aforo_registros (business_id,fecha_hora,tipo,id) values (?,?,?,default)
Hibernate: insert into aforo_registros (business_id,fecha_hora,tipo,id) values (?,?,?,default)
Hibernate: insert into aforo_registros (business_id,fecha_hora,tipo,id) values (?,?,?,default)
Hibernate: insert into aforo_registros (business_id,fecha_hora,tipo,id) values (?,?,?,default)
Hibernate: insert into aforo_registros (business_id,fecha_hora,tipo,id) values (?,?,?,default)
Hibernate: insert into aforo_registros (business_id,fecha_hora,tipo,id) values (?,?,?,default)
Hibernate: insert into aforo_registros (business_id,fecha_hora,tipo,id) values (?,?,?,default)
Hibernate: insert into aforo_registros (business_id,fecha_hora,tipo,id) values (?,?,?,default)
Hibernate: insert into aforo_registros (business_id,fecha_hora,tipo,id) values (?,?,?,default)
Hibernate: insert into aforo_registros (business_id,fecha_hora,tipo,id) values (?,?,?,default)
Hibernate: insert into aforo_registros (business_id,fecha_hora,tipo,id) values (?,?,?,default)
Hibernate: insert into aforo_registros (business_id,fecha_hora,tipo,id) values (?,?,?,default)
Hibernate: insert into aforo_registros (business_id,fecha_hora,tipo,id) values (?,?,?,default)
Hibernate: insert into aforo_registros (business_id,fecha_hora,tipo,id) values (?,?,?,default)
Hibernate: insert into aforo_registros (business_id,fecha_hora,tipo,id) values (?,?,?,default)
Hibernate: insert into aforo_registros (business_id,fecha_hora,tipo,id) values (?,?,?,default)
Hibernate: insert into aforo_registros (business_id,fecha_hora,tipo,id) values (?,?,?,default)
Hibernate: insert into aforo_registros (business_id,fecha_hora,tipo,id) values (?,?,?,default)
Hibernate: insert into aforo_registros (business_id,fecha_hora,tipo,id) values (?,?,?,default)
Hibernate: insert into aforo_registros (business_id,fecha_hora,tipo,id) values (?,?,?,default)
Hibernate: insert into aforo_registros (business_id,fecha_hora,tipo,id) values (?,?,?,default)
Hibernate: insert into aforo_registros (business_id,fecha_hora,tipo,id) values (?,?,?,default)
Hibernate: insert into aforo_registros (business_id,fecha_hora,tipo,id) values (?,?,?,default)
Hibernate: insert into aforo_registros (business_id,fecha_hora,tipo,id) values (?,?,?,default)
Hibernate: insert into aforo_registros (business_id,fecha_hora,tipo,id) values (?,?,?,default)
Hibernate: insert into aforo_registros (business_id,fecha_hora,tipo,id) values (?,?,?,default)
Hibernate: insert into aforo_registros (business_id,fecha_hora,tipo,id) values (?,?,?,default)
Hibernate: insert into aforo_registros (business_id,fecha_hora,tipo,id) values (?,?,?,default)
Hibernate: insert into aforo_registros (business_id,fecha_hora,tipo,id) values (?,?,?,default)
Hibernate: insert into aforo_registros (business_id,fecha_hora,tipo,id) values (?,?,?,default)
Hibernate: insert into aforo_registros (business_id,fecha_hora,tipo,id) values (?,?,?,default)
Hibernate: insert into aforo_registros (business_id,fecha_hora,tipo,id) values (?,?,?,default)
Hibernate: insert into aforo_registros (business_id,fecha_hora,tipo,id) values (?,?,?,default)
Hibernate: insert into aforo_registros (business_id,fecha_hora,tipo,id) values (?,?,?,default)
Hibernate: insert into aforo_registros (business_id,fecha_hora,tipo,id) values (?,?,?,default)
Hibernate: insert into aforo_registros (business_id,fecha_hora,tipo,id) values (?,?,?,default)
Hibernate: insert into aforo_registros (business_id,fecha_hora,tipo,id) values (?,?,?,default)
Hibernate: insert into aforo_registros (business_id,fecha_hora,tipo,id) values (?,?,?,default)
Hibernate: insert into aforo_registros (business_id,fecha_hora,tipo,id) values (?,?,?,default)
Hibernate: insert into aforo_registros (business_id,fecha_hora,tipo,id) values (?,?,?,default)
Hibernate: insert into aforo_registros (business_id,fecha_hora,tipo,id) values (?,?,?,default)
Hibernate: insert into aforo_registros (business_id,fecha_hora,tipo,id) values (?,?,?,default)
Hibernate: insert into aforo_registros (business_id,fecha_hora,tipo,id) values (?,?,?,default)
Hibernate: insert into aforo_registros (business_id,fecha_hora,tipo,id) values (?,?,?,default)
Hibernate: insert into aforo_registros (business_id,fecha_hora,tipo,id) values (?,?,?,default)
Hibernate: insert into aforo_registros (business_id,fecha_hora,tipo,id) values (?,?,?,default)
Hibernate: insert into aforo_registros (business_id,fecha_hora,tipo,id) values (?,?,?,default)
Hibernate: insert into aforo_registros (business_id,fecha_hora,tipo,id) values (?,?,?,default)
Hibernate: insert into aforo_registros (business_id,fecha_hora,tipo,id) values (?,?,?,default)
Hibernate: insert into aforo_registros (business_id,fecha_hora,tipo,id) values (?,?,?,default)
Hibernate: insert into aforo_registros (business_id,fecha_hora,tipo,id) values (?,?,?,default)
Hibernate: insert into aforo_registros (business_id,fecha_hora,tipo,id) values (?,?,?,default)
Hibernate: insert into aforo_registros (business_id,fecha_hora,tipo,id) values (?,?,?,default)
Hibernate: insert into aforo_registros (business_id,fecha_hora,tipo,id) values (?,?,?,default)
Hibernate: insert into aforo_registros (business_id,fecha_hora,tipo,id) values (?,?,?,default)
Hibernate: insert into aforo_registros (business_id,fecha_hora,tipo,id) values (?,?,?,default)
Hibernate: insert into aforo_registros (business_id,fecha_hora,tipo,id) values (?,?,?,default)
Hibernate: insert into aforo_registros (business_id,fecha_hora,tipo,id) values (?,?,?,default)
Hibernate: insert into aforo_registros (business_id,fecha_hora,tipo,id) values (?,?,?,default)
Hibernate: insert into aforo_registros (business_id,fecha_hora,tipo,id) values (?,?,?,default)
Hibernate: insert into aforo_registros (business_id,fecha_hora,tipo,id) values (?,?,?,default)
Hibernate: insert into aforo_registros (business_id,fecha_hora,tipo,id) values (?,?,?,default)
Hibernate: insert into aforo_registros (business_id,fecha_hora,tipo,id) values (?,?,?,default)
Hibernate: insert into aforo_registros (business_id,fecha_hora,tipo,id) values (?,?,?,default)
Hibernate: insert into aforo_registros (business_id,fecha_hora,tipo,id) values (?,?,?,default)
Hibernate: insert into aforo_registros (business_id,fecha_hora,tipo,id) values (?,?,?,default)
Hibernate: insert into aforo_registros (business_id,fecha_hora,tipo,id) values (?,?,?,default)
Hibernate: insert into aforo_registros (business_id,fecha_hora,tipo,id) values (?,?,?,default)
Hibernate: insert into aforo_registros (business_id,fecha_hora,tipo,id) values (?,?,?,default)
Hibernate: insert into aforo_registros (business_id,fecha_hora,tipo,id) values (?,?,?,default)
Hibernate: insert into aforo_registros (business_id,fecha_hora,tipo,id) values (?,?,?,default)
Hibernate: insert into aforo_registros (business_id,fecha_hora,tipo,id) values (?,?,?,default)
Hibernate: insert into aforo_registros (business_id,fecha_hora,tipo,id) values (?,?,?,default)
Hibernate: insert into aforo_registros (business_id,fecha_hora,tipo,id) values (?,?,?,default)
Hibernate: insert into aforo_registros (business_id,fecha_hora,tipo,id) values (?,?,?,default)
Hibernate: insert into aforo_registros (business_id,fecha_hora,tipo,id) values (?,?,?,default)
Hibernate: insert into aforo_registros (business_id,fecha_hora,tipo,id) values (?,?,?,default)
Hibernate: insert into aforo_registros (business_id,fecha_hora,tipo,id) values (?,?,?,default)
Hibernate: insert into aforo_registros (business_id,fecha_hora,tipo,id) values (?,?,?,default)
Hibernate: insert into aforo_registros (business_id,fecha_hora,tipo,id) values (?,?,?,default)
Hibernate: insert into aforo_registros (business_id,fecha_hora,tipo,id) values (?,?,?,default)
Hibernate: insert into aforo_registros (business_id,fecha_hora,tipo,id) values (?,?,?,default)
Hibernate: insert into aforo_registros (business_id,fecha_hora,tipo,id) values (?,?,?,default)
Hibernate: insert into aforo_registros (business_id,fecha_hora,tipo,id) values (?,?,?,default)
Hibernate: insert into aforo_registros (business_id,fecha_hora,tipo,id) values (?,?,?,default)
Hibernate: insert into aforo_registros (business_id,fecha_hora,tipo,id) values (?,?,?,default)
Hibernate: insert into aforo_registros (business_id,fecha_hora,tipo,id) values (?,?,?,default)
Hibernate: insert into aforo_registros (business_id,fecha_hora,tipo,id) values (?,?,?,default)
Hibernate: insert into aforo_registros (business_id,fecha_hora,tipo,id) values (?,?,?,default)
Hibernate: insert into aforo_registros (business_id,fecha_hora,tipo,id) values (?,?,?,default)
Hibernate: insert into aforo_registros (business_id,fecha_hora,tipo,id) values (?,?,?,default)
Hibernate: insert into aforo_registros (business_id,fecha_hora,tipo,id) values (?,?,?,default)
Hibernate: insert into aforo_registros (business_id,fecha_hora,tipo,id) values (?,?,?,default)
Hibernate: insert into aforo_registros (business_id,fecha_hora,tipo,id) values (?,?,?,default)
Hibernate: insert into aforo_registros (business_id,fecha_hora,tipo,id) values (?,?,?,default)
Hibernate: insert into aforo_registros (business_id,fecha_hora,tipo,id) values (?,?,?,default)
Hibernate: insert into aforo_registros (business_id,fecha_hora,tipo,id) values (?,?,?,default)
Hibernate: insert into aforo_registros (business_id,fecha_hora,tipo,id) values (?,?,?,default)
Hibernate: insert into aforo_registros (business_id,fecha_hora,tipo,id) values (?,?,?,default)
Hibernate: insert into aforo_registros (business_id,fecha_hora,tipo,id) values (?,?,?,default)
Hibernate: insert into aforo_registros (business_id,fecha_hora,tipo,id) values (?,?,?,default)
Hibernate: insert into aforo_registros (business_id,fecha_hora,tipo,id) values (?,?,?,default)
Hibernate: insert into aforo_registros (business_id,fecha_hora,tipo,id) values (?,?,?,default)
Hibernate: insert into aforo_registros (business_id,fecha_hora,tipo,id) values (?,?,?,default)
Hibernate: insert into aforo_registros (business_id,fecha_hora,tipo,id) values (?,?,?,default)
Hibernate: insert into aforo_registros (business_id,fecha_hora,tipo,id) values (?,?,?,default)
Hibernate: insert into aforo_registros (business_id,fecha_hora,tipo,id) values (?,?,?,default)
Hibernate: insert into aforo_registros (business_id,fecha_hora,tipo,id) values (?,?,?,default)
Hibernate: insert into aforo_registros (business_id,fecha_hora,tipo,id) values (?,?,?,default)
Hibernate: insert into aforo_registros (business_id,fecha_hora,tipo,id) values (?,?,?,default)
Hibernate: insert into aforo_registros (business_id,fecha_hora,tipo,id) values (?,?,?,default)
Hibernate: insert into aforo_registros (business_id,fecha_hora,tipo,id) values (?,?,?,default)
Hibernate: insert into aforo_registros (business_id,fecha_hora,tipo,id) values (?,?,?,default)
Hibernate: insert into aforo_registros (business_id,fecha_hora,tipo,id) values (?,?,?,default)
Hibernate: insert into aforo_registros (business_id,fecha_hora,tipo,id) values (?,?,?,default)
Hibernate: insert into aforo_registros (business_id,fecha_hora,tipo,id) values (?,?,?,default)
Hibernate: insert into aforo_registros (business_id,fecha_hora,tipo,id) values (?,?,?,default)
Hibernate: insert into aforo_registros (business_id,fecha_hora,tipo,id) values (?,?,?,default)
Hibernate: insert into aforo_registros (business_id,fecha_hora,tipo,id) values (?,?,?,default)
Hibernate: insert into aforo_registros (business_id,fecha_hora,tipo,id) values (?,?,?,default)
Hibernate: insert into aforo_registros (business_id,fecha_hora,tipo,id) values (?,?,?,default)
Hibernate: insert into aforo_registros (business_id,fecha_hora,tipo,id) values (?,?,?,default)
Hibernate: insert into aforo_registros (business_id,fecha_hora,tipo,id) values (?,?,?,default)
Hibernate: insert into aforo_registros (business_id,fecha_hora,tipo,id) values (?,?,?,default)
Hibernate: insert into aforo_registros (business_id,fecha_hora,tipo,id) values (?,?,?,default)
Hibernate: insert into aforo_registros (business_id,fecha_hora,tipo,id) values (?,?,?,default)
Hibernate: insert into aforo_registros (business_id,fecha_hora,tipo,id) values (?,?,?,default)
Hibernate: insert into aforo_registros (business_id,fecha_hora,tipo,id) values (?,?,?,default)
Hibernate: insert into aforo_registros (business_id,fecha_hora,tipo,id) values (?,?,?,default)
Hibernate: insert into aforo_registros (business_id,fecha_hora,tipo,id) values (?,?,?,default)
Hibernate: insert into aforo_registros (business_id,fecha_hora,tipo,id) values (?,?,?,default)
Hibernate: insert into aforo_registros (business_id,fecha_hora,tipo,id) values (?,?,?,default)
Hibernate: insert into aforo_registros (business_id,fecha_hora,tipo,id) values (?,?,?,default)
Hibernate: insert into aforo_registros (business_id,fecha_hora,tipo,id) values (?,?,?,default)
Hibernate: insert into aforo_registros (business_id,fecha_hora,tipo,id) values (?,?,?,default)
Hibernate: insert into aforo_registros (business_id,fecha_hora,tipo,id) values (?,?,?,default)
Hibernate: insert into aforo_registros (business_id,fecha_hora,tipo,id) values (?,?,?,default)
Hibernate: insert into aforo_registros (business_id,fecha_hora,tipo,id) values (?,?,?,default)
Hibernate: insert into aforo_registros (business_id,fecha_hora,tipo,id) values (?,?,?,default)
Hibernate: insert into aforo_registros (business_id,fecha_hora,tipo,id) values (?,?,?,default)
Hibernate: insert into aforo_registros (business_id,fecha_hora,tipo,id) values (?,?,?,default)
Hibernate: insert into aforo_registros (business_id,fecha_hora,tipo,id) values (?,?,?,default)
Hibernate: insert into aforo_registros (business_id,fecha_hora,tipo,id) values (?,?,?,default)
Hibernate: insert into aforo_registros (business_id,fecha_hora,tipo,id) values (?,?,?,default)
Hibernate: insert into aforo_registros (business_id,fecha_hora,tipo,id) values (?,?,?,default)
Hibernate: insert into aforo_registros (business_id,fecha_hora,tipo,id) values (?,?,?,default)
Hibernate: insert into aforo_registros (business_id,fecha_hora,tipo,id) values (?,?,?,default)
Hibernate: insert into aforo_registros (business_id,fecha_hora,tipo,id) values (?,?,?,default)
Hibernate: insert into aforo_registros (business_id,fecha_hora,tipo,id) values (?,?,?,default)
Hibernate: insert into aforo_registros (business_id,fecha_hora,tipo,id) values (?,?,?,default)
Hibernate: insert into aforo_registros (business_id,fecha_hora,tipo,id) values (?,?,?,default)
Hibernate: insert into aforo_registros (business_id,fecha_hora,tipo,id) values (?,?,?,default)
Hibernate: insert into aforo_registros (business_id,fecha_hora,tipo,id) values (?,?,?,default)
Hibernate: insert into aforo_registros (business_id,fecha_hora,tipo,id) values (?,?,?,default)
Hibernate: insert into aforo_registros (business_id,fecha_hora,tipo,id) values (?,?,?,default)
Hibernate: insert into aforo_registros (business_id,fecha_hora,tipo,id) values (?,?,?,default)
Hibernate: insert into aforo_registros (business_id,fecha_hora,tipo,id) values (?,?,?,default)
Hibernate: insert into aforo_registros (business_id,fecha_hora,tipo,id) values (?,?,?,default)
Hibernate: insert into aforo_registros (business_id,fecha_hora,tipo,id) values (?,?,?,default)
Hibernate: insert into aforo_registros (business_id,fecha_hora,tipo,id) values (?,?,?,default)
Hibernate: insert into aforo_registros (business_id,fecha_hora,tipo,id) values (?,?,?,default)
Hibernate: insert into aforo_registros (business_id,fecha_hora,tipo,id) values (?,?,?,default)
Hibernate: insert into aforo_registros (business_id,fecha_hora,tipo,id) values (?,?,?,default)
Hibernate: insert into aforo_registros (business_id,fecha_hora,tipo,id) values (?,?,?,default)
Hibernate: insert into aforo_registros (business_id,fecha_hora,tipo,id) values (?,?,?,default)
Hibernate: insert into aforo_registros (business_id,fecha_hora,tipo,id) values (?,?,?,default)
Hibernate: insert into aforo_registros (business_id,fecha_hora,tipo,id) values (?,?,?,default)
Hibernate: insert into aforo_registros (business_id,fecha_hora,tipo,id) values (?,?,?,default)
Hibernate: insert into aforo_registros (business_id,fecha_hora,tipo,id) values (?,?,?,default)
Hibernate: insert into aforo_registros (business_id,fecha_hora,tipo,id) values (?,?,?,default)
Hibernate: insert into aforo_registros (business_id,fecha_hora,tipo,id) values (?,?,?,default)
Hibernate: insert into aforo_registros (business_id,fecha_hora,tipo,id) values (?,?,?,default)
Hibernate: insert into aforo_registros (business_id,fecha_hora,tipo,id) values (?,?,?,default)
Hibernate: insert into aforo_registros (business_id,fecha_hora,tipo,id) values (?,?,?,default)
Hibernate: insert into aforo_registros (business_id,fecha_hora,tipo,id) values (?,?,?,default)
Hibernate: insert into aforo_registros (business_id,fecha_hora,tipo,id) values (?,?,?,default)
Hibernate: insert into aforo_registros (business_id,fecha_hora,tipo,id) values (?,?,?,default)
Hibernate: insert into aforo_registros (business_id,fecha_hora,tipo,id) values (?,?,?,default)
Hibernate: insert into aforo_registros (business_id,fecha_hora,tipo,id) values (?,?,?,default)
Hibernate: insert into aforo_registros (business_id,fecha_hora,tipo,id) values (?,?,?,default)
Hibernate: insert into aforo_registros (business_id,fecha_hora,tipo,id) values (?,?,?,default)
Hibernate: insert into aforo_registros (business_id,fecha_hora,tipo,id) values (?,?,?,default)
Hibernate: insert into aforo_registros (business_id,fecha_hora,tipo,id) values (?,?,?,default)
Hibernate: insert into aforo_registros (business_id,fecha_hora,tipo,id) values (?,?,?,default)
Hibernate: insert into aforo_registros (business_id,fecha_hora,tipo,id) values (?,?,?,default)
Hibernate: insert into aforo_registros (business_id,fecha_hora,tipo,id) values (?,?,?,default)
Hibernate: insert into aforo_registros (business_id,fecha_hora,tipo,id) values (?,?,?,default)
Hibernate: insert into aforo_registros (business_id,fecha_hora,tipo,id) values (?,?,?,default)
Hibernate: insert into aforo_registros (business_id,fecha_hora,tipo,id) values (?,?,?,default)
Hibernate: insert into aforo_registros (business_id,fecha_hora,tipo,id) values (?,?,?,default)
Hibernate: insert into aforo_registros (business_id,fecha_hora,tipo,id) values (?,?,?,default)
Hibernate: insert into aforo_registros (business_id,fecha_hora,tipo,id) values (?,?,?,default)
Hibernate: insert into aforo_registros (business_id,fecha_hora,tipo,id) values (?,?,?,default)
Hibernate: insert into aforo_registros (business_id,fecha_hora,tipo,id) values (?,?,?,default)
Hibernate: insert into aforo_registros (business_id,fecha_hora,tipo,id) values (?,?,?,default)
Hibernate: insert into aforo_registros (business_id,fecha_hora,tipo,id) values (?,?,?,default)
Hibernate: insert into aforo_registros (business_id,fecha_hora,tipo,id) values (?,?,?,default)
Hibernate: insert into aforo_registros (business_id,fecha_hora,tipo,id) values (?,?,?,default)
Hibernate: insert into aforo_registros (business_id,fecha_hora,tipo,id) values (?,?,?,default)
Hibernate: insert into aforo_registros (business_id,fecha_hora,tipo,id) values (?,?,?,default)
Hibernate: insert into aforo_registros (business_id,fecha_hora,tipo,id) values (?,?,?,default)
Hibernate: insert into aforo_registros (business_id,fecha_hora,tipo,id) values (?,?,?,default)
Hibernate: insert into aforo_registros (business_id,fecha_hora,tipo,id) values (?,?,?,default)
Hibernate: insert into aforo_registros (business_id,fecha_hora,tipo,id) values (?,?,?,default)
Hibernate: insert into aforo_registros (business_id,fecha_hora,tipo,id) values (?,?,?,default)
Hibernate: insert into aforo_registros (business_id,fecha_hora,tipo,id) values (?,?,?,default)
Hibernate: insert into aforo_registros (business_id,fecha_hora,tipo,id) values (?,?,?,default)
Hibernate: insert into aforo_registros (business_id,fecha_hora,tipo,id) values (?,?,?,default)
Hibernate: insert into aforo_registros (business_id,fecha_hora,tipo,id) values (?,?,?,default)
Hibernate: insert into aforo_registros (business_id,fecha_hora,tipo,id) values (?,?,?,default)
Hibernate: insert into aforo_registros (business_id,fecha_hora,tipo,id) values (?,?,?,default)
Hibernate: insert into aforo_registros (business_id,fecha_hora,tipo,id) values (?,?,?,default)
Hibernate: insert into aforo_registros (business_id,fecha_hora,tipo,id) values (?,?,?,default)
Hibernate: insert into aforo_registros (business_id,fecha_hora,tipo,id) values (?,?,?,default)
Hibernate: insert into aforo_registros (business_id,fecha_hora,tipo,id) values (?,?,?,default)
Hibernate: insert into aforo_registros (business_id,fecha_hora,tipo,id) values (?,?,?,default)
Hibernate: insert into aforo_registros (business_id,fecha_hora,tipo,id) values (?,?,?,default)
Hibernate: insert into aforo_registros (business_id,fecha_hora,tipo,id) values (?,?,?,default)
Hibernate: insert into aforo_registros (business_id,fecha_hora,tipo,id) values (?,?,?,default)
Hibernate: insert into aforo_registros (business_id,fecha_hora,tipo,id) values (?,?,?,default)
Hibernate: insert into aforo_registros (business_id,fecha_hora,tipo,id) values (?,?,?,default)
Hibernate: insert into aforo_registros (business_id,fecha_hora,tipo,id) values (?,?,?,default)
Hibernate: insert into aforo_registros (business_id,fecha_hora,tipo,id) values (?,?,?,default)
Hibernate: insert into aforo_registros (business_id,fecha_hora,tipo,id) values (?,?,?,default)
Hibernate: insert into aforo_registros (business_id,fecha_hora,tipo,id) values (?,?,?,default)
Hibernate: insert into aforo_registros (business_id,fecha_hora,tipo,id) values (?,?,?,default)
Hibernate: insert into aforo_registros (business_id,fecha_hora,tipo,id) values (?,?,?,default)
Hibernate: insert into aforo_registros (business_id,fecha_hora,tipo,id) values (?,?,?,default)
Hibernate: insert into aforo_registros (business_id,fecha_hora,tipo,id) values (?,?,?,default)
Hibernate: insert into aforo_registros (business_id,fecha_hora,tipo,id) values (?,?,?,default)
Hibernate: insert into aforo_registros (business_id,fecha_hora,tipo,id) values (?,?,?,default)
Hibernate: insert into aforo_registros (business_id,fecha_hora,tipo,id) values (?,?,?,default)
Hibernate: insert into aforo_registros (business_id,fecha_hora,tipo,id) values (?,?,?,default)
Hibernate: insert into aforo_registros (business_id,fecha_hora,tipo,id) values (?,?,?,default)
Hibernate: insert into aforo_registros (business_id,fecha_hora,tipo,id) values (?,?,?,default)
Hibernate: insert into aforo_registros (business_id,fecha_hora,tipo,id) values (?,?,?,default)
Hibernate: insert into aforo_registros (business_id,fecha_hora,tipo,id) values (?,?,?,default)
Hibernate: insert into aforo_registros (business_id,fecha_hora,tipo,id) values (?,?,?,default)
Hibernate: insert into aforo_registros (business_id,fecha_hora,tipo,id) values (?,?,?,default)
Hibernate: insert into aforo_registros (business_id,fecha_hora,tipo,id) values (?,?,?,default)
Hibernate: insert into aforo_registros (business_id,fecha_hora,tipo,id) values (?,?,?,default)
Hibernate: insert into aforo_registros (business_id,fecha_hora,tipo,id) values (?,?,?,default)
Hibernate: insert into aforo_registros (business_id,fecha_hora,tipo,id) values (?,?,?,default)
Hibernate: insert into aforo_registros (business_id,fecha_hora,tipo,id) values (?,?,?,default)
Hibernate: insert into aforo_registros (business_id,fecha_hora,tipo,id) values (?,?,?,default)
Hibernate: insert into aforo_registros (business_id,fecha_hora,tipo,id) values (?,?,?,default)
Hibernate: insert into aforo_registros (business_id,fecha_hora,tipo,id) values (?,?,?,default)
Hibernate: insert into aforo_registros (business_id,fecha_hora,tipo,id) values (?,?,?,default)
Hibernate: insert into aforo_registros (business_id,fecha_hora,tipo,id) values (?,?,?,default)
Hibernate: insert into aforo_registros (business_id,fecha_hora,tipo,id) values (?,?,?,default)
Hibernate: insert into aforo_registros (business_id,fecha_hora,tipo,id) values (?,?,?,default)
Hibernate: insert into aforo_registros (business_id,fecha_hora,tipo,id) values (?,?,?,default)
Hibernate: insert into aforo_registros (business_id,fecha_hora,tipo,id) values (?,?,?,default)
Hibernate: insert into aforo_registros (business_id,fecha_hora,tipo,id) values (?,?,?,default)
Hibernate: insert into aforo_registros (business_id,fecha_hora,tipo,id) values (?,?,?,default)
Hibernate: insert into aforo_registros (business_id,fecha_hora,tipo,id) values (?,?,?,default)
Hibernate: insert into aforo_registros (business_id,fecha_hora,tipo,id) values (?,?,?,default)
Hibernate: insert into aforo_registros (business_id,fecha_hora,tipo,id) values (?,?,?,default)
Hibernate: insert into aforo_registros (business_id,fecha_hora,tipo,id) values (?,?,?,default)
Hibernate: insert into aforo_registros (business_id,fecha_hora,tipo,id) values (?,?,?,default)
Hibernate: insert into aforo_registros (business_id,fecha_hora,tipo,id) values (?,?,?,default)
Hibernate: insert into aforo_registros (business_id,fecha_hora,tipo,id) values (?,?,?,default)
Hibernate: insert into aforo_registros (business_id,fecha_hora,tipo,id) values (?,?,?,default)
Hibernate: insert into aforo_registros (business_id,fecha_hora,tipo,id) values (?,?,?,default)
Hibernate: insert into aforo_registros (business_id,fecha_hora,tipo,id) values (?,?,?,default)
Hibernate: insert into aforo_registros (business_id,fecha_hora,tipo,id) values (?,?,?,default)
Hibernate: insert into aforo_registros (business_id,fecha_hora,tipo,id) values (?,?,?,default)
Hibernate: insert into aforo_registros (business_id,fecha_hora,tipo,id) values (?,?,?,default)
Hibernate: insert into aforo_registros (business_id,fecha_hora,tipo,id) values (?,?,?,default)
Hibernate: insert into aforo_registros (business_id,fecha_hora,tipo,id) values (?,?,?,default)
Hibernate: insert into aforo_registros (business_id,fecha_hora,tipo,id) values (?,?,?,default)
Hibernate: insert into aforo_registros (business_id,fecha_hora,tipo,id) values (?,?,?,default)
Hibernate: insert into aforo_registros (business_id,fecha_hora,tipo,id) values (?,?,?,default)
Hibernate: insert into aforo_registros (business_id,fecha_hora,tipo,id) values (?,?,?,default)
Hibernate: insert into aforo_registros (business_id,fecha_hora,tipo,id) values (?,?,?,default)
Hibernate: insert into aforo_registros (business_id,fecha_hora,tipo,id) values (?,?,?,default)
Hibernate: insert into aforo_registros (business_id,fecha_hora,tipo,id) values (?,?,?,default)
Hibernate: insert into aforo_registros (business_id,fecha_hora,tipo,id) values (?,?,?,default)
Hibernate: insert into aforo_registros (business_id,fecha_hora,tipo,id) values (?,?,?,default)
Hibernate: insert into aforo_registros (business_id,fecha_hora,tipo,id) values (?,?,?,default)
Hibernate: insert into aforo_registros (business_id,fecha_hora,tipo,id) values (?,?,?,default)
Hibernate: insert into aforo_registros (business_id,fecha_hora,tipo,id) values (?,?,?,default)
Hibernate: insert into aforo_registros (business_id,fecha_hora,tipo,id) values (?,?,?,default)
Hibernate: insert into aforo_registros (business_id,fecha_hora,tipo,id) values (?,?,?,default)
Hibernate: insert into aforo_registros (business_id,fecha_hora,tipo,id) values (?,?,?,default)
Hibernate: insert into aforo_registros (business_id,fecha_hora,tipo,id) values (?,?,?,default)
Hibernate: insert into aforo_registros (business_id,fecha_hora,tipo,id) values (?,?,?,default)
Hibernate: insert into aforo_registros (business_id,fecha_hora,tipo,id) values (?,?,?,default)
Hibernate: insert into aforo_registros (business_id,fecha_hora,tipo,id) values (?,?,?,default)
Hibernate: insert into aforo_registros (business_id,fecha_hora,tipo,id) values (?,?,?,default)
Hibernate: insert into aforo_registros (business_id,fecha_hora,tipo,id) values (?,?,?,default)
Hibernate: insert into aforo_registros (business_id,fecha_hora,tipo,id) values (?,?,?,default)
Hibernate: insert into aforo_registros (business_id,fecha_hora,tipo,id) values (?,?,?,default)
Hibernate: insert into aforo_registros (business_id,fecha_hora,tipo,id) values (?,?,?,default)
Hibernate: insert into aforo_registros (business_id,fecha_hora,tipo,id) values (?,?,?,default)
Hibernate: insert into aforo_registros (business_id,fecha_hora,tipo,id) values (?,?,?,default)
Hibernate: insert into aforo_registros (business_id,fecha_hora,tipo,id) values (?,?,?,default)
Hibernate: insert into aforo_registros (business_id,fecha_hora,tipo,id) values (?,?,?,default)
Hibernate: insert into aforo_registros (business_id,fecha_hora,tipo,id) values (?,?,?,default)
Hibernate: insert into aforo_registros (business_id,fecha_hora,tipo,id) values (?,?,?,default)
Hibernate: insert into aforo_registros (business_id,fecha_hora,tipo,id) values (?,?,?,default)
Hibernate: insert into aforo_registros (business_id,fecha_hora,tipo,id) values (?,?,?,default)
Hibernate: insert into aforo_registros (business_id,fecha_hora,tipo,id) values (?,?,?,default)
Hibernate: insert into aforo_registros (business_id,fecha_hora,tipo,id) values (?,?,?,default)
Hibernate: insert into aforo_registros (business_id,fecha_hora,tipo,id) values (?,?,?,default)
Hibernate: insert into aforo_registros (business_id,fecha_hora,tipo,id) values (?,?,?,default)
Hibernate: insert into aforo_registros (business_id,fecha_hora,tipo,id) values (?,?,?,default)
Hibernate: insert into aforo_registros (business_id,fecha_hora,tipo,id) values (?,?,?,default)
Hibernate: insert into aforo_registros (business_id,fecha_hora,tipo,id) values (?,?,?,default)
Hibernate: insert into aforo_registros (business_id,fecha_hora,tipo,id) values (?,?,?,default)
Hibernate: insert into aforo_registros (business_id,fecha_hora,tipo,id) values (?,?,?,default)
Hibernate: insert into aforo_registros (business_id,fecha_hora,tipo,id) values (?,?,?,default)
Hibernate: insert into aforo_registros (business_id,fecha_hora,tipo,id) values (?,?,?,default)
Hibernate: insert into aforo_registros (business_id,fecha_hora,tipo,id) values (?,?,?,default)
Hibernate: insert into aforo_registros (business_id,fecha_hora,tipo,id) values (?,?,?,default)
Hibernate: insert into aforo_registros (business_id,fecha_hora,tipo,id) values (?,?,?,default)
Hibernate: insert into aforo_registros (business_id,fecha_hora,tipo,id) values (?,?,?,default)
Hibernate: insert into aforo_registros (business_id,fecha_hora,tipo,id) values (?,?,?,default)
Hibernate: insert into aforo_registros (business_id,fecha_hora,tipo,id) values (?,?,?,default)
Hibernate: insert into aforo_registros (business_id,fecha_hora,tipo,id) values (?,?,?,default)
Hibernate: insert into aforo_registros (business_id,fecha_hora,tipo,id) values (?,?,?,default)
Hibernate: insert into aforo_registros (business_id,fecha_hora,tipo,id) values (?,?,?,default)
Hibernate: insert into aforo_registros (business_id,fecha_hora,tipo,id) values (?,?,?,default)
Hibernate: insert into aforo_registros (business_id,fecha_hora,tipo,id) values (?,?,?,default)
Hibernate: insert into aforo_registros (business_id,fecha_hora,tipo,id) values (?,?,?,default)
Hibernate: insert into aforo_registros (business_id,fecha_hora,tipo,id) values (?,?,?,default)
Hibernate: insert into aforo_registros (business_id,fecha_hora,tipo,id) values (?,?,?,default)
Hibernate: insert into aforo_registros (business_id,fecha_hora,tipo,id) values (?,?,?,default)
Hibernate: insert into aforo_registros (business_id,fecha_hora,tipo,id) values (?,?,?,default)
Hibernate: insert into aforo_registros (business_id,fecha_hora,tipo,id) values (?,?,?,default)
Hibernate: insert into aforo_registros (business_id,fecha_hora,tipo,id) values (?,?,?,default)
Hibernate: insert into aforo_registros (business_id,fecha_hora,tipo,id) values (?,?,?,default)
Hibernate: insert into aforo_registros (business_id,fecha_hora,tipo,id) values (?,?,?,default)
Hibernate: insert into aforo_registros (business_id,fecha_hora,tipo,id) values (?,?,?,default)
Hibernate: insert into aforo_registros (business_id,fecha_hora,tipo,id) values (?,?,?,default)
Hibernate: insert into aforo_registros (business_id,fecha_hora,tipo,id) values (?,?,?,default)
Hibernate: insert into aforo_registros (business_id,fecha_hora,tipo,id) values (?,?,?,default)
Hibernate: insert into aforo_registros (business_id,fecha_hora,tipo,id) values (?,?,?,default)
Hibernate: insert into aforo_registros (business_id,fecha_hora,tipo,id) values (?,?,?,default)
Hibernate: insert into aforo_registros (business_id,fecha_hora,tipo,id) values (?,?,?,default)
Hibernate: insert into aforo_registros (business_id,fecha_hora,tipo,id) values (?,?,?,default)
Hibernate: insert into aforo_registros (business_id,fecha_hora,tipo,id) values (?,?,?,default)
Hibernate: insert into aforo_registros (business_id,fecha_hora,tipo,id) values (?,?,?,default)
Hibernate: insert into aforo_registros (business_id,fecha_hora,tipo,id) values (?,?,?,default)
Hibernate: insert into aforo_registros (business_id,fecha_hora,tipo,id) values (?,?,?,default)
Hibernate: insert into aforo_registros (business_id,fecha_hora,tipo,id) values (?,?,?,default)
Hibernate: insert into aforo_registros (business_id,fecha_hora,tipo,id) values (?,?,?,default)
Hibernate: insert into aforo_registros (business_id,fecha_hora,tipo,id) values (?,?,?,default)
Hibernate: insert into aforo_registros (business_id,fecha_hora,tipo,id) values (?,?,?,default)
Hibernate: insert into aforo_registros (business_id,fecha_hora,tipo,id) values (?,?,?,default)
Hibernate: insert into aforo_registros (business_id,fecha_hora,tipo,id) values (?,?,?,default)
Hibernate: insert into aforo_registros (business_id,fecha_hora,tipo,id) values (?,?,?,default)
Hibernate: insert into aforo_registros (business_id,fecha_hora,tipo,id) values (?,?,?,default)
Hibernate: insert into aforo_registros (business_id,fecha_hora,tipo,id) values (?,?,?,default)
Hibernate: insert into aforo_registros (business_id,fecha_hora,tipo,id) values (?,?,?,default)
Hibernate: insert into aforo_registros (business_id,fecha_hora,tipo,id) values (?,?,?,default)
Hibernate: insert into aforo_registros (business_id,fecha_hora,tipo,id) values (?,?,?,default)
Hibernate: insert into aforo_registros (business_id,fecha_hora,tipo,id) values (?,?,?,default)
Hibernate: insert into aforo_registros (business_id,fecha_hora,tipo,id) values (?,?,?,default)
Hibernate: insert into aforo_registros (business_id,fecha_hora,tipo,id) values (?,?,?,default)
Hibernate: insert into aforo_registros (business_id,fecha_hora,tipo,id) values (?,?,?,default)
Hibernate: insert into aforo_registros (business_id,fecha_hora,tipo,id) values (?,?,?,default)
Hibernate: insert into aforo_registros (business_id,fecha_hora,tipo,id) values (?,?,?,default)
Hibernate: insert into aforo_registros (business_id,fecha_hora,tipo,id) values (?,?,?,default)
Hibernate: insert into aforo_registros (business_id,fecha_hora,tipo,id) values (?,?,?,default)
Hibernate: insert into aforo_registros (business_id,fecha_hora,tipo,id) values (?,?,?,default)
Hibernate: insert into aforo_registros (business_id,fecha_hora,tipo,id) values (?,?,?,default)
Hibernate: insert into aforo_registros (business_id,fecha_hora,tipo,id) values (?,?,?,default)
Hibernate: insert into aforo_registros (business_id,fecha_hora,tipo,id) values (?,?,?,default)
Hibernate: insert into aforo_registros (business_id,fecha_hora,tipo,id) values (?,?,?,default)
Hibernate: insert into aforo_registros (business_id,fecha_hora,tipo,id) values (?,?,?,default)
Hibernate: insert into aforo_registros (business_id,fecha_hora,tipo,id) values (?,?,?,default)
Hibernate: insert into aforo_registros (business_id,fecha_hora,tipo,id) values (?,?,?,default)
Hibernate: insert into aforo_registros (business_id,fecha_hora,tipo,id) values (?,?,?,default)
Hibernate: insert into aforo_registros (business_id,fecha_hora,tipo,id) values (?,?,?,default)
Hibernate: insert into aforo_registros (business_id,fecha_hora,tipo,id) values (?,?,?,default)
Hibernate: insert into aforo_registros (business_id,fecha_hora,tipo,id) values (?,?,?,default)
Hibernate: insert into aforo_registros (business_id,fecha_hora,tipo,id) values (?,?,?,default)
Hibernate: insert into aforo_registros (business_id,fecha_hora,tipo,id) values (?,?,?,default)
Hibernate: insert into aforo_registros (business_id,fecha_hora,tipo,id) values (?,?,?,default)
Hibernate: insert into aforo_registros (business_id,fecha_hora,tipo,id) values (?,?,?,default)
Hibernate: insert into aforo_registros (business_id,fecha_hora,tipo,id) values (?,?,?,default)
Hibernate: insert into aforo_registros (business_id,fecha_hora,tipo,id) values (?,?,?,default)
Hibernate: insert into aforo_registros (business_id,fecha_hora,tipo,id) values (?,?,?,default)
Hibernate: insert into aforo_registros (business_id,fecha_hora,tipo,id) values (?,?,?,default)
Hibernate: insert into aforo_registros (business_id,fecha_hora,tipo,id) values (?,?,?,default)
Hibernate: insert into aforo_registros (business_id,fecha_hora,tipo,id) values (?,?,?,default)
Hibernate: insert into aforo_registros (business_id,fecha_hora,tipo,id) values (?,?,?,default)
Hibernate: insert into aforo_registros (business_id,fecha_hora,tipo,id) values (?,?,?,default)
Hibernate: insert into aforo_registros (business_id,fecha_hora,tipo,id) values (?,?,?,default)
Hibernate: insert into aforo_registros (business_id,fecha_hora,tipo,id) values (?,?,?,default)
Hibernate: insert into aforo_registros (business_id,fecha_hora,tipo,id) values (?,?,?,default)
Hibernate: insert into aforo_registros (business_id,fecha_hora,tipo,id) values (?,?,?,default)
Hibernate: insert into aforo_registros (business_id,fecha_hora,tipo,id) values (?,?,?,default)
Hibernate: insert into aforo_registros (business_id,fecha_hora,tipo,id) values (?,?,?,default)
Hibernate: insert into aforo_registros (business_id,fecha_hora,tipo,id) values (?,?,?,default)
Hibernate: insert into aforo_registros (business_id,fecha_hora,tipo,id) values (?,?,?,default)
Hibernate: insert into aforo_registros (business_id,fecha_hora,tipo,id) values (?,?,?,default)
Hibernate: insert into aforo_registros (business_id,fecha_hora,tipo,id) values (?,?,?,default)
Hibernate: insert into aforo_registros (business_id,fecha_hora,tipo,id) values (?,?,?,default)
Hibernate: insert into aforo_registros (business_id,fecha_hora,tipo,id) values (?,?,?,default)
Hibernate: insert into aforo_registros (business_id,fecha_hora,tipo,id) values (?,?,?,default)
Hibernate: insert into aforo_registros (business_id,fecha_hora,tipo,id) values (?,?,?,default)
Hibernate: insert into aforo_registros (business_id,fecha_hora,tipo,id) values (?,?,?,default)
Hibernate: insert into aforo_registros (business_id,fecha_hora,tipo,id) values (?,?,?,default)
Hibernate: insert into aforo_registros (business_id,fecha_hora,tipo,id) values (?,?,?,default)
Hibernate: insert into aforo_registros (business_id,fecha_hora,tipo,id) values (?,?,?,default)
Hibernate: insert into aforo_registros (business_id,fecha_hora,tipo,id) values (?,?,?,default)
Hibernate: insert into aforo_registros (business_id,fecha_hora,tipo,id) values (?,?,?,default)
Hibernate: insert into aforo_registros (business_id,fecha_hora,tipo,id) values (?,?,?,default)
Hibernate: insert into aforo_registros (business_id,fecha_hora,tipo,id) values (?,?,?,default)
Hibernate: insert into aforo_registros (business_id,fecha_hora,tipo,id) values (?,?,?,default)
Hibernate: insert into aforo_registros (business_id,fecha_hora,tipo,id) values (?,?,?,default)
Hibernate: insert into aforo_registros (business_id,fecha_hora,tipo,id) values (?,?,?,default)
Hibernate: insert into aforo_registros (business_id,fecha_hora,tipo,id) values (?,?,?,default)
Hibernate: insert into aforo_registros (business_id,fecha_hora,tipo,id) values (?,?,?,default)
Hibernate: insert into aforo_registros (business_id,fecha_hora,tipo,id) values (?,?,?,default)
Hibernate: insert into aforo_registros (business_id,fecha_hora,tipo,id) values (?,?,?,default)
Hibernate: insert into aforo_registros (business_id,fecha_hora,tipo,id) values (?,?,?,default)
Hibernate: insert into aforo_registros (business_id,fecha_hora,tipo,id) values (?,?,?,default)
Hibernate: insert into aforo_registros (business_id,fecha_hora,tipo,id) values (?,?,?,default)
Hibernate: insert into aforo_registros (business_id,fecha_hora,tipo,id) values (?,?,?,default)
Hibernate: insert into aforo_registros (business_id,fecha_hora,tipo,id) values (?,?,?,default)
Hibernate: insert into aforo_registros (business_id,fecha_hora,tipo,id) values (?,?,?,default)
Hibernate: insert into aforo_registros (business_id,fecha_hora,tipo,id) values (?,?,?,default)
Hibernate: insert into aforo_registros (business_id,fecha_hora,tipo,id) values (?,?,?,default)
Hibernate: insert into aforo_registros (business_id,fecha_hora,tipo,id) values (?,?,?,default)
Hibernate: insert into aforo_registros (business_id,fecha_hora,tipo,id) values (?,?,?,default)
Hibernate: insert into aforo_registros (business_id,fecha_hora,tipo,id) values (?,?,?,default)
Hibernate: insert into aforo_registros (business_id,fecha_hora,tipo,id) values (?,?,?,default)
Hibernate: insert into aforo_registros (business_id,fecha_hora,tipo,id) values (?,?,?,default)
Hibernate: insert into aforo_registros (business_id,fecha_hora,tipo,id) values (?,?,?,default)
Hibernate: insert into aforo_registros (business_id,fecha_hora,tipo,id) values (?,?,?,default)
Hibernate: insert into aforo_registros (business_id,fecha_hora,tipo,id) values (?,?,?,default)
Hibernate: insert into aforo_registros (business_id,fecha_hora,tipo,id) values (?,?,?,default)
Hibernate: insert into aforo_registros (business_id,fecha_hora,tipo,id) values (?,?,?,default)
Hibernate: insert into aforo_registros (business_id,fecha_hora,tipo,id) values (?,?,?,default)
Hibernate: insert into aforo_registros (business_id,fecha_hora,tipo,id) values (?,?,?,default)
Hibernate: insert into aforo_registros (business_id,fecha_hora,tipo,id) values (?,?,?,default)
Hibernate: insert into aforo_registros (business_id,fecha_hora,tipo,id) values (?,?,?,default)
Hibernate: insert into aforo_registros (business_id,fecha_hora,tipo,id) values (?,?,?,default)
Hibernate: insert into aforo_registros (business_id,fecha_hora,tipo,id) values (?,?,?,default)
Hibernate: insert into aforo_registros (business_id,fecha_hora,tipo,id) values (?,?,?,default)
Hibernate: insert into aforo_registros (business_id,fecha_hora,tipo,id) values (?,?,?,default)
Hibernate: insert into aforo_registros (business_id,fecha_hora,tipo,id) values (?,?,?,default)
Hibernate: insert into aforo_registros (business_id,fecha_hora,tipo,id) values (?,?,?,default)
Hibernate: insert into aforo_registros (business_id,fecha_hora,tipo,id) values (?,?,?,default)
Hibernate: insert into aforo_registros (business_id,fecha_hora,tipo,id) values (?,?,?,default)
Hibernate: insert into aforo_registros (business_id,fecha_hora,tipo,id) values (?,?,?,default)
Hibernate: insert into aforo_registros (business_id,fecha_hora,tipo,id) values (?,?,?,default)
Hibernate: insert into aforo_registros (business_id,fecha_hora,tipo,id) values (?,?,?,default)
Hibernate: insert into aforo_registros (business_id,fecha_hora,tipo,id) values (?,?,?,default)
Hibernate: insert into aforo_registros (business_id,fecha_hora,tipo,id) values (?,?,?,default)
Hibernate: insert into aforo_registros (business_id,fecha_hora,tipo,id) values (?,?,?,default)
Hibernate: insert into aforo_registros (business_id,fecha_hora,tipo,id) values (?,?,?,default)
Hibernate: insert into aforo_registros (business_id,fecha_hora,tipo,id) values (?,?,?,default)
Hibernate: insert into aforo_registros (business_id,fecha_hora,tipo,id) values (?,?,?,default)
Hibernate: insert into aforo_registros (business_id,fecha_hora,tipo,id) values (?,?,?,default)
Hibernate: insert into aforo_registros (business_id,fecha_hora,tipo,id) values (?,?,?,default)
Hibernate: insert into aforo_registros (business_id,fecha_hora,tipo,id) values (?,?,?,default)
Hibernate: insert into aforo_registros (business_id,fecha_hora,tipo,id) values (?,?,?,default)
Hibernate: insert into aforo_registros (business_id,fecha_hora,tipo,id) values (?,?,?,default)
Hibernate: insert into aforo_registros (business_id,fecha_hora,tipo,id) values (?,?,?,default)
Hibernate: insert into aforo_registros (business_id,fecha_hora,tipo,id) values (?,?,?,default)
Hibernate: insert into aforo_registros (business_id,fecha_hora,tipo,id) values (?,?,?,default)
Hibernate: insert into aforo_registros (business_id,fecha_hora,tipo,id) values (?,?,?,default)
Hibernate: insert into aforo_registros (business_id,fecha_hora,tipo,id) values (?,?,?,default)
Hibernate: insert into aforo_registros (business_id,fecha_hora,tipo,id) values (?,?,?,default)
Hibernate: insert into aforo_registros (business_id,fecha_hora,tipo,id) values (?,?,?,default)
Hibernate: insert into aforo_registros (business_id,fecha_hora,tipo,id) values (?,?,?,default)
Hibernate: insert into aforo_registros (business_id,fecha_hora,tipo,id) values (?,?,?,default)
Hibernate: insert into aforo_registros (business_id,fecha_hora,tipo,id) values (?,?,?,default)
Hibernate: insert into aforo_registros (business_id,fecha_hora,tipo,id) values (?,?,?,default)
Hibernate: insert into aforo_registros (business_id,fecha_hora,tipo,id) values (?,?,?,default)
Hibernate: insert into aforo_registros (business_id,fecha_hora,tipo,id) values (?,?,?,default)
Hibernate: insert into aforo_registros (business_id,fecha_hora,tipo,id) values (?,?,?,default)
Hibernate: insert into aforo_registros (business_id,fecha_hora,tipo,id) values (?,?,?,default)
Hibernate: insert into aforo_registros (business_id,fecha_hora,tipo,id) values (?,?,?,default)
Hibernate: insert into aforo_registros (business_id,fecha_hora,tipo,id) values (?,?,?,default)
Hibernate: insert into aforo_registros (business_id,fecha_hora,tipo,id) values (?,?,?,default)
Hibernate: insert into aforo_registros (business_id,fecha_hora,tipo,id) values (?,?,?,default)
Hibernate: insert into aforo_registros (business_id,fecha_hora,tipo,id) values (?,?,?,default)
Hibernate: insert into aforo_registros (business_id,fecha_hora,tipo,id) values (?,?,?,default)
Hibernate: insert into aforo_registros (business_id,fecha_hora,tipo,id) values (?,?,?,default)
Hibernate: insert into aforo_registros (business_id,fecha_hora,tipo,id) values (?,?,?,default)
Hibernate: insert into aforo_registros (business_id,fecha_hora,tipo,id) values (?,?,?,default)
Hibernate: insert into aforo_registros (business_id,fecha_hora,tipo,id) values (?,?,?,default)
Hibernate: insert into aforo_registros (business_id,fecha_hora,tipo,id) values (?,?,?,default)
Hibernate: insert into aforo_registros (business_id,fecha_hora,tipo,id) values (?,?,?,default)
Hibernate: insert into aforo_registros (business_id,fecha_hora,tipo,id) values (?,?,?,default)
Hibernate: insert into aforo_registros (business_id,fecha_hora,tipo,id) values (?,?,?,default)
Hibernate: insert into aforo_registros (business_id,fecha_hora,tipo,id) values (?,?,?,default)
Hibernate: insert into aforo_registros (business_id,fecha_hora,tipo,id) values (?,?,?,default)
Hibernate: insert into aforo_registros (business_id,fecha_hora,tipo,id) values (?,?,?,default)
Hibernate: insert into aforo_registros (business_id,fecha_hora,tipo,id) values (?,?,?,default)
Hibernate: insert into aforo_registros (business_id,fecha_hora,tipo,id) values (?,?,?,default)
Hibernate: insert into aforo_registros (business_id,fecha_hora,tipo,id) values (?,?,?,default)
Hibernate: insert into aforo_registros (business_id,fecha_hora,tipo,id) values (?,?,?,default)
Hibernate: insert into aforo_registros (business_id,fecha_hora,tipo,id) values (?,?,?,default)
Hibernate: insert into aforo_registros (business_id,fecha_hora,tipo,id) values (?,?,?,default)
Hibernate: insert into aforo_registros (business_id,fecha_hora,tipo,id) values (?,?,?,default)
Hibernate: insert into aforo_registros (business_id,fecha_hora,tipo,id) values (?,?,?,default)
Hibernate: insert into aforo_registros (business_id,fecha_hora,tipo,id) values (?,?,?,default)
Hibernate: insert into aforo_registros (business_id,fecha_hora,tipo,id) values (?,?,?,default)
Hibernate: insert into aforo_registros (business_id,fecha_hora,tipo,id) values (?,?,?,default)
Hibernate: insert into aforo_registros (business_id,fecha_hora,tipo,id) values (?,?,?,default)
Hibernate: insert into aforo_registros (business_id,fecha_hora,tipo,id) values (?,?,?,default)
Hibernate: insert into aforo_registros (business_id,fecha_hora,tipo,id) values (?,?,?,default)
Hibernate: insert into aforo_registros (business_id,fecha_hora,tipo,id) values (?,?,?,default)
Hibernate: insert into aforo_registros (business_id,fecha_hora,tipo,id) values (?,?,?,default)
Hibernate: insert into aforo_registros (business_id,fecha_hora,tipo,id) values (?,?,?,default)
Hibernate: insert into aforo_registros (business_id,fecha_hora,tipo,id) values (?,?,?,default)
Hibernate: insert into aforo_registros (business_id,fecha_hora,tipo,id) values (?,?,?,default)
Hibernate: insert into aforo_registros (business_id,fecha_hora,tipo,id) values (?,?,?,default)
Hibernate: insert into aforo_registros (business_id,fecha_hora,tipo,id) values (?,?,?,default)
Hibernate: insert into aforo_registros (business_id,fecha_hora,tipo,id) values (?,?,?,default)
Hibernate: insert into aforo_registros (business_id,fecha_hora,tipo,id) values (?,?,?,default)
Hibernate: insert into aforo_registros (business_id,fecha_hora,tipo,id) values (?,?,?,default)
Hibernate: insert into aforo_registros (business_id,fecha_hora,tipo,id) values (?,?,?,default)
Hibernate: insert into aforo_registros (business_id,fecha_hora,tipo,id) values (?,?,?,default)
Hibernate: insert into aforo_registros (business_id,fecha_hora,tipo,id) values (?,?,?,default)
Hibernate: insert into aforo_registros (business_id,fecha_hora,tipo,id) values (?,?,?,default)
Hibernate: insert into aforo_registros (business_id,fecha_hora,tipo,id) values (?,?,?,default)
Hibernate: insert into aforo_registros (business_id,fecha_hora,tipo,id) values (?,?,?,default)
Hibernate: insert into aforo_registros (business_id,fecha_hora,tipo,id) values (?,?,?,default)
Hibernate: insert into aforo_registros (business_id,fecha_hora,tipo,id) values (?,?,?,default)
Hibernate: insert into aforo_registros (business_id,fecha_hora,tipo,id) values (?,?,?,default)
Hibernate: insert into aforo_registros (business_id,fecha_hora,tipo,id) values (?,?,?,default)
Hibernate: insert into aforo_registros (business_id,fecha_hora,tipo,id) values (?,?,?,default)
Hibernate: insert into aforo_registros (business_id,fecha_hora,tipo,id) values (?,?,?,default)
Hibernate: insert into aforo_registros (business_id,fecha_hora,tipo,id) values (?,?,?,default)
Hibernate: insert into aforo_registros (business_id,fecha_hora,tipo,id) values (?,?,?,default)
Hibernate: insert into aforo_registros (business_id,fecha_hora,tipo,id) values (?,?,?,default)
Hibernate: insert into aforo_registros (business_id,fecha_hora,tipo,id) values (?,?,?,default)
Hibernate: insert into aforo_registros (business_id,fecha_hora,tipo,id) values (?,?,?,default)
Hibernate: insert into aforo_registros (business_id,fecha_hora,tipo,id) values (?,?,?,default)
Hibernate: insert into aforo_registros (business_id,fecha_hora,tipo,id) values (?,?,?,default)
Hibernate: insert into aforo_registros (business_id,fecha_hora,tipo,id) values (?,?,?,default)
Hibernate: insert into aforo_registros (business_id,fecha_hora,tipo,id) values (?,?,?,default)
Hibernate: insert into aforo_registros (business_id,fecha_hora,tipo,id) values (?,?,?,default)
Hibernate: insert into aforo_registros (business_id,fecha_hora,tipo,id) values (?,?,?,default)
Hibernate: insert into aforo_registros (business_id,fecha_hora,tipo,id) values (?,?,?,default)
Hibernate: insert into aforo_registros (business_id,fecha_hora,tipo,id) values (?,?,?,default)
Hibernate: insert into aforo_registros (business_id,fecha_hora,tipo,id) values (?,?,?,default)
Hibernate: insert into aforo_registros (business_id,fecha_hora,tipo,id) values (?,?,?,default)
Hibernate: insert into aforo_registros (business_id,fecha_hora,tipo,id) values (?,?,?,default)
Hibernate: insert into aforo_registros (business_id,fecha_hora,tipo,id) values (?,?,?,default)
Hibernate: insert into aforo_registros (business_id,fecha_hora,tipo,id) values (?,?,?,default)
Hibernate: insert into aforo_registros (business_id,fecha_hora,tipo,id) values (?,?,?,default)
Hibernate: insert into aforo_registros (business_id,fecha_hora,tipo,id) values (?,?,?,default)
Hibernate: insert into aforo_registros (business_id,fecha_hora,tipo,id) values (?,?,?,default)
Hibernate: insert into aforo_registros (business_id,fecha_hora,tipo,id) values (?,?,?,default)
Hibernate: insert into aforo_registros (business_id,fecha_hora,tipo,id) values (?,?,?,default)
Hibernate: insert into aforo_registros (business_id,fecha_hora,tipo,id) values (?,?,?,default)
Hibernate: insert into aforo_registros (business_id,fecha_hora,tipo,id) values (?,?,?,default)
Hibernate: insert into aforo_registros (business_id,fecha_hora,tipo,id) values (?,?,?,default)
Hibernate: insert into aforo_registros (business_id,fecha_hora,tipo,id) values (?,?,?,default)
Hibernate: insert into aforo_registros (business_id,fecha_hora,tipo,id) values (?,?,?,default)
Hibernate: insert into aforo_registros (business_id,fecha_hora,tipo,id) values (?,?,?,default)
Hibernate: insert into aforo_registros (business_id,fecha_hora,tipo,id) values (?,?,?,default)
Hibernate: insert into aforo_registros (business_id,fecha_hora,tipo,id) values (?,?,?,default)
Hibernate: insert into aforo_registros (business_id,fecha_hora,tipo,id) values (?,?,?,default)
Hibernate: insert into aforo_registros (business_id,fecha_hora,tipo,id) values (?,?,?,default)
Hibernate: insert into aforo_registros (business_id,fecha_hora,tipo,id) values (?,?,?,default)
Hibernate: insert into aforo_registros (business_id,fecha_hora,tipo,id) values (?,?,?,default)
Hibernate: insert into aforo_registros (business_id,fecha_hora,tipo,id) values (?,?,?,default)
Hibernate: insert into aforo_registros (business_id,fecha_hora,tipo,id) values (?,?,?,default)
Hibernate: insert into aforo_registros (business_id,fecha_hora,tipo,id) values (?,?,?,default)
Hibernate: insert into aforo_registros (business_id,fecha_hora,tipo,id) values (?,?,?,default)
Hibernate: insert into aforo_registros (business_id,fecha_hora,tipo,id) values (?,?,?,default)
Hibernate: insert into aforo_registros (business_id,fecha_hora,tipo,id) values (?,?,?,default)
Hibernate: insert into aforo_registros (business_id,fecha_hora,tipo,id) values (?,?,?,default)
Hibernate: insert into aforo_registros (business_id,fecha_hora,tipo,id) values (?,?,?,default)
Hibernate: insert into aforo_registros (business_id,fecha_hora,tipo,id) values (?,?,?,default)
Hibernate: insert into aforo_registros (business_id,fecha_hora,tipo,id) values (?,?,?,default)
Hibernate: insert into aforo_registros (business_id,fecha_hora,tipo,id) values (?,?,?,default)
Hibernate: insert into aforo_registros (business_id,fecha_hora,tipo,id) values (?,?,?,default)
Hibernate: insert into aforo_registros (business_id,fecha_hora,tipo,id) values (?,?,?,default)
Hibernate: insert into aforo_registros (business_id,fecha_hora,tipo,id) values (?,?,?,default)
Hibernate: insert into aforo_registros (business_id,fecha_hora,tipo,id) values (?,?,?,default)
Hibernate: insert into aforo_registros (business_id,fecha_hora,tipo,id) values (?,?,?,default)
Hibernate: insert into aforo_registros (business_id,fecha_hora,tipo,id) values (?,?,?,default)
Hibernate: insert into aforo_registros (business_id,fecha_hora,tipo,id) values (?,?,?,default)
Hibernate: insert into aforo_registros (business_id,fecha_hora,tipo,id) values (?,?,?,default)
Hibernate: insert into aforo_registros (business_id,fecha_hora,tipo,id) values (?,?,?,default)
Hibernate: insert into aforo_registros (business_id,fecha_hora,tipo,id) values (?,?,?,default)
Hibernate: insert into aforo_registros (business_id,fecha_hora,tipo,id) values (?,?,?,default)
Hibernate: insert into aforo_registros (business_id,fecha_hora,tipo,id) values (?,?,?,default)
Hibernate: insert into aforo_registros (business_id,fecha_hora,tipo,id) values (?,?,?,default)
Hibernate: insert into aforo_registros (business_id,fecha_hora,tipo,id) values (?,?,?,default)
Hibernate: insert into aforo_registros (business_id,fecha_hora,tipo,id) values (?,?,?,default)
Hibernate: insert into aforo_registros (business_id,fecha_hora,tipo,id) values (?,?,?,default)
Hibernate: insert into aforo_registros (business_id,fecha_hora,tipo,id) values (?,?,?,default)
Hibernate: insert into aforo_registros (business_id,fecha_hora,tipo,id) values (?,?,?,default)
Hibernate: insert into aforo_registros (business_id,fecha_hora,tipo,id) values (?,?,?,default)
Hibernate: insert into aforo_registros (business_id,fecha_hora,tipo,id) values (?,?,?,default)
Hibernate: insert into aforo_registros (business_id,fecha_hora,tipo,id) values (?,?,?,default)
Hibernate: insert into aforo_registros (business_id,fecha_hora,tipo,id) values (?,?,?,default)
Hibernate: insert into aforo_registros (business_id,fecha_hora,tipo,id) values (?,?,?,default)
Hibernate: insert into aforo_registros (business_id,fecha_hora,tipo,id) values (?,?,?,default)
Hibernate: insert into aforo_registros (business_id,fecha_hora,tipo,id) values (?,?,?,default)
Hibernate: insert into aforo_registros (business_id,fecha_hora,tipo,id) values (?,?,?,default)
Hibernate: insert into aforo_registros (business_id,fecha_hora,tipo,id) values (?,?,?,default)
Hibernate: insert into aforo_registros (business_id,fecha_hora,tipo,id) values (?,?,?,default)
Hibernate: insert into aforo_registros (business_id,fecha_hora,tipo,id) values (?,?,?,default)
Hibernate: insert into aforo_registros (business_id,fecha_hora,tipo,id) values (?,?,?,default)
Hibernate: insert into aforo_registros (business_id,fecha_hora,tipo,id) values (?,?,?,default)
Hibernate: insert into aforo_registros (business_id,fecha_hora,tipo,id) values (?,?,?,default)
Hibernate: insert into aforo_registros (business_id,fecha_hora,tipo,id) values (?,?,?,default)
Hibernate: insert into aforo_registros (business_id,fecha_hora,tipo,id) values (?,?,?,default)
Hibernate: insert into aforo_registros (business_id,fecha_hora,tipo,id) values (?,?,?,default)
Hibernate: insert into aforo_registros (business_id,fecha_hora,tipo,id) values (?,?,?,default)
Hibernate: insert into aforo_registros (business_id,fecha_hora,tipo,id) values (?,?,?,default)
Hibernate: insert into aforo_registros (business_id,fecha_hora,tipo,id) values (?,?,?,default)
Hibernate: insert into aforo_registros (business_id,fecha_hora,tipo,id) values (?,?,?,default)
Hibernate: insert into aforo_registros (business_id,fecha_hora,tipo,id) values (?,?,?,default)
Hibernate: insert into aforo_registros (business_id,fecha_hora,tipo,id) values (?,?,?,default)
Hibernate: insert into aforo_registros (business_id,fecha_hora,tipo,id) values (?,?,?,default)
Hibernate: insert into aforo_registros (business_id,fecha_hora,tipo,id) values (?,?,?,default)
Hibernate: insert into aforo_registros (business_id,fecha_hora,tipo,id) values (?,?,?,default)
Hibernate: insert into aforo_registros (business_id,fecha_hora,tipo,id) values (?,?,?,default)
Hibernate: insert into aforo_registros (business_id,fecha_hora,tipo,id) values (?,?,?,default)
Hibernate: insert into aforo_registros (business_id,fecha_hora,tipo,id) values (?,?,?,default)
Hibernate: insert into aforo_registros (business_id,fecha_hora,tipo,id) values (?,?,?,default)
Hibernate: insert into aforo_registros (business_id,fecha_hora,tipo,id) values (?,?,?,default)
Hibernate: insert into aforo_registros (business_id,fecha_hora,tipo,id) values (?,?,?,default)
Hibernate: insert into aforo_registros (business_id,fecha_hora,tipo,id) values (?,?,?,default)
Hibernate: insert into aforo_registros (business_id,fecha_hora,tipo,id) values (?,?,?,default)
Hibernate: insert into aforo_registros (business_id,fecha_hora,tipo,id) values (?,?,?,default)
Hibernate: insert into aforo_registros (business_id,fecha_hora,tipo,id) values (?,?,?,default)
Hibernate: insert into aforo_registros (business_id,fecha_hora,tipo,id) values (?,?,?,default)
Hibernate: insert into aforo_registros (business_id,fecha_hora,tipo,id) values (?,?,?,default)
Hibernate: insert into aforo_registros (business_id,fecha_hora,tipo,id) values (?,?,?,default)
Hibernate: insert into aforo_registros (business_id,fecha_hora,tipo,id) values (?,?,?,default)
Hibernate: insert into aforo_registros (business_id,fecha_hora,tipo,id) values (?,?,?,default)
Hibernate: insert into aforo_registros (business_id,fecha_hora,tipo,id) values (?,?,?,default)
Hibernate: insert into aforo_registros (business_id,fecha_hora,tipo,id) values (?,?,?,default)
Hibernate: insert into aforo_registros (business_id,fecha_hora,tipo,id) values (?,?,?,default)
Hibernate: insert into aforo_registros (business_id,fecha_hora,tipo,id) values (?,?,?,default)
Hibernate: insert into aforo_registros (business_id,fecha_hora,tipo,id) values (?,?,?,default)
Hibernate: insert into aforo_registros (business_id,fecha_hora,tipo,id) values (?,?,?,default)
Hibernate: insert into aforo_registros (business_id,fecha_hora,tipo,id) values (?,?,?,default)
Hibernate: insert into aforo_registros (business_id,fecha_hora,tipo,id) values (?,?,?,default)
Hibernate: insert into aforo_registros (business_id,fecha_hora,tipo,id) values (?,?,?,default)
Hibernate: insert into aforo_registros (business_id,fecha_hora,tipo,id) values (?,?,?,default)
Hibernate: insert into aforo_registros (business_id,fecha_hora,tipo,id) values (?,?,?,default)
Hibernate: insert into aforo_registros (business_id,fecha_hora,tipo,id) values (?,?,?,default)
Hibernate: insert into aforo_registros (business_id,fecha_hora,tipo,id) values (?,?,?,default)
Hibernate: insert into aforo_registros (business_id,fecha_hora,tipo,id) values (?,?,?,default)
Hibernate: insert into aforo_registros (business_id,fecha_hora,tipo,id) values (?,?,?,default)
Hibernate: insert into aforo_registros (business_id,fecha_hora,tipo,id) values (?,?,?,default)
Hibernate: insert into aforo_registros (business_id,fecha_hora,tipo,id) values (?,?,?,default)
Hibernate: insert into aforo_registros (business_id,fecha_hora,tipo,id) values (?,?,?,default)
Hibernate: insert into aforo_registros (business_id,fecha_hora,tipo,id) values (?,?,?,default)
Hibernate: insert into aforo_registros (business_id,fecha_hora,tipo,id) values (?,?,?,default)
Hibernate: insert into aforo_registros (business_id,fecha_hora,tipo,id) values (?,?,?,default)
Hibernate: insert into aforo_registros (business_id,fecha_hora,tipo,id) values (?,?,?,default)
Hibernate: insert into aforo_registros (business_id,fecha_hora,tipo,id) values (?,?,?,default)
Hibernate: insert into aforo_registros (business_id,fecha_hora,tipo,id) values (?,?,?,default)
Hibernate: insert into aforo_registros (business_id,fecha_hora,tipo,id) values (?,?,?,default)
Hibernate: insert into aforo_registros (business_id,fecha_hora,tipo,id) values (?,?,?,default)
Hibernate: insert into aforo_registros (business_id,fecha_hora,tipo,id) values (?,?,?,default)
Hibernate: insert into aforo_registros (business_id,fecha_hora,tipo,id) values (?,?,?,default)
Hibernate: insert into aforo_registros (business_id,fecha_hora,tipo,id) values (?,?,?,default)
Hibernate: insert into aforo_registros (business_id,fecha_hora,tipo,id) values (?,?,?,default)
Hibernate: insert into aforo_registros (business_id,fecha_hora,tipo,id) values (?,?,?,default)
Hibernate: insert into aforo_registros (business_id,fecha_hora,tipo,id) values (?,?,?,default)
Hibernate: insert into aforo_registros (business_id,fecha_hora,tipo,id) values (?,?,?,default)
Hibernate: insert into aforo_registros (business_id,fecha_hora,tipo,id) values (?,?,?,default)
Hibernate: insert into aforo_registros (business_id,fecha_hora,tipo,id) values (?,?,?,default)
Hibernate: insert into aforo_registros (business_id,fecha_hora,tipo,id) values (?,?,?,default)
Hibernate: insert into aforo_registros (business_id,fecha_hora,tipo,id) values (?,?,?,default)
Hibernate: insert into aforo_registros (business_id,fecha_hora,tipo,id) values (?,?,?,default)
Hibernate: insert into aforo_registros (business_id,fecha_hora,tipo,id) values (?,?,?,default)
Hibernate: insert into aforo_registros (business_id,fecha_hora,tipo,id) values (?,?,?,default)
Hibernate: insert into aforo_registros (business_id,fecha_hora,tipo,id) values (?,?,?,default)
Hibernate: insert into aforo_registros (business_id,fecha_hora,tipo,id) values (?,?,?,default)
Hibernate: insert into aforo_registros (business_id,fecha_hora,tipo,id) values (?,?,?,default)
Hibernate: insert into aforo_registros (business_id,fecha_hora,tipo,id) values (?,?,?,default)
Hibernate: insert into aforo_registros (business_id,fecha_hora,tipo,id) values (?,?,?,default)
Hibernate: insert into aforo_registros (business_id,fecha_hora,tipo,id) values (?,?,?,default)
Hibernate: insert into aforo_registros (business_id,fecha_hora,tipo,id) values (?,?,?,default)
Hibernate: insert into aforo_registros (business_id,fecha_hora,tipo,id) values (?,?,?,default)
Hibernate: insert into aforo_registros (business_id,fecha_hora,tipo,id) values (?,?,?,default)
Hibernate: insert into aforo_registros (business_id,fecha_hora,tipo,id) values (?,?,?,default)
Hibernate: insert into aforo_registros (business_id,fecha_hora,tipo,id) values (?,?,?,default)
Hibernate: insert into aforo_registros (business_id,fecha_hora,tipo,id) values (?,?,?,default)
Hibernate: insert into aforo_registros (business_id,fecha_hora,tipo,id) values (?,?,?,default)
Hibernate: insert into aforo_registros (business_id,fecha_hora,tipo,id) values (?,?,?,default)
Hibernate: insert into aforo_registros (business_id,fecha_hora,tipo,id) values (?,?,?,default)
Hibernate: insert into aforo_registros (business_id,fecha_hora,tipo,id) values (?,?,?,default)
Hibernate: insert into aforo_registros (business_id,fecha_hora,tipo,id) values (?,?,?,default)
Hibernate: insert into aforo_registros (business_id,fecha_hora,tipo,id) values (?,?,?,default)
Hibernate: insert into aforo_registros (business_id,fecha_hora,tipo,id) values (?,?,?,default)
Hibernate: insert into aforo_registros (business_id,fecha_hora,tipo,id) values (?,?,?,default)
Hibernate: insert into aforo_registros (business_id,fecha_hora,tipo,id) values (?,?,?,default)
Hibernate: insert into aforo_registros (business_id,fecha_hora,tipo,id) values (?,?,?,default)
Hibernate: insert into aforo_registros (business_id,fecha_hora,tipo,id) values (?,?,?,default)
Hibernate: insert into aforo_registros (business_id,fecha_hora,tipo,id) values (?,?,?,default)
Hibernate: insert into aforo_registros (business_id,fecha_hora,tipo,id) values (?,?,?,default)
Hibernate: insert into aforo_registros (business_id,fecha_hora,tipo,id) values (?,?,?,default)
Hibernate: insert into aforo_registros (business_id,fecha_hora,tipo,id) values (?,?,?,default)
Hibernate: insert into aforo_registros (business_id,fecha_hora,tipo,id) values (?,?,?,default)
Hibernate: insert into aforo_registros (business_id,fecha_hora,tipo,id) values (?,?,?,default)
Hibernate: insert into aforo_registros (business_id,fecha_hora,tipo,id) values (?,?,?,default)
Hibernate: insert into aforo_registros (business_id,fecha_hora,tipo,id) values (?,?,?,default)
Hibernate: insert into aforo_registros (business_id,fecha_hora,tipo,id) values (?,?,?,default)
Hibernate: insert into aforo_registros (business_id,fecha_hora,tipo,id) values (?,?,?,default)
Hibernate: insert into aforo_registros (business_id,fecha_hora,tipo,id) values (?,?,?,default)
Hibernate: insert into aforo_registros (business_id,fecha_hora,tipo,id) values (?,?,?,default)
Hibernate: insert into aforo_registros (business_id,fecha_hora,tipo,id) values (?,?,?,default)
Hibernate: insert into aforo_registros (business_id,fecha_hora,tipo,id) values (?,?,?,default)
Hibernate: insert into aforo_registros (business_id,fecha_hora,tipo,id) values (?,?,?,default)
Hibernate: insert into aforo_registros (business_id,fecha_hora,tipo,id) values (?,?,?,default)
Hibernate: insert into aforo_registros (business_id,fecha_hora,tipo,id) values (?,?,?,default)
Hibernate: insert into aforo_registros (business_id,fecha_hora,tipo,id) values (?,?,?,default)
Hibernate: insert into aforo_registros (business_id,fecha_hora,tipo,id) values (?,?,?,default)
Hibernate: insert into aforo_registros (business_id,fecha_hora,tipo,id) values (?,?,?,default)
Hibernate: insert into aforo_registros (business_id,fecha_hora,tipo,id) values (?,?,?,default)
Hibernate: insert into aforo_registros (business_id,fecha_hora,tipo,id) values (?,?,?,default)
Hibernate: insert into aforo_registros (business_id,fecha_hora,tipo,id) values (?,?,?,default)
Hibernate: insert into aforo_registros (business_id,fecha_hora,tipo,id) values (?,?,?,default)
Hibernate: insert into aforo_registros (business_id,fecha_hora,tipo,id) values (?,?,?,default)
Hibernate: insert into aforo_registros (business_id,fecha_hora,tipo,id) values (?,?,?,default)
Hibernate: insert into aforo_registros (business_id,fecha_hora,tipo,id) values (?,?,?,default)
Hibernate: insert into aforo_registros (business_id,fecha_hora,tipo,id) values (?,?,?,default)
Hibernate: insert into aforo_registros (business_id,fecha_hora,tipo,id) values (?,?,?,default)
Hibernate: insert into aforo_registros (business_id,fecha_hora,tipo,id) values (?,?,?,default)
Hibernate: insert into aforo_registros (business_id,fecha_hora,tipo,id) values (?,?,?,default)
Hibernate: insert into aforo_registros (business_id,fecha_hora,tipo,id) values (?,?,?,default)
Hibernate: insert into aforo_registros (business_id,fecha_hora,tipo,id) values (?,?,?,default)
Hibernate: insert into aforo_registros (business_id,fecha_hora,tipo,id) values (?,?,?,default)
Hibernate: insert into aforo_registros (business_id,fecha_hora,tipo,id) values (?,?,?,default)
Hibernate: insert into aforo_registros (business_id,fecha_hora,tipo,id) values (?,?,?,default)
Hibernate: insert into aforo_registros (business_id,fecha_hora,tipo,id) values (?,?,?,default)
Hibernate: insert into aforo_registros (business_id,fecha_hora,tipo,id) values (?,?,?,default)
Hibernate: insert into aforo_registros (business_id,fecha_hora,tipo,id) values (?,?,?,default)
Hibernate: insert into aforo_registros (business_id,fecha_hora,tipo,id) values (?,?,?,default)
Hibernate: insert into aforo_registros (business_id,fecha_hora,tipo,id) values (?,?,?,default)
Hibernate: insert into aforo_registros (business_id,fecha_hora,tipo,id) values (?,?,?,default)
Hibernate: insert into aforo_registros (business_id,fecha_hora,tipo,id) values (?,?,?,default)
Hibernate: insert into aforo_registros (business_id,fecha_hora,tipo,id) values (?,?,?,default)
Hibernate: insert into aforo_registros (business_id,fecha_hora,tipo,id) values (?,?,?,default)
Hibernate: insert into aforo_registros (business_id,fecha_hora,tipo,id) values (?,?,?,default)
Hibernate: insert into aforo_registros (business_id,fecha_hora,tipo,id) values (?,?,?,default)
Hibernate: insert into aforo_registros (business_id,fecha_hora,tipo,id) values (?,?,?,default)
Hibernate: insert into aforo_registros (business_id,fecha_hora,tipo,id) values (?,?,?,default)
Hibernate: insert into aforo_registros (business_id,fecha_hora,tipo,id) values (?,?,?,default)
Hibernate: insert into aforo_registros (business_id,fecha_hora,tipo,id) values (?,?,?,default)
Hibernate: insert into aforo_registros (business_id,fecha_hora,tipo,id) values (?,?,?,default)
Hibernate: insert into aforo_registros (business_id,fecha_hora,tipo,id) values (?,?,?,default)
Hibernate: insert into aforo_registros (business_id,fecha_hora,tipo,id) values (?,?,?,default)
Hibernate: insert into aforo_registros (business_id,fecha_hora,tipo,id) values (?,?,?,default)
Hibernate: insert into aforo_registros (business_id,fecha_hora,tipo,id) values (?,?,?,default)
Hibernate: insert into aforo_registros (business_id,fecha_hora,tipo,id) values (?,?,?,default)
Hibernate: insert into aforo_registros (business_id,fecha_hora,tipo,id) values (?,?,?,default)
Hibernate: insert into aforo_registros (business_id,fecha_hora,tipo,id) values (?,?,?,default)
Hibernate: insert into aforo_registros (business_id,fecha_hora,tipo,id) values (?,?,?,default)
Hibernate: insert into aforo_registros (business_id,fecha_hora,tipo,id) values (?,?,?,default)
Hibernate: insert into aforo_registros (business_id,fecha_hora,tipo,id) values (?,?,?,default)
Hibernate: insert into aforo_registros (business_id,fecha_hora,tipo,id) values (?,?,?,default)
Hibernate: insert into aforo_registros (business_id,fecha_hora,tipo,id) values (?,?,?,default)
Hibernate: insert into aforo_registros (business_id,fecha_hora,tipo,id) values (?,?,?,default)
Hibernate: insert into aforo_registros (business_id,fecha_hora,tipo,id) values (?,?,?,default)
Hibernate: insert into aforo_registros (business_id,fecha_hora,tipo,id) values (?,?,?,default)
Hibernate: insert into aforo_registros (business_id,fecha_hora,tipo,id) values (?,?,?,default)
Hibernate: insert into aforo_registros (business_id,fecha_hora,tipo,id) values (?,?,?,default)
Hibernate: insert into aforo_registros (business_id,fecha_hora,tipo,id) values (?,?,?,default)
Hibernate: insert into aforo_registros (business_id,fecha_hora,tipo,id) values (?,?,?,default)
Hibernate: insert into aforo_registros (business_id,fecha_hora,tipo,id) values (?,?,?,default)
Hibernate: insert into aforo_registros (business_id,fecha_hora,tipo,id) values (?,?,?,default)
Hibernate: insert into aforo_registros (business_id,fecha_hora,tipo,id) values (?,?,?,default)
Hibernate: insert into aforo_registros (business_id,fecha_hora,tipo,id) values (?,?,?,default)
Hibernate: insert into aforo_registros (business_id,fecha_hora,tipo,id) values (?,?,?,default)
Hibernate: insert into aforo_registros (business_id,fecha_hora,tipo,id) values (?,?,?,default)
Hibernate: insert into aforo_registros (business_id,fecha_hora,tipo,id) values (?,?,?,default)
Hibernate: insert into aforo_registros (business_id,fecha_hora,tipo,id) values (?,?,?,default)
Hibernate: insert into aforo_registros (business_id,fecha_hora,tipo,id) values (?,?,?,default)
Hibernate: insert into aforo_registros (business_id,fecha_hora,tipo,id) values (?,?,?,default)
Hibernate: insert into aforo_registros (business_id,fecha_hora,tipo,id) values (?,?,?,default)
Hibernate: insert into aforo_registros (business_id,fecha_hora,tipo,id) values (?,?,?,default)
Hibernate: insert into aforo_registros (business_id,fecha_hora,tipo,id) values (?,?,?,default)
Hibernate: insert into aforo_registros (business_id,fecha_hora,tipo,id) values (?,?,?,default)
Hibernate: insert into aforo_registros (business_id,fecha_hora,tipo,id) values (?,?,?,default)
Hibernate: insert into aforo_registros (business_id,fecha_hora,tipo,id) values (?,?,?,default)
Hibernate: insert into aforo_registros (business_id,fecha_hora,tipo,id) values (?,?,?,default)
Hibernate: insert into aforo_registros (business_id,fecha_hora,tipo,id) values (?,?,?,default)
Hibernate: insert into aforo_registros (business_id,fecha_hora,tipo,id) values (?,?,?,default)
Hibernate: insert into aforo_registros (business_id,fecha_hora,tipo,id) values (?,?,?,default)
Hibernate: insert into aforo_registros (business_id,fecha_hora,tipo,id) values (?,?,?,default)
Hibernate: insert into aforo_registros (business_id,fecha_hora,tipo,id) values (?,?,?,default)
Hibernate: insert into aforo_registros (business_id,fecha_hora,tipo,id) values (?,?,?,default)
Hibernate: insert into aforo_registros (business_id,fecha_hora,tipo,id) values (?,?,?,default)
Hibernate: insert into aforo_registros (business_id,fecha_hora,tipo,id) values (?,?,?,default)
Hibernate: insert into aforo_registros (business_id,fecha_hora,tipo,id) values (?,?,?,default)
Hibernate: insert into aforo_registros (business_id,fecha_hora,tipo,id) values (?,?,?,default)
Hibernate: insert into aforo_registros (business_id,fecha_hora,tipo,id) values (?,?,?,default)
Hibernate: insert into aforo_registros (business_id,fecha_hora,tipo,id) values (?,?,?,default)
Hibernate: insert into aforo_registros (business_id,fecha_hora,tipo,id) values (?,?,?,default)
Hibernate: insert into aforo_registros (business_id,fecha_hora,tipo,id) values (?,?,?,default)
Hibernate: insert into aforo_registros (business_id,fecha_hora,tipo,id) values (?,?,?,default)
Hibernate: insert into aforo_registros (business_id,fecha_hora,tipo,id) values (?,?,?,default)
Hibernate: insert into aforo_registros (business_id,fecha_hora,tipo,id) values (?,?,?,default)
Hibernate: insert into aforo_registros (business_id,fecha_hora,tipo,id) values (?,?,?,default)
Hibernate: insert into aforo_registros (business_id,fecha_hora,tipo,id) values (?,?,?,default)
Hibernate: insert into aforo_registros (business_id,fecha_hora,tipo,id) values (?,?,?,default)
Hibernate: insert into aforo_registros (business_id,fecha_hora,tipo,id) values (?,?,?,default)
Hibernate: insert into aforo_registros (business_id,fecha_hora,tipo,id) values (?,?,?,default)
Hibernate: insert into aforo_registros (business_id,fecha_hora,tipo,id) values (?,?,?,default)
Hibernate: insert into aforo_registros (business_id,fecha_hora,tipo,id) values (?,?,?,default)
Hibernate: insert into aforo_registros (business_id,fecha_hora,tipo,id) values (?,?,?,default)
Hibernate: insert into aforo_registros (business_id,fecha_hora,tipo,id) values (?,?,?,default)
Hibernate: insert into aforo_registros (business_id,fecha_hora,tipo,id) values (?,?,?,default)
Hibernate: insert into aforo_registros (business_id,fecha_hora,tipo,id) values (?,?,?,default)
Hibernate: insert into aforo_registros (business_id,fecha_hora,tipo,id) values (?,?,?,default)
Hibernate: insert into aforo_registros (business_id,fecha_hora,tipo,id) values (?,?,?,default)
Hibernate: insert into aforo_registros (business_id,fecha_hora,tipo,id) values (?,?,?,default)
Hibernate: insert into aforo_registros (business_id,fecha_hora,tipo,id) values (?,?,?,default)
Hibernate: insert into aforo_registros (business_id,fecha_hora,tipo,id) values (?,?,?,default)
Hibernate: insert into aforo_registros (business_id,fecha_hora,tipo,id) values (?,?,?,default)
Hibernate: insert into aforo_registros (business_id,fecha_hora,tipo,id) values (?,?,?,default)
Hibernate: insert into aforo_registros (business_id,fecha_hora,tipo,id) values (?,?,?,default)
Hibernate: insert into aforo_registros (business_id,fecha_hora,tipo,id) values (?,?,?,default)
Hibernate: insert into aforo_registros (business_id,fecha_hora,tipo,id) values (?,?,?,default)
Hibernate: insert into aforo_registros (business_id,fecha_hora,tipo,id) values (?,?,?,default)
Hibernate: insert into aforo_registros (business_id,fecha_hora,tipo,id) values (?,?,?,default)
Hibernate: insert into aforo_registros (business_id,fecha_hora,tipo,id) values (?,?,?,default)
Hibernate: insert into aforo_registros (business_id,fecha_hora,tipo,id) values (?,?,?,default)
Hibernate: insert into aforo_registros (business_id,fecha_hora,tipo,id) values (?,?,?,default)
Hibernate: insert into aforo_registros (business_id,fecha_hora,tipo,id) values (?,?,?,default)
Hibernate: insert into aforo_registros (business_id,fecha_hora,tipo,id) values (?,?,?,default)
Hibernate: insert into aforo_registros (business_id,fecha_hora,tipo,id) values (?,?,?,default)
Hibernate: insert into aforo_registros (business_id,fecha_hora,tipo,id) values (?,?,?,default)
Hibernate: insert into aforo_registros (business_id,fecha_hora,tipo,id) values (?,?,?,default)
Hibernate: insert into aforo_registros (business_id,fecha_hora,tipo,id) values (?,?,?,default)
Hibernate: insert into aforo_registros (business_id,fecha_hora,tipo,id) values (?,?,?,default)
Hibernate: insert into aforo_registros (business_id,fecha_hora,tipo,id) values (?,?,?,default)
Hibernate: insert into aforo_registros (business_id,fecha_hora,tipo,id) values (?,?,?,default)
Hibernate: insert into aforo_registros (business_id,fecha_hora,tipo,id) values (?,?,?,default)
Hibernate: insert into aforo_registros (business_id,fecha_hora,tipo,id) values (?,?,?,default)
Hibernate: insert into aforo_registros (business_id,fecha_hora,tipo,id) values (?,?,?,default)
Hibernate: insert into aforo_registros (business_id,fecha_hora,tipo,id) values (?,?,?,default)
Hibernate: insert into aforo_registros (business_id,fecha_hora,tipo,id) values (?,?,?,default)
Hibernate: insert into aforo_registros (business_id,fecha_hora,tipo,id) values (?,?,?,default)
Hibernate: insert into aforo_registros (business_id,fecha_hora,tipo,id) values (?,?,?,default)
Hibernate: insert into aforo_registros (business_id,fecha_hora,tipo,id) values (?,?,?,default)
Hibernate: insert into aforo_registros (business_id,fecha_hora,tipo,id) values (?,?,?,default)
Hibernate: insert into aforo_registros (business_id,fecha_hora,tipo,id) values (?,?,?,default)
Hibernate: insert into aforo_registros (business_id,fecha_hora,tipo,id) values (?,?,?,default)
Hibernate: insert into aforo_registros (business_id,fecha_hora,tipo,id) values (?,?,?,default)
Hibernate: insert into aforo_registros (business_id,fecha_hora,tipo,id) values (?,?,?,default)
Hibernate: insert into aforo_registros (business_id,fecha_hora,tipo,id) values (?,?,?,default)
Hibernate: insert into aforo_registros (business_id,fecha_hora,tipo,id) values (?,?,?,default)
Hibernate: insert into aforo_registros (business_id,fecha_hora,tipo,id) values (?,?,?,default)
Hibernate: insert into aforo_registros (business_id,fecha_hora,tipo,id) values (?,?,?,default)
Hibernate: insert into aforo_registros (business_id,fecha_hora,tipo,id) values (?,?,?,default)
Hibernate: insert into aforo_registros (business_id,fecha_hora,tipo,id) values (?,?,?,default)
Hibernate: insert into aforo_registros (business_id,fecha_hora,tipo,id) values (?,?,?,default)
Hibernate: insert into aforo_registros (business_id,fecha_hora,tipo,id) values (?,?,?,default)
Hibernate: insert into aforo_registros (business_id,fecha_hora,tipo,id) values (?,?,?,default)
Hibernate: insert into aforo_registros (business_id,fecha_hora,tipo,id) values (?,?,?,default)
Hibernate: insert into aforo_registros (business_id,fecha_hora,tipo,id) values (?,?,?,default)
Hibernate: insert into aforo_registros (business_id,fecha_hora,tipo,id) values (?,?,?,default)
Hibernate: insert into aforo_registros (business_id,fecha_hora,tipo,id) values (?,?,?,default)
Hibernate: insert into aforo_registros (business_id,fecha_hora,tipo,id) values (?,?,?,default)
Hibernate: insert into aforo_registros (business_id,fecha_hora,tipo,id) values (?,?,?,default)
Hibernate: insert into aforo_registros (business_id,fecha_hora,tipo,id) values (?,?,?,default)
Hibernate: insert into aforo_registros (business_id,fecha_hora,tipo,id) values (?,?,?,default)
Hibernate: insert into aforo_registros (business_id,fecha_hora,tipo,id) values (?,?,?,default)
Hibernate: insert into aforo_registros (business_id,fecha_hora,tipo,id) values (?,?,?,default)
Hibernate: insert into aforo_registros (business_id,fecha_hora,tipo,id) values (?,?,?,default)
Hibernate: insert into aforo_registros (business_id,fecha_hora,tipo,id) values (?,?,?,default)
Hibernate: insert into aforo_registros (business_id,fecha_hora,tipo,id) values (?,?,?,default)
Hibernate: insert into aforo_registros (business_id,fecha_hora,tipo,id) values (?,?,?,default)
Hibernate: insert into aforo_registros (business_id,fecha_hora,tipo,id) values (?,?,?,default)
Hibernate: insert into aforo_registros (business_id,fecha_hora,tipo,id) values (?,?,?,default)
Hibernate: insert into aforo_registros (business_id,fecha_hora,tipo,id) values (?,?,?,default)
Hibernate: insert into aforo_registros (business_id,fecha_hora,tipo,id) values (?,?,?,default)
Hibernate: insert into aforo_registros (business_id,fecha_hora,tipo,id) values (?,?,?,default)
Hibernate: insert into aforo_registros (business_id,fecha_hora,tipo,id) values (?,?,?,default)
Hibernate: insert into aforo_registros (business_id,fecha_hora,tipo,id) values (?,?,?,default)
Hibernate: insert into aforo_registros (business_id,fecha_hora,tipo,id) values (?,?,?,default)
Hibernate: insert into aforo_registros (business_id,fecha_hora,tipo,id) values (?,?,?,default)
Hibernate: insert into aforo_registros (business_id,fecha_hora,tipo,id) values (?,?,?,default)
Hibernate: insert into aforo_registros (business_id,fecha_hora,tipo,id) values (?,?,?,default)
Hibernate: insert into aforo_registros (business_id,fecha_hora,tipo,id) values (?,?,?,default)
Hibernate: insert into aforo_registros (business_id,fecha_hora,tipo,id) values (?,?,?,default)
Hibernate: insert into aforo_registros (business_id,fecha_hora,tipo,id) values (?,?,?,default)
Hibernate: insert into aforo_registros (business_id,fecha_hora,tipo,id) values (?,?,?,default)
Hibernate: insert into aforo_registros (business_id,fecha_hora,tipo,id) values (?,?,?,default)
Hibernate: insert into aforo_registros (business_id,fecha_hora,tipo,id) values (?,?,?,default)
Hibernate: insert into aforo_registros (business_id,fecha_hora,tipo,id) values (?,?,?,default)
Hibernate: insert into aforo_registros (business_id,fecha_hora,tipo,id) values (?,?,?,default)
Hibernate: insert into aforo_registros (business_id,fecha_hora,tipo,id) values (?,?,?,default)
Hibernate: insert into aforo_registros (business_id,fecha_hora,tipo,id) values (?,?,?,default)
Hibernate: insert into aforo_registros (business_id,fecha_hora,tipo,id) values (?,?,?,default)
Hibernate: insert into aforo_registros (business_id,fecha_hora,tipo,id) values (?,?,?,default)
Hibernate: insert into aforo_registros (business_id,fecha_hora,tipo,id) values (?,?,?,default)
Hibernate: insert into aforo_registros (business_id,fecha_hora,tipo,id) values (?,?,?,default)
Hibernate: insert into aforo_registros (business_id,fecha_hora,tipo,id) values (?,?,?,default)
Hibernate: insert into aforo_registros (business_id,fecha_hora,tipo,id) values (?,?,?,default)
Hibernate: insert into aforo_registros (business_id,fecha_hora,tipo,id) values (?,?,?,default)
Hibernate: insert into aforo_registros (business_id,fecha_hora,tipo,id) values (?,?,?,default)
Hibernate: insert into aforo_registros (business_id,fecha_hora,tipo,id) values (?,?,?,default)
Hibernate: insert into aforo_registros (business_id,fecha_hora,tipo,id) values (?,?,?,default)
Hibernate: insert into aforo_registros (business_id,fecha_hora,tipo,id) values (?,?,?,default)
Hibernate: insert into aforo_registros (business_id,fecha_hora,tipo,id) values (?,?,?,default)
Hibernate: insert into aforo_registros (business_id,fecha_hora,tipo,id) values (?,?,?,default)
Hibernate: insert into aforo_registros (business_id,fecha_hora,tipo,id) values (?,?,?,default)
Hibernate: insert into aforo_registros (business_id,fecha_hora,tipo,id) values (?,?,?,default)
Hibernate: insert into aforo_registros (business_id,fecha_hora,tipo,id) values (?,?,?,default)
Hibernate: insert into aforo_registros (business_id,fecha_hora,tipo,id) values (?,?,?,default)
Hibernate: insert into aforo_registros (business_id,fecha_hora,tipo,id) values (?,?,?,default)
Hibernate: insert into aforo_registros (business_id,fecha_hora,tipo,id) values (?,?,?,default)
Hibernate: insert into aforo_registros (business_id,fecha_hora,tipo,id) values (?,?,?,default)
Hibernate: insert into aforo_registros (business_id,fecha_hora,tipo,id) values (?,?,?,default)
Hibernate: insert into aforo_registros (business_id,fecha_hora,tipo,id) values (?,?,?,default)
Hibernate: insert into aforo_registros (business_id,fecha_hora,tipo,id) values (?,?,?,default)
Hibernate: insert into aforo_registros (business_id,fecha_hora,tipo,id) values (?,?,?,default)
Hibernate: insert into aforo_registros (business_id,fecha_hora,tipo,id) values (?,?,?,default)
Hibernate: insert into aforo_registros (business_id,fecha_hora,tipo,id) values (?,?,?,default)
Hibernate: insert into aforo_registros (business_id,fecha_hora,tipo,id) values (?,?,?,default)
Hibernate: insert into aforo_registros (business_id,fecha_hora,tipo,id) values (?,?,?,default)
Hibernate: insert into aforo_registros (business_id,fecha_hora,tipo,id) values (?,?,?,default)
Hibernate: insert into aforo_registros (business_id,fecha_hora,tipo,id) values (?,?,?,default)
Hibernate: insert into aforo_registros (business_id,fecha_hora,tipo,id) values (?,?,?,default)
Hibernate: insert into aforo_registros (business_id,fecha_hora,tipo,id) values (?,?,?,default)
Hibernate: insert into aforo_registros (business_id,fecha_hora,tipo,id) values (?,?,?,default)
Hibernate: insert into aforo_registros (business_id,fecha_hora,tipo,id) values (?,?,?,default)
Hibernate: insert into aforo_registros (business_id,fecha_hora,tipo,id) values (?,?,?,default)
Hibernate: insert into aforo_registros (business_id,fecha_hora,tipo,id) values (?,?,?,default)
Hibernate: insert into aforo_registros (business_id,fecha_hora,tipo,id) values (?,?,?,default)
Hibernate: insert into aforo_registros (business_id,fecha_hora,tipo,id) values (?,?,?,default)
Hibernate: insert into aforo_registros (business_id,fecha_hora,tipo,id) values (?,?,?,default)
Hibernate: insert into aforo_registros (business_id,fecha_hora,tipo,id) values (?,?,?,default)
Hibernate: insert into aforo_registros (business_id,fecha_hora,tipo,id) values (?,?,?,default)
Hibernate: insert into aforo_registros (business_id,fecha_hora,tipo,id) values (?,?,?,default)
Hibernate: insert into aforo_registros (business_id,fecha_hora,tipo,id) values (?,?,?,default)
Hibernate: insert into aforo_registros (business_id,fecha_hora,tipo,id) values (?,?,?,default)
Hibernate: insert into aforo_registros (business_id,fecha_hora,tipo,id) values (?,?,?,default)
Hibernate: insert into aforo_registros (business_id,fecha_hora,tipo,id) values (?,?,?,default)
Hibernate: insert into aforo_registros (business_id,fecha_hora,tipo,id) values (?,?,?,default)
Hibernate: insert into aforo_registros (business_id,fecha_hora,tipo,id) values (?,?,?,default)
Hibernate: insert into aforo_registros (business_id,fecha_hora,tipo,id) values (?,?,?,default)
Hibernate: insert into aforo_registros (business_id,fecha_hora,tipo,id) values (?,?,?,default)
Hibernate: insert into aforo_registros (business_id,fecha_hora,tipo,id) values (?,?,?,default)
Hibernate: insert into aforo_registros (business_id,fecha_hora,tipo,id) values (?,?,?,default)
Hibernate: insert into aforo_registros (business_id,fecha_hora,tipo,id) values (?,?,?,default)
Hibernate: insert into aforo_registros (business_id,fecha_hora,tipo,id) values (?,?,?,default)
Hibernate: insert into aforo_registros (business_id,fecha_hora,tipo,id) values (?,?,?,default)
Hibernate: insert into aforo_registros (business_id,fecha_hora,tipo,id) values (?,?,?,default)
Hibernate: insert into aforo_registros (business_id,fecha_hora,tipo,id) values (?,?,?,default)
Hibernate: insert into aforo_registros (business_id,fecha_hora,tipo,id) values (?,?,?,default)
Hibernate: insert into aforo_registros (business_id,fecha_hora,tipo,id) values (?,?,?,default)
Hibernate: insert into aforo_registros (business_id,fecha_hora,tipo,id) values (?,?,?,default)
Hibernate: insert into aforo_registros (business_id,fecha_hora,tipo,id) values (?,?,?,default)
Hibernate: insert into aforo_registros (business_id,fecha_hora,tipo,id) values (?,?,?,default)
Hibernate: insert into aforo_registros (business_id,fecha_hora,tipo,id) values (?,?,?,default)
Hibernate: insert into aforo_registros (business_id,fecha_hora,tipo,id) values (?,?,?,default)
Hibernate: insert into aforo_registros (business_id,fecha_hora,tipo,id) values (?,?,?,default)
Hibernate: insert into aforo_registros (business_id,fecha_hora,tipo,id) values (?,?,?,default)
Hibernate: insert into aforo_registros (business_id,fecha_hora,tipo,id) values (?,?,?,default)
Hibernate: insert into aforo_registros (business_id,fecha_hora,tipo,id) values (?,?,?,default)
Hibernate: insert into aforo_registros (business_id,fecha_hora,tipo,id) values (?,?,?,default)
Hibernate: insert into aforo_registros (business_id,fecha_hora,tipo,id) values (?,?,?,default)
Hibernate: insert into aforo_registros (business_id,fecha_hora,tipo,id) values (?,?,?,default)
Hibernate: insert into aforo_registros (business_id,fecha_hora,tipo,id) values (?,?,?,default)
Hibernate: insert into aforo_registros (business_id,fecha_hora,tipo,id) values (?,?,?,default)
Hibernate: insert into aforo_registros (business_id,fecha_hora,tipo,id) values (?,?,?,default)
Hibernate: insert into aforo_registros (business_id,fecha_hora,tipo,id) values (?,?,?,default)
Hibernate: insert into aforo_registros (business_id,fecha_hora,tipo,id) values (?,?,?,default)
Hibernate: insert into aforo_registros (business_id,fecha_hora,tipo,id) values (?,?,?,default)
Hibernate: insert into aforo_registros (business_id,fecha_hora,tipo,id) values (?,?,?,default)
Hibernate: insert into aforo_registros (business_id,fecha_hora,tipo,id) values (?,?,?,default)
Hibernate: insert into aforo_registros (business_id,fecha_hora,tipo,id) values (?,?,?,default)
Hibernate: insert into aforo_registros (business_id,fecha_hora,tipo,id) values (?,?,?,default)
Hibernate: insert into aforo_registros (business_id,fecha_hora,tipo,id) values (?,?,?,default)
Hibernate: insert into aforo_registros (business_id,fecha_hora,tipo,id) values (?,?,?,default)
Hibernate: insert into aforo_registros (business_id,fecha_hora,tipo,id) values (?,?,?,default)
Hibernate: insert into aforo_registros (business_id,fecha_hora,tipo,id) values (?,?,?,default)
Hibernate: insert into aforo_registros (business_id,fecha_hora,tipo,id) values (?,?,?,default)
Hibernate: insert into aforo_registros (business_id,fecha_hora,tipo,id) values (?,?,?,default)
Hibernate: insert into aforo_registros (business_id,fecha_hora,tipo,id) values (?,?,?,default)
Hibernate: insert into aforo_registros (business_id,fecha_hora,tipo,id) values (?,?,?,default)
Hibernate: insert into aforo_registros (business_id,fecha_hora,tipo,id) values (?,?,?,default)
Hibernate: insert into aforo_registros (business_id,fecha_hora,tipo,id) values (?,?,?,default)
Hibernate: insert into aforo_registros (business_id,fecha_hora,tipo,id) values (?,?,?,default)
Hibernate: insert into aforo_registros (business_id,fecha_hora,tipo,id) values (?,?,?,default)
Hibernate: insert into aforo_registros (business_id,fecha_hora,tipo,id) values (?,?,?,default)
Hibernate: insert into aforo_registros (business_id,fecha_hora,tipo,id) values (?,?,?,default)
Hibernate: insert into aforo_registros (business_id,fecha_hora,tipo,id) values (?,?,?,default)
Hibernate: insert into aforo_registros (business_id,fecha_hora,tipo,id) values (?,?,?,default)
Hibernate: insert into aforo_registros (business_id,fecha_hora,tipo,id) values (?,?,?,default)
Hibernate: insert into aforo_registros (business_id,fecha_hora,tipo,id) values (?,?,?,default)
Hibernate: insert into aforo_registros (business_id,fecha_hora,tipo,id) values (?,?,?,default)
Hibernate: insert into aforo_registros (business_id,fecha_hora,tipo,id) values (?,?,?,default)
Hibernate: insert into aforo_registros (business_id,fecha_hora,tipo,id) values (?,?,?,default)
Hibernate: insert into aforo_registros (business_id,fecha_hora,tipo,id) values (?,?,?,default)
Hibernate: insert into aforo_registros (business_id,fecha_hora,tipo,id) values (?,?,?,default)
Hibernate: insert into aforo_registros (business_id,fecha_hora,tipo,id) values (?,?,?,default)
Hibernate: insert into aforo_registros (business_id,fecha_hora,tipo,id) values (?,?,?,default)
Hibernate: insert into aforo_registros (business_id,fecha_hora,tipo,id) values (?,?,?,default)
Hibernate: insert into aforo_registros (business_id,fecha_hora,tipo,id) values (?,?,?,default)
Hibernate: insert into aforo_registros (business_id,fecha_hora,tipo,id) values (?,?,?,default)
Hibernate: insert into aforo_registros (business_id,fecha_hora,tipo,id) values (?,?,?,default)
Hibernate: insert into aforo_registros (business_id,fecha_hora,tipo,id) values (?,?,?,default)
Hibernate: insert into aforo_registros (business_id,fecha_hora,tipo,id) values (?,?,?,default)
Hibernate: insert into aforo_registros (business_id,fecha_hora,tipo,id) values (?,?,?,default)
Hibernate: insert into aforo_registros (business_id,fecha_hora,tipo,id) values (?,?,?,default)
Hibernate: insert into aforo_registros (business_id,fecha_hora,tipo,id) values (?,?,?,default)
Hibernate: insert into aforo_registros (business_id,fecha_hora,tipo,id) values (?,?,?,default)
Hibernate: insert into aforo_registros (business_id,fecha_hora,tipo,id) values (?,?,?,default)
Hibernate: insert into aforo_registros (business_id,fecha_hora,tipo,id) values (?,?,?,default)
Hibernate: insert into aforo_registros (business_id,fecha_hora,tipo,id) values (?,?,?,default)
Hibernate: insert into aforo_registros (business_id,fecha_hora,tipo,id) values (?,?,?,default)
Hibernate: insert into aforo_registros (business_id,fecha_hora,tipo,id) values (?,?,?,default)
Hibernate: insert into aforo_registros (business_id,fecha_hora,tipo,id) values (?,?,?,default)
Hibernate: insert into aforo_registros (business_id,fecha_hora,tipo,id) values (?,?,?,default)
Hibernate: insert into aforo_registros (business_id,fecha_hora,tipo,id) values (?,?,?,default)
Hibernate: insert into aforo_registros (business_id,fecha_hora,tipo,id) values (?,?,?,default)
Hibernate: insert into aforo_registros (business_id,fecha_hora,tipo,id) values (?,?,?,default)
Hibernate: insert into aforo_registros (business_id,fecha_hora,tipo,id) values (?,?,?,default)
Hibernate: insert into aforo_registros (business_id,fecha_hora,tipo,id) values (?,?,?,default)
Hibernate: insert into aforo_registros (business_id,fecha_hora,tipo,id) values (?,?,?,default)
Hibernate: insert into aforo_registros (business_id,fecha_hora,tipo,id) values (?,?,?,default)
Hibernate: insert into aforo_registros (business_id,fecha_hora,tipo,id) values (?,?,?,default)
Hibernate: insert into aforo_registros (business_id,fecha_hora,tipo,id) values (?,?,?,default)
Hibernate: insert into aforo_registros (business_id,fecha_hora,tipo,id) values (?,?,?,default)
Hibernate: insert into aforo_registros (business_id,fecha_hora,tipo,id) values (?,?,?,default)
Hibernate: insert into aforo_registros (business_id,fecha_hora,tipo,id) values (?,?,?,default)
Hibernate: insert into aforo_registros (business_id,fecha_hora,tipo,id) values (?,?,?,default)
Hibernate: insert into aforo_registros (business_id,fecha_hora,tipo,id) values (?,?,?,default)
Hibernate: insert into aforo_registros (business_id,fecha_hora,tipo,id) values (?,?,?,default)
Hibernate: insert into aforo_registros (business_id,fecha_hora,tipo,id) values (?,?,?,default)
Hibernate: insert into aforo_registros (business_id,fecha_hora,tipo,id) values (?,?,?,default)
Hibernate: insert into aforo_registros (business_id,fecha_hora,tipo,id) values (?,?,?,default)
Hibernate: insert into aforo_registros (business_id,fecha_hora,tipo,id) values (?,?,?,default)
Hibernate: insert into aforo_registros (business_id,fecha_hora,tipo,id) values (?,?,?,default)
Hibernate: insert into aforo_registros (business_id,fecha_hora,tipo,id) values (?,?,?,default)
Hibernate: insert into aforo_registros (business_id,fecha_hora,tipo,id) values (?,?,?,default)
Hibernate: insert into aforo_registros (business_id,fecha_hora,tipo,id) values (?,?,?,default)
Hibernate: insert into aforo_registros (business_id,fecha_hora,tipo,id) values (?,?,?,default)
Hibernate: insert into aforo_registros (business_id,fecha_hora,tipo,id) values (?,?,?,default)
Hibernate: insert into aforo_registros (business_id,fecha_hora,tipo,id) values (?,?,?,default)
Hibernate: insert into aforo_registros (business_id,fecha_hora,tipo,id) values (?,?,?,default)
Hibernate: insert into aforo_registros (business_id,fecha_hora,tipo,id) values (?,?,?,default)
Hibernate: insert into aforo_registros (business_id,fecha_hora,tipo,id) values (?,?,?,default)
Hibernate: insert into aforo_registros (business_id,fecha_hora,tipo,id) values (?,?,?,default)
Hibernate: insert into aforo_registros (business_id,fecha_hora,tipo,id) values (?,?,?,default)
Hibernate: insert into aforo_registros (business_id,fecha_hora,tipo,id) values (?,?,?,default)
Hibernate: insert into aforo_registros (business_id,fecha_hora,tipo,id) values (?,?,?,default)
Hibernate: insert into aforo_registros (business_id,fecha_hora,tipo,id) values (?,?,?,default)
Hibernate: insert into aforo_registros (business_id,fecha_hora,tipo,id) values (?,?,?,default)
Hibernate: insert into aforo_registros (business_id,fecha_hora,tipo,id) values (?,?,?,default)
Hibernate: insert into aforo_registros (business_id,fecha_hora,tipo,id) values (?,?,?,default)
Hibernate: insert into aforo_registros (business_id,fecha_hora,tipo,id) values (?,?,?,default)
Hibernate: insert into aforo_registros (business_id,fecha_hora,tipo,id) values (?,?,?,default)
Hibernate: insert into aforo_registros (business_id,fecha_hora,tipo,id) values (?,?,?,default)
Hibernate: insert into aforo_registros (business_id,fecha_hora,tipo,id) values (?,?,?,default)
Hibernate: insert into aforo_registros (business_id,fecha_hora,tipo,id) values (?,?,?,default)
Hibernate: insert into aforo_registros (business_id,fecha_hora,tipo,id) values (?,?,?,default)
Hibernate: insert into aforo_registros (business_id,fecha_hora,tipo,id) values (?,?,?,default)
Hibernate: insert into aforo_registros (business_id,fecha_hora,tipo,id) values (?,?,?,default)
Hibernate: insert into aforo_registros (business_id,fecha_hora,tipo,id) values (?,?,?,default)
Hibernate: insert into aforo_registros (business_id,fecha_hora,tipo,id) values (?,?,?,default)
Hibernate: insert into aforo_registros (business_id,fecha_hora,tipo,id) values (?,?,?,default)
Hibernate: insert into aforo_registros (business_id,fecha_hora,tipo,id) values (?,?,?,default)
Hibernate: insert into aforo_registros (business_id,fecha_hora,tipo,id) values (?,?,?,default)
Hibernate: insert into aforo_registros (business_id,fecha_hora,tipo,id) values (?,?,?,default)
Hibernate: insert into aforo_registros (business_id,fecha_hora,tipo,id) values (?,?,?,default)
Hibernate: insert into aforo_registros (business_id,fecha_hora,tipo,id) values (?,?,?,default)
Hibernate: insert into aforo_registros (business_id,fecha_hora,tipo,id) values (?,?,?,default)
Hibernate: insert into aforo_registros (business_id,fecha_hora,tipo,id) values (?,?,?,default)
Hibernate: insert into aforo_registros (business_id,fecha_hora,tipo,id) values (?,?,?,default)
Hibernate: insert into aforo_registros (business_id,fecha_hora,tipo,id) values (?,?,?,default)
Hibernate: insert into aforo_registros (business_id,fecha_hora,tipo,id) values (?,?,?,default)
Hibernate: insert into aforo_registros (business_id,fecha_hora,tipo,id) values (?,?,?,default)
Hibernate: insert into aforo_registros (business_id,fecha_hora,tipo,id) values (?,?,?,default)
Hibernate: insert into aforo_registros (business_id,fecha_hora,tipo,id) values (?,?,?,default)
Hibernate: insert into aforo_registros (business_id,fecha_hora,tipo,id) values (?,?,?,default)
Hibernate: insert into aforo_registros (business_id,fecha_hora,tipo,id) values (?,?,?,default)
Hibernate: insert into aforo_registros (business_id,fecha_hora,tipo,id) values (?,?,?,default)
Hibernate: insert into aforo_registros (business_id,fecha_hora,tipo,id) values (?,?,?,default)
Hibernate: insert into aforo_registros (business_id,fecha_hora,tipo,id) values (?,?,?,default)
Hibernate: insert into aforo_registros (business_id,fecha_hora,tipo,id) values (?,?,?,default)
Hibernate: insert into aforo_registros (business_id,fecha_hora,tipo,id) values (?,?,?,default)
Hibernate: insert into aforo_registros (business_id,fecha_hora,tipo,id) values (?,?,?,default)
Hibernate: insert into aforo_registros (business_id,fecha_hora,tipo,id) values (?,?,?,default)
Hibernate: insert into aforo_registros (business_id,fecha_hora,tipo,id) values (?,?,?,default)
Hibernate: insert into aforo_registros (business_id,fecha_hora,tipo,id) values (?,?,?,default)
Hibernate: insert into aforo_registros (business_id,fecha_hora,tipo,id) values (?,?,?,default)
Hibernate: insert into aforo_registros (business_id,fecha_hora,tipo,id) values (?,?,?,default)
Hibernate: insert into aforo_registros (business_id,fecha_hora,tipo,id) values (?,?,?,default)
Hibernate: insert into aforo_registros (business_id,fecha_hora,tipo,id) values (?,?,?,default)
Hibernate: insert into aforo_registros (business_id,fecha_hora,tipo,id) values (?,?,?,default)
Hibernate: insert into aforo_registros (business_id,fecha_hora,tipo,id) values (?,?,?,default)
Hibernate: insert into aforo_registros (business_id,fecha_hora,tipo,id) values (?,?,?,default)
Hibernate: insert into aforo_registros (business_id,fecha_hora,tipo,id) values (?,?,?,default)
Hibernate: insert into aforo_registros (business_id,fecha_hora,tipo,id) values (?,?,?,default)
Hibernate: insert into aforo_registros (business_id,fecha_hora,tipo,id) values (?,?,?,default)
Hibernate: insert into aforo_registros (business_id,fecha_hora,tipo,id) values (?,?,?,default)
Hibernate: insert into aforo_registros (business_id,fecha_hora,tipo,id) values (?,?,?,default)
Hibernate: insert into aforo_registros (business_id,fecha_hora,tipo,id) values (?,?,?,default)
Hibernate: insert into aforo_registros (business_id,fecha_hora,tipo,id) values (?,?,?,default)
Hibernate: insert into aforo_registros (business_id,fecha_hora,tipo,id) values (?,?,?,default)
Hibernate: insert into aforo_registros (business_id,fecha_hora,tipo,id) values (?,?,?,default)
Hibernate: insert into aforo_registros (business_id,fecha_hora,tipo,id) values (?,?,?,default)
Hibernate: insert into aforo_registros (business_id,fecha_hora,tipo,id) values (?,?,?,default)
Hibernate: insert into aforo_registros (business_id,fecha_hora,tipo,id) values (?,?,?,default)
Hibernate: insert into aforo_registros (business_id,fecha_hora,tipo,id) values (?,?,?,default)
Hibernate: insert into aforo_registros (business_id,fecha_hora,tipo,id) values (?,?,?,default)
Hibernate: insert into aforo_registros (business_id,fecha_hora,tipo,id) values (?,?,?,default)
Hibernate: insert into aforo_registros (business_id,fecha_hora,tipo,id) values (?,?,?,default)
Hibernate: insert into aforo_registros (business_id,fecha_hora,tipo,id) values (?,?,?,default)
Hibernate: insert into aforo_registros (business_id,fecha_hora,tipo,id) values (?,?,?,default)
Hibernate: insert into aforo_registros (business_id,fecha_hora,tipo,id) values (?,?,?,default)
Hibernate: insert into aforo_registros (business_id,fecha_hora,tipo,id) values (?,?,?,default)
Hibernate: insert into aforo_registros (business_id,fecha_hora,tipo,id) values (?,?,?,default)
Hibernate: insert into aforo_registros (business_id,fecha_hora,tipo,id) values (?,?,?,default)
Hibernate: insert into aforo_registros (business_id,fecha_hora,tipo,id) values (?,?,?,default)
Hibernate: insert into aforo_registros (business_id,fecha_hora,tipo,id) values (?,?,?,default)
Hibernate: insert into aforo_registros (business_id,fecha_hora,tipo,id) values (?,?,?,default)
Hibernate: insert into aforo_registros (business_id,fecha_hora,tipo,id) values (?,?,?,default)
Hibernate: insert into aforo_registros (business_id,fecha_hora,tipo,id) values (?,?,?,default)
Hibernate: insert into aforo_registros (business_id,fecha_hora,tipo,id) values (?,?,?,default)
Hibernate: insert into aforo_registros (business_id,fecha_hora,tipo,id) values (?,?,?,default)
Hibernate: insert into aforo_registros (business_id,fecha_hora,tipo,id) values (?,?,?,default)
Hibernate: insert into aforo_registros (business_id,fecha_hora,tipo,id) values (?,?,?,default)
Hibernate: insert into aforo_registros (business_id,fecha_hora,tipo,id) values (?,?,?,default)
Hibernate: insert into aforo_registros (business_id,fecha_hora,tipo,id) values (?,?,?,default)
Hibernate: insert into aforo_registros (business_id,fecha_hora,tipo,id) values (?,?,?,default)
Hibernate: insert into aforo_registros (business_id,fecha_hora,tipo,id) values (?,?,?,default)
Hibernate: insert into aforo_registros (business_id,fecha_hora,tipo,id) values (?,?,?,default)
Hibernate: insert into aforo_registros (business_id,fecha_hora,tipo,id) values (?,?,?,default)
Hibernate: insert into aforo_registros (business_id,fecha_hora,tipo,id) values (?,?,?,default)
Hibernate: insert into aforo_registros (business_id,fecha_hora,tipo,id) values (?,?,?,default)
Hibernate: insert into aforo_registros (business_id,fecha_hora,tipo,id) values (?,?,?,default)
Hibernate: insert into aforo_registros (business_id,fecha_hora,tipo,id) values (?,?,?,default)
Hibernate: insert into aforo_registros (business_id,fecha_hora,tipo,id) values (?,?,?,default)
Hibernate: insert into aforo_registros (business_id,fecha_hora,tipo,id) values (?,?,?,default)
Hibernate: insert into aforo_registros (business_id,fecha_hora,tipo,id) values (?,?,?,default)
Hibernate: insert into aforo_registros (business_id,fecha_hora,tipo,id) values (?,?,?,default)
Hibernate: insert into aforo_registros (business_id,fecha_hora,tipo,id) values (?,?,?,default)
Hibernate: insert into aforo_registros (business_id,fecha_hora,tipo,id) values (?,?,?,default)
Hibernate: insert into aforo_registros (business_id,fecha_hora,tipo,id) values (?,?,?,default)
Hibernate: insert into aforo_registros (business_id,fecha_hora,tipo,id) values (?,?,?,default)
Hibernate: insert into aforo_registros (business_id,fecha_hora,tipo,id) values (?,?,?,default)
Hibernate: insert into aforo_registros (business_id,fecha_hora,tipo,id) values (?,?,?,default)
Hibernate: insert into aforo_registros (business_id,fecha_hora,tipo,id) values (?,?,?,default)
Hibernate: insert into aforo_registros (business_id,fecha_hora,tipo,id) values (?,?,?,default)
Hibernate: insert into aforo_registros (business_id,fecha_hora,tipo,id) values (?,?,?,default)
Hibernate: insert into aforo_registros (business_id,fecha_hora,tipo,id) values (?,?,?,default)
Hibernate: insert into aforo_registros (business_id,fecha_hora,tipo,id) values (?,?,?,default)
Hibernate: insert into aforo_registros (business_id,fecha_hora,tipo,id) values (?,?,?,default)
Hibernate: insert into aforo_registros (business_id,fecha_hora,tipo,id) values (?,?,?,default)
Hibernate: insert into aforo_registros (business_id,fecha_hora,tipo,id) values (?,?,?,default)
Hibernate: insert into aforo_registros (business_id,fecha_hora,tipo,id) values (?,?,?,default)
Hibernate: insert into aforo_registros (business_id,fecha_hora,tipo,id) values (?,?,?,default)
Hibernate: insert into aforo_registros (business_id,fecha_hora,tipo,id) values (?,?,?,default)
Hibernate: insert into aforo_registros (business_id,fecha_hora,tipo,id) values (?,?,?,default)
Hibernate: insert into aforo_registros (business_id,fecha_hora,tipo,id) values (?,?,?,default)
Hibernate: insert into aforo_registros (business_id,fecha_hora,tipo,id) values (?,?,?,default)
Hibernate: insert into aforo_registros (business_id,fecha_hora,tipo,id) values (?,?,?,default)
Hibernate: insert into aforo_registros (business_id,fecha_hora,tipo,id) values (?,?,?,default)
Hibernate: insert into aforo_registros (business_id,fecha_hora,tipo,id) values (?,?,?,default)
Hibernate: insert into aforo_registros (business_id,fecha_hora,tipo,id) values (?,?,?,default)
Hibernate: insert into aforo_registros (business_id,fecha_hora,tipo,id) values (?,?,?,default)
Hibernate: insert into aforo_registros (business_id,fecha_hora,tipo,id) values (?,?,?,default)
Hibernate: insert into aforo_registros (business_id,fecha_hora,tipo,id) values (?,?,?,default)
Hibernate: insert into aforo_registros (business_id,fecha_hora,tipo,id) values (?,?,?,default)
Hibernate: insert into aforo_registros (business_id,fecha_hora,tipo,id) values (?,?,?,default)
Hibernate: insert into aforo_registros (business_id,fecha_hora,tipo,id) values (?,?,?,default)
Hibernate: insert into aforo_registros (business_id,fecha_hora,tipo,id) values (?,?,?,default)
Hibernate: insert into aforo_registros (business_id,fecha_hora,tipo,id) values (?,?,?,default)
Hibernate: insert into aforo_registros (business_id,fecha_hora,tipo,id) values (?,?,?,default)
Hibernate: insert into aforo_registros (business_id,fecha_hora,tipo,id) values (?,?,?,default)
Hibernate: insert into aforo_registros (business_id,fecha_hora,tipo,id) values (?,?,?,default)
Hibernate: insert into aforo_registros (business_id,fecha_hora,tipo,id) values (?,?,?,default)
Hibernate: insert into aforo_registros (business_id,fecha_hora,tipo,id) values (?,?,?,default)
Hibernate: insert into aforo_registros (business_id,fecha_hora,tipo,id) values (?,?,?,default)
Hibernate: insert into aforo_registros (business_id,fecha_hora,tipo,id) values (?,?,?,default)
Hibernate: insert into aforo_registros (business_id,fecha_hora,tipo,id) values (?,?,?,default)
Hibernate: insert into aforo_registros (business_id,fecha_hora,tipo,id) values (?,?,?,default)
Hibernate: insert into aforo_registros (business_id,fecha_hora,tipo,id) values (?,?,?,default)
Hibernate: insert into aforo_registros (business_id,fecha_hora,tipo,id) values (?,?,?,default)
Hibernate: insert into aforo_registros (business_id,fecha_hora,tipo,id) values (?,?,?,default)
Hibernate: insert into aforo_registros (business_id,fecha_hora,tipo,id) values (?,?,?,default)
Hibernate: insert into aforo_registros (business_id,fecha_hora,tipo,id) values (?,?,?,default)
Hibernate: insert into aforo_registros (business_id,fecha_hora,tipo,id) values (?,?,?,default)
Hibernate: insert into aforo_registros (business_id,fecha_hora,tipo,id) values (?,?,?,default)
Hibernate: insert into aforo_registros (business_id,fecha_hora,tipo,id) values (?,?,?,default)
Hibernate: insert into aforo_registros (business_id,fecha_hora,tipo,id) values (?,?,?,default)
Hibernate: insert into aforo_registros (business_id,fecha_hora,tipo,id) values (?,?,?,default)
Hibernate: insert into aforo_registros (business_id,fecha_hora,tipo,id) values (?,?,?,default)
Hibernate: insert into aforo_registros (business_id,fecha_hora,tipo,id) values (?,?,?,default)
Hibernate: insert into aforo_registros (business_id,fecha_hora,tipo,id) values (?,?,?,default)
Hibernate: insert into aforo_registros (business_id,fecha_hora,tipo,id) values (?,?,?,default)
Hibernate: insert into aforo_registros (business_id,fecha_hora,tipo,id) values (?,?,?,default)
Hibernate: insert into aforo_registros (business_id,fecha_hora,tipo,id) values (?,?,?,default)
Hibernate: insert into aforo_registros (business_id,fecha_hora,tipo,id) values (?,?,?,default)
Hibernate: insert into aforo_registros (business_id,fecha_hora,tipo,id) values (?,?,?,default)
Hibernate: insert into aforo_registros (business_id,fecha_hora,tipo,id) values (?,?,?,default)
Hibernate: insert into aforo_registros (business_id,fecha_hora,tipo,id) values (?,?,?,default)
Hibernate: insert into aforo_registros (business_id,fecha_hora,tipo,id) values (?,?,?,default)
Hibernate: insert into aforo_registros (business_id,fecha_hora,tipo,id) values (?,?,?,default)
Hibernate: insert into aforo_registros (business_id,fecha_hora,tipo,id) values (?,?,?,default)
Hibernate: insert into aforo_registros (business_id,fecha_hora,tipo,id) values (?,?,?,default)
Hibernate: insert into aforo_registros (business_id,fecha_hora,tipo,id) values (?,?,?,default)
Hibernate: insert into aforo_registros (business_id,fecha_hora,tipo,id) values (?,?,?,default)
Hibernate: insert into aforo_registros (business_id,fecha_hora,tipo,id) values (?,?,?,default)
Hibernate: insert into aforo_registros (business_id,fecha_hora,tipo,id) values (?,?,?,default)
Hibernate: insert into aforo_registros (business_id,fecha_hora,tipo,id) values (?,?,?,default)
Hibernate: insert into aforo_registros (business_id,fecha_hora,tipo,id) values (?,?,?,default)
Hibernate: insert into aforo_registros (business_id,fecha_hora,tipo,id) values (?,?,?,default)
Hibernate: insert into aforo_registros (business_id,fecha_hora,tipo,id) values (?,?,?,default)
Hibernate: insert into aforo_registros (business_id,fecha_hora,tipo,id) values (?,?,?,default)
Hibernate: insert into aforo_registros (business_id,fecha_hora,tipo,id) values (?,?,?,default)
Hibernate: insert into aforo_registros (business_id,fecha_hora,tipo,id) values (?,?,?,default)
Hibernate: insert into aforo_registros (business_id,fecha_hora,tipo,id) values (?,?,?,default)
Hibernate: insert into aforo_registros (business_id,fecha_hora,tipo,id) values (?,?,?,default)
Hibernate: insert into aforo_registros (business_id,fecha_hora,tipo,id) values (?,?,?,default)
Hibernate: insert into aforo_registros (business_id,fecha_hora,tipo,id) values (?,?,?,default)
Hibernate: insert into aforo_registros (business_id,fecha_hora,tipo,id) values (?,?,?,default)
Hibernate: insert into aforo_registros (business_id,fecha_hora,tipo,id) values (?,?,?,default)
Hibernate: insert into aforo_registros (business_id,fecha_hora,tipo,id) values (?,?,?,default)
Hibernate: insert into aforo_registros (business_id,fecha_hora,tipo,id) values (?,?,?,default)
Hibernate: insert into aforo_registros (business_id,fecha_hora,tipo,id) values (?,?,?,default)
Hibernate: insert into aforo_registros (business_id,fecha_hora,tipo,id) values (?,?,?,default)
Hibernate: insert into aforo_registros (business_id,fecha_hora,tipo,id) values (?,?,?,default)
Hibernate: insert into aforo_registros (business_id,fecha_hora,tipo,id) values (?,?,?,default)
Hibernate: insert into aforo_registros (business_id,fecha_hora,tipo,id) values (?,?,?,default)
Hibernate: insert into aforo_registros (business_id,fecha_hora,tipo,id) values (?,?,?,default)
Hibernate: insert into aforo_registros (business_id,fecha_hora,tipo,id) values (?,?,?,default)
Hibernate: insert into aforo_registros (business_id,fecha_hora,tipo,id) values (?,?,?,default)
Hibernate: insert into aforo_registros (business_id,fecha_hora,tipo,id) values (?,?,?,default)
Hibernate: insert into aforo_registros (business_id,fecha_hora,tipo,id) values (?,?,?,default)
Hibernate: insert into aforo_registros (business_id,fecha_hora,tipo,id) values (?,?,?,default)
Hibernate: insert into aforo_registros (business_id,fecha_hora,tipo,id) values (?,?,?,default)
Hibernate: insert into aforo_registros (business_id,fecha_hora,tipo,id) values (?,?,?,default)
Hibernate: insert into aforo_registros (business_id,fecha_hora,tipo,id) values (?,?,?,default)
Hibernate: insert into aforo_registros (business_id,fecha_hora,tipo,id) values (?,?,?,default)
Hibernate: insert into aforo_registros (business_id,fecha_hora,tipo,id) values (?,?,?,default)
Hibernate: insert into aforo_registros (business_id,fecha_hora,tipo,id) values (?,?,?,default)
Hibernate: insert into aforo_registros (business_id,fecha_hora,tipo,id) values (?,?,?,default)
Hibernate: insert into aforo_registros (business_id,fecha_hora,tipo,id) values (?,?,?,default)
Hibernate: insert into aforo_registros (business_id,fecha_hora,tipo,id) values (?,?,?,default)
Hibernate: insert into aforo_registros (business_id,fecha_hora,tipo,id) values (?,?,?,default)
Hibernate: insert into aforo_registros (business_id,fecha_hora,tipo,id) values (?,?,?,default)
Hibernate: insert into aforo_registros (business_id,fecha_hora,tipo,id) values (?,?,?,default)
Hibernate: insert into aforo_registros (business_id,fecha_hora,tipo,id) values (?,?,?,default)
Hibernate: insert into aforo_registros (business_id,fecha_hora,tipo,id) values (?,?,?,default)
Hibernate: insert into aforo_registros (business_id,fecha_hora,tipo,id) values (?,?,?,default)
Hibernate: insert into aforo_registros (business_id,fecha_hora,tipo,id) values (?,?,?,default)
Hibernate: insert into aforo_registros (business_id,fecha_hora,tipo,id) values (?,?,?,default)
Hibernate: insert into aforo_registros (business_id,fecha_hora,tipo,id) values (?,?,?,default)
Hibernate: insert into aforo_registros (business_id,fecha_hora,tipo,id) values (?,?,?,default)
Hibernate: insert into aforo_registros (business_id,fecha_hora,tipo,id) values (?,?,?,default)
Hibernate: insert into aforo_registros (business_id,fecha_hora,tipo,id) values (?,?,?,default)
Hibernate: insert into aforo_registros (business_id,fecha_hora,tipo,id) values (?,?,?,default)
Hibernate: insert into aforo_registros (business_id,fecha_hora,tipo,id) values (?,?,?,default)
Hibernate: insert into aforo_registros (business_id,fecha_hora,tipo,id) values (?,?,?,default)
Hibernate: insert into aforo_registros (business_id,fecha_hora,tipo,id) values (?,?,?,default)
Hibernate: insert into aforo_registros (business_id,fecha_hora,tipo,id) values (?,?,?,default)
Hibernate: insert into aforo_registros (business_id,fecha_hora,tipo,id) values (?,?,?,default)
Hibernate: insert into aforo_registros (business_id,fecha_hora,tipo,id) values (?,?,?,default)
Hibernate: insert into aforo_registros (business_id,fecha_hora,tipo,id) values (?,?,?,default)
Hibernate: insert into aforo_registros (business_id,fecha_hora,tipo,id) values (?,?,?,default)
Hibernate: insert into aforo_registros (business_id,fecha_hora,tipo,id) values (?,?,?,default)
Hibernate: insert into aforo_registros (business_id,fecha_hora,tipo,id) values (?,?,?,default)
Hibernate: insert into aforo_registros (business_id,fecha_hora,tipo,id) values (?,?,?,default)
Hibernate: insert into aforo_registros (business_id,fecha_hora,tipo,id) values (?,?,?,default)
Hibernate: insert into aforo_registros (business_id,fecha_hora,tipo,id) values (?,?,?,default)
Hibernate: insert into aforo_registros (business_id,fecha_hora,tipo,id) values (?,?,?,default)
Hibernate: insert into aforo_registros (business_id,fecha_hora,tipo,id) values (?,?,?,default)
Hibernate: insert into aforo_registros (business_id,fecha_hora,tipo,id) values (?,?,?,default)
Hibernate: insert into aforo_registros (business_id,fecha_hora,tipo,id) values (?,?,?,default)
Hibernate: insert into aforo_registros (business_id,fecha_hora,tipo,id) values (?,?,?,default)
Hibernate: insert into aforo_registros (business_id,fecha_hora,tipo,id) values (?,?,?,default)
Hibernate: insert into aforo_registros (business_id,fecha_hora,tipo,id) values (?,?,?,default)
Hibernate: insert into aforo_registros (business_id,fecha_hora,tipo,id) values (?,?,?,default)
Hibernate: insert into aforo_registros (business_id,fecha_hora,tipo,id) values (?,?,?,default)
Hibernate: insert into aforo_registros (business_id,fecha_hora,tipo,id) values (?,?,?,default)
Hibernate: insert into aforo_registros (business_id,fecha_hora,tipo,id) values (?,?,?,default)
Hibernate: insert into aforo_registros (business_id,fecha_hora,tipo,id) values (?,?,?,default)
Hibernate: insert into aforo_registros (business_id,fecha_hora,tipo,id) values (?,?,?,default)
Hibernate: insert into aforo_registros (business_id,fecha_hora,tipo,id) values (?,?,?,default)
Hibernate: insert into aforo_registros (business_id,fecha_hora,tipo,id) values (?,?,?,default)
Hibernate: insert into aforo_registros (business_id,fecha_hora,tipo,id) values (?,?,?,default)
Hibernate: insert into aforo_registros (business_id,fecha_hora,tipo,id) values (?,?,?,default)
Hibernate: insert into aforo_registros (business_id,fecha_hora,tipo,id) values (?,?,?,default)
Hibernate: insert into aforo_registros (business_id,fecha_hora,tipo,id) values (?,?,?,default)
Hibernate: insert into aforo_registros (business_id,fecha_hora,tipo,id) values (?,?,?,default)
Hibernate: insert into aforo_registros (business_id,fecha_hora,tipo,id) values (?,?,?,default)
Hibernate: insert into aforo_registros (business_id,fecha_hora,tipo,id) values (?,?,?,default)
Hibernate: insert into aforo_registros (business_id,fecha_hora,tipo,id) values (?,?,?,default)
Hibernate: insert into aforo_registros (business_id,fecha_hora,tipo,id) values (?,?,?,default)
Hibernate: insert into aforo_registros (business_id,fecha_hora,tipo,id) values (?,?,?,default)
Hibernate: insert into aforo_registros (business_id,fecha_hora,tipo,id) values (?,?,?,default)
Hibernate: insert into aforo_registros (business_id,fecha_hora,tipo,id) values (?,?,?,default)
Hibernate: insert into aforo_registros (business_id,fecha_hora,tipo,id) values (?,?,?,default)
Hibernate: insert into aforo_registros (business_id,fecha_hora,tipo,id) values (?,?,?,default)
Hibernate: insert into aforo_registros (business_id,fecha_hora,tipo,id) values (?,?,?,default)
Hibernate: insert into aforo_registros (business_id,fecha_hora,tipo,id) values (?,?,?,default)
Hibernate: insert into aforo_registros (business_id,fecha_hora,tipo,id) values (?,?,?,default)
Hibernate: insert into aforo_registros (business_id,fecha_hora,tipo,id) values (?,?,?,default)
Hibernate: insert into aforo_registros (business_id,fecha_hora,tipo,id) values (?,?,?,default)
Hibernate: insert into aforo_registros (business_id,fecha_hora,tipo,id) values (?,?,?,default)
Hibernate: insert into aforo_registros (business_id,fecha_hora,tipo,id) values (?,?,?,default)
Hibernate: insert into aforo_registros (business_id,fecha_hora,tipo,id) values (?,?,?,default)
Hibernate: insert into aforo_registros (business_id,fecha_hora,tipo,id) values (?,?,?,default)
Hibernate: insert into aforo_registros (business_id,fecha_hora,tipo,id) values (?,?,?,default)
Hibernate: insert into aforo_registros (business_id,fecha_hora,tipo,id) values (?,?,?,default)
Hibernate: insert into aforo_registros (business_id,fecha_hora,tipo,id) values (?,?,?,default)
Hibernate: insert into aforo_registros (business_id,fecha_hora,tipo,id) values (?,?,?,default)
Hibernate: insert into aforo_registros (business_id,fecha_hora,tipo,id) values (?,?,?,default)
Hibernate: insert into aforo_registros (business_id,fecha_hora,tipo,id) values (?,?,?,default)
Hibernate: insert into aforo_registros (business_id,fecha_hora,tipo,id) values (?,?,?,default)
Hibernate: insert into aforo_registros (business_id,fecha_hora,tipo,id) values (?,?,?,default)
Hibernate: insert into aforo_registros (business_id,fecha_hora,tipo,id) values (?,?,?,default)
Hibernate: insert into aforo_registros (business_id,fecha_hora,tipo,id) values (?,?,?,default)
Hibernate: insert into aforo_registros (business_id,fecha_hora,tipo,id) values (?,?,?,default)
Hibernate: insert into aforo_registros (business_id,fecha_hora,tipo,id) values (?,?,?,default)
Hibernate: insert into aforo_registros (business_id,fecha_hora,tipo,id) values (?,?,?,default)
Hibernate: insert into aforo_registros (business_id,fecha_hora,tipo,id) values (?,?,?,default)
Hibernate: insert into aforo_registros (business_id,fecha_hora,tipo,id) values (?,?,?,default)
Hibernate: insert into aforo_registros (business_id,fecha_hora,tipo,id) values (?,?,?,default)
Hibernate: insert into aforo_registros (business_id,fecha_hora,tipo,id) values (?,?,?,default)
Hibernate: insert into aforo_registros (business_id,fecha_hora,tipo,id) values (?,?,?,default)
Hibernate: insert into aforo_registros (business_id,fecha_hora,tipo,id) values (?,?,?,default)
Hibernate: insert into aforo_registros (business_id,fecha_hora,tipo,id) values (?,?,?,default)
Hibernate: insert into aforo_registros (business_id,fecha_hora,tipo,id) values (?,?,?,default)
Hibernate: insert into aforo_registros (business_id,fecha_hora,tipo,id) values (?,?,?,default)
Hibernate: insert into aforo_registros (business_id,fecha_hora,tipo,id) values (?,?,?,default)
Hibernate: insert into aforo_registros (business_id,fecha_hora,tipo,id) values (?,?,?,default)
Hibernate: insert into aforo_registros (business_id,fecha_hora,tipo,id) values (?,?,?,default)
Hibernate: insert into aforo_registros (business_id,fecha_hora,tipo,id) values (?,?,?,default)
Hibernate: insert into aforo_registros (business_id,fecha_hora,tipo,id) values (?,?,?,default)
Hibernate: insert into aforo_registros (business_id,fecha_hora,tipo,id) values (?,?,?,default)
Hibernate: insert into aforo_registros (business_id,fecha_hora,tipo,id) values (?,?,?,default)
Hibernate: insert into aforo_registros (business_id,fecha_hora,tipo,id) values (?,?,?,default)
Hibernate: insert into aforo_registros (business_id,fecha_hora,tipo,id) values (?,?,?,default)
Hibernate: insert into aforo_registros (business_id,fecha_hora,tipo,id) values (?,?,?,default)
Hibernate: insert into aforo_registros (business_id,fecha_hora,tipo,id) values (?,?,?,default)
Hibernate: insert into aforo_registros (business_id,fecha_hora,tipo,id) values (?,?,?,default)
Hibernate: insert into aforo_registros (business_id,fecha_hora,tipo,id) values (?,?,?,default)
Hibernate: insert into aforo_registros (business_id,fecha_hora,tipo,id) values (?,?,?,default)
Hibernate: insert into aforo_registros (business_id,fecha_hora,tipo,id) values (?,?,?,default)
Hibernate: insert into aforo_registros (business_id,fecha_hora,tipo,id) values (?,?,?,default)
Hibernate: insert into aforo_registros (business_id,fecha_hora,tipo,id) values (?,?,?,default)
Hibernate: insert into aforo_registros (business_id,fecha_hora,tipo,id) values (?,?,?,default)
Hibernate: insert into aforo_registros (business_id,fecha_hora,tipo,id) values (?,?,?,default)
Hibernate: insert into aforo_registros (business_id,fecha_hora,tipo,id) values (?,?,?,default)
Hibernate: insert into aforo_registros (business_id,fecha_hora,tipo,id) values (?,?,?,default)
Hibernate: insert into aforo_registros (business_id,fecha_hora,tipo,id) values (?,?,?,default)
Hibernate: insert into aforo_registros (business_id,fecha_hora,tipo,id) values (?,?,?,default)
Hibernate: insert into aforo_registros (business_id,fecha_hora,tipo,id) values (?,?,?,default)
Hibernate: insert into aforo_registros (business_id,fecha_hora,tipo,id) values (?,?,?,default)
Hibernate: insert into aforo_registros (business_id,fecha_hora,tipo,id) values (?,?,?,default)
Hibernate: insert into aforo_registros (business_id,fecha_hora,tipo,id) values (?,?,?,default)
Hibernate: insert into aforo_registros (business_id,fecha_hora,tipo,id) values (?,?,?,default)
Hibernate: insert into aforo_registros (business_id,fecha_hora,tipo,id) values (?,?,?,default)
Hibernate: insert into aforo_registros (business_id,fecha_hora,tipo,id) values (?,?,?,default)
Hibernate: insert into aforo_registros (business_id,fecha_hora,tipo,id) values (?,?,?,default)
Hibernate: insert into aforo_registros (business_id,fecha_hora,tipo,id) values (?,?,?,default)
Hibernate: insert into aforo_registros (business_id,fecha_hora,tipo,id) values (?,?,?,default)
Hibernate: insert into aforo_registros (business_id,fecha_hora,tipo,id) values (?,?,?,default)
Hibernate: insert into aforo_registros (business_id,fecha_hora,tipo,id) values (?,?,?,default)
Hibernate: insert into aforo_registros (business_id,fecha_hora,tipo,id) values (?,?,?,default)
Hibernate: insert into aforo_registros (business_id,fecha_hora,tipo,id) values (?,?,?,default)
Hibernate: insert into aforo_registros (business_id,fecha_hora,tipo,id) values (?,?,?,default)
Hibernate: insert into aforo_registros (business_id,fecha_hora,tipo,id) values (?,?,?,default)
Hibernate: insert into aforo_registros (business_id,fecha_hora,tipo,id) values (?,?,?,default)
Hibernate: insert into aforo_registros (business_id,fecha_hora,tipo,id) values (?,?,?,default)
Hibernate: insert into aforo_registros (business_id,fecha_hora,tipo,id) values (?,?,?,default)
Hibernate: insert into aforo_registros (business_id,fecha_hora,tipo,id) values (?,?,?,default)
Hibernate: insert into aforo_registros (business_id,fecha_hora,tipo,id) values (?,?,?,default)
Hibernate: insert into aforo_registros (business_id,fecha_hora,tipo,id) values (?,?,?,default)
Hibernate: insert into aforo_registros (business_id,fecha_hora,tipo,id) values (?,?,?,default)
Hibernate: insert into aforo_registros (business_id,fecha_hora,tipo,id) values (?,?,?,default)
Hibernate: insert into aforo_registros (business_id,fecha_hora,tipo,id) values (?,?,?,default)
Hibernate: insert into aforo_registros (business_id,fecha_hora,tipo,id) values (?,?,?,default)
Hibernate: insert into aforo_registros (business_id,fecha_hora,tipo,id) values (?,?,?,default)
Hibernate: insert into aforo_registros (business_id,fecha_hora,tipo,id) values (?,?,?,default)
Hibernate: insert into aforo_registros (business_id,fecha_hora,tipo,id) values (?,?,?,default)
Hibernate: insert into aforo_registros (business_id,fecha_hora,tipo,id) values (?,?,?,default)
Hibernate: insert into aforo_registros (business_id,fecha_hora,tipo,id) values (?,?,?,default)
Hibernate: insert into aforo_registros (business_id,fecha_hora,tipo,id) values (?,?,?,default)
Hibernate: insert into aforo_registros (business_id,fecha_hora,tipo,id) values (?,?,?,default)
Hibernate: insert into aforo_registros (business_id,fecha_hora,tipo,id) values (?,?,?,default)
Hibernate: insert into aforo_registros (business_id,fecha_hora,tipo,id) values (?,?,?,default)
Hibernate: insert into aforo_registros (business_id,fecha_hora,tipo,id) values (?,?,?,default)
Hibernate: insert into aforo_registros (business_id,fecha_hora,tipo,id) values (?,?,?,default)
Hibernate: insert into aforo_registros (business_id,fecha_hora,tipo,id) values (?,?,?,default)
Hibernate: insert into aforo_registros (business_id,fecha_hora,tipo,id) values (?,?,?,default)
Hibernate: insert into aforo_registros (business_id,fecha_hora,tipo,id) values (?,?,?,default)
Hibernate: insert into aforo_registros (business_id,fecha_hora,tipo,id) values (?,?,?,default)
Hibernate: insert into aforo_registros (business_id,fecha_hora,tipo,id) values (?,?,?,default)
Hibernate: insert into aforo_registros (business_id,fecha_hora,tipo,id) values (?,?,?,default)
Hibernate: insert into aforo_registros (business_id,fecha_hora,tipo,id) values (?,?,?,default)
Hibernate: insert into aforo_registros (business_id,fecha_hora,tipo,id) values (?,?,?,default)
Hibernate: insert into aforo_registros (business_id,fecha_hora,tipo,id) values (?,?,?,default)
Hibernate: insert into aforo_registros (business_id,fecha_hora,tipo,id) values (?,?,?,default)
Hibernate: insert into aforo_registros (business_id,fecha_hora,tipo,id) values (?,?,?,default)
Hibernate: insert into aforo_registros (business_id,fecha_hora,tipo,id) values (?,?,?,default)
Hibernate: insert into aforo_registros (business_id,fecha_hora,tipo,id) values (?,?,?,default)
Hibernate: insert into aforo_registros (business_id,fecha_hora,tipo,id) values (?,?,?,default)
Hibernate: insert into aforo_registros (business_id,fecha_hora,tipo,id) values (?,?,?,default)
Hibernate: insert into aforo_registros (business_id,fecha_hora,tipo,id) values (?,?,?,default)
Hibernate: insert into aforo_registros (business_id,fecha_hora,tipo,id) values (?,?,?,default)
Hibernate: insert into aforo_registros (business_id,fecha_hora,tipo,id) values (?,?,?,default)
Hibernate: insert into aforo_registros (business_id,fecha_hora,tipo,id) values (?,?,?,default)
Hibernate: insert into aforo_registros (business_id,fecha_hora,tipo,id) values (?,?,?,default)
Hibernate: insert into aforo_registros (business_id,fecha_hora,tipo,id) values (?,?,?,default)
Hibernate: insert into aforo_registros (business_id,fecha_hora,tipo,id) values (?,?,?,default)
Hibernate: insert into aforo_registros (business_id,fecha_hora,tipo,id) values (?,?,?,default)
Hibernate: insert into aforo_registros (business_id,fecha_hora,tipo,id) values (?,?,?,default)
Hibernate: insert into aforo_registros (business_id,fecha_hora,tipo,id) values (?,?,?,default)
Hibernate: insert into aforo_registros (business_id,fecha_hora,tipo,id) values (?,?,?,default)
Hibernate: insert into aforo_registros (business_id,fecha_hora,tipo,id) values (?,?,?,default)
Hibernate: insert into aforo_registros (business_id,fecha_hora,tipo,id) values (?,?,?,default)
Hibernate: insert into aforo_registros (business_id,fecha_hora,tipo,id) values (?,?,?,default)
Hibernate: insert into aforo_registros (business_id,fecha_hora,tipo,id) values (?,?,?,default)
Hibernate: insert into aforo_registros (business_id,fecha_hora,tipo,id) values (?,?,?,default)
Hibernate: insert into aforo_registros (business_id,fecha_hora,tipo,id) values (?,?,?,default)
Hibernate: insert into aforo_registros (business_id,fecha_hora,tipo,id) values (?,?,?,default)
Hibernate: insert into aforo_registros (business_id,fecha_hora,tipo,id) values (?,?,?,default)
Hibernate: insert into aforo_registros (business_id,fecha_hora,tipo,id) values (?,?,?,default)
Hibernate: insert into aforo_registros (business_id,fecha_hora,tipo,id) values (?,?,?,default)
Hibernate: insert into aforo_registros (business_id,fecha_hora,tipo,id) values (?,?,?,default)
Hibernate: insert into aforo_registros (business_id,fecha_hora,tipo,id) values (?,?,?,default)
Hibernate: insert into aforo_registros (business_id,fecha_hora,tipo,id) values (?,?,?,default)
Hibernate: insert into aforo_registros (business_id,fecha_hora,tipo,id) values (?,?,?,default)
Hibernate: insert into aforo_registros (business_id,fecha_hora,tipo,id) values (?,?,?,default)
Hibernate: insert into aforo_registros (business_id,fecha_hora,tipo,id) values (?,?,?,default)
Hibernate: insert into aforo_registros (business_id,fecha_hora,tipo,id) values (?,?,?,default)
Hibernate: insert into aforo_registros (business_id,fecha_hora,tipo,id) values (?,?,?,default)
Hibernate: insert into aforo_registros (business_id,fecha_hora,tipo,id) values (?,?,?,default)
Hibernate: insert into aforo_registros (business_id,fecha_hora,tipo,id) values (?,?,?,default)
Hibernate: insert into aforo_registros (business_id,fecha_hora,tipo,id) values (?,?,?,default)
Hibernate: insert into aforo_registros (business_id,fecha_hora,tipo,id) values (?,?,?,default)
Hibernate: insert into aforo_registros (business_id,fecha_hora,tipo,id) values (?,?,?,default)
Hibernate: insert into aforo_registros (business_id,fecha_hora,tipo,id) values (?,?,?,default)
Hibernate: insert into aforo_registros (business_id,fecha_hora,tipo,id) values (?,?,?,default)
Hibernate: insert into aforo_registros (business_id,fecha_hora,tipo,id) values (?,?,?,default)
Hibernate: insert into aforo_registros (business_id,fecha_hora,tipo,id) values (?,?,?,default)
Hibernate: insert into aforo_registros (business_id,fecha_hora,tipo,id) values (?,?,?,default)
Hibernate: insert into aforo_registros (business_id,fecha_hora,tipo,id) values (?,?,?,default)
Hibernate: insert into aforo_registros (business_id,fecha_hora,tipo,id) values (?,?,?,default)
Hibernate: insert into aforo_registros (business_id,fecha_hora,tipo,id) values (?,?,?,default)
Hibernate: insert into aforo_registros (business_id,fecha_hora,tipo,id) values (?,?,?,default)
Hibernate: insert into aforo_registros (business_id,fecha_hora,tipo,id) values (?,?,?,default)
Hibernate: insert into aforo_registros (business_id,fecha_hora,tipo,id) values (?,?,?,default)
Hibernate: insert into aforo_registros (business_id,fecha_hora,tipo,id) values (?,?,?,default)
Hibernate: insert into aforo_registros (business_id,fecha_hora,tipo,id) values (?,?,?,default)
Hibernate: insert into aforo_registros (business_id,fecha_hora,tipo,id) values (?,?,?,default)
Hibernate: insert into aforo_registros (business_id,fecha_hora,tipo,id) values (?,?,?,default)
Hibernate: insert into aforo_registros (business_id,fecha_hora,tipo,id) values (?,?,?,default)
Hibernate: insert into aforo_registros (business_id,fecha_hora,tipo,id) values (?,?,?,default)
Hibernate: insert into aforo_registros (business_id,fecha_hora,tipo,id) values (?,?,?,default)
Hibernate: insert into aforo_registros (business_id,fecha_hora,tipo,id) values (?,?,?,default)
Hibernate: insert into aforo_registros (business_id,fecha_hora,tipo,id) values (?,?,?,default)
Hibernate: insert into aforo_registros (business_id,fecha_hora,tipo,id) values (?,?,?,default)
Hibernate: insert into aforo_registros (business_id,fecha_hora,tipo,id) values (?,?,?,default)
Hibernate: insert into aforo_registros (business_id,fecha_hora,tipo,id) values (?,?,?,default)
Hibernate: insert into aforo_registros (business_id,fecha_hora,tipo,id) values (?,?,?,default)
Hibernate: insert into aforo_registros (business_id,fecha_hora,tipo,id) values (?,?,?,default)
Hibernate: insert into aforo_registros (business_id,fecha_hora,tipo,id) values (?,?,?,default)
Hibernate: insert into aforo_registros (business_id,fecha_hora,tipo,id) values (?,?,?,default)
Hibernate: insert into aforo_registros (business_id,fecha_hora,tipo,id) values (?,?,?,default)
Hibernate: insert into aforo_registros (business_id,fecha_hora,tipo,id) values (?,?,?,default)
Hibernate: insert into aforo_registros (business_id,fecha_hora,tipo,id) values (?,?,?,default)
Hibernate: insert into aforo_registros (business_id,fecha_hora,tipo,id) values (?,?,?,default)
Hibernate: insert into aforo_registros (business_id,fecha_hora,tipo,id) values (?,?,?,default)
Hibernate: insert into aforo_registros (business_id,fecha_hora,tipo,id) values (?,?,?,default)
Hibernate: insert into aforo_registros (business_id,fecha_hora,tipo,id) values (?,?,?,default)
Hibernate: insert into aforo_registros (business_id,fecha_hora,tipo,id) values (?,?,?,default)
Hibernate: insert into aforo_registros (business_id,fecha_hora,tipo,id) values (?,?,?,default)
Hibernate: insert into aforo_registros (business_id,fecha_hora,tipo,id) values (?,?,?,default)
Hibernate: insert into aforo_registros (business_id,fecha_hora,tipo,id) values (?,?,?,default)
Hibernate: insert into aforo_registros (business_id,fecha_hora,tipo,id) values (?,?,?,default)
Hibernate: insert into aforo_registros (business_id,fecha_hora,tipo,id) values (?,?,?,default)
Hibernate: insert into aforo_registros (business_id,fecha_hora,tipo,id) values (?,?,?,default)
Hibernate: insert into aforo_registros (business_id,fecha_hora,tipo,id) values (?,?,?,default)
Hibernate: insert into aforo_registros (business_id,fecha_hora,tipo,id) values (?,?,?,default)
Hibernate: insert into aforo_registros (business_id,fecha_hora,tipo,id) values (?,?,?,default)
Hibernate: insert into aforo_registros (business_id,fecha_hora,tipo,id) values (?,?,?,default)
Hibernate: insert into aforo_registros (business_id,fecha_hora,tipo,id) values (?,?,?,default)
Hibernate: insert into aforo_registros (business_id,fecha_hora,tipo,id) values (?,?,?,default)
Hibernate: insert into aforo_registros (business_id,fecha_hora,tipo,id) values (?,?,?,default)
Hibernate: insert into aforo_registros (business_id,fecha_hora,tipo,id) values (?,?,?,default)
Hibernate: insert into aforo_registros (business_id,fecha_hora,tipo,id) values (?,?,?,default)
Hibernate: insert into aforo_registros (business_id,fecha_hora,tipo,id) values (?,?,?,default)
Hibernate: insert into aforo_registros (business_id,fecha_hora,tipo,id) values (?,?,?,default)
Hibernate: insert into aforo_registros (business_id,fecha_hora,tipo,id) values (?,?,?,default)
Hibernate: insert into aforo_registros (business_id,fecha_hora,tipo,id) values (?,?,?,default)
Hibernate: insert into aforo_registros (business_id,fecha_hora,tipo,id) values (?,?,?,default)
Hibernate: insert into aforo_registros (business_id,fecha_hora,tipo,id) values (?,?,?,default)
Hibernate: insert into aforo_registros (business_id,fecha_hora,tipo,id) values (?,?,?,default)
Hibernate: insert into aforo_registros (business_id,fecha_hora,tipo,id) values (?,?,?,default)
Hibernate: insert into aforo_registros (business_id,fecha_hora,tipo,id) values (?,?,?,default)
Hibernate: insert into aforo_registros (business_id,fecha_hora,tipo,id) values (?,?,?,default)
Hibernate: insert into aforo_registros (business_id,fecha_hora,tipo,id) values (?,?,?,default)
Hibernate: insert into aforo_registros (business_id,fecha_hora,tipo,id) values (?,?,?,default)
Hibernate: insert into aforo_registros (business_id,fecha_hora,tipo,id) values (?,?,?,default)
Hibernate: insert into aforo_registros (business_id,fecha_hora,tipo,id) values (?,?,?,default)
Hibernate: insert into aforo_registros (business_id,fecha_hora,tipo,id) values (?,?,?,default)
Hibernate: insert into aforo_registros (business_id,fecha_hora,tipo,id) values (?,?,?,default)
Hibernate: insert into aforo_registros (business_id,fecha_hora,tipo,id) values (?,?,?,default)
Hibernate: insert into aforo_registros (business_id,fecha_hora,tipo,id) values (?,?,?,default)
Hibernate: insert into aforo_registros (business_id,fecha_hora,tipo,id) values (?,?,?,default)
Hibernate: insert into aforo_registros (business_id,fecha_hora,tipo,id) values (?,?,?,default)
Hibernate: insert into aforo_registros (business_id,fecha_hora,tipo,id) values (?,?,?,default)
Hibernate: insert into aforo_registros (business_id,fecha_hora,tipo,id) values (?,?,?,default)
Hibernate: insert into aforo_registros (business_id,fecha_hora,tipo,id) values (?,?,?,default)
Hibernate: insert into aforo_registros (business_id,fecha_hora,tipo,id) values (?,?,?,default)
Hibernate: insert into aforo_registros (business_id,fecha_hora,tipo,id) values (?,?,?,default)
Hibernate: insert into aforo_registros (business_id,fecha_hora,tipo,id) values (?,?,?,default)
Hibernate: insert into aforo_registros (business_id,fecha_hora,tipo,id) values (?,?,?,default)
Hibernate: insert into aforo_registros (business_id,fecha_hora,tipo,id) values (?,?,?,default)
Hibernate: insert into aforo_registros (business_id,fecha_hora,tipo,id) values (?,?,?,default)
Hibernate: insert into aforo_registros (business_id,fecha_hora,tipo,id) values (?,?,?,default)
Hibernate: insert into aforo_registros (business_id,fecha_hora,tipo,id) values (?,?,?,default)
Hibernate: insert into aforo_registros (business_id,fecha_hora,tipo,id) values (?,?,?,default)
Hibernate: insert into aforo_registros (business_id,fecha_hora,tipo,id) values (?,?,?,default)
Hibernate: insert into aforo_registros (business_id,fecha_hora,tipo,id) values (?,?,?,default)
Hibernate: insert into aforo_registros (business_id,fecha_hora,tipo,id) values (?,?,?,default)
Hibernate: insert into aforo_registros (business_id,fecha_hora,tipo,id) values (?,?,?,default)
Hibernate: insert into aforo_registros (business_id,fecha_hora,tipo,id) values (?,?,?,default)
Hibernate: insert into aforo_registros (business_id,fecha_hora,tipo,id) values (?,?,?,default)
Hibernate: insert into aforo_registros (business_id,fecha_hora,tipo,id) values (?,?,?,default)
Hibernate: insert into aforo_registros (business_id,fecha_hora,tipo,id) values (?,?,?,default)
Hibernate: insert into aforo_registros (business_id,fecha_hora,tipo,id) values (?,?,?,default)
Hibernate: insert into aforo_registros (business_id,fecha_hora,tipo,id) values (?,?,?,default)
Hibernate: insert into aforo_registros (business_id,fecha_hora,tipo,id) values (?,?,?,default)
Hibernate: insert into aforo_registros (business_id,fecha_hora,tipo,id) values (?,?,?,default)
Hibernate: insert into aforo_registros (business_id,fecha_hora,tipo,id) values (?,?,?,default)
Hibernate: insert into aforo_registros (business_id,fecha_hora,tipo,id) values (?,?,?,default)
Hibernate: insert into aforo_registros (business_id,fecha_hora,tipo,id) values (?,?,?,default)
Hibernate: insert into aforo_registros (business_id,fecha_hora,tipo,id) values (?,?,?,default)
Hibernate: insert into aforo_registros (business_id,fecha_hora,tipo,id) values (?,?,?,default)
Hibernate: insert into aforo_registros (business_id,fecha_hora,tipo,id) values (?,?,?,default)
Hibernate: insert into aforo_registros (business_id,fecha_hora,tipo,id) values (?,?,?,default)
Hibernate: insert into aforo_registros (business_id,fecha_hora,tipo,id) values (?,?,?,default)
Hibernate: insert into aforo_registros (business_id,fecha_hora,tipo,id) values (?,?,?,default)
Hibernate: insert into aforo_registros (business_id,fecha_hora,tipo,id) values (?,?,?,default)
Hibernate: insert into aforo_registros (business_id,fecha_hora,tipo,id) values (?,?,?,default)
Hibernate: insert into aforo_registros (business_id,fecha_hora,tipo,id) values (?,?,?,default)
Hibernate: insert into aforo_registros (business_id,fecha_hora,tipo,id) values (?,?,?,default)
Hibernate: insert into aforo_registros (business_id,fecha_hora,tipo,id) values (?,?,?,default)
Hibernate: insert into aforo_registros (business_id,fecha_hora,tipo,id) values (?,?,?,default)
Hibernate: insert into aforo_registros (business_id,fecha_hora,tipo,id) values (?,?,?,default)
Hibernate: insert into aforo_registros (business_id,fecha_hora,tipo,id) values (?,?,?,default)
Hibernate: insert into aforo_registros (business_id,fecha_hora,tipo,id) values (?,?,?,default)
Hibernate: insert into aforo_registros (business_id,fecha_hora,tipo,id) values (?,?,?,default)
Hibernate: insert into aforo_registros (business_id,fecha_hora,tipo,id) values (?,?,?,default)
Hibernate: insert into aforo_registros (business_id,fecha_hora,tipo,id) values (?,?,?,default)
Hibernate: insert into aforo_registros (business_id,fecha_hora,tipo,id) values (?,?,?,default)
Hibernate: insert into aforo_registros (business_id,fecha_hora,tipo,id) values (?,?,?,default)
Hibernate: insert into aforo_registros (business_id,fecha_hora,tipo,id) values (?,?,?,default)
Hibernate: insert into aforo_registros (business_id,fecha_hora,tipo,id) values (?,?,?,default)
Hibernate: insert into aforo_registros (business_id,fecha_hora,tipo,id) values (?,?,?,default)
Hibernate: insert into aforo_registros (business_id,fecha_hora,tipo,id) values (?,?,?,default)
Hibernate: insert into aforo_registros (business_id,fecha_hora,tipo,id) values (?,?,?,default)
Hibernate: insert into aforo_registros (business_id,fecha_hora,tipo,id) values (?,?,?,default)
Hibernate: insert into aforo_registros (business_id,fecha_hora,tipo,id) values (?,?,?,default)
Hibernate: insert into aforo_registros (business_id,fecha_hora,tipo,id) values (?,?,?,default)
Hibernate: insert into aforo_registros (business_id,fecha_hora,tipo,id) values (?,?,?,default)
Hibernate: insert into aforo_registros (business_id,fecha_hora,tipo,id) values (?,?,?,default)
Hibernate: insert into aforo_registros (business_id,fecha_hora,tipo,id) values (?,?,?,default)
Hibernate: insert into aforo_registros (business_id,fecha_hora,tipo,id) values (?,?,?,default)
Hibernate: insert into aforo_registros (business_id,fecha_hora,tipo,id) values (?,?,?,default)
Hibernate: insert into aforo_registros (business_id,fecha_hora,tipo,id) values (?,?,?,default)
Hibernate: insert into aforo_registros (business_id,fecha_hora,tipo,id) values (?,?,?,default)
Hibernate: insert into aforo_registros (business_id,fecha_hora,tipo,id) values (?,?,?,default)
Hibernate: insert into aforo_registros (business_id,fecha_hora,tipo,id) values (?,?,?,default)
Hibernate: insert into aforo_registros (business_id,fecha_hora,tipo,id) values (?,?,?,default)
Hibernate: insert into aforo_registros (business_id,fecha_hora,tipo,id) values (?,?,?,default)
Hibernate: insert into aforo_registros (business_id,fecha_hora,tipo,id) values (?,?,?,default)
Hibernate: insert into aforo_registros (business_id,fecha_hora,tipo,id) values (?,?,?,default)
Hibernate: insert into aforo_registros (business_id,fecha_hora,tipo,id) values (?,?,?,default)
Hibernate: insert into aforo_registros (business_id,fecha_hora,tipo,id) values (?,?,?,default)
Hibernate: insert into aforo_registros (business_id,fecha_hora,tipo,id) values (?,?,?,default)
Hibernate: insert into aforo_registros (business_id,fecha_hora,tipo,id) values (?,?,?,default)
Hibernate: insert into aforo_registros (business_id,fecha_hora,tipo,id) values (?,?,?,default)
Hibernate: insert into aforo_registros (business_id,fecha_hora,tipo,id) values (?,?,?,default)
Hibernate: insert into aforo_registros (business_id,fecha_hora,tipo,id) values (?,?,?,default)
Hibernate: insert into aforo_registros (business_id,fecha_hora,tipo,id) values (?,?,?,default)
Hibernate: insert into aforo_registros (business_id,fecha_hora,tipo,id) values (?,?,?,default)
Hibernate: insert into aforo_registros (business_id,fecha_hora,tipo,id) values (?,?,?,default)
Hibernate: insert into aforo_registros (business_id,fecha_hora,tipo,id) values (?,?,?,default)
Hibernate: insert into aforo_registros (business_id,fecha_hora,tipo,id) values (?,?,?,default)
Hibernate: insert into aforo_registros (business_id,fecha_hora,tipo,id) values (?,?,?,default)
Hibernate: insert into aforo_registros (business_id,fecha_hora,tipo,id) values (?,?,?,default)
Hibernate: insert into aforo_registros (business_id,fecha_hora,tipo,id) values (?,?,?,default)
Hibernate: insert into aforo_registros (business_id,fecha_hora,tipo,id) values (?,?,?,default)
Hibernate: insert into aforo_registros (business_id,fecha_hora,tipo,id) values (?,?,?,default)
Hibernate: insert into aforo_registros (business_id,fecha_hora,tipo,id) values (?,?,?,default)
Hibernate: insert into aforo_registros (business_id,fecha_hora,tipo,id) values (?,?,?,default)
Hibernate: insert into aforo_registros (business_id,fecha_hora,tipo,id) values (?,?,?,default)
Hibernate: insert into aforo_registros (business_id,fecha_hora,tipo,id) values (?,?,?,default)
Hibernate: insert into aforo_registros (business_id,fecha_hora,tipo,id) values (?,?,?,default)
Hibernate: insert into aforo_registros (business_id,fecha_hora,tipo,id) values (?,?,?,default)
Hibernate: insert into aforo_registros (business_id,fecha_hora,tipo,id) values (?,?,?,default)
Hibernate: insert into aforo_registros (business_id,fecha_hora,tipo,id) values (?,?,?,default)
Hibernate: insert into aforo_registros (business_id,fecha_hora,tipo,id) values (?,?,?,default)
Hibernate: insert into aforo_registros (business_id,fecha_hora,tipo,id) values (?,?,?,default)
Hibernate: insert into aforo_registros (business_id,fecha_hora,tipo,id) values (?,?,?,default)
Hibernate: insert into aforo_registros (business_id,fecha_hora,tipo,id) values (?,?,?,default)
Hibernate: insert into aforo_registros (business_id,fecha_hora,tipo,id) values (?,?,?,default)
Hibernate: insert into aforo_registros (business_id,fecha_hora,tipo,id) values (?,?,?,default)
Hibernate: insert into aforo_registros (business_id,fecha_hora,tipo,id) values (?,?,?,default)
Hibernate: insert into aforo_registros (business_id,fecha_hora,tipo,id) values (?,?,?,default)
Hibernate: insert into aforo_registros (business_id,fecha_hora,tipo,id) values (?,?,?,default)
Hibernate: insert into aforo_registros (business_id,fecha_hora,tipo,id) values (?,?,?,default)
Hibernate: insert into aforo_registros (business_id,fecha_hora,tipo,id) values (?,?,?,default)
Hibernate: insert into aforo_registros (business_id,fecha_hora,tipo,id) values (?,?,?,default)
Hibernate: insert into aforo_registros (business_id,fecha_hora,tipo,id) values (?,?,?,default)
Hibernate: insert into aforo_registros (business_id,fecha_hora,tipo,id) values (?,?,?,default)
Hibernate: insert into aforo_registros (business_id,fecha_hora,tipo,id) values (?,?,?,default)
Hibernate: insert into aforo_registros (business_id,fecha_hora,tipo,id) values (?,?,?,default)
Hibernate: insert into aforo_registros (business_id,fecha_hora,tipo,id) values (?,?,?,default)
Hibernate: insert into aforo_registros (business_id,fecha_hora,tipo,id) values (?,?,?,default)
Hibernate: insert into aforo_registros (business_id,fecha_hora,tipo,id) values (?,?,?,default)
Hibernate: insert into aforo_registros (business_id,fecha_hora,tipo,id) values (?,?,?,default)
Hibernate: insert into aforo_registros (business_id,fecha_hora,tipo,id) values (?,?,?,default)
Hibernate: insert into aforo_registros (business_id,fecha_hora,tipo,id) values (?,?,?,default)
Hibernate: insert into aforo_registros (business_id,fecha_hora,tipo,id) values (?,?,?,default)
Hibernate: insert into aforo_registros (business_id,fecha_hora,tipo,id) values (?,?,?,default)
Hibernate: insert into aforo_registros (business_id,fecha_hora,tipo,id) values (?,?,?,default)
Hibernate: insert into aforo_registros (business_id,fecha_hora,tipo,id) values (?,?,?,default)
Hibernate: insert into aforo_registros (business_id,fecha_hora,tipo,id) values (?,?,?,default)
Hibernate: insert into aforo_registros (business_id,fecha_hora,tipo,id) values (?,?,?,default)
Hibernate: insert into aforo_registros (business_id,fecha_hora,tipo,id) values (?,?,?,default)
Hibernate: insert into aforo_registros (business_id,fecha_hora,tipo,id) values (?,?,?,default)
Hibernate: insert into aforo_registros (business_id,fecha_hora,tipo,id) values (?,?,?,default)
Hibernate: insert into aforo_registros (business_id,fecha_hora,tipo,id) values (?,?,?,default)
Hibernate: insert into aforo_registros (business_id,fecha_hora,tipo,id) values (?,?,?,default)
Hibernate: insert into aforo_registros (business_id,fecha_hora,tipo,id) values (?,?,?,default)
Hibernate: insert into aforo_registros (business_id,fecha_hora,tipo,id) values (?,?,?,default)
Hibernate: insert into aforo_registros (business_id,fecha_hora,tipo,id) values (?,?,?,default)
Hibernate: insert into aforo_registros (business_id,fecha_hora,tipo,id) values (?,?,?,default)
Hibernate: insert into aforo_registros (business_id,fecha_hora,tipo,id) values (?,?,?,default)
Hibernate: insert into aforo_registros (business_id,fecha_hora,tipo,id) values (?,?,?,default)
Hibernate: insert into aforo_registros (business_id,fecha_hora,tipo,id) values (?,?,?,default)
Hibernate: insert into aforo_registros (business_id,fecha_hora,tipo,id) values (?,?,?,default)
Hibernate: insert into aforo_registros (business_id,fecha_hora,tipo,id) values (?,?,?,default)
Hibernate: insert into aforo_registros (business_id,fecha_hora,tipo,id) values (?,?,?,default)
Hibernate: insert into aforo_registros (business_id,fecha_hora,tipo,id) values (?,?,?,default)
Hibernate: insert into aforo_registros (business_id,fecha_hora,tipo,id) values (?,?,?,default)
Hibernate: insert into aforo_registros (business_id,fecha_hora,tipo,id) values (?,?,?,default)
Hibernate: insert into aforo_registros (business_id,fecha_hora,tipo,id) values (?,?,?,default)
Hibernate: insert into aforo_registros (business_id,fecha_hora,tipo,id) values (?,?,?,default)
Hibernate: insert into aforo_registros (business_id,fecha_hora,tipo,id) values (?,?,?,default)
Hibernate: insert into aforo_registros (business_id,fecha_hora,tipo,id) values (?,?,?,default)
Hibernate: insert into aforo_registros (business_id,fecha_hora,tipo,id) values (?,?,?,default)
Hibernate: insert into aforo_registros (business_id,fecha_hora,tipo,id) values (?,?,?,default)
Hibernate: insert into aforo_registros (business_id,fecha_hora,tipo,id) values (?,?,?,default)
Hibernate: insert into aforo_registros (business_id,fecha_hora,tipo,id) values (?,?,?,default)
Hibernate: insert into aforo_registros (business_id,fecha_hora,tipo,id) values (?,?,?,default)
Hibernate: insert into aforo_registros (business_id,fecha_hora,tipo,id) values (?,?,?,default)
Hibernate: insert into aforo_registros (business_id,fecha_hora,tipo,id) values (?,?,?,default)
Hibernate: insert into aforo_registros (business_id,fecha_hora,tipo,id) values (?,?,?,default)
Hibernate: insert into aforo_registros (business_id,fecha_hora,tipo,id) values (?,?,?,default)
Hibernate: insert into aforo_registros (business_id,fecha_hora,tipo,id) values (?,?,?,default)
Hibernate: insert into aforo_registros (business_id,fecha_hora,tipo,id) values (?,?,?,default)
Hibernate: insert into aforo_registros (business_id,fecha_hora,tipo,id) values (?,?,?,default)
Hibernate: insert into aforo_registros (business_id,fecha_hora,tipo,id) values (?,?,?,default)
Hibernate: insert into aforo_registros (business_id,fecha_hora,tipo,id) values (?,?,?,default)
Hibernate: insert into aforo_registros (business_id,fecha_hora,tipo,id) values (?,?,?,default)
Hibernate: insert into aforo_registros (business_id,fecha_hora,tipo,id) values (?,?,?,default)
Hibernate: insert into aforo_registros (business_id,fecha_hora,tipo,id) values (?,?,?,default)
Hibernate: insert into aforo_registros (business_id,fecha_hora,tipo,id) values (?,?,?,default)
Hibernate: insert into aforo_registros (business_id,fecha_hora,tipo,id) values (?,?,?,default)
Hibernate: insert into aforo_registros (business_id,fecha_hora,tipo,id) values (?,?,?,default)
Hibernate: insert into aforo_registros (business_id,fecha_hora,tipo,id) values (?,?,?,default)
Hibernate: insert into aforo_registros (business_id,fecha_hora,tipo,id) values (?,?,?,default)
Hibernate: insert into aforo_registros (business_id,fecha_hora,tipo,id) values (?,?,?,default)
Hibernate: insert into aforo_registros (business_id,fecha_hora,tipo,id) values (?,?,?,default)
Hibernate: insert into aforo_registros (business_id,fecha_hora,tipo,id) values (?,?,?,default)
Hibernate: insert into aforo_registros (business_id,fecha_hora,tipo,id) values (?,?,?,default)
Hibernate: insert into aforo_registros (business_id,fecha_hora,tipo,id) values (?,?,?,default)
Hibernate: insert into aforo_registros (business_id,fecha_hora,tipo,id) values (?,?,?,default)
Hibernate: insert into aforo_registros (business_id,fecha_hora,tipo,id) values (?,?,?,default)
Hibernate: insert into aforo_registros (business_id,fecha_hora,tipo,id) values (?,?,?,default)
Hibernate: insert into aforo_registros (business_id,fecha_hora,tipo,id) values (?,?,?,default)
Hibernate: insert into aforo_registros (business_id,fecha_hora,tipo,id) values (?,?,?,default)
Hibernate: insert into aforo_registros (business_id,fecha_hora,tipo,id) values (?,?,?,default)
Hibernate: insert into aforo_registros (business_id,fecha_hora,tipo,id) values (?,?,?,default)
Hibernate: insert into aforo_registros (business_id,fecha_hora,tipo,id) values (?,?,?,default)
Hibernate: insert into aforo_registros (business_id,fecha_hora,tipo,id) values (?,?,?,default)
Hibernate: insert into aforo_registros (business_id,fecha_hora,tipo,id) values (?,?,?,default)
Hibernate: insert into aforo_registros (business_id,fecha_hora,tipo,id) values (?,?,?,default)
Hibernate: insert into aforo_registros (business_id,fecha_hora,tipo,id) values (?,?,?,default)
Hibernate: insert into aforo_registros (business_id,fecha_hora,tipo,id) values (?,?,?,default)
Hibernate: insert into aforo_registros (business_id,fecha_hora,tipo,id) values (?,?,?,default)
Hibernate: insert into aforo_registros (business_id,fecha_hora,tipo,id) values (?,?,?,default)
Hibernate: insert into aforo_registros (business_id,fecha_hora,tipo,id) values (?,?,?,default)
Hibernate: insert into aforo_registros (business_id,fecha_hora,tipo,id) values (?,?,?,default)
Hibernate: insert into aforo_registros (business_id,fecha_hora,tipo,id) values (?,?,?,default)
Hibernate: insert into aforo_registros (business_id,fecha_hora,tipo,id) values (?,?,?,default)
Hibernate: insert into aforo_registros (business_id,fecha_hora,tipo,id) values (?,?,?,default)
Hibernate: insert into aforo_registros (business_id,fecha_hora,tipo,id) values (?,?,?,default)
Hibernate: insert into aforo_registros (business_id,fecha_hora,tipo,id) values (?,?,?,default)
Hibernate: insert into aforo_registros (business_id,fecha_hora,tipo,id) values (?,?,?,default)
Hibernate: insert into aforo_registros (business_id,fecha_hora,tipo,id) values (?,?,?,default)
Hibernate: insert into aforo_registros (business_id,fecha_hora,tipo,id) values (?,?,?,default)
Hibernate: insert into aforo_registros (business_id,fecha_hora,tipo,id) values (?,?,?,default)
Hibernate: insert into aforo_registros (business_id,fecha_hora,tipo,id) values (?,?,?,default)
Hibernate: insert into aforo_registros (business_id,fecha_hora,tipo,id) values (?,?,?,default)
Hibernate: insert into aforo_registros (business_id,fecha_hora,tipo,id) values (?,?,?,default)
Hibernate: insert into aforo_registros (business_id,fecha_hora,tipo,id) values (?,?,?,default)
Hibernate: insert into aforo_registros (business_id,fecha_hora,tipo,id) values (?,?,?,default)
Hibernate: insert into aforo_registros (business_id,fecha_hora,tipo,id) values (?,?,?,default)
Hibernate: insert into aforo_registros (business_id,fecha_hora,tipo,id) values (?,?,?,default)
Hibernate: insert into aforo_registros (business_id,fecha_hora,tipo,id) values (?,?,?,default)
Hibernate: insert into aforo_registros (business_id,fecha_hora,tipo,id) values (?,?,?,default)
Hibernate: insert into aforo_registros (business_id,fecha_hora,tipo,id) values (?,?,?,default)
Hibernate: insert into aforo_registros (business_id,fecha_hora,tipo,id) values (?,?,?,default)
Hibernate: insert into aforo_registros (business_id,fecha_hora,tipo,id) values (?,?,?,default)
Hibernate: insert into aforo_registros (business_id,fecha_hora,tipo,id) values (?,?,?,default)
Hibernate: insert into aforo_registros (business_id,fecha_hora,tipo,id) values (?,?,?,default)
Hibernate: insert into aforo_registros (business_id,fecha_hora,tipo,id) values (?,?,?,default)
Hibernate: insert into aforo_registros (business_id,fecha_hora,tipo,id) values (?,?,?,default)
Hibernate: insert into aforo_registros (business_id,fecha_hora,tipo,id) values (?,?,?,default)
Hibernate: insert into aforo_registros (business_id,fecha_hora,tipo,id) values (?,?,?,default)
Hibernate: insert into aforo_registros (business_id,fecha_hora,tipo,id) values (?,?,?,default)
Hibernate: insert into aforo_registros (business_id,fecha_hora,tipo,id) values (?,?,?,default)
Hibernate: insert into aforo_registros (business_id,fecha_hora,tipo,id) values (?,?,?,default)
Hibernate: insert into aforo_registros (business_id,fecha_hora,tipo,id) values (?,?,?,default)
Hibernate: insert into aforo_registros (business_id,fecha_hora,tipo,id) values (?,?,?,default)
Hibernate: insert into aforo_registros (business_id,fecha_hora,tipo,id) values (?,?,?,default)
Hibernate: insert into aforo_registros (business_id,fecha_hora,tipo,id) values (?,?,?,default)
Hibernate: insert into aforo_registros (business_id,fecha_hora,tipo,id) values (?,?,?,default)
Hibernate: insert into aforo_registros (business_id,fecha_hora,tipo,id) values (?,?,?,default)
Hibernate: insert into aforo_registros (business_id,fecha_hora,tipo,id) values (?,?,?,default)
Hibernate: insert into aforo_registros (business_id,fecha_hora,tipo,id) values (?,?,?,default)
Hibernate: insert into aforo_registros (business_id,fecha_hora,tipo,id) values (?,?,?,default)
Hibernate: insert into aforo_registros (business_id,fecha_hora,tipo,id) values (?,?,?,default)
Hibernate: insert into aforo_registros (business_id,fecha_hora,tipo,id) values (?,?,?,default)
Hibernate: insert into aforo_registros (business_id,fecha_hora,tipo,id) values (?,?,?,default)
Hibernate: insert into aforo_registros (business_id,fecha_hora,tipo,id) values (?,?,?,default)
Hibernate: insert into aforo_registros (business_id,fecha_hora,tipo,id) values (?,?,?,default)
Hibernate: insert into aforo_registros (business_id,fecha_hora,tipo,id) values (?,?,?,default)
Hibernate: insert into aforo_registros (business_id,fecha_hora,tipo,id) values (?,?,?,default)
Hibernate: insert into aforo_registros (business_id,fecha_hora,tipo,id) values (?,?,?,default)
Hibernate: insert into aforo_registros (business_id,fecha_hora,tipo,id) values (?,?,?,default)
Hibernate: insert into aforo_registros (business_id,fecha_hora,tipo,id) values (?,?,?,default)
Hibernate: insert into aforo_registros (business_id,fecha_hora,tipo,id) values (?,?,?,default)
Hibernate: insert into aforo_registros (business_id,fecha_hora,tipo,id) values (?,?,?,default)
Hibernate: insert into aforo_registros (business_id,fecha_hora,tipo,id) values (?,?,?,default)
Hibernate: insert into aforo_registros (business_id,fecha_hora,tipo,id) values (?,?,?,default)
Hibernate: insert into aforo_registros (business_id,fecha_hora,tipo,id) values (?,?,?,default)
Hibernate: insert into aforo_registros (business_id,fecha_hora,tipo,id) values (?,?,?,default)
Hibernate: insert into aforo_registros (business_id,fecha_hora,tipo,id) values (?,?,?,default)
Hibernate: insert into aforo_registros (business_id,fecha_hora,tipo,id) values (?,?,?,default)
Hibernate: insert into aforo_registros (business_id,fecha_hora,tipo,id) values (?,?,?,default)
Hibernate: insert into aforo_registros (business_id,fecha_hora,tipo,id) values (?,?,?,default)
Hibernate: insert into aforo_registros (business_id,fecha_hora,tipo,id) values (?,?,?,default)
Hibernate: insert into aforo_registros (business_id,fecha_hora,tipo,id) values (?,?,?,default)
Hibernate: insert into aforo_registros (business_id,fecha_hora,tipo,id) values (?,?,?,default)
Hibernate: insert into aforo_registros (business_id,fecha_hora,tipo,id) values (?,?,?,default)
Hibernate: insert into aforo_registros (business_id,fecha_hora,tipo,id) values (?,?,?,default)
Hibernate: insert into aforo_registros (business_id,fecha_hora,tipo,id) values (?,?,?,default)
Hibernate: insert into aforo_registros (business_id,fecha_hora,tipo,id) values (?,?,?,default)
Hibernate: insert into aforo_registros (business_id,fecha_hora,tipo,id) values (?,?,?,default)
Hibernate: insert into aforo_registros (business_id,fecha_hora,tipo,id) values (?,?,?,default)
Hibernate: insert into aforo_registros (business_id,fecha_hora,tipo,id) values (?,?,?,default)
Hibernate: insert into aforo_registros (business_id,fecha_hora,tipo,id) values (?,?,?,default)
Hibernate: insert into aforo_registros (business_id,fecha_hora,tipo,id) values (?,?,?,default)
Hibernate: insert into aforo_registros (business_id,fecha_hora,tipo,id) values (?,?,?,default)
Hibernate: insert into aforo_registros (business_id,fecha_hora,tipo,id) values (?,?,?,default)
Hibernate: insert into aforo_registros (business_id,fecha_hora,tipo,id) values (?,?,?,default)
Hibernate: insert into aforo_registros (business_id,fecha_hora,tipo,id) values (?,?,?,default)
Hibernate: insert into aforo_registros (business_id,fecha_hora,tipo,id) values (?,?,?,default)
Hibernate: insert into aforo_registros (business_id,fecha_hora,tipo,id) values (?,?,?,default)
Hibernate: insert into aforo_registros (business_id,fecha_hora,tipo,id) values (?,?,?,default)
Hibernate: insert into aforo_registros (business_id,fecha_hora,tipo,id) values (?,?,?,default)
Hibernate: insert into aforo_registros (business_id,fecha_hora,tipo,id) values (?,?,?,default)
Hibernate: insert into aforo_registros (business_id,fecha_hora,tipo,id) values (?,?,?,default)
Hibernate: insert into aforo_registros (business_id,fecha_hora,tipo,id) values (?,?,?,default)
Hibernate: insert into aforo_registros (business_id,fecha_hora,tipo,id) values (?,?,?,default)
Hibernate: insert into aforo_registros (business_id,fecha_hora,tipo,id) values (?,?,?,default)
Hibernate: insert into aforo_registros (business_id,fecha_hora,tipo,id) values (?,?,?,default)
Hibernate: insert into aforo_registros (business_id,fecha_hora,tipo,id) values (?,?,?,default)
Hibernate: insert into aforo_registros (business_id,fecha_hora,tipo,id) values (?,?,?,default)
Hibernate: insert into aforo_registros (business_id,fecha_hora,tipo,id) values (?,?,?,default)
Hibernate: insert into aforo_registros (business_id,fecha_hora,tipo,id) values (?,?,?,default)
Hibernate: insert into aforo_registros (business_id,fecha_hora,tipo,id) values (?,?,?,default)
Hibernate: insert into aforo_registros (business_id,fecha_hora,tipo,id) values (?,?,?,default)
Hibernate: insert into aforo_registros (business_id,fecha_hora,tipo,id) values (?,?,?,default)
Hibernate: insert into aforo_registros (business_id,fecha_hora,tipo,id) values (?,?,?,default)
Hibernate: insert into aforo_registros (business_id,fecha_hora,tipo,id) values (?,?,?,default)
Hibernate: insert into aforo_registros (business_id,fecha_hora,tipo,id) values (?,?,?,default)
Hibernate: insert into aforo_registros (business_id,fecha_hora,tipo,id) values (?,?,?,default)
Hibernate: insert into aforo_registros (business_id,fecha_hora,tipo,id) values (?,?,?,default)
Hibernate: insert into aforo_registros (business_id,fecha_hora,tipo,id) values (?,?,?,default)
Hibernate: insert into aforo_registros (business_id,fecha_hora,tipo,id) values (?,?,?,default)
Hibernate: insert into aforo_registros (business_id,fecha_hora,tipo,id) values (?,?,?,default)
Hibernate: insert into aforo_registros (business_id,fecha_hora,tipo,id) values (?,?,?,default)
Hibernate: insert into aforo_registros (business_id,fecha_hora,tipo,id) values (?,?,?,default)
Hibernate: insert into aforo_registros (business_id,fecha_hora,tipo,id) values (?,?,?,default)
Hibernate: insert into aforo_registros (business_id,fecha_hora,tipo,id) values (?,?,?,default)
Hibernate: insert into aforo_registros (business_id,fecha_hora,tipo,id) values (?,?,?,default)
Hibernate: insert into aforo_registros (business_id,fecha_hora,tipo,id) values (?,?,?,default)
Hibernate: insert into aforo_registros (business_id,fecha_hora,tipo,id) values (?,?,?,default)
Hibernate: insert into aforo_registros (business_id,fecha_hora,tipo,id) values (?,?,?,default)
Hibernate: insert into aforo_registros (business_id,fecha_hora,tipo,id) values (?,?,?,default)
Hibernate: insert into aforo_registros (business_id,fecha_hora,tipo,id) values (?,?,?,default)
Hibernate: insert into aforo_registros (business_id,fecha_hora,tipo,id) values (?,?,?,default)
Hibernate: insert into aforo_registros (business_id,fecha_hora,tipo,id) values (?,?,?,default)
Hibernate: insert into aforo_registros (business_id,fecha_hora,tipo,id) values (?,?,?,default)
Hibernate: insert into aforo_registros (business_id,fecha_hora,tipo,id) values (?,?,?,default)
Hibernate: insert into aforo_registros (business_id,fecha_hora,tipo,id) values (?,?,?,default)
Hibernate: insert into aforo_registros (business_id,fecha_hora,tipo,id) values (?,?,?,default)
Hibernate: insert into aforo_registros (business_id,fecha_hora,tipo,id) values (?,?,?,default)
Hibernate: insert into aforo_registros (business_id,fecha_hora,tipo,id) values (?,?,?,default)
Hibernate: insert into aforo_registros (business_id,fecha_hora,tipo,id) values (?,?,?,default)
Hibernate: insert into aforo_registros (business_id,fecha_hora,tipo,id) values (?,?,?,default)
Hibernate: insert into aforo_registros (business_id,fecha_hora,tipo,id) values (?,?,?,default)
Hibernate: insert into aforo_registros (business_id,fecha_hora,tipo,id) values (?,?,?,default)
Hibernate: insert into aforo_registros (business_id,fecha_hora,tipo,id) values (?,?,?,default)
Hibernate: insert into aforo_registros (business_id,fecha_hora,tipo,id) values (?,?,?,default)
Hibernate: insert into aforo_registros (business_id,fecha_hora,tipo,id) values (?,?,?,default)
Hibernate: insert into aforo_registros (business_id,fecha_hora,tipo,id) values (?,?,?,default)
Hibernate: insert into aforo_registros (business_id,fecha_hora,tipo,id) values (?,?,?,default)
Hibernate: insert into aforo_registros (business_id,fecha_hora,tipo,id) values (?,?,?,default)
Hibernate: insert into aforo_registros (business_id,fecha_hora,tipo,id) values (?,?,?,default)
Hibernate: insert into aforo_registros (business_id,fecha_hora,tipo,id) values (?,?,?,default)
Hibernate: insert into aforo_registros (business_id,fecha_hora,tipo,id) values (?,?,?,default)
Hibernate: insert into aforo_registros (business_id,fecha_hora,tipo,id) values (?,?,?,default)
Hibernate: insert into aforo_registros (business_id,fecha_hora,tipo,id) values (?,?,?,default)
Hibernate: insert into aforo_registros (business_id,fecha_hora,tipo,id) values (?,?,?,default)
Hibernate: insert into aforo_registros (business_id,fecha_hora,tipo,id) values (?,?,?,default)
Hibernate: insert into aforo_registros (business_id,fecha_hora,tipo,id) values (?,?,?,default)
Hibernate: insert into aforo_registros (business_id,fecha_hora,tipo,id) values (?,?,?,default)
Hibernate: insert into aforo_registros (business_id,fecha_hora,tipo,id) values (?,?,?,default)
Hibernate: insert into aforo_registros (business_id,fecha_hora,tipo,id) values (?,?,?,default)
Hibernate: insert into aforo_registros (business_id,fecha_hora,tipo,id) values (?,?,?,default)
Hibernate: insert into aforo_registros (business_id,fecha_hora,tipo,id) values (?,?,?,default)
Hibernate: insert into aforo_registros (business_id,fecha_hora,tipo,id) values (?,?,?,default)
Hibernate: insert into aforo_registros (business_id,fecha_hora,tipo,id) values (?,?,?,default)
Hibernate: insert into aforo_registros (business_id,fecha_hora,tipo,id) values (?,?,?,default)
Hibernate: insert into aforo_registros (business_id,fecha_hora,tipo,id) values (?,?,?,default)
Hibernate: insert into aforo_registros (business_id,fecha_hora,tipo,id) values (?,?,?,default)
Hibernate: insert into aforo_registros (business_id,fecha_hora,tipo,id) values (?,?,?,default)
Hibernate: insert into aforo_registros (business_id,fecha_hora,tipo,id) values (?,?,?,default)
Hibernate: insert into aforo_registros (business_id,fecha_hora,tipo,id) values (?,?,?,default)
Hibernate: insert into aforo_registros (business_id,fecha_hora,tipo,id) values (?,?,?,default)
Hibernate: insert into aforo_registros (business_id,fecha_hora,tipo,id) values (?,?,?,default)
Hibernate: insert into aforo_registros (business_id,fecha_hora,tipo,id) values (?,?,?,default)
Hibernate: insert into aforo_registros (business_id,fecha_hora,tipo,id) values (?,?,?,default)
Hibernate: insert into aforo_registros (business_id,fecha_hora,tipo,id) values (?,?,?,default)
Hibernate: insert into aforo_registros (business_id,fecha_hora,tipo,id) values (?,?,?,default)
Hibernate: insert into aforo_registros (business_id,fecha_hora,tipo,id) values (?,?,?,default)
Hibernate: insert into aforo_registros (business_id,fecha_hora,tipo,id) values (?,?,?,default)
Hibernate: insert into aforo_registros (business_id,fecha_hora,tipo,id) values (?,?,?,default)
Hibernate: insert into aforo_registros (business_id,fecha_hora,tipo,id) values (?,?,?,default)
Hibernate: insert into aforo_registros (business_id,fecha_hora,tipo,id) values (?,?,?,default)
Hibernate: insert into aforo_registros (business_id,fecha_hora,tipo,id) values (?,?,?,default)
Hibernate: insert into aforo_registros (business_id,fecha_hora,tipo,id) values (?,?,?,default)
Hibernate: insert into aforo_registros (business_id,fecha_hora,tipo,id) values (?,?,?,default)
Hibernate: insert into aforo_registros (business_id,fecha_hora,tipo,id) values (?,?,?,default)
Hibernate: insert into aforo_registros (business_id,fecha_hora,tipo,id) values (?,?,?,default)
Hibernate: insert into aforo_registros (business_id,fecha_hora,tipo,id) values (?,?,?,default)
Hibernate: insert into aforo_registros (business_id,fecha_hora,tipo,id) values (?,?,?,default)
Hibernate: insert into aforo_registros (business_id,fecha_hora,tipo,id) values (?,?,?,default)
Hibernate: insert into aforo_registros (business_id,fecha_hora,tipo,id) values (?,?,?,default)
Hibernate: insert into aforo_registros (business_id,fecha_hora,tipo,id) values (?,?,?,default)
Hibernate: insert into aforo_registros (business_id,fecha_hora,tipo,id) values (?,?,?,default)
Hibernate: insert into aforo_registros (business_id,fecha_hora,tipo,id) values (?,?,?,default)
Hibernate: insert into aforo_registros (business_id,fecha_hora,tipo,id) values (?,?,?,default)
Hibernate: insert into aforo_registros (business_id,fecha_hora,tipo,id) values (?,?,?,default)
Hibernate: insert into aforo_registros (business_id,fecha_hora,tipo,id) values (?,?,?,default)
Hibernate: insert into aforo_registros (business_id,fecha_hora,tipo,id) values (?,?,?,default)
Hibernate: insert into aforo_registros (business_id,fecha_hora,tipo,id) values (?,?,?,default)
Hibernate: insert into aforo_registros (business_id,fecha_hora,tipo,id) values (?,?,?,default)
Hibernate: insert into aforo_registros (business_id,fecha_hora,tipo,id) values (?,?,?,default)
Hibernate: insert into aforo_registros (business_id,fecha_hora,tipo,id) values (?,?,?,default)
Hibernate: insert into aforo_registros (business_id,fecha_hora,tipo,id) values (?,?,?,default)
Hibernate: insert into aforo_registros (business_id,fecha_hora,tipo,id) values (?,?,?,default)
Hibernate: insert into aforo_registros (business_id,fecha_hora,tipo,id) values (?,?,?,default)
Hibernate: insert into aforo_registros (business_id,fecha_hora,tipo,id) values (?,?,?,default)
Hibernate: insert into aforo_registros (business_id,fecha_hora,tipo,id) values (?,?,?,default)
Hibernate: insert into aforo_registros (business_id,fecha_hora,tipo,id) values (?,?,?,default)
Hibernate: insert into aforo_registros (business_id,fecha_hora,tipo,id) values (?,?,?,default)
Hibernate: insert into aforo_registros (business_id,fecha_hora,tipo,id) values (?,?,?,default)
Hibernate: insert into aforo_registros (business_id,fecha_hora,tipo,id) values (?,?,?,default)
Hibernate: insert into aforo_registros (business_id,fecha_hora,tipo,id) values (?,?,?,default)
Hibernate: insert into aforo_registros (business_id,fecha_hora,tipo,id) values (?,?,?,default)
Hibernate: insert into aforo_registros (business_id,fecha_hora,tipo,id) values (?,?,?,default)
Hibernate: insert into aforo_registros (business_id,fecha_hora,tipo,id) values (?,?,?,default)
Hibernate: insert into aforo_registros (business_id,fecha_hora,tipo,id) values (?,?,?,default)
Hibernate: insert into aforo_registros (business_id,fecha_hora,tipo,id) values (?,?,?,default)
Hibernate: insert into aforo_registros (business_id,fecha_hora,tipo,id) values (?,?,?,default)
Hibernate: insert into aforo_registros (business_id,fecha_hora,tipo,id) values (?,?,?,default)
Hibernate: insert into aforo_registros (business_id,fecha_hora,tipo,id) values (?,?,?,default)
Hibernate: insert into aforo_registros (business_id,fecha_hora,tipo,id) values (?,?,?,default)
Hibernate: insert into aforo_registros (business_id,fecha_hora,tipo,id) values (?,?,?,default)
Hibernate: insert into aforo_registros (business_id,fecha_hora,tipo,id) values (?,?,?,default)
Hibernate: insert into aforo_registros (business_id,fecha_hora,tipo,id) values (?,?,?,default)
Hibernate: insert into aforo_registros (business_id,fecha_hora,tipo,id) values (?,?,?,default)
Hibernate: insert into aforo_registros (business_id,fecha_hora,tipo,id) values (?,?,?,default)
Hibernate: insert into aforo_registros (business_id,fecha_hora,tipo,id) values (?,?,?,default)
Hibernate: insert into aforo_registros (business_id,fecha_hora,tipo,id) values (?,?,?,default)
Hibernate: insert into aforo_registros (business_id,fecha_hora,tipo,id) values (?,?,?,default)
Hibernate: insert into aforo_registros (business_id,fecha_hora,tipo,id) values (?,?,?,default)
Hibernate: insert into aforo_registros (business_id,fecha_hora,tipo,id) values (?,?,?,default)
Hibernate: insert into aforo_registros (business_id,fecha_hora,tipo,id) values (?,?,?,default)
Hibernate: insert into aforo_registros (business_id,fecha_hora,tipo,id) values (?,?,?,default)
Hibernate: insert into aforo_registros (business_id,fecha_hora,tipo,id) values (?,?,?,default)
Hibernate: insert into aforo_registros (business_id,fecha_hora,tipo,id) values (?,?,?,default)
Hibernate: insert into aforo_registros (business_id,fecha_hora,tipo,id) values (?,?,?,default)
Hibernate: insert into aforo_registros (business_id,fecha_hora,tipo,id) values (?,?,?,default)
Hibernate: insert into aforo_registros (business_id,fecha_hora,tipo,id) values (?,?,?,default)
Hibernate: insert into aforo_registros (business_id,fecha_hora,tipo,id) values (?,?,?,default)
Hibernate: insert into aforo_registros (business_id,fecha_hora,tipo,id) values (?,?,?,default)
Hibernate: insert into aforo_registros (business_id,fecha_hora,tipo,id) values (?,?,?,default)
Hibernate: insert into aforo_registros (business_id,fecha_hora,tipo,id) values (?,?,?,default)
Hibernate: insert into aforo_registros (business_id,fecha_hora,tipo,id) values (?,?,?,default)
Hibernate: insert into aforo_registros (business_id,fecha_hora,tipo,id) values (?,?,?,default)
Hibernate: insert into aforo_registros (business_id,fecha_hora,tipo,id) values (?,?,?,default)
Hibernate: insert into aforo_registros (business_id,fecha_hora,tipo,id) values (?,?,?,default)
Hibernate: insert into aforo_registros (business_id,fecha_hora,tipo,id) values (?,?,?,default)
Hibernate: insert into aforo_registros (business_id,fecha_hora,tipo,id) values (?,?,?,default)
Hibernate: insert into aforo_registros (business_id,fecha_hora,tipo,id) values (?,?,?,default)
Hibernate: insert into aforo_registros (business_id,fecha_hora,tipo,id) values (?,?,?,default)
Hibernate: insert into aforo_registros (business_id,fecha_hora,tipo,id) values (?,?,?,default)
Hibernate: insert into aforo_registros (business_id,fecha_hora,tipo,id) values (?,?,?,default)
Hibernate: insert into aforo_registros (business_id,fecha_hora,tipo,id) values (?,?,?,default)
Hibernate: insert into aforo_registros (business_id,fecha_hora,tipo,id) values (?,?,?,default)
Hibernate: insert into aforo_registros (business_id,fecha_hora,tipo,id) values (?,?,?,default)
Hibernate: insert into aforo_registros (business_id,fecha_hora,tipo,id) values (?,?,?,default)
Hibernate: insert into aforo_registros (business_id,fecha_hora,tipo,id) values (?,?,?,default)
Hibernate: insert into aforo_registros (business_id,fecha_hora,tipo,id) values (?,?,?,default)
Hibernate: insert into aforo_registros (business_id,fecha_hora,tipo,id) values (?,?,?,default)
Hibernate: insert into aforo_registros (business_id,fecha_hora,tipo,id) values (?,?,?,default)
Hibernate: insert into aforo_registros (business_id,fecha_hora,tipo,id) values (?,?,?,default)
Hibernate: insert into aforo_registros (business_id,fecha_hora,tipo,id) values (?,?,?,default)
Hibernate: insert into aforo_registros (business_id,fecha_hora,tipo,id) values (?,?,?,default)
Hibernate: insert into aforo_registros (business_id,fecha_hora,tipo,id) values (?,?,?,default)
Hibernate: insert into aforo_registros (business_id,fecha_hora,tipo,id) values (?,?,?,default)
Hibernate: insert into aforo_registros (business_id,fecha_hora,tipo,id) values (?,?,?,default)
Hibernate: insert into aforo_registros (business_id,fecha_hora,tipo,id) values (?,?,?,default)
Hibernate: insert into aforo_registros (business_id,fecha_hora,tipo,id) values (?,?,?,default)
Hibernate: insert into aforo_registros (business_id,fecha_hora,tipo,id) values (?,?,?,default)
Hibernate: insert into aforo_registros (business_id,fecha_hora,tipo,id) values (?,?,?,default)
Hibernate: insert into aforo_registros (business_id,fecha_hora,tipo,id) values (?,?,?,default)
Hibernate: insert into aforo_registros (business_id,fecha_hora,tipo,id) values (?,?,?,default)
Hibernate: insert into aforo_registros (business_id,fecha_hora,tipo,id) values (?,?,?,default)
Hibernate: insert into aforo_registros (business_id,fecha_hora,tipo,id) values (?,?,?,default)
Hibernate: insert into aforo_registros (business_id,fecha_hora,tipo,id) values (?,?,?,default)
Hibernate: insert into aforo_registros (business_id,fecha_hora,tipo,id) values (?,?,?,default)
Hibernate: insert into aforo_registros (business_id,fecha_hora,tipo,id) values (?,?,?,default)
Hibernate: insert into aforo_registros (business_id,fecha_hora,tipo,id) values (?,?,?,default)
Hibernate: insert into aforo_registros (business_id,fecha_hora,tipo,id) values (?,?,?,default)
Hibernate: insert into aforo_registros (business_id,fecha_hora,tipo,id) values (?,?,?,default)
Hibernate: insert into aforo_registros (business_id,fecha_hora,tipo,id) values (?,?,?,default)
Hibernate: insert into aforo_registros (business_id,fecha_hora,tipo,id) values (?,?,?,default)
Hibernate: insert into aforo_registros (business_id,fecha_hora,tipo,id) values (?,?,?,default)
Hibernate: insert into aforo_registros (business_id,fecha_hora,tipo,id) values (?,?,?,default)
Hibernate: insert into aforo_registros (business_id,fecha_hora,tipo,id) values (?,?,?,default)
Hibernate: insert into aforo_registros (business_id,fecha_hora,tipo,id) values (?,?,?,default)
Hibernate: insert into aforo_registros (business_id,fecha_hora,tipo,id) values (?,?,?,default)
Hibernate: insert into aforo_registros (business_id,fecha_hora,tipo,id) values (?,?,?,default)
Hibernate: insert into aforo_registros (business_id,fecha_hora,tipo,id) values (?,?,?,default)
Hibernate: insert into aforo_registros (business_id,fecha_hora,tipo,id) values (?,?,?,default)
Hibernate: insert into aforo_registros (business_id,fecha_hora,tipo,id) values (?,?,?,default)
Hibernate: insert into aforo_registros (business_id,fecha_hora,tipo,id) values (?,?,?,default)
Hibernate: insert into aforo_registros (business_id,fecha_hora,tipo,id) values (?,?,?,default)
Hibernate: insert into aforo_registros (business_id,fecha_hora,tipo,id) values (?,?,?,default)
Hibernate: insert into aforo_registros (business_id,fecha_hora,tipo,id) values (?,?,?,default)
Hibernate: insert into aforo_registros (business_id,fecha_hora,tipo,id) values (?,?,?,default)
Hibernate: insert into aforo_registros (business_id,fecha_hora,tipo,id) values (?,?,?,default)
Hibernate: insert into aforo_registros (business_id,fecha_hora,tipo,id) values (?,?,?,default)
Hibernate: insert into aforo_registros (business_id,fecha_hora,tipo,id) values (?,?,?,default)
Hibernate: insert into aforo_registros (business_id,fecha_hora,tipo,id) values (?,?,?,default)
Hibernate: insert into aforo_registros (business_id,fecha_hora,tipo,id) values (?,?,?,default)
Hibernate: insert into aforo_registros (business_id,fecha_hora,tipo,id) values (?,?,?,default)
Hibernate: insert into aforo_registros (business_id,fecha_hora,tipo,id) values (?,?,?,default)
Hibernate: insert into aforo_registros (business_id,fecha_hora,tipo,id) values (?,?,?,default)
Hibernate: insert into aforo_registros (business_id,fecha_hora,tipo,id) values (?,?,?,default)
Hibernate: insert into aforo_registros (business_id,fecha_hora,tipo,id) values (?,?,?,default)
Hibernate: insert into aforo_registros (business_id,fecha_hora,tipo,id) values (?,?,?,default)
Hibernate: insert into aforo_registros (business_id,fecha_hora,tipo,id) values (?,?,?,default)
Hibernate: insert into aforo_registros (business_id,fecha_hora,tipo,id) values (?,?,?,default)
Hibernate: insert into aforo_registros (business_id,fecha_hora,tipo,id) values (?,?,?,default)
Hibernate: insert into aforo_registros (business_id,fecha_hora,tipo,id) values (?,?,?,default)
Hibernate: insert into aforo_registros (business_id,fecha_hora,tipo,id) values (?,?,?,default)
Hibernate: insert into aforo_registros (business_id,fecha_hora,tipo,id) values (?,?,?,default)
Hibernate: insert into aforo_registros (business_id,fecha_hora,tipo,id) values (?,?,?,default)
Hibernate: insert into aforo_registros (business_id,fecha_hora,tipo,id) values (?,?,?,default)
Hibernate: insert into aforo_registros (business_id,fecha_hora,tipo,id) values (?,?,?,default)
Hibernate: insert into aforo_registros (business_id,fecha_hora,tipo,id) values (?,?,?,default)
Hibernate: insert into aforo_registros (business_id,fecha_hora,tipo,id) values (?,?,?,default)
Hibernate: insert into aforo_registros (business_id,fecha_hora,tipo,id) values (?,?,?,default)
Hibernate: insert into aforo_registros (business_id,fecha_hora,tipo,id) values (?,?,?,default)
Hibernate: insert into aforo_registros (business_id,fecha_hora,tipo,id) values (?,?,?,default)
Hibernate: insert into aforo_registros (business_id,fecha_hora,tipo,id) values (?,?,?,default)
Hibernate: insert into aforo_registros (business_id,fecha_hora,tipo,id) values (?,?,?,default)
Hibernate: insert into aforo_registros (business_id,fecha_hora,tipo,id) values (?,?,?,default)
Hibernate: insert into aforo_registros (business_id,fecha_hora,tipo,id) values (?,?,?,default)
Hibernate: insert into aforo_registros (business_id,fecha_hora,tipo,id) values (?,?,?,default)
Hibernate: insert into aforo_registros (business_id,fecha_hora,tipo,id) values (?,?,?,default)
Hibernate: insert into aforo_registros (business_id,fecha_hora,tipo,id) values (?,?,?,default)
Hibernate: insert into aforo_registros (business_id,fecha_hora,tipo,id) values (?,?,?,default)
Hibernate: insert into aforo_registros (business_id,fecha_hora,tipo,id) values (?,?,?,default)
Hibernate: insert into aforo_registros (business_id,fecha_hora,tipo,id) values (?,?,?,default)
Hibernate: insert into aforo_registros (business_id,fecha_hora,tipo,id) values (?,?,?,default)
Hibernate: insert into aforo_registros (business_id,fecha_hora,tipo,id) values (?,?,?,default)
Hibernate: insert into aforo_registros (business_id,fecha_hora,tipo,id) values (?,?,?,default)
Hibernate: insert into aforo_registros (business_id,fecha_hora,tipo,id) values (?,?,?,default)
Hibernate: insert into aforo_registros (business_id,fecha_hora,tipo,id) values (?,?,?,default)
Hibernate: insert into aforo_registros (business_id,fecha_hora,tipo,id) values (?,?,?,default)
Hibernate: insert into aforo_registros (business_id,fecha_hora,tipo,id) values (?,?,?,default)
Hibernate: insert into aforo_registros (business_id,fecha_hora,tipo,id) values (?,?,?,default)
Hibernate: insert into aforo_registros (business_id,fecha_hora,tipo,id) values (?,?,?,default)
Hibernate: insert into aforo_registros (business_id,fecha_hora,tipo,id) values (?,?,?,default)
Hibernate: insert into aforo_registros (business_id,fecha_hora,tipo,id) values (?,?,?,default)
Hibernate: insert into aforo_registros (business_id,fecha_hora,tipo,id) values (?,?,?,default)
Hibernate: insert into aforo_registros (business_id,fecha_hora,tipo,id) values (?,?,?,default)
Hibernate: insert into aforo_registros (business_id,fecha_hora,tipo,id) values (?,?,?,default)
Hibernate: insert into aforo_registros (business_id,fecha_hora,tipo,id) values (?,?,?,default)
Hibernate: insert into aforo_registros (business_id,fecha_hora,tipo,id) values (?,?,?,default)
Hibernate: insert into aforo_registros (business_id,fecha_hora,tipo,id) values (?,?,?,default)
Hibernate: insert into aforo_registros (business_id,fecha_hora,tipo,id) values (?,?,?,default)
Hibernate: insert into aforo_registros (business_id,fecha_hora,tipo,id) values (?,?,?,default)
Hibernate: insert into aforo_registros (business_id,fecha_hora,tipo,id) values (?,?,?,default)
Hibernate: insert into aforo_registros (business_id,fecha_hora,tipo,id) values (?,?,?,default)
Hibernate: insert into aforo_registros (business_id,fecha_hora,tipo,id) values (?,?,?,default)
Hibernate: insert into aforo_registros (business_id,fecha_hora,tipo,id) values (?,?,?,default)
Hibernate: insert into aforo_registros (business_id,fecha_hora,tipo,id) values (?,?,?,default)
Hibernate: insert into aforo_registros (business_id,fecha_hora,tipo,id) values (?,?,?,default)
Hibernate: insert into aforo_registros (business_id,fecha_hora,tipo,id) values (?,?,?,default)
Hibernate: insert into aforo_registros (business_id,fecha_hora,tipo,id) values (?,?,?,default)
Hibernate: insert into aforo_registros (business_id,fecha_hora,tipo,id) values (?,?,?,default)
Hibernate: insert into aforo_registros (business_id,fecha_hora,tipo,id) values (?,?,?,default)
Hibernate: insert into aforo_registros (business_id,fecha_hora,tipo,id) values (?,?,?,default)
Hibernate: insert into aforo_registros (business_id,fecha_hora,tipo,id) values (?,?,?,default)
Hibernate: insert into aforo_registros (business_id,fecha_hora,tipo,id) values (?,?,?,default)
Hibernate: insert into aforo_registros (business_id,fecha_hora,tipo,id) values (?,?,?,default)
Hibernate: insert into aforo_registros (business_id,fecha_hora,tipo,id) values (?,?,?,default)
Hibernate: insert into aforo_registros (business_id,fecha_hora,tipo,id) values (?,?,?,default)
Hibernate: insert into aforo_registros (business_id,fecha_hora,tipo,id) values (?,?,?,default)
Hibernate: insert into aforo_registros (business_id,fecha_hora,tipo,id) values (?,?,?,default)
Hibernate: insert into aforo_registros (business_id,fecha_hora,tipo,id) values (?,?,?,default)
Hibernate: insert into aforo_registros (business_id,fecha_hora,tipo,id) values (?,?,?,default)
Hibernate: insert into aforo_registros (business_id,fecha_hora,tipo,id) values (?,?,?,default)
Hibernate: insert into aforo_registros (business_id,fecha_hora,tipo,id) values (?,?,?,default)
Hibernate: insert into aforo_registros (business_id,fecha_hora,tipo,id) values (?,?,?,default)
Hibernate: insert into aforo_registros (business_id,fecha_hora,tipo,id) values (?,?,?,default)
Hibernate: insert into aforo_registros (business_id,fecha_hora,tipo,id) values (?,?,?,default)
Hibernate: insert into aforo_registros (business_id,fecha_hora,tipo,id) values (?,?,?,default)
Hibernate: insert into aforo_registros (business_id,fecha_hora,tipo,id) values (?,?,?,default)
Hibernate: insert into aforo_registros (business_id,fecha_hora,tipo,id) values (?,?,?,default)
Hibernate: insert into aforo_registros (business_id,fecha_hora,tipo,id) values (?,?,?,default)
Hibernate: insert into aforo_registros (business_id,fecha_hora,tipo,id) values (?,?,?,default)
Hibernate: insert into aforo_registros (business_id,fecha_hora,tipo,id) values (?,?,?,default)
Hibernate: insert into aforo_registros (business_id,fecha_hora,tipo,id) values (?,?,?,default)
Hibernate: insert into aforo_registros (business_id,fecha_hora,tipo,id) values (?,?,?,default)
Hibernate: insert into aforo_registros (business_id,fecha_hora,tipo,id) values (?,?,?,default)
Hibernate: insert into aforo_registros (business_id,fecha_hora,tipo,id) values (?,?,?,default)
Hibernate: insert into aforo_registros (business_id,fecha_hora,tipo,id) values (?,?,?,default)
Hibernate: insert into aforo_registros (business_id,fecha_hora,tipo,id) values (?,?,?,default)
Hibernate: insert into aforo_registros (business_id,fecha_hora,tipo,id) values (?,?,?,default)
Hibernate: insert into aforo_registros (business_id,fecha_hora,tipo,id) values (?,?,?,default)
Hibernate: insert into aforo_registros (business_id,fecha_hora,tipo,id) values (?,?,?,default)
Hibernate: insert into aforo_registros (business_id,fecha_hora,tipo,id) values (?,?,?,default)
Hibernate: insert into aforo_registros (business_id,fecha_hora,tipo,id) values (?,?,?,default)
Hibernate: insert into aforo_registros (business_id,fecha_hora,tipo,id) values (?,?,?,default)
Hibernate: insert into aforo_registros (business_id,fecha_hora,tipo,id) values (?,?,?,default)
Hibernate: insert into aforo_registros (business_id,fecha_hora,tipo,id) values (?,?,?,default)
Hibernate: insert into aforo_registros (business_id,fecha_hora,tipo,id) values (?,?,?,default)
Hibernate: insert into aforo_registros (business_id,fecha_hora,tipo,id) values (?,?,?,default)
Hibernate: insert into aforo_registros (business_id,fecha_hora,tipo,id) values (?,?,?,default)
Hibernate: insert into aforo_registros (business_id,fecha_hora,tipo,id) values (?,?,?,default)
Hibernate: insert into aforo_registros (business_id,fecha_hora,tipo,id) values (?,?,?,default)
Hibernate: insert into aforo_registros (business_id,fecha_hora,tipo,id) values (?,?,?,default)
Hibernate: insert into aforo_registros (business_id,fecha_hora,tipo,id) values (?,?,?,default)
Hibernate: insert into aforo_registros (business_id,fecha_hora,tipo,id) values (?,?,?,default)
Hibernate: insert into aforo_registros (business_id,fecha_hora,tipo,id) values (?,?,?,default)
Hibernate: insert into aforo_registros (business_id,fecha_hora,tipo,id) values (?,?,?,default)
Hibernate: insert into aforo_registros (business_id,fecha_hora,tipo,id) values (?,?,?,default)
Hibernate: insert into aforo_registros (business_id,fecha_hora,tipo,id) values (?,?,?,default)
Hibernate: insert into aforo_registros (business_id,fecha_hora,tipo,id) values (?,?,?,default)
Hibernate: insert into aforo_registros (business_id,fecha_hora,tipo,id) values (?,?,?,default)
Hibernate: insert into aforo_registros (business_id,fecha_hora,tipo,id) values (?,?,?,default)
Hibernate: insert into aforo_registros (business_id,fecha_hora,tipo,id) values (?,?,?,default)
Hibernate: insert into aforo_registros (business_id,fecha_hora,tipo,id) values (?,?,?,default)
Hibernate: insert into aforo_registros (business_id,fecha_hora,tipo,id) values (?,?,?,default)
Hibernate: insert into aforo_registros (business_id,fecha_hora,tipo,id) values (?,?,?,default)
Hibernate: insert into aforo_registros (business_id,fecha_hora,tipo,id) values (?,?,?,default)
Hibernate: insert into aforo_registros (business_id,fecha_hora,tipo,id) values (?,?,?,default)
Hibernate: insert into aforo_registros (business_id,fecha_hora,tipo,id) values (?,?,?,default)
Hibernate: insert into aforo_registros (business_id,fecha_hora,tipo,id) values (?,?,?,default)
Hibernate: insert into aforo_registros (business_id,fecha_hora,tipo,id) values (?,?,?,default)
Hibernate: insert into aforo_registros (business_id,fecha_hora,tipo,id) values (?,?,?,default)
Hibernate: insert into aforo_registros (business_id,fecha_hora,tipo,id) values (?,?,?,default)
Hibernate: insert into aforo_registros (business_id,fecha_hora,tipo,id) values (?,?,?,default)
Hibernate: insert into aforo_registros (business_id,fecha_hora,tipo,id) values (?,?,?,default)
Hibernate: insert into aforo_registros (business_id,fecha_hora,tipo,id) values (?,?,?,default)
Hibernate: insert into aforo_registros (business_id,fecha_hora,tipo,id) values (?,?,?,default)
Hibernate: insert into aforo_registros (business_id,fecha_hora,tipo,id) values (?,?,?,default)
Hibernate: insert into aforo_registros (business_id,fecha_hora,tipo,id) values (?,?,?,default)
Hibernate: insert into aforo_registros (business_id,fecha_hora,tipo,id) values (?,?,?,default)
Hibernate: insert into aforo_registros (business_id,fecha_hora,tipo,id) values (?,?,?,default)
Hibernate: insert into aforo_registros (business_id,fecha_hora,tipo,id) values (?,?,?,default)
Hibernate: insert into aforo_registros (business_id,fecha_hora,tipo,id) values (?,?,?,default)
Hibernate: insert into aforo_registros (business_id,fecha_hora,tipo,id) values (?,?,?,default)
Hibernate: insert into aforo_registros (business_id,fecha_hora,tipo,id) values (?,?,?,default)
Hibernate: insert into aforo_registros (business_id,fecha_hora,tipo,id) values (?,?,?,default)
Hibernate: insert into aforo_registros (business_id,fecha_hora,tipo,id) values (?,?,?,default)
Hibernate: insert into aforo_registros (business_id,fecha_hora,tipo,id) values (?,?,?,default)
Hibernate: insert into aforo_registros (business_id,fecha_hora,tipo,id) values (?,?,?,default)
Hibernate: insert into aforo_registros (business_id,fecha_hora,tipo,id) values (?,?,?,default)
Hibernate: insert into aforo_registros (business_id,fecha_hora,tipo,id) values (?,?,?,default)
Hibernate: insert into aforo_registros (business_id,fecha_hora,tipo,id) values (?,?,?,default)
Hibernate: insert into aforo_registros (business_id,fecha_hora,tipo,id) values (?,?,?,default)
Hibernate: insert into aforo_registros (business_id,fecha_hora,tipo,id) values (?,?,?,default)
Hibernate: insert into aforo_registros (business_id,fecha_hora,tipo,id) values (?,?,?,default)
Hibernate: insert into aforo_registros (business_id,fecha_hora,tipo,id) values (?,?,?,default)
Hibernate: insert into aforo_registros (business_id,fecha_hora,tipo,id) values (?,?,?,default)
Hibernate: insert into aforo_registros (business_id,fecha_hora,tipo,id) values (?,?,?,default)
Hibernate: insert into aforo_registros (business_id,fecha_hora,tipo,id) values (?,?,?,default)
Hibernate: insert into aforo_registros (business_id,fecha_hora,tipo,id) values (?,?,?,default)
Hibernate: insert into aforo_registros (business_id,fecha_hora,tipo,id) values (?,?,?,default)
Hibernate: insert into aforo_registros (business_id,fecha_hora,tipo,id) values (?,?,?,default)
Hibernate: insert into aforo_registros (business_id,fecha_hora,tipo,id) values (?,?,?,default)
Hibernate: insert into aforo_registros (business_id,fecha_hora,tipo,id) values (?,?,?,default)
Hibernate: insert into aforo_registros (business_id,fecha_hora,tipo,id) values (?,?,?,default)
Hibernate: insert into aforo_registros (business_id,fecha_hora,tipo,id) values (?,?,?,default)
Hibernate: insert into aforo_registros (business_id,fecha_hora,tipo,id) values (?,?,?,default)
Hibernate: insert into aforo_registros (business_id,fecha_hora,tipo,id) values (?,?,?,default)
Hibernate: insert into aforo_registros (business_id,fecha_hora,tipo,id) values (?,?,?,default)
Hibernate: insert into aforo_registros (business_id,fecha_hora,tipo,id) values (?,?,?,default)
Hibernate: insert into aforo_registros (business_id,fecha_hora,tipo,id) values (?,?,?,default)
Hibernate: insert into aforo_registros (business_id,fecha_hora,tipo,id) values (?,?,?,default)
Hibernate: insert into aforo_registros (business_id,fecha_hora,tipo,id) values (?,?,?,default)
Hibernate: insert into aforo_registros (business_id,fecha_hora,tipo,id) values (?,?,?,default)
Hibernate: insert into aforo_registros (business_id,fecha_hora,tipo,id) values (?,?,?,default)
Hibernate: insert into aforo_registros (business_id,fecha_hora,tipo,id) values (?,?,?,default)
Hibernate: insert into aforo_registros (business_id,fecha_hora,tipo,id) values (?,?,?,default)
Hibernate: insert into aforo_registros (business_id,fecha_hora,tipo,id) values (?,?,?,default)
Hibernate: insert into aforo_registros (business_id,fecha_hora,tipo,id) values (?,?,?,default)
Hibernate: insert into aforo_registros (business_id,fecha_hora,tipo,id) values (?,?,?,default)
Hibernate: insert into aforo_registros (business_id,fecha_hora,tipo,id) values (?,?,?,default)
Hibernate: insert into aforo_registros (business_id,fecha_hora,tipo,id) values (?,?,?,default)
Hibernate: insert into aforo_registros (business_id,fecha_hora,tipo,id) values (?,?,?,default)
Hibernate: insert into aforo_registros (business_id,fecha_hora,tipo,id) values (?,?,?,default)
Hibernate: insert into aforo_registros (business_id,fecha_hora,tipo,id) values (?,?,?,default)
Hibernate: insert into aforo_registros (business_id,fecha_hora,tipo,id) values (?,?,?,default)
Hibernate: insert into aforo_registros (business_id,fecha_hora,tipo,id) values (?,?,?,default)
Hibernate: insert into aforo_registros (business_id,fecha_hora,tipo,id) values (?,?,?,default)
Hibernate: insert into aforo_registros (business_id,fecha_hora,tipo,id) values (?,?,?,default)
Hibernate: insert into aforo_registros (business_id,fecha_hora,tipo,id) values (?,?,?,default)
Hibernate: insert into aforo_registros (business_id,fecha_hora,tipo,id) values (?,?,?,default)
Hibernate: insert into aforo_registros (business_id,fecha_hora,tipo,id) values (?,?,?,default)
Hibernate: insert into aforo_registros (business_id,fecha_hora,tipo,id) values (?,?,?,default)
Hibernate: insert into aforo_registros (business_id,fecha_hora,tipo,id) values (?,?,?,default)
Hibernate: insert into aforo_registros (business_id,fecha_hora,tipo,id) values (?,?,?,default)
Hibernate: insert into aforo_registros (business_id,fecha_hora,tipo,id) values (?,?,?,default)
Hibernate: insert into aforo_registros (business_id,fecha_hora,tipo,id) values (?,?,?,default)
Hibernate: insert into aforo_registros (business_id,fecha_hora,tipo,id) values (?,?,?,default)
Hibernate: insert into aforo_registros (business_id,fecha_hora,tipo,id) values (?,?,?,default)
Hibernate: insert into aforo_registros (business_id,fecha_hora,tipo,id) values (?,?,?,default)
Hibernate: insert into aforo_registros (business_id,fecha_hora,tipo,id) values (?,?,?,default)
Hibernate: insert into aforo_registros (business_id,fecha_hora,tipo,id) values (?,?,?,default)
Hibernate: insert into aforo_registros (business_id,fecha_hora,tipo,id) values (?,?,?,default)
Hibernate: insert into aforo_registros (business_id,fecha_hora,tipo,id) values (?,?,?,default)
Hibernate: insert into aforo_registros (business_id,fecha_hora,tipo,id) values (?,?,?,default)
Hibernate: insert into aforo_registros (business_id,fecha_hora,tipo,id) values (?,?,?,default)
Hibernate: insert into aforo_registros (business_id,fecha_hora,tipo,id) values (?,?,?,default)
Hibernate: insert into aforo_registros (business_id,fecha_hora,tipo,id) values (?,?,?,default)
Hibernate: insert into aforo_registros (business_id,fecha_hora,tipo,id) values (?,?,?,default)
Hibernate: insert into aforo_registros (business_id,fecha_hora,tipo,id) values (?,?,?,default)
Hibernate: insert into aforo_registros (business_id,fecha_hora,tipo,id) values (?,?,?,default)
Hibernate: insert into aforo_registros (business_id,fecha_hora,tipo,id) values (?,?,?,default)
Hibernate: insert into aforo_registros (business_id,fecha_hora,tipo,id) values (?,?,?,default)
Hibernate: insert into aforo_registros (business_id,fecha_hora,tipo,id) values (?,?,?,default)
Hibernate: insert into aforo_registros (business_id,fecha_hora,tipo,id) values (?,?,?,default)
Hibernate: insert into aforo_registros (business_id,fecha_hora,tipo,id) values (?,?,?,default)
Hibernate: insert into aforo_registros (business_id,fecha_hora,tipo,id) values (?,?,?,default)
Hibernate: insert into aforo_registros (business_id,fecha_hora,tipo,id) values (?,?,?,default)
Hibernate: insert into aforo_registros (business_id,fecha_hora,tipo,id) values (?,?,?,default)
Hibernate: insert into aforo_registros (business_id,fecha_hora,tipo,id) values (?,?,?,default)
Hibernate: insert into aforo_registros (business_id,fecha_hora,tipo,id) values (?,?,?,default)
Hibernate: insert into aforo_registros (business_id,fecha_hora,tipo,id) values (?,?,?,default)
Hibernate: insert into aforo_registros (business_id,fecha_hora,tipo,id) values (?,?,?,default)
Hibernate: insert into aforo_registros (business_id,fecha_hora,tipo,id) values (?,?,?,default)
Hibernate: insert into aforo_registros (business_id,fecha_hora,tipo,id) values (?,?,?,default)
Hibernate: insert into aforo_registros (business_id,fecha_hora,tipo,id) values (?,?,?,default)
Hibernate: insert into aforo_registros (business_id,fecha_hora,tipo,id) values (?,?,?,default)
Hibernate: insert into aforo_registros (business_id,fecha_hora,tipo,id) values (?,?,?,default)
Hibernate: insert into aforo_registros (business_id,fecha_hora,tipo,id) values (?,?,?,default)
Hibernate: insert into aforo_registros (business_id,fecha_hora,tipo,id) values (?,?,?,default)
Hibernate: insert into aforo_registros (business_id,fecha_hora,tipo,id) values (?,?,?,default)
Hibernate: insert into aforo_registros (business_id,fecha_hora,tipo,id) values (?,?,?,default)
Hibernate: insert into aforo_registros (business_id,fecha_hora,tipo,id) values (?,?,?,default)
Hibernate: insert into aforo_registros (business_id,fecha_hora,tipo,id) values (?,?,?,default)
Hibernate: insert into aforo_registros (business_id,fecha_hora,tipo,id) values (?,?,?,default)
Hibernate: insert into aforo_registros (business_id,fecha_hora,tipo,id) values (?,?,?,default)
Hibernate: insert into aforo_registros (business_id,fecha_hora,tipo,id) values (?,?,?,default)
Hibernate: insert into aforo_registros (business_id,fecha_hora,tipo,id) values (?,?,?,default)
Hibernate: insert into aforo_registros (business_id,fecha_hora,tipo,id) values (?,?,?,default)
Hibernate: insert into aforo_registros (business_id,fecha_hora,tipo,id) values (?,?,?,default)
Hibernate: insert into aforo_registros (business_id,fecha_hora,tipo,id) values (?,?,?,default)
Hibernate: insert into aforo_registros (business_id,fecha_hora,tipo,id) values (?,?,?,default)
Hibernate: insert into aforo_registros (business_id,fecha_hora,tipo,id) values (?,?,?,default)
Hibernate: insert into aforo_registros (business_id,fecha_hora,tipo,id) values (?,?,?,default)
Hibernate: insert into aforo_registros (business_id,fecha_hora,tipo,id) values (?,?,?,default)
Hibernate: insert into aforo_registros (business_id,fecha_hora,tipo,id) values (?,?,?,default)
Hibernate: insert into aforo_registros (business_id,fecha_hora,tipo,id) values (?,?,?,default)
Hibernate: insert into aforo_registros (business_id,fecha_hora,tipo,id) values (?,?,?,default)
Hibernate: insert into aforo_registros (business_id,fecha_hora,tipo,id) values (?,?,?,default)
Hibernate: insert into aforo_registros (business_id,fecha_hora,tipo,id) values (?,?,?,default)
Hibernate: insert into aforo_registros (business_id,fecha_hora,tipo,id) values (?,?,?,default)
Hibernate: insert into aforo_registros (business_id,fecha_hora,tipo,id) values (?,?,?,default)
Hibernate: insert into aforo_registros (business_id,fecha_hora,tipo,id) values (?,?,?,default)
Hibernate: insert into aforo_registros (business_id,fecha_hora,tipo,id) values (?,?,?,default)
Hibernate: insert into aforo_registros (business_id,fecha_hora,tipo,id) values (?,?,?,default)
Hibernate: insert into aforo_registros (business_id,fecha_hora,tipo,id) values (?,?,?,default)
Hibernate: insert into aforo_registros (business_id,fecha_hora,tipo,id) values (?,?,?,default)
Hibernate: insert into aforo_registros (business_id,fecha_hora,tipo,id) values (?,?,?,default)
Hibernate: insert into aforo_registros (business_id,fecha_hora,tipo,id) values (?,?,?,default)
Hibernate: insert into aforo_registros (business_id,fecha_hora,tipo,id) values (?,?,?,default)
Hibernate: insert into aforo_registros (business_id,fecha_hora,tipo,id) values (?,?,?,default)
Hibernate: insert into aforo_registros (business_id,fecha_hora,tipo,id) values (?,?,?,default)
Hibernate: insert into aforo_registros (business_id,fecha_hora,tipo,id) values (?,?,?,default)
Hibernate: insert into aforo_registros (business_id,fecha_hora,tipo,id) values (?,?,?,default)
Hibernate: insert into aforo_registros (business_id,fecha_hora,tipo,id) values (?,?,?,default)
Hibernate: insert into aforo_registros (business_id,fecha_hora,tipo,id) values (?,?,?,default)
Hibernate: insert into aforo_registros (business_id,fecha_hora,tipo,id) values (?,?,?,default)
Hibernate: insert into aforo_registros (business_id,fecha_hora,tipo,id) values (?,?,?,default)
Hibernate: insert into aforo_registros (business_id,fecha_hora,tipo,id) values (?,?,?,default)
Hibernate: insert into aforo_registros (business_id,fecha_hora,tipo,id) values (?,?,?,default)
Hibernate: insert into aforo_registros (business_id,fecha_hora,tipo,id) values (?,?,?,default)
Hibernate: insert into aforo_registros (business_id,fecha_hora,tipo,id) values (?,?,?,default)
Hibernate: insert into aforo_registros (business_id,fecha_hora,tipo,id) values (?,?,?,default)
Hibernate: insert into aforo_registros (business_id,fecha_hora,tipo,id) values (?,?,?,default)
Hibernate: insert into aforo_registros (business_id,fecha_hora,tipo,id) values (?,?,?,default)
Hibernate: insert into aforo_registros (business_id,fecha_hora,tipo,id) values (?,?,?,default)
Hibernate: insert into aforo_registros (business_id,fecha_hora,tipo,id) values (?,?,?,default)
Hibernate: insert into aforo_registros (business_id,fecha_hora,tipo,id) values (?,?,?,default)
Hibernate: insert into aforo_registros (business_id,fecha_hora,tipo,id) values (?,?,?,default)
Hibernate: insert into aforo_registros (business_id,fecha_hora,tipo,id) values (?,?,?,default)
Hibernate: insert into aforo_registros (business_id,fecha_hora,tipo,id) values (?,?,?,default)
Hibernate: insert into aforo_registros (business_id,fecha_hora,tipo,id) values (?,?,?,default)
Hibernate: insert into aforo_registros (business_id,fecha_hora,tipo,id) values (?,?,?,default)
Hibernate: insert into aforo_registros (business_id,fecha_hora,tipo,id) values (?,?,?,default)
Hibernate: insert into aforo_registros (business_id,fecha_hora,tipo,id) values (?,?,?,default)
Hibernate: insert into aforo_registros (business_id,fecha_hora,tipo,id) values (?,?,?,default)
Hibernate: insert into aforo_registros (business_id,fecha_hora,tipo,id) values (?,?,?,default)
Hibernate: insert into aforo_registros (business_id,fecha_hora,tipo,id) values (?,?,?,default)
Hibernate: insert into aforo_registros (business_id,fecha_hora,tipo,id) values (?,?,?,default)
Hibernate: insert into aforo_registros (business_id,fecha_hora,tipo,id) values (?,?,?,default)
Hibernate: insert into aforo_registros (business_id,fecha_hora,tipo,id) values (?,?,?,default)
Hibernate: insert into aforo_registros (business_id,fecha_hora,tipo,id) values (?,?,?,default)
Hibernate: insert into aforo_registros (business_id,fecha_hora,tipo,id) values (?,?,?,default)
Hibernate: insert into aforo_registros (business_id,fecha_hora,tipo,id) values (?,?,?,default)
Hibernate: insert into aforo_registros (business_id,fecha_hora,tipo,id) values (?,?,?,default)
Hibernate: insert into aforo_registros (business_id,fecha_hora,tipo,id) values (?,?,?,default)
Hibernate: insert into aforo_registros (business_id,fecha_hora,tipo,id) values (?,?,?,default)
Hibernate: insert into aforo_registros (business_id,fecha_hora,tipo,id) values (?,?,?,default)
Hibernate: insert into aforo_registros (business_id,fecha_hora,tipo,id) values (?,?,?,default)
Hibernate: insert into aforo_registros (business_id,fecha_hora,tipo,id) values (?,?,?,default)
Hibernate: insert into aforo_registros (business_id,fecha_hora,tipo,id) values (?,?,?,default)
Hibernate: insert into aforo_registros (business_id,fecha_hora,tipo,id) values (?,?,?,default)
Hibernate: insert into aforo_registros (business_id,fecha_hora,tipo,id) values (?,?,?,default)
Hibernate: insert into aforo_registros (business_id,fecha_hora,tipo,id) values (?,?,?,default)
Hibernate: insert into aforo_registros (business_id,fecha_hora,tipo,id) values (?,?,?,default)
Hibernate: insert into aforo_registros (business_id,fecha_hora,tipo,id) values (?,?,?,default)
Hibernate: insert into aforo_registros (business_id,fecha_hora,tipo,id) values (?,?,?,default)
Hibernate: insert into aforo_registros (business_id,fecha_hora,tipo,id) values (?,?,?,default)
Hibernate: insert into aforo_registros (business_id,fecha_hora,tipo,id) values (?,?,?,default)
Hibernate: insert into aforo_registros (business_id,fecha_hora,tipo,id) values (?,?,?,default)
Hibernate: insert into aforo_registros (business_id,fecha_hora,tipo,id) values (?,?,?,default)
Hibernate: insert into aforo_registros (business_id,fecha_hora,tipo,id) values (?,?,?,default)
Hibernate: insert into aforo_registros (business_id,fecha_hora,tipo,id) values (?,?,?,default)
Hibernate: insert into aforo_registros (business_id,fecha_hora,tipo,id) values (?,?,?,default)
Hibernate: insert into aforo_registros (business_id,fecha_hora,tipo,id) values (?,?,?,default)
Hibernate: insert into aforo_registros (business_id,fecha_hora,tipo,id) values (?,?,?,default)
Hibernate: insert into aforo_registros (business_id,fecha_hora,tipo,id) values (?,?,?,default)
Hibernate: insert into aforo_registros (business_id,fecha_hora,tipo,id) values (?,?,?,default)
Hibernate: insert into aforo_registros (business_id,fecha_hora,tipo,id) values (?,?,?,default)
Hibernate: insert into aforo_registros (business_id,fecha_hora,tipo,id) values (?,?,?,default)
Hibernate: insert into aforo_registros (business_id,fecha_hora,tipo,id) values (?,?,?,default)
Hibernate: insert into aforo_registros (business_id,fecha_hora,tipo,id) values (?,?,?,default)
Hibernate: insert into aforo_registros (business_id,fecha_hora,tipo,id) values (?,?,?,default)
Hibernate: insert into aforo_registros (business_id,fecha_hora,tipo,id) values (?,?,?,default)
Hibernate: insert into aforo_registros (business_id,fecha_hora,tipo,id) values (?,?,?,default)
Hibernate: insert into aforo_registros (business_id,fecha_hora,tipo,id) values (?,?,?,default)
Hibernate: insert into aforo_registros (business_id,fecha_hora,tipo,id) values (?,?,?,default)
Hibernate: insert into aforo_registros (business_id,fecha_hora,tipo,id) values (?,?,?,default)
Hibernate: insert into aforo_registros (business_id,fecha_hora,tipo,id) values (?,?,?,default)
Hibernate: insert into aforo_registros (business_id,fecha_hora,tipo,id) values (?,?,?,default)
Hibernate: insert into aforo_registros (business_id,fecha_hora,tipo,id) values (?,?,?,default)
Hibernate: insert into aforo_registros (business_id,fecha_hora,tipo,id) values (?,?,?,default)
Hibernate: insert into aforo_registros (business_id,fecha_hora,tipo,id) values (?,?,?,default)
Hibernate: insert into aforo_registros (business_id,fecha_hora,tipo,id) values (?,?,?,default)
Hibernate: insert into aforo_registros (business_id,fecha_hora,tipo,id) values (?,?,?,default)
Hibernate: insert into aforo_registros (business_id,fecha_hora,tipo,id) values (?,?,?,default)
Hibernate: insert into aforo_registros (business_id,fecha_hora,tipo,id) values (?,?,?,default)
Hibernate: insert into aforo_registros (business_id,fecha_hora,tipo,id) values (?,?,?,default)
Hibernate: insert into aforo_registros (business_id,fecha_hora,tipo,id) values (?,?,?,default)
Hibernate: insert into aforo_registros (business_id,fecha_hora,tipo,id) values (?,?,?,default)
Hibernate: insert into aforo_registros (business_id,fecha_hora,tipo,id) values (?,?,?,default)
Hibernate: insert into aforo_registros (business_id,fecha_hora,tipo,id) values (?,?,?,default)
Hibernate: insert into aforo_registros (business_id,fecha_hora,tipo,id) values (?,?,?,default)
Hibernate: insert into aforo_registros (business_id,fecha_hora,tipo,id) values (?,?,?,default)
Hibernate: insert into aforo_registros (business_id,fecha_hora,tipo,id) values (?,?,?,default)
Hibernate: insert into aforo_registros (business_id,fecha_hora,tipo,id) values (?,?,?,default)
Hibernate: insert into aforo_registros (business_id,fecha_hora,tipo,id) values (?,?,?,default)
Hibernate: insert into aforo_registros (business_id,fecha_hora,tipo,id) values (?,?,?,default)
Hibernate: insert into aforo_registros (business_id,fecha_hora,tipo,id) values (?,?,?,default)
Hibernate: insert into aforo_registros (business_id,fecha_hora,tipo,id) values (?,?,?,default)
Hibernate: insert into aforo_registros (business_id,fecha_hora,tipo,id) values (?,?,?,default)
Hibernate: insert into aforo_registros (business_id,fecha_hora,tipo,id) values (?,?,?,default)
Hibernate: insert into aforo_registros (business_id,fecha_hora,tipo,id) values (?,?,?,default)
Hibernate: insert into aforo_registros (business_id,fecha_hora,tipo,id) values (?,?,?,default)
Hibernate: insert into aforo_registros (business_id,fecha_hora,tipo,id) values (?,?,?,default)
Hibernate: insert into aforo_registros (business_id,fecha_hora,tipo,id) values (?,?,?,default)
Hibernate: insert into aforo_registros (business_id,fecha_hora,tipo,id) values (?,?,?,default)
Hibernate: insert into aforo_registros (business_id,fecha_hora,tipo,id) values (?,?,?,default)
Hibernate: insert into aforo_registros (business_id,fecha_hora,tipo,id) values (?,?,?,default)
Hibernate: insert into aforo_registros (business_id,fecha_hora,tipo,id) values (?,?,?,default)
Hibernate: insert into aforo_registros (business_id,fecha_hora,tipo,id) values (?,?,?,default)
Hibernate: insert into aforo_registros (business_id,fecha_hora,tipo,id) values (?,?,?,default)
Hibernate: insert into aforo_registros (business_id,fecha_hora,tipo,id) values (?,?,?,default)
Hibernate: insert into aforo_registros (business_id,fecha_hora,tipo,id) values (?,?,?,default)
Hibernate: insert into aforo_registros (business_id,fecha_hora,tipo,id) values (?,?,?,default)
Hibernate: insert into aforo_registros (business_id,fecha_hora,tipo,id) values (?,?,?,default)
Hibernate: insert into aforo_registros (business_id,fecha_hora,tipo,id) values (?,?,?,default)
Hibernate: insert into aforo_registros (business_id,fecha_hora,tipo,id) values (?,?,?,default)
Hibernate: insert into aforo_registros (business_id,fecha_hora,tipo,id) values (?,?,?,default)
Hibernate: insert into aforo_registros (business_id,fecha_hora,tipo,id) values (?,?,?,default)
Hibernate: insert into aforo_registros (business_id,fecha_hora,tipo,id) values (?,?,?,default)
Hibernate: insert into aforo_registros (business_id,fecha_hora,tipo,id) values (?,?,?,default)
Hibernate: insert into aforo_registros (business_id,fecha_hora,tipo,id) values (?,?,?,default)
Hibernate: insert into aforo_registros (business_id,fecha_hora,tipo,id) values (?,?,?,default)
Hibernate: insert into aforo_registros (business_id,fecha_hora,tipo,id) values (?,?,?,default)
Hibernate: insert into aforo_registros (business_id,fecha_hora,tipo,id) values (?,?,?,default)
Hibernate: insert into aforo_registros (business_id,fecha_hora,tipo,id) values (?,?,?,default)
Hibernate: insert into aforo_registros (business_id,fecha_hora,tipo,id) values (?,?,?,default)
Hibernate: insert into aforo_registros (business_id,fecha_hora,tipo,id) values (?,?,?,default)
Hibernate: insert into aforo_registros (business_id,fecha_hora,tipo,id) values (?,?,?,default)
Hibernate: insert into aforo_registros (business_id,fecha_hora,tipo,id) values (?,?,?,default)
Hibernate: insert into aforo_registros (business_id,fecha_hora,tipo,id) values (?,?,?,default)
Hibernate: insert into aforo_registros (business_id,fecha_hora,tipo,id) values (?,?,?,default)
Hibernate: insert into aforo_registros (business_id,fecha_hora,tipo,id) values (?,?,?,default)
Hibernate: insert into aforo_registros (business_id,fecha_hora,tipo,id) values (?,?,?,default)
Hibernate: insert into aforo_registros (business_id,fecha_hora,tipo,id) values (?,?,?,default)
Hibernate: insert into aforo_registros (business_id,fecha_hora,tipo,id) values (?,?,?,default)
Hibernate: insert into aforo_registros (business_id,fecha_hora,tipo,id) values (?,?,?,default)
Hibernate: insert into aforo_registros (business_id,fecha_hora,tipo,id) values (?,?,?,default)
Hibernate: insert into aforo_registros (business_id,fecha_hora,tipo,id) values (?,?,?,default)
Hibernate: insert into aforo_registros (business_id,fecha_hora,tipo,id) values (?,?,?,default)
Hibernate: insert into aforo_registros (business_id,fecha_hora,tipo,id) values (?,?,?,default)
Hibernate: insert into aforo_registros (business_id,fecha_hora,tipo,id) values (?,?,?,default)
Hibernate: insert into aforo_registros (business_id,fecha_hora,tipo,id) values (?,?,?,default)
Hibernate: insert into aforo_registros (business_id,fecha_hora,tipo,id) values (?,?,?,default)
Hibernate: insert into aforo_registros (business_id,fecha_hora,tipo,id) values (?,?,?,default)
Hibernate: insert into aforo_registros (business_id,fecha_hora,tipo,id) values (?,?,?,default)
Hibernate: insert into aforo_registros (business_id,fecha_hora,tipo,id) values (?,?,?,default)
Hibernate: insert into aforo_registros (business_id,fecha_hora,tipo,id) values (?,?,?,default)
Hibernate: insert into aforo_registros (business_id,fecha_hora,tipo,id) values (?,?,?,default)
Hibernate: insert into aforo_registros (business_id,fecha_hora,tipo,id) values (?,?,?,default)
Hibernate: insert into aforo_registros (business_id,fecha_hora,tipo,id) values (?,?,?,default)
Hibernate: insert into aforo_registros (business_id,fecha_hora,tipo,id) values (?,?,?,default)
Hibernate: insert into aforo_registros (business_id,fecha_hora,tipo,id) values (?,?,?,default)
Hibernate: insert into aforo_registros (business_id,fecha_hora,tipo,id) values (?,?,?,default)
Hibernate: insert into aforo_registros (business_id,fecha_hora,tipo,id) values (?,?,?,default)
Hibernate: insert into aforo_registros (business_id,fecha_hora,tipo,id) values (?,?,?,default)
Hibernate: insert into aforo_registros (business_id,fecha_hora,tipo,id) values (?,?,?,default)
Hibernate: insert into aforo_registros (business_id,fecha_hora,tipo,id) values (?,?,?,default)
Hibernate: insert into aforo_registros (business_id,fecha_hora,tipo,id) values (?,?,?,default)
Hibernate: insert into aforo_registros (business_id,fecha_hora,tipo,id) values (?,?,?,default)
Hibernate: insert into aforo_registros (business_id,fecha_hora,tipo,id) values (?,?,?,default)
Hibernate: insert into aforo_registros (business_id,fecha_hora,tipo,id) values (?,?,?,default)
Hibernate: insert into aforo_registros (business_id,fecha_hora,tipo,id) values (?,?,?,default)
Hibernate: insert into aforo_registros (business_id,fecha_hora,tipo,id) values (?,?,?,default)
Hibernate: insert into aforo_registros (business_id,fecha_hora,tipo,id) values (?,?,?,default)
Hibernate: insert into aforo_registros (business_id,fecha_hora,tipo,id) values (?,?,?,default)
Hibernate: insert into aforo_registros (business_id,fecha_hora,tipo,id) values (?,?,?,default)
Hibernate: insert into aforo_registros (business_id,fecha_hora,tipo,id) values (?,?,?,default)
Hibernate: insert into aforo_registros (business_id,fecha_hora,tipo,id) values (?,?,?,default)
Hibernate: insert into aforo_registros (business_id,fecha_hora,tipo,id) values (?,?,?,default)
Hibernate: insert into aforo_registros (business_id,fecha_hora,tipo,id) values (?,?,?,default)
Hibernate: insert into aforo_registros (business_id,fecha_hora,tipo,id) values (?,?,?,default)
Hibernate: insert into aforo_registros (business_id,fecha_hora,tipo,id) values (?,?,?,default)
Hibernate: insert into aforo_registros (business_id,fecha_hora,tipo,id) values (?,?,?,default)
Hibernate: insert into aforo_registros (business_id,fecha_hora,tipo,id) values (?,?,?,default)
Hibernate: insert into aforo_registros (business_id,fecha_hora,tipo,id) values (?,?,?,default)
Hibernate: insert into aforo_registros (business_id,fecha_hora,tipo,id) values (?,?,?,default)
Hibernate: insert into aforo_registros (business_id,fecha_hora,tipo,id) values (?,?,?,default)
Hibernate: insert into aforo_registros (business_id,fecha_hora,tipo,id) values (?,?,?,default)
Hibernate: insert into aforo_registros (business_id,fecha_hora,tipo,id) values (?,?,?,default)
Hibernate: insert into aforo_registros (business_id,fecha_hora,tipo,id) values (?,?,?,default)
Hibernate: insert into aforo_registros (business_id,fecha_hora,tipo,id) values (?,?,?,default)
Hibernate: insert into aforo_registros (business_id,fecha_hora,tipo,id) values (?,?,?,default)
Hibernate: insert into aforo_registros (business_id,fecha_hora,tipo,id) values (?,?,?,default)
Hibernate: insert into aforo_registros (business_id,fecha_hora,tipo,id) values (?,?,?,default)
Hibernate: insert into aforo_registros (business_id,fecha_hora,tipo,id) values (?,?,?,default)
Hibernate: insert into aforo_registros (business_id,fecha_hora,tipo,id) values (?,?,?,default)
Hibernate: insert into aforo_registros (business_id,fecha_hora,tipo,id) values (?,?,?,default)
Hibernate: insert into aforo_registros (business_id,fecha_hora,tipo,id) values (?,?,?,default)
Hibernate: insert into aforo_registros (business_id,fecha_hora,tipo,id) values (?,?,?,default)
Hibernate: insert into aforo_registros (business_id,fecha_hora,tipo,id) values (?,?,?,default)
Hibernate: insert into aforo_registros (business_id,fecha_hora,tipo,id) values (?,?,?,default)
Hibernate: insert into aforo_registros (business_id,fecha_hora,tipo,id) values (?,?,?,default)
Hibernate: insert into aforo_registros (business_id,fecha_hora,tipo,id) values (?,?,?,default)
Hibernate: insert into aforo_registros (business_id,fecha_hora,tipo,id) values (?,?,?,default)
Hibernate: insert into aforo_registros (business_id,fecha_hora,tipo,id) values (?,?,?,default)
Hibernate: insert into aforo_registros (business_id,fecha_hora,tipo,id) values (?,?,?,default)
Hibernate: insert into aforo_registros (business_id,fecha_hora,tipo,id) values (?,?,?,default)
Hibernate: insert into aforo_registros (business_id,fecha_hora,tipo,id) values (?,?,?,default)
Hibernate: insert into aforo_registros (business_id,fecha_hora,tipo,id) values (?,?,?,default)
Hibernate: insert into aforo_registros (business_id,fecha_hora,tipo,id) values (?,?,?,default)
Hibernate: insert into aforo_registros (business_id,fecha_hora,tipo,id) values (?,?,?,default)
Hibernate: insert into aforo_registros (business_id,fecha_hora,tipo,id) values (?,?,?,default)
Hibernate: insert into aforo_registros (business_id,fecha_hora,tipo,id) values (?,?,?,default)
Hibernate: insert into aforo_registros (business_id,fecha_hora,tipo,id) values (?,?,?,default)
Hibernate: insert into aforo_registros (business_id,fecha_hora,tipo,id) values (?,?,?,default)
Hibernate: insert into aforo_registros (business_id,fecha_hora,tipo,id) values (?,?,?,default)
Hibernate: insert into aforo_registros (business_id,fecha_hora,tipo,id) values (?,?,?,default)
Hibernate: insert into aforo_registros (business_id,fecha_hora,tipo,id) values (?,?,?,default)
Hibernate: insert into aforo_registros (business_id,fecha_hora,tipo,id) values (?,?,?,default)
Hibernate: insert into aforo_registros (business_id,fecha_hora,tipo,id) values (?,?,?,default)
Hibernate: insert into aforo_registros (business_id,fecha_hora,tipo,id) values (?,?,?,default)
Hibernate: insert into aforo_registros (business_id,fecha_hora,tipo,id) values (?,?,?,default)
Hibernate: insert into aforo_registros (business_id,fecha_hora,tipo,id) values (?,?,?,default)
Hibernate: insert into aforo_registros (business_id,fecha_hora,tipo,id) values (?,?,?,default)
Hibernate: insert into aforo_registros (business_id,fecha_hora,tipo,id) values (?,?,?,default)
Hibernate: insert into aforo_registros (business_id,fecha_hora,tipo,id) values (?,?,?,default)
Hibernate: insert into aforo_registros (business_id,fecha_hora,tipo,id) values (?,?,?,default)
Hibernate: insert into aforo_registros (business_id,fecha_hora,tipo,id) values (?,?,?,default)
Hibernate: insert into aforo_registros (business_id,fecha_hora,tipo,id) values (?,?,?,default)
Hibernate: insert into aforo_registros (business_id,fecha_hora,tipo,id) values (?,?,?,default)
Hibernate: insert into aforo_registros (business_id,fecha_hora,tipo,id) values (?,?,?,default)
Hibernate: insert into aforo_registros (business_id,fecha_hora,tipo,id) values (?,?,?,default)
Hibernate: insert into aforo_registros (business_id,fecha_hora,tipo,id) values (?,?,?,default)
Hibernate: insert into aforo_registros (business_id,fecha_hora,tipo,id) values (?,?,?,default)
Hibernate: insert into aforo_registros (business_id,fecha_hora,tipo,id) values (?,?,?,default)
Hibernate: insert into aforo_registros (business_id,fecha_hora,tipo,id) values (?,?,?,default)
Hibernate: insert into aforo_registros (business_id,fecha_hora,tipo,id) values (?,?,?,default)
Hibernate: insert into aforo_registros (business_id,fecha_hora,tipo,id) values (?,?,?,default)
Hibernate: insert into aforo_registros (business_id,fecha_hora,tipo,id) values (?,?,?,default)
Hibernate: insert into aforo_registros (business_id,fecha_hora,tipo,id) values (?,?,?,default)
Hibernate: insert into aforo_registros (business_id,fecha_hora,tipo,id) values (?,?,?,default)
Hibernate: insert into aforo_registros (business_id,fecha_hora,tipo,id) values (?,?,?,default)
Hibernate: insert into aforo_registros (business_id,fecha_hora,tipo,id) values (?,?,?,default)
Hibernate: insert into aforo_registros (business_id,fecha_hora,tipo,id) values (?,?,?,default)
Hibernate: insert into aforo_registros (business_id,fecha_hora,tipo,id) values (?,?,?,default)
Hibernate: insert into aforo_registros (business_id,fecha_hora,tipo,id) values (?,?,?,default)
Hibernate: insert into aforo_registros (business_id,fecha_hora,tipo,id) values (?,?,?,default)
Hibernate: insert into aforo_registros (business_id,fecha_hora,tipo,id) values (?,?,?,default)
Hibernate: insert into aforo_registros (business_id,fecha_hora,tipo,id) values (?,?,?,default)
Hibernate: insert into aforo_registros (business_id,fecha_hora,tipo,id) values (?,?,?,default)
Hibernate: insert into aforo_registros (business_id,fecha_hora,tipo,id) values (?,?,?,default)
Hibernate: insert into aforo_registros (business_id,fecha_hora,tipo,id) values (?,?,?,default)
Hibernate: insert into aforo_registros (business_id,fecha_hora,tipo,id) values (?,?,?,default)
Hibernate: insert into aforo_registros (business_id,fecha_hora,tipo,id) values (?,?,?,default)
Hibernate: insert into aforo_registros (business_id,fecha_hora,tipo,id) values (?,?,?,default)
Hibernate: insert into aforo_registros (business_id,fecha_hora,tipo,id) values (?,?,?,default)
Hibernate: insert into aforo_registros (business_id,fecha_hora,tipo,id) values (?,?,?,default)
Hibernate: insert into aforo_registros (business_id,fecha_hora,tipo,id) values (?,?,?,default)
Hibernate: insert into aforo_registros (business_id,fecha_hora,tipo,id) values (?,?,?,default)
Hibernate: insert into aforo_registros (business_id,fecha_hora,tipo,id) values (?,?,?,default)
Hibernate: insert into aforo_registros (business_id,fecha_hora,tipo,id) values (?,?,?,default)
Hibernate: insert into aforo_registros (business_id,fecha_hora,tipo,id) values (?,?,?,default)
Hibernate: insert into aforo_registros (business_id,fecha_hora,tipo,id) values (?,?,?,default)
Hibernate: insert into aforo_registros (business_id,fecha_hora,tipo,id) values (?,?,?,default)
Hibernate: insert into aforo_registros (business_id,fecha_hora,tipo,id) values (?,?,?,default)
Hibernate: insert into aforo_registros (business_id,fecha_hora,tipo,id) values (?,?,?,default)
Hibernate: insert into aforo_registros (business_id,fecha_hora,tipo,id) values (?,?,?,default)
Hibernate: insert into aforo_registros (business_id,fecha_hora,tipo,id) values (?,?,?,default)
Hibernate: insert into aforo_registros (business_id,fecha_hora,tipo,id) values (?,?,?,default)
Hibernate: insert into aforo_registros (business_id,fecha_hora,tipo,id) values (?,?,?,default)
Hibernate: insert into aforo_registros (business_id,fecha_hora,tipo,id) values (?,?,?,default)
Hibernate: insert into aforo_registros (business_id,fecha_hora,tipo,id) values (?,?,?,default)
Hibernate: insert into aforo_registros (business_id,fecha_hora,tipo,id) values (?,?,?,default)
Hibernate: insert into aforo_registros (business_id,fecha_hora,tipo,id) values (?,?,?,default)
Hibernate: insert into aforo_registros (business_id,fecha_hora,tipo,id) values (?,?,?,default)
Hibernate: insert into aforo_registros (business_id,fecha_hora,tipo,id) values (?,?,?,default)
Hibernate: insert into aforo_registros (business_id,fecha_hora,tipo,id) values (?,?,?,default)
Hibernate: insert into aforo_registros (business_id,fecha_hora,tipo,id) values (?,?,?,default)
Hibernate: insert into aforo_registros (business_id,fecha_hora,tipo,id) values (?,?,?,default)
Hibernate: insert into aforo_registros (business_id,fecha_hora,tipo,id) values (?,?,?,default)
Hibernate: insert into aforo_registros (business_id,fecha_hora,tipo,id) values (?,?,?,default)
Hibernate: insert into aforo_registros (business_id,fecha_hora,tipo,id) values (?,?,?,default)
Hibernate: insert into aforo_registros (business_id,fecha_hora,tipo,id) values (?,?,?,default)
Hibernate: insert into aforo_registros (business_id,fecha_hora,tipo,id) values (?,?,?,default)
Hibernate: insert into aforo_registros (business_id,fecha_hora,tipo,id) values (?,?,?,default)
Hibernate: insert into aforo_registros (business_id,fecha_hora,tipo,id) values (?,?,?,default)
Hibernate: insert into aforo_registros (business_id,fecha_hora,tipo,id) values (?,?,?,default)
Hibernate: insert into aforo_registros (business_id,fecha_hora,tipo,id) values (?,?,?,default)
Hibernate: insert into aforo_registros (business_id,fecha_hora,tipo,id) values (?,?,?,default)
Hibernate: insert into aforo_registros (business_id,fecha_hora,tipo,id) values (?,?,?,default)
Hibernate: insert into aforo_registros (business_id,fecha_hora,tipo,id) values (?,?,?,default)
Hibernate: insert into aforo_registros (business_id,fecha_hora,tipo,id) values (?,?,?,default)
Hibernate: insert into aforo_registros (business_id,fecha_hora,tipo,id) values (?,?,?,default)
Hibernate: insert into aforo_registros (business_id,fecha_hora,tipo,id) values (?,?,?,default)
Hibernate: insert into aforo_registros (business_id,fecha_hora,tipo,id) values (?,?,?,default)
Hibernate: insert into aforo_registros (business_id,fecha_hora,tipo,id) values (?,?,?,default)
Hibernate: insert into aforo_registros (business_id,fecha_hora,tipo,id) values (?,?,?,default)
Hibernate: insert into aforo_registros (business_id,fecha_hora,tipo,id) values (?,?,?,default)
Hibernate: insert into aforo_registros (business_id,fecha_hora,tipo,id) values (?,?,?,default)
Hibernate: insert into aforo_registros (business_id,fecha_hora,tipo,id) values (?,?,?,default)
Hibernate: insert into aforo_registros (business_id,fecha_hora,tipo,id) values (?,?,?,default)
Hibernate: insert into aforo_registros (business_id,fecha_hora,tipo,id) values (?,?,?,default)
Hibernate: insert into aforo_registros (business_id,fecha_hora,tipo,id) values (?,?,?,default)
Hibernate: insert into aforo_registros (business_id,fecha_hora,tipo,id) values (?,?,?,default)
Hibernate: insert into aforo_registros (business_id,fecha_hora,tipo,id) values (?,?,?,default)
Hibernate: insert into aforo_registros (business_id,fecha_hora,tipo,id) values (?,?,?,default)
Hibernate: insert into aforo_registros (business_id,fecha_hora,tipo,id) values (?,?,?,default)
Hibernate: insert into aforo_registros (business_id,fecha_hora,tipo,id) values (?,?,?,default)
Hibernate: insert into aforo_registros (business_id,fecha_hora,tipo,id) values (?,?,?,default)
Hibernate: insert into aforo_registros (business_id,fecha_hora,tipo,id) values (?,?,?,default)
Hibernate: insert into aforo_registros (business_id,fecha_hora,tipo,id) values (?,?,?,default)
Hibernate: insert into aforo_registros (business_id,fecha_hora,tipo,id) values (?,?,?,default)
Hibernate: insert into aforo_registros (business_id,fecha_hora,tipo,id) values (?,?,?,default)
Hibernate: insert into aforo_registros (business_id,fecha_hora,tipo,id) values (?,?,?,default)
Hibernate: insert into aforo_registros (business_id,fecha_hora,tipo,id) values (?,?,?,default)
Hibernate: insert into aforo_registros (business_id,fecha_hora,tipo,id) values (?,?,?,default)
Hibernate: insert into aforo_registros (business_id,fecha_hora,tipo,id) values (?,?,?,default)
Hibernate: insert into aforo_registros (business_id,fecha_hora,tipo,id) values (?,?,?,default)
Hibernate: insert into aforo_registros (business_id,fecha_hora,tipo,id) values (?,?,?,default)
Hibernate: insert into aforo_registros (business_id,fecha_hora,tipo,id) values (?,?,?,default)
Hibernate: insert into aforo_registros (business_id,fecha_hora,tipo,id) values (?,?,?,default)
Hibernate: insert into aforo_registros (business_id,fecha_hora,tipo,id) values (?,?,?,default)
Hibernate: insert into aforo_registros (business_id,fecha_hora,tipo,id) values (?,?,?,default)
Hibernate: insert into aforo_registros (business_id,fecha_hora,tipo,id) values (?,?,?,default)
Hibernate: insert into aforo_registros (business_id,fecha_hora,tipo,id) values (?,?,?,default)
Hibernate: insert into aforo_registros (business_id,fecha_hora,tipo,id) values (?,?,?,default)
Hibernate: insert into aforo_registros (business_id,fecha_hora,tipo,id) values (?,?,?,default)
Hibernate: insert into aforo_registros (business_id,fecha_hora,tipo,id) values (?,?,?,default)
Hibernate: insert into aforo_registros (business_id,fecha_hora,tipo,id) values (?,?,?,default)
Hibernate: insert into aforo_registros (business_id,fecha_hora,tipo,id) values (?,?,?,default)
Hibernate: insert into aforo_registros (business_id,fecha_hora,tipo,id) values (?,?,?,default)
Hibernate: insert into aforo_registros (business_id,fecha_hora,tipo,id) values (?,?,?,default)
Hibernate: insert into aforo_registros (business_id,fecha_hora,tipo,id) values (?,?,?,default)
Hibernate: insert into aforo_registros (business_id,fecha_hora,tipo,id) values (?,?,?,default)
Hibernate: insert into aforo_registros (business_id,fecha_hora,tipo,id) values (?,?,?,default)
Hibernate: insert into aforo_registros (business_id,fecha_hora,tipo,id) values (?,?,?,default)
Hibernate: insert into aforo_registros (business_id,fecha_hora,tipo,id) values (?,?,?,default)
Hibernate: insert into aforo_registros (business_id,fecha_hora,tipo,id) values (?,?,?,default)
Hibernate: insert into aforo_registros (business_id,fecha_hora,tipo,id) values (?,?,?,default)
Hibernate: insert into aforo_registros (business_id,fecha_hora,tipo,id) values (?,?,?,default)
Hibernate: insert into aforo_registros (business_id,fecha_hora,tipo,id) values (?,?,?,default)
Hibernate: insert into aforo_registros (business_id,fecha_hora,tipo,id) values (?,?,?,default)
Hibernate: insert into aforo_registros (business_id,fecha_hora,tipo,id) values (?,?,?,default)
Hibernate: insert into aforo_registros (business_id,fecha_hora,tipo,id) values (?,?,?,default)
Hibernate: insert into aforo_registros (business_id,fecha_hora,tipo,id) values (?,?,?,default)
Hibernate: insert into aforo_registros (business_id,fecha_hora,tipo,id) values (?,?,?,default)
Hibernate: insert into aforo_registros (business_id,fecha_hora,tipo,id) values (?,?,?,default)
Hibernate: insert into aforo_registros (business_id,fecha_hora,tipo,id) values (?,?,?,default)
Hibernate: insert into aforo_registros (business_id,fecha_hora,tipo,id) values (?,?,?,default)
Hibernate: insert into aforo_registros (business_id,fecha_hora,tipo,id) values (?,?,?,default)
Hibernate: insert into aforo_registros (business_id,fecha_hora,tipo,id) values (?,?,?,default)
Hibernate: insert into aforo_registros (business_id,fecha_hora,tipo,id) values (?,?,?,default)
Hibernate: insert into aforo_registros (business_id,fecha_hora,tipo,id) values (?,?,?,default)
Hibernate: insert into aforo_registros (business_id,fecha_hora,tipo,id) values (?,?,?,default)
Hibernate: insert into aforo_registros (business_id,fecha_hora,tipo,id) values (?,?,?,default)
Hibernate: insert into aforo_registros (business_id,fecha_hora,tipo,id) values (?,?,?,default)
Hibernate: insert into aforo_registros (business_id,fecha_hora,tipo,id) values (?,?,?,default)
Hibernate: insert into aforo_registros (business_id,fecha_hora,tipo,id) values (?,?,?,default)
Hibernate: insert into aforo_registros (business_id,fecha_hora,tipo,id) values (?,?,?,default)
Hibernate: insert into aforo_registros (business_id,fecha_hora,tipo,id) values (?,?,?,default)
Hibernate: insert into aforo_registros (business_id,fecha_hora,tipo,id) values (?,?,?,default)
Hibernate: insert into aforo_registros (business_id,fecha_hora,tipo,id) values (?,?,?,default)
Hibernate: insert into aforo_registros (business_id,fecha_hora,tipo,id) values (?,?,?,default)
Hibernate: insert into aforo_registros (business_id,fecha_hora,tipo,id) values (?,?,?,default)
Hibernate: insert into aforo_registros (business_id,fecha_hora,tipo,id) values (?,?,?,default)
Hibernate: insert into aforo_registros (business_id,fecha_hora,tipo,id) values (?,?,?,default)
Hibernate: insert into aforo_registros (business_id,fecha_hora,tipo,id) values (?,?,?,default)
Hibernate: insert into aforo_registros (business_id,fecha_hora,tipo,id) values (?,?,?,default)
Hibernate: insert into aforo_registros (business_id,fecha_hora,tipo,id) values (?,?,?,default)
Hibernate: insert into aforo_registros (business_id,fecha_hora,tipo,id) values (?,?,?,default)
Hibernate: insert into aforo_registros (business_id,fecha_hora,tipo,id) values (?,?,?,default)
Hibernate: insert into aforo_registros (business_id,fecha_hora,tipo,id) values (?,?,?,default)
Hibernate: insert into aforo_registros (business_id,fecha_hora,tipo,id) values (?,?,?,default)
Hibernate: insert into aforo_registros (business_id,fecha_hora,tipo,id) values (?,?,?,default)
Hibernate: insert into aforo_registros (business_id,fecha_hora,tipo,id) values (?,?,?,default)
Hibernate: insert into aforo_registros (business_id,fecha_hora,tipo,id) values (?,?,?,default)
Hibernate: insert into aforo_registros (business_id,fecha_hora,tipo,id) values (?,?,?,default)
Hibernate: insert into aforo_registros (business_id,fecha_hora,tipo,id) values (?,?,?,default)
Hibernate: insert into aforo_registros (business_id,fecha_hora,tipo,id) values (?,?,?,default)
Hibernate: insert into aforo_registros (business_id,fecha_hora,tipo,id) values (?,?,?,default)
Hibernate: insert into aforo_registros (business_id,fecha_hora,tipo,id) values (?,?,?,default)
Hibernate: insert into aforo_registros (business_id,fecha_hora,tipo,id) values (?,?,?,default)
Hibernate: insert into aforo_registros (business_id,fecha_hora,tipo,id) values (?,?,?,default)
Hibernate: insert into aforo_registros (business_id,fecha_hora,tipo,id) values (?,?,?,default)
Hibernate: insert into aforo_registros (business_id,fecha_hora,tipo,id) values (?,?,?,default)
Hibernate: insert into aforo_registros (business_id,fecha_hora,tipo,id) values (?,?,?,default)
Hibernate: insert into aforo_registros (business_id,fecha_hora,tipo,id) values (?,?,?,default)
Hibernate: insert into aforo_registros (business_id,fecha_hora,tipo,id) values (?,?,?,default)
Hibernate: insert into aforo_registros (business_id,fecha_hora,tipo,id) values (?,?,?,default)
Hibernate: insert into aforo_registros (business_id,fecha_hora,tipo,id) values (?,?,?,default)
Hibernate: insert into aforo_registros (business_id,fecha_hora,tipo,id) values (?,?,?,default)
Hibernate: insert into aforo_registros (business_id,fecha_hora,tipo,id) values (?,?,?,default)
Hibernate: insert into aforo_registros (business_id,fecha_hora,tipo,id) values (?,?,?,default)
Hibernate: insert into aforo_registros (business_id,fecha_hora,tipo,id) values (?,?,?,default)
Hibernate: insert into aforo_registros (business_id,fecha_hora,tipo,id) values (?,?,?,default)
Hibernate: insert into aforo_registros (business_id,fecha_hora,tipo,id) values (?,?,?,default)
Hibernate: insert into aforo_registros (business_id,fecha_hora,tipo,id) values (?,?,?,default)
Hibernate: insert into aforo_registros (business_id,fecha_hora,tipo,id) values (?,?,?,default)
Hibernate: insert into aforo_registros (business_id,fecha_hora,tipo,id) values (?,?,?,default)
Hibernate: insert into aforo_registros (business_id,fecha_hora,tipo,id) values (?,?,?,default)
Hibernate: insert into aforo_registros (business_id,fecha_hora,tipo,id) values (?,?,?,default)
Hibernate: insert into aforo_registros (business_id,fecha_hora,tipo,id) values (?,?,?,default)
Hibernate: insert into aforo_registros (business_id,fecha_hora,tipo,id) values (?,?,?,default)
Hibernate: insert into aforo_registros (business_id,fecha_hora,tipo,id) values (?,?,?,default)
Hibernate: insert into aforo_registros (business_id,fecha_hora,tipo,id) values (?,?,?,default)
Hibernate: insert into aforo_registros (business_id,fecha_hora,tipo,id) values (?,?,?,default)
Hibernate: insert into aforo_registros (business_id,fecha_hora,tipo,id) values (?,?,?,default)
Hibernate: insert into aforo_registros (business_id,fecha_hora,tipo,id) values (?,?,?,default)
Hibernate: insert into aforo_registros (business_id,fecha_hora,tipo,id) values (?,?,?,default)
Hibernate: insert into aforo_registros (business_id,fecha_hora,tipo,id) values (?,?,?,default)
Hibernate: insert into aforo_registros (business_id,fecha_hora,tipo,id) values (?,?,?,default)
Hibernate: insert into aforo_registros (business_id,fecha_hora,tipo,id) values (?,?,?,default)
Hibernate: insert into aforo_registros (business_id,fecha_hora,tipo,id) values (?,?,?,default)
Hibernate: insert into aforo_registros (business_id,fecha_hora,tipo,id) values (?,?,?,default)
Hibernate: insert into aforo_registros (business_id,fecha_hora,tipo,id) values (?,?,?,default)
Hibernate: insert into aforo_registros (business_id,fecha_hora,tipo,id) values (?,?,?,default)
Hibernate: insert into aforo_registros (business_id,fecha_hora,tipo,id) values (?,?,?,default)
Hibernate: insert into aforo_registros (business_id,fecha_hora,tipo,id) values (?,?,?,default)
Hibernate: insert into aforo_registros (business_id,fecha_hora,tipo,id) values (?,?,?,default)
Hibernate: insert into aforo_registros (business_id,fecha_hora,tipo,id) values (?,?,?,default)
Hibernate: insert into aforo_registros (business_id,fecha_hora,tipo,id) values (?,?,?,default)
Hibernate: insert into aforo_registros (business_id,fecha_hora,tipo,id) values (?,?,?,default)
Hibernate: insert into aforo_registros (business_id,fecha_hora,tipo,id) values (?,?,?,default)
Hibernate: insert into aforo_registros (business_id,fecha_hora,tipo,id) values (?,?,?,default)
Hibernate: insert into aforo_registros (business_id,fecha_hora,tipo,id) values (?,?,?,default)
Hibernate: insert into aforo_registros (business_id,fecha_hora,tipo,id) values (?,?,?,default)
Hibernate: insert into aforo_registros (business_id,fecha_hora,tipo,id) values (?,?,?,default)
Hibernate: insert into aforo_registros (business_id,fecha_hora,tipo,id) values (?,?,?,default)
Hibernate: insert into aforo_registros (business_id,fecha_hora,tipo,id) values (?,?,?,default)
Hibernate: insert into aforo_registros (business_id,fecha_hora,tipo,id) values (?,?,?,default)
Hibernate: insert into aforo_registros (business_id,fecha_hora,tipo,id) values (?,?,?,default)
Hibernate: insert into aforo_registros (business_id,fecha_hora,tipo,id) values (?,?,?,default)
Hibernate: insert into aforo_registros (business_id,fecha_hora,tipo,id) values (?,?,?,default)
Hibernate: insert into aforo_registros (business_id,fecha_hora,tipo,id) values (?,?,?,default)
Hibernate: insert into aforo_registros (business_id,fecha_hora,tipo,id) values (?,?,?,default)
Hibernate: insert into aforo_registros (business_id,fecha_hora,tipo,id) values (?,?,?,default)
Hibernate: insert into aforo_registros (business_id,fecha_hora,tipo,id) values (?,?,?,default)
Hibernate: insert into aforo_registros (business_id,fecha_hora,tipo,id) values (?,?,?,default)
Hibernate: insert into aforo_registros (business_id,fecha_hora,tipo,id) values (?,?,?,default)
Hibernate: insert into aforo_registros (business_id,fecha_hora,tipo,id) values (?,?,?,default)
Hibernate: insert into aforo_registros (business_id,fecha_hora,tipo,id) values (?,?,?,default)
Hibernate: insert into aforo_registros (business_id,fecha_hora,tipo,id) values (?,?,?,default)
Hibernate: insert into aforo_registros (business_id,fecha_hora,tipo,id) values (?,?,?,default)
Hibernate: insert into aforo_registros (business_id,fecha_hora,tipo,id) values (?,?,?,default)
Hibernate: insert into aforo_registros (business_id,fecha_hora,tipo,id) values (?,?,?,default)
Hibernate: insert into aforo_registros (business_id,fecha_hora,tipo,id) values (?,?,?,default)
Hibernate: insert into aforo_registros (business_id,fecha_hora,tipo,id) values (?,?,?,default)
Hibernate: insert into aforo_registros (business_id,fecha_hora,tipo,id) values (?,?,?,default)
Hibernate: insert into aforo_registros (business_id,fecha_hora,tipo,id) values (?,?,?,default)
Hibernate: insert into aforo_registros (business_id,fecha_hora,tipo,id) values (?,?,?,default)
Hibernate: insert into aforo_registros (business_id,fecha_hora,tipo,id) values (?,?,?,default)
Hibernate: insert into aforo_registros (business_id,fecha_hora,tipo,id) values (?,?,?,default)
Hibernate: insert into aforo_registros (business_id,fecha_hora,tipo,id) values (?,?,?,default)
Hibernate: insert into aforo_registros (business_id,fecha_hora,tipo,id) values (?,?,?,default)
Hibernate: insert into aforo_registros (business_id,fecha_hora,tipo,id) values (?,?,?,default)
Hibernate: insert into aforo_registros (business_id,fecha_hora,tipo,id) values (?,?,?,default)
Hibernate: insert into aforo_registros (business_id,fecha_hora,tipo,id) values (?,?,?,default)
Hibernate: insert into aforo_registros (business_id,fecha_hora,tipo,id) values (?,?,?,default)
Hibernate: insert into aforo_registros (business_id,fecha_hora,tipo,id) values (?,?,?,default)
Hibernate: insert into aforo_registros (business_id,fecha_hora,tipo,id) values (?,?,?,default)
Hibernate: insert into aforo_registros (business_id,fecha_hora,tipo,id) values (?,?,?,default)
Hibernate: insert into aforo_registros (business_id,fecha_hora,tipo,id) values (?,?,?,default)
Hibernate: insert into aforo_registros (business_id,fecha_hora,tipo,id) values (?,?,?,default)
Hibernate: insert into aforo_registros (business_id,fecha_hora,tipo,id) values (?,?,?,default)
Hibernate: insert into aforo_registros (business_id,fecha_hora,tipo,id) values (?,?,?,default)
Hibernate: insert into aforo_registros (business_id,fecha_hora,tipo,id) values (?,?,?,default)
Hibernate: insert into aforo_registros (business_id,fecha_hora,tipo,id) values (?,?,?,default)
Hibernate: insert into aforo_registros (business_id,fecha_hora,tipo,id) values (?,?,?,default)
Hibernate: insert into aforo_registros (business_id,fecha_hora,tipo,id) values (?,?,?,default)
Hibernate: insert into aforo_registros (business_id,fecha_hora,tipo,id) values (?,?,?,default)
Hibernate: insert into aforo_registros (business_id,fecha_hora,tipo,id) values (?,?,?,default)
Hibernate: insert into aforo_registros (business_id,fecha_hora,tipo,id) values (?,?,?,default)
Hibernate: insert into aforo_registros (business_id,fecha_hora,tipo,id) values (?,?,?,default)
Hibernate: insert into aforo_registros (business_id,fecha_hora,tipo,id) values (?,?,?,default)
Hibernate: insert into aforo_registros (business_id,fecha_hora,tipo,id) values (?,?,?,default)
Hibernate: insert into aforo_registros (business_id,fecha_hora,tipo,id) values (?,?,?,default)
Hibernate: insert into aforo_registros (business_id,fecha_hora,tipo,id) values (?,?,?,default)
Hibernate: insert into aforo_registros (business_id,fecha_hora,tipo,id) values (?,?,?,default)
Hibernate: insert into aforo_registros (business_id,fecha_hora,tipo,id) values (?,?,?,default)
Hibernate: insert into aforo_registros (business_id,fecha_hora,tipo,id) values (?,?,?,default)
Hibernate: insert into aforo_registros (business_id,fecha_hora,tipo,id) values (?,?,?,default)
Hibernate: insert into aforo_registros (business_id,fecha_hora,tipo,id) values (?,?,?,default)
Hibernate: insert into aforo_registros (business_id,fecha_hora,tipo,id) values (?,?,?,default)
Hibernate: insert into aforo_registros (business_id,fecha_hora,tipo,id) values (?,?,?,default)
Hibernate: insert into aforo_registros (business_id,fecha_hora,tipo,id) values (?,?,?,default)
Hibernate: insert into aforo_registros (business_id,fecha_hora,tipo,id) values (?,?,?,default)
Hibernate: insert into aforo_registros (business_id,fecha_hora,tipo,id) values (?,?,?,default)
Hibernate: insert into aforo_registros (business_id,fecha_hora,tipo,id) values (?,?,?,default)
Hibernate: insert into aforo_registros (business_id,fecha_hora,tipo,id) values (?,?,?,default)
Hibernate: insert into aforo_registros (business_id,fecha_hora,tipo,id) values (?,?,?,default)
Hibernate: insert into aforo_registros (business_id,fecha_hora,tipo,id) values (?,?,?,default)
Hibernate: insert into aforo_registros (business_id,fecha_hora,tipo,id) values (?,?,?,default)
Hibernate: insert into aforo_registros (business_id,fecha_hora,tipo,id) values (?,?,?,default)
Hibernate: insert into aforo_registros (business_id,fecha_hora,tipo,id) values (?,?,?,default)
Hibernate: insert into aforo_registros (business_id,fecha_hora,tipo,id) values (?,?,?,default)
Hibernate: insert into aforo_registros (business_id,fecha_hora,tipo,id) values (?,?,?,default)
Hibernate: insert into aforo_registros (business_id,fecha_hora,tipo,id) values (?,?,?,default)
Hibernate: insert into aforo_registros (business_id,fecha_hora,tipo,id) values (?,?,?,default)
Hibernate: insert into aforo_registros (business_id,fecha_hora,tipo,id) values (?,?,?,default)
Hibernate: insert into aforo_registros (business_id,fecha_hora,tipo,id) values (?,?,?,default)
Hibernate: insert into aforo_registros (business_id,fecha_hora,tipo,id) values (?,?,?,default)
Hibernate: insert into aforo_registros (business_id,fecha_hora,tipo,id) values (?,?,?,default)
Hibernate: insert into aforo_registros (business_id,fecha_hora,tipo,id) values (?,?,?,default)
Hibernate: insert into aforo_registros (business_id,fecha_hora,tipo,id) values (?,?,?,default)
Hibernate: insert into aforo_registros (business_id,fecha_hora,tipo,id) values (?,?,?,default)
Hibernate: insert into aforo_registros (business_id,fecha_hora,tipo,id) values (?,?,?,default)
Hibernate: insert into aforo_registros (business_id,fecha_hora,tipo,id) values (?,?,?,default)
Hibernate: insert into aforo_registros (business_id,fecha_hora,tipo,id) values (?,?,?,default)
Hibernate: insert into aforo_registros (business_id,fecha_hora,tipo,id) values (?,?,?,default)
Hibernate: insert into aforo_registros (business_id,fecha_hora,tipo,id) values (?,?,?,default)
Hibernate: insert into aforo_registros (business_id,fecha_hora,tipo,id) values (?,?,?,default)
Hibernate: insert into aforo_registros (business_id,fecha_hora,tipo,id) values (?,?,?,default)
Hibernate: insert into aforo_registros (business_id,fecha_hora,tipo,id) values (?,?,?,default)
Hibernate: insert into aforo_registros (business_id,fecha_hora,tipo,id) values (?,?,?,default)
Hibernate: insert into aforo_registros (business_id,fecha_hora,tipo,id) values (?,?,?,default)
Hibernate: insert into aforo_registros (business_id,fecha_hora,tipo,id) values (?,?,?,default)
Hibernate: insert into aforo_registros (business_id,fecha_hora,tipo,id) values (?,?,?,default)
Hibernate: insert into aforo_registros (business_id,fecha_hora,tipo,id) values (?,?,?,default)
Hibernate: insert into aforo_registros (business_id,fecha_hora,tipo,id) values (?,?,?,default)
Hibernate: insert into aforo_registros (business_id,fecha_hora,tipo,id) values (?,?,?,default)
Hibernate: insert into aforo_registros (business_id,fecha_hora,tipo,id) values (?,?,?,default)
Hibernate: insert into aforo_registros (business_id,fecha_hora,tipo,id) values (?,?,?,default)
Hibernate: insert into aforo_registros (business_id,fecha_hora,tipo,id) values (?,?,?,default)
Hibernate: insert into aforo_registros (business_id,fecha_hora,tipo,id) values (?,?,?,default)
Hibernate: insert into aforo_registros (business_id,fecha_hora,tipo,id) values (?,?,?,default)
Hibernate: insert into aforo_registros (business_id,fecha_hora,tipo,id) values (?,?,?,default)
Hibernate: insert into aforo_registros (business_id,fecha_hora,tipo,id) values (?,?,?,default)
Hibernate: insert into aforo_registros (business_id,fecha_hora,tipo,id) values (?,?,?,default)
Hibernate: insert into aforo_registros (business_id,fecha_hora,tipo,id) values (?,?,?,default)
Hibernate: insert into aforo_registros (business_id,fecha_hora,tipo,id) values (?,?,?,default)
Hibernate: insert into aforo_registros (business_id,fecha_hora,tipo,id) values (?,?,?,default)
Hibernate: insert into aforo_registros (business_id,fecha_hora,tipo,id) values (?,?,?,default)
Hibernate: insert into aforo_registros (business_id,fecha_hora,tipo,id) values (?,?,?,default)
Hibernate: insert into aforo_registros (business_id,fecha_hora,tipo,id) values (?,?,?,default)
Hibernate: insert into aforo_registros (business_id,fecha_hora,tipo,id) values (?,?,?,default)
Hibernate: insert into aforo_registros (business_id,fecha_hora,tipo,id) values (?,?,?,default)
Hibernate: insert into aforo_registros (business_id,fecha_hora,tipo,id) values (?,?,?,default)
Hibernate: insert into aforo_registros (business_id,fecha_hora,tipo,id) values (?,?,?,default)
Hibernate: insert into aforo_registros (business_id,fecha_hora,tipo,id) values (?,?,?,default)
Hibernate: insert into aforo_registros (business_id,fecha_hora,tipo,id) values (?,?,?,default)
Hibernate: insert into aforo_registros (business_id,fecha_hora,tipo,id) values (?,?,?,default)
Hibernate: insert into aforo_registros (business_id,fecha_hora,tipo,id) values (?,?,?,default)
Hibernate: insert into aforo_registros (business_id,fecha_hora,tipo,id) values (?,?,?,default)
Hibernate: insert into aforo_registros (business_id,fecha_hora,tipo,id) values (?,?,?,default)
Hibernate: insert into aforo_registros (business_id,fecha_hora,tipo,id) values (?,?,?,default)
Hibernate: insert into aforo_registros (business_id,fecha_hora,tipo,id) values (?,?,?,default)
Hibernate: insert into aforo_registros (business_id,fecha_hora,tipo,id) values (?,?,?,default)
Hibernate: insert into aforo_registros (business_id,fecha_hora,tipo,id) values (?,?,?,default)
Hibernate: insert into aforo_registros (business_id,fecha_hora,tipo,id) values (?,?,?,default)
Hibernate: insert into aforo_registros (business_id,fecha_hora,tipo,id) values (?,?,?,default)
Hibernate: insert into aforo_registros (business_id,fecha_hora,tipo,id) values (?,?,?,default)
Hibernate: insert into aforo_registros (business_id,fecha_hora,tipo,id) values (?,?,?,default)
Hibernate: insert into aforo_registros (business_id,fecha_hora,tipo,id) values (?,?,?,default)
Hibernate: insert into aforo_registros (business_id,fecha_hora,tipo,id) values (?,?,?,default)
Hibernate: insert into aforo_registros (business_id,fecha_hora,tipo,id) values (?,?,?,default)
Hibernate: insert into aforo_registros (business_id,fecha_hora,tipo,id) values (?,?,?,default)
Hibernate: insert into aforo_registros (business_id,fecha_hora,tipo,id) values (?,?,?,default)
Hibernate: insert into aforo_registros (business_id,fecha_hora,tipo,id) values (?,?,?,default)
Hibernate: insert into aforo_registros (business_id,fecha_hora,tipo,id) values (?,?,?,default)
Hibernate: insert into aforo_registros (business_id,fecha_hora,tipo,id) values (?,?,?,default)
Hibernate: insert into aforo_registros (business_id,fecha_hora,tipo,id) values (?,?,?,default)
Hibernate: insert into aforo_registros (business_id,fecha_hora,tipo,id) values (?,?,?,default)
Hibernate: insert into aforo_registros (business_id,fecha_hora,tipo,id) values (?,?,?,default)
Hibernate: insert into aforo_registros (business_id,fecha_hora,tipo,id) values (?,?,?,default)
Hibernate: insert into aforo_registros (business_id,fecha_hora,tipo,id) values (?,?,?,default)
Hibernate: insert into aforo_registros (business_id,fecha_hora,tipo,id) values (?,?,?,default)
Hibernate: insert into aforo_registros (business_id,fecha_hora,tipo,id) values (?,?,?,default)
Hibernate: insert into aforo_registros (business_id,fecha_hora,tipo,id) values (?,?,?,default)
Hibernate: insert into aforo_registros (business_id,fecha_hora,tipo,id) values (?,?,?,default)
Hibernate: insert into aforo_registros (business_id,fecha_hora,tipo,id) values (?,?,?,default)
Hibernate: insert into aforo_registros (business_id,fecha_hora,tipo,id) values (?,?,?,default)
Hibernate: insert into aforo_registros (business_id,fecha_hora,tipo,id) values (?,?,?,default)
Hibernate: insert into aforo_registros (business_id,fecha_hora,tipo,id) values (?,?,?,default)
Hibernate: insert into aforo_registros (business_id,fecha_hora,tipo,id) values (?,?,?,default)
Hibernate: insert into aforo_registros (business_id,fecha_hora,tipo,id) values (?,?,?,default)
Hibernate: insert into aforo_registros (business_id,fecha_hora,tipo,id) values (?,?,?,default)
Hibernate: insert into aforo_registros (business_id,fecha_hora,tipo,id) values (?,?,?,default)
Hibernate: insert into aforo_registros (business_id,fecha_hora,tipo,id) values (?,?,?,default)
Hibernate: insert into aforo_registros (business_id,fecha_hora,tipo,id) values (?,?,?,default)
Hibernate: insert into aforo_registros (business_id,fecha_hora,tipo,id) values (?,?,?,default)
Hibernate: insert into aforo_registros (business_id,fecha_hora,tipo,id) values (?,?,?,default)
Hibernate: insert into aforo_registros (business_id,fecha_hora,tipo,id) values (?,?,?,default)
Hibernate: insert into aforo_registros (business_id,fecha_hora,tipo,id) values (?,?,?,default)
Hibernate: insert into aforo_registros (business_id,fecha_hora,tipo,id) values (?,?,?,default)
Hibernate: insert into aforo_registros (business_id,fecha_hora,tipo,id) values (?,?,?,default)
Hibernate: insert into aforo_registros (business_id,fecha_hora,tipo,id) values (?,?,?,default)
Hibernate: insert into aforo_registros (business_id,fecha_hora,tipo,id) values (?,?,?,default)
Hibernate: insert into aforo_registros (business_id,fecha_hora,tipo,id) values (?,?,?,default)
Hibernate: insert into aforo_registros (business_id,fecha_hora,tipo,id) values (?,?,?,default)
Hibernate: insert into aforo_registros (business_id,fecha_hora,tipo,id) values (?,?,?,default)
Hibernate: insert into aforo_registros (business_id,fecha_hora,tipo,id) values (?,?,?,default)
Hibernate: insert into aforo_registros (business_id,fecha_hora,tipo,id) values (?,?,?,default)
Hibernate: insert into aforo_registros (business_id,fecha_hora,tipo,id) values (?,?,?,default)
Hibernate: insert into aforo_registros (business_id,fecha_hora,tipo,id) values (?,?,?,default)
Hibernate: insert into aforo_registros (business_id,fecha_hora,tipo,id) values (?,?,?,default)
Hibernate: insert into aforo_registros (business_id,fecha_hora,tipo,id) values (?,?,?,default)
Hibernate: insert into aforo_registros (business_id,fecha_hora,tipo,id) values (?,?,?,default)
Hibernate: insert into aforo_registros (business_id,fecha_hora,tipo,id) values (?,?,?,default)
Hibernate: insert into aforo_registros (business_id,fecha_hora,tipo,id) values (?,?,?,default)
Hibernate: insert into aforo_registros (business_id,fecha_hora,tipo,id) values (?,?,?,default)
Hibernate: insert into aforo_registros (business_id,fecha_hora,tipo,id) values (?,?,?,default)
Hibernate: insert into aforo_registros (business_id,fecha_hora,tipo,id) values (?,?,?,default)
Hibernate: insert into aforo_registros (business_id,fecha_hora,tipo,id) values (?,?,?,default)
Hibernate: insert into aforo_registros (business_id,fecha_hora,tipo,id) values (?,?,?,default)
Hibernate: insert into aforo_registros (business_id,fecha_hora,tipo,id) values (?,?,?,default)
Hibernate: insert into aforo_registros (business_id,fecha_hora,tipo,id) values (?,?,?,default)
Hibernate: insert into aforo_registros (business_id,fecha_hora,tipo,id) values (?,?,?,default)
Hibernate: insert into aforo_registros (business_id,fecha_hora,tipo,id) values (?,?,?,default)
Hibernate: insert into aforo_registros (business_id,fecha_hora,tipo,id) values (?,?,?,default)
Hibernate: insert into aforo_registros (business_id,fecha_hora,tipo,id) values (?,?,?,default)
Hibernate: insert into aforo_registros (business_id,fecha_hora,tipo,id) values (?,?,?,default)
Hibernate: insert into aforo_registros (business_id,fecha_hora,tipo,id) values (?,?,?,default)
Hibernate: insert into aforo_registros (business_id,fecha_hora,tipo,id) values (?,?,?,default)
Hibernate: insert into aforo_registros (business_id,fecha_hora,tipo,id) values (?,?,?,default)
Hibernate: insert into aforo_registros (business_id,fecha_hora,tipo,id) values (?,?,?,default)
Hibernate: insert into aforo_registros (business_id,fecha_hora,tipo,id) values (?,?,?,default)
Hibernate: insert into aforo_registros (business_id,fecha_hora,tipo,id) values (?,?,?,default)
Hibernate: insert into aforo_registros (business_id,fecha_hora,tipo,id) values (?,?,?,default)
Hibernate: insert into aforo_registros (business_id,fecha_hora,tipo,id) values (?,?,?,default)
Hibernate: insert into aforo_registros (business_id,fecha_hora,tipo,id) values (?,?,?,default)
Hibernate: insert into aforo_registros (business_id,fecha_hora,tipo,id) values (?,?,?,default)
Hibernate: insert into aforo_registros (business_id,fecha_hora,tipo,id) values (?,?,?,default)
Hibernate: insert into aforo_registros (business_id,fecha_hora,tipo,id) values (?,?,?,default)
Hibernate: insert into aforo_registros (business_id,fecha_hora,tipo,id) values (?,?,?,default)
Hibernate: insert into aforo_registros (business_id,fecha_hora,tipo,id) values (?,?,?,default)
Hibernate: insert into aforo_registros (business_id,fecha_hora,tipo,id) values (?,?,?,default)
Hibernate: insert into aforo_registros (business_id,fecha_hora,tipo,id) values (?,?,?,default)
Hibernate: insert into aforo_registros (business_id,fecha_hora,tipo,id) values (?,?,?,default)
Hibernate: insert into aforo_registros (business_id,fecha_hora,tipo,id) values (?,?,?,default)
Hibernate: insert into aforo_registros (business_id,fecha_hora,tipo,id) values (?,?,?,default)
Hibernate: insert into aforo_registros (business_id,fecha_hora,tipo,id) values (?,?,?,default)
Hibernate: insert into aforo_registros (business_id,fecha_hora,tipo,id) values (?,?,?,default)
Hibernate: insert into aforo_registros (business_id,fecha_hora,tipo,id) values (?,?,?,default)
Hibernate: insert into aforo_registros (business_id,fecha_hora,tipo,id) values (?,?,?,default)
Hibernate: insert into aforo_registros (business_id,fecha_hora,tipo,id) values (?,?,?,default)
Hibernate: insert into aforo_registros (business_id,fecha_hora,tipo,id) values (?,?,?,default)
Hibernate: insert into aforo_registros (business_id,fecha_hora,tipo,id) values (?,?,?,default)
Hibernate: insert into aforo_registros (business_id,fecha_hora,tipo,id) values (?,?,?,default)
Hibernate: insert into aforo_registros (business_id,fecha_hora,tipo,id) values (?,?,?,default)
Hibernate: insert into aforo_registros (business_id,fecha_hora,tipo,id) values (?,?,?,default)
Hibernate: insert into aforo_registros (business_id,fecha_hora,tipo,id) values (?,?,?,default)
Hibernate: insert into aforo_registros (business_id,fecha_hora,tipo,id) values (?,?,?,default)
Hibernate: insert into aforo_registros (business_id,fecha_hora,tipo,id) values (?,?,?,default)
Hibernate: insert into aforo_registros (business_id,fecha_hora,tipo,id) values (?,?,?,default)
Hibernate: insert into aforo_registros (business_id,fecha_hora,tipo,id) values (?,?,?,default)
Hibernate: insert into aforo_registros (business_id,fecha_hora,tipo,id) values (?,?,?,default)
Hibernate: insert into aforo_registros (business_id,fecha_hora,tipo,id) values (?,?,?,default)
Hibernate: insert into aforo_registros (business_id,fecha_hora,tipo,id) values (?,?,?,default)
Hibernate: insert into aforo_registros (business_id,fecha_hora,tipo,id) values (?,?,?,default)
Hibernate: insert into aforo_registros (business_id,fecha_hora,tipo,id) values (?,?,?,default)
Hibernate: insert into aforo_registros (business_id,fecha_hora,tipo,id) values (?,?,?,default)
Hibernate: insert into aforo_registros (business_id,fecha_hora,tipo,id) values (?,?,?,default)
Hibernate: insert into aforo_registros (business_id,fecha_hora,tipo,id) values (?,?,?,default)
Hibernate: insert into aforo_registros (business_id,fecha_hora,tipo,id) values (?,?,?,default)
Hibernate: insert into aforo_registros (business_id,fecha_hora,tipo,id) values (?,?,?,default)
Hibernate: insert into aforo_registros (business_id,fecha_hora,tipo,id) values (?,?,?,default)
Hibernate: insert into aforo_registros (business_id,fecha_hora,tipo,id) values (?,?,?,default)
Hibernate: insert into aforo_registros (business_id,fecha_hora,tipo,id) values (?,?,?,default)
Hibernate: insert into aforo_registros (business_id,fecha_hora,tipo,id) values (?,?,?,default)
Hibernate: insert into aforo_registros (business_id,fecha_hora,tipo,id) values (?,?,?,default)
Hibernate: insert into aforo_registros (business_id,fecha_hora,tipo,id) values (?,?,?,default)
Hibernate: insert into aforo_registros (business_id,fecha_hora,tipo,id) values (?,?,?,default)
Hibernate: insert into aforo_registros (business_id,fecha_hora,tipo,id) values (?,?,?,default)
Hibernate: insert into aforo_registros (business_id,fecha_hora,tipo,id) values (?,?,?,default)
Hibernate: insert into aforo_registros (business_id,fecha_hora,tipo,id) values (?,?,?,default)
Hibernate: insert into aforo_registros (business_id,fecha_hora,tipo,id) values (?,?,?,default)
Hibernate: insert into aforo_registros (business_id,fecha_hora,tipo,id) values (?,?,?,default)
Hibernate: insert into aforo_registros (business_id,fecha_hora,tipo,id) values (?,?,?,default)
Hibernate: insert into aforo_registros (business_id,fecha_hora,tipo,id) values (?,?,?,default)
Hibernate: insert into aforo_registros (business_id,fecha_hora,tipo,id) values (?,?,?,default)
Hibernate: insert into aforo_registros (business_id,fecha_hora,tipo,id) values (?,?,?,default)
Hibernate: insert into aforo_registros (business_id,fecha_hora,tipo,id) values (?,?,?,default)
Hibernate: insert into aforo_registros (business_id,fecha_hora,tipo,id) values (?,?,?,default)
Hibernate: insert into aforo_registros (business_id,fecha_hora,tipo,id) values (?,?,?,default)
Hibernate: insert into aforo_registros (business_id,fecha_hora,tipo,id) values (?,?,?,default)
Hibernate: insert into aforo_registros (business_id,fecha_hora,tipo,id) values (?,?,?,default)
Hibernate: insert into aforo_registros (business_id,fecha_hora,tipo,id) values (?,?,?,default)
Hibernate: insert into aforo_registros (business_id,fecha_hora,tipo,id) values (?,?,?,default)
Hibernate: insert into aforo_registros (business_id,fecha_hora,tipo,id) values (?,?,?,default)
Hibernate: insert into aforo_registros (business_id,fecha_hora,tipo,id) values (?,?,?,default)
Hibernate: insert into aforo_registros (business_id,fecha_hora,tipo,id) values (?,?,?,default)
Hibernate: insert into aforo_registros (business_id,fecha_hora,tipo,id) values (?,?,?,default)
Hibernate: insert into aforo_registros (business_id,fecha_hora,tipo,id) values (?,?,?,default)
Hibernate: insert into aforo_registros (business_id,fecha_hora,tipo,id) values (?,?,?,default)
Hibernate: insert into aforo_registros (business_id,fecha_hora,tipo,id) values (?,?,?,default)
Hibernate: insert into aforo_registros (business_id,fecha_hora,tipo,id) values (?,?,?,default)
Hibernate: insert into aforo_registros (business_id,fecha_hora,tipo,id) values (?,?,?,default)
Hibernate: insert into aforo_registros (business_id,fecha_hora,tipo,id) values (?,?,?,default)
Hibernate: insert into aforo_registros (business_id,fecha_hora,tipo,id) values (?,?,?,default)
Hibernate: insert into aforo_registros (business_id,fecha_hora,tipo,id) values (?,?,?,default)
Hibernate: insert into aforo_registros (business_id,fecha_hora,tipo,id) values (?,?,?,default)
Hibernate: insert into aforo_registros (business_id,fecha_hora,tipo,id) values (?,?,?,default)
Hibernate: insert into aforo_registros (business_id,fecha_hora,tipo,id) values (?,?,?,default)
Hibernate: insert into aforo_registros (business_id,fecha_hora,tipo,id) values (?,?,?,default)
Hibernate: insert into aforo_registros (business_id,fecha_hora,tipo,id) values (?,?,?,default)
Hibernate: insert into aforo_registros (business_id,fecha_hora,tipo,id) values (?,?,?,default)
Hibernate: insert into aforo_registros (business_id,fecha_hora,tipo,id) values (?,?,?,default)
Hibernate: insert into aforo_registros (business_id,fecha_hora,tipo,id) values (?,?,?,default)
Hibernate: insert into aforo_registros (business_id,fecha_hora,tipo,id) values (?,?,?,default)
Hibernate: insert into aforo_registros (business_id,fecha_hora,tipo,id) values (?,?,?,default)
Hibernate: insert into aforo_registros (business_id,fecha_hora,tipo,id) values (?,?,?,default)
Hibernate: insert into aforo_registros (business_id,fecha_hora,tipo,id) values (?,?,?,default)
Hibernate: insert into aforo_registros (business_id,fecha_hora,tipo,id) values (?,?,?,default)
Hibernate: insert into aforo_registros (business_id,fecha_hora,tipo,id) values (?,?,?,default)
Hibernate: insert into aforo_registros (business_id,fecha_hora,tipo,id) values (?,?,?,default)
Hibernate: insert into aforo_registros (business_id,fecha_hora,tipo,id) values (?,?,?,default)
Hibernate: insert into aforo_registros (business_id,fecha_hora,tipo,id) values (?,?,?,default)
Hibernate: insert into aforo_registros (business_id,fecha_hora,tipo,id) values (?,?,?,default)
Hibernate: insert into aforo_registros (business_id,fecha_hora,tipo,id) values (?,?,?,default)
Hibernate: insert into aforo_registros (business_id,fecha_hora,tipo,id) values (?,?,?,default)
Hibernate: insert into aforo_registros (business_id,fecha_hora,tipo,id) values (?,?,?,default)
Hibernate: insert into aforo_registros (business_id,fecha_hora,tipo,id) values (?,?,?,default)
Hibernate: insert into aforo_registros (business_id,fecha_hora,tipo,id) values (?,?,?,default)
Hibernate: insert into aforo_registros (business_id,fecha_hora,tipo,id) values (?,?,?,default)
Hibernate: insert into aforo_registros (business_id,fecha_hora,tipo,id) values (?,?,?,default)
Hibernate: insert into aforo_registros (business_id,fecha_hora,tipo,id) values (?,?,?,default)
Hibernate: insert into aforo_registros (business_id,fecha_hora,tipo,id) values (?,?,?,default)
Hibernate: insert into aforo_registros (business_id,fecha_hora,tipo,id) values (?,?,?,default)
Hibernate: insert into aforo_registros (business_id,fecha_hora,tipo,id) values (?,?,?,default)
Hibernate: insert into aforo_registros (business_id,fecha_hora,tipo,id) values (?,?,?,default)
Hibernate: insert into aforo_registros (business_id,fecha_hora,tipo,id) values (?,?,?,default)
Hibernate: insert into aforo_registros (business_id,fecha_hora,tipo,id) values (?,?,?,default)
Hibernate: insert into aforo_registros (business_id,fecha_hora,tipo,id) values (?,?,?,default)
Hibernate: insert into aforo_registros (business_id,fecha_hora,tipo,id) values (?,?,?,default)
Hibernate: insert into aforo_registros (business_id,fecha_hora,tipo,id) values (?,?,?,default)
Hibernate: insert into aforo_registros (business_id,fecha_hora,tipo,id) values (?,?,?,default)
Hibernate: insert into aforo_registros (business_id,fecha_hora,tipo,id) values (?,?,?,default)
Hibernate: insert into aforo_registros (business_id,fecha_hora,tipo,id) values (?,?,?,default)
Hibernate: insert into aforo_registros (business_id,fecha_hora,tipo,id) values (?,?,?,default)
Hibernate: insert into aforo_registros (business_id,fecha_hora,tipo,id) values (?,?,?,default)
Hibernate: insert into aforo_registros (business_id,fecha_hora,tipo,id) values (?,?,?,default)
Hibernate: insert into aforo_registros (business_id,fecha_hora,tipo,id) values (?,?,?,default)
Hibernate: insert into aforo_registros (business_id,fecha_hora,tipo,id) values (?,?,?,default)
Hibernate: insert into aforo_registros (business_id,fecha_hora,tipo,id) values (?,?,?,default)
Hibernate: insert into aforo_registros (business_id,fecha_hora,tipo,id) values (?,?,?,default)
Hibernate: insert into aforo_registros (business_id,fecha_hora,tipo,id) values (?,?,?,default)
Hibernate: insert into aforo_registros (business_id,fecha_hora,tipo,id) values (?,?,?,default)
Hibernate: insert into aforo_registros (business_id,fecha_hora,tipo,id) values (?,?,?,default)
Hibernate: insert into aforo_registros (business_id,fecha_hora,tipo,id) values (?,?,?,default)
Hibernate: insert into aforo_registros (business_id,fecha_hora,tipo,id) values (?,?,?,default)
Hibernate: insert into aforo_registros (business_id,fecha_hora,tipo,id) values (?,?,?,default)
Hibernate: insert into aforo_registros (business_id,fecha_hora,tipo,id) values (?,?,?,default)
Hibernate: insert into aforo_registros (business_id,fecha_hora,tipo,id) values (?,?,?,default)
Hibernate: insert into aforo_registros (business_id,fecha_hora,tipo,id) values (?,?,?,default)
Hibernate: insert into aforo_registros (business_id,fecha_hora,tipo,id) values (?,?,?,default)
Hibernate: insert into aforo_registros (business_id,fecha_hora,tipo,id) values (?,?,?,default)
Hibernate: insert into aforo_registros (business_id,fecha_hora,tipo,id) values (?,?,?,default)
Hibernate: insert into aforo_registros (business_id,fecha_hora,tipo,id) values (?,?,?,default)
Hibernate: insert into aforo_registros (business_id,fecha_hora,tipo,id) values (?,?,?,default)
Hibernate: insert into aforo_registros (business_id,fecha_hora,tipo,id) values (?,?,?,default)
Hibernate: insert into aforo_registros (business_id,fecha_hora,tipo,id) values (?,?,?,default)
Hibernate: insert into aforo_registros (business_id,fecha_hora,tipo,id) values (?,?,?,default)
Hibernate: insert into aforo_registros (business_id,fecha_hora,tipo,id) values (?,?,?,default)
Hibernate: insert into aforo_registros (business_id,fecha_hora,tipo,id) values (?,?,?,default)
Hibernate: insert into aforo_registros (business_id,fecha_hora,tipo,id) values (?,?,?,default)
Hibernate: insert into aforo_registros (business_id,fecha_hora,tipo,id) values (?,?,?,default)
Hibernate: insert into aforo_registros (business_id,fecha_hora,tipo,id) values (?,?,?,default)
Hibernate: insert into aforo_registros (business_id,fecha_hora,tipo,id) values (?,?,?,default)
Hibernate: insert into aforo_registros (business_id,fecha_hora,tipo,id) values (?,?,?,default)
Hibernate: insert into aforo_registros (business_id,fecha_hora,tipo,id) values (?,?,?,default)
Hibernate: insert into aforo_registros (business_id,fecha_hora,tipo,id) values (?,?,?,default)
Hibernate: insert into aforo_registros (business_id,fecha_hora,tipo,id) values (?,?,?,default)
Hibernate: insert into aforo_registros (business_id,fecha_hora,tipo,id) values (?,?,?,default)
Hibernate: insert into aforo_registros (business_id,fecha_hora,tipo,id) values (?,?,?,default)
Hibernate: insert into aforo_registros (business_id,fecha_hora,tipo,id) values (?,?,?,default)
Hibernate: insert into aforo_registros (business_id,fecha_hora,tipo,id) values (?,?,?,default)
Hibernate: insert into aforo_registros (business_id,fecha_hora,tipo,id) values (?,?,?,default)
Hibernate: insert into aforo_registros (business_id,fecha_hora,tipo,id) values (?,?,?,default)
Hibernate: insert into aforo_registros (business_id,fecha_hora,tipo,id) values (?,?,?,default)
Hibernate: insert into aforo_registros (business_id,fecha_hora,tipo,id) values (?,?,?,default)
Hibernate: insert into aforo_registros (business_id,fecha_hora,tipo,id) values (?,?,?,default)
Hibernate: insert into aforo_registros (business_id,fecha_hora,tipo,id) values (?,?,?,default)
Hibernate: insert into aforo_registros (business_id,fecha_hora,tipo,id) values (?,?,?,default)
Hibernate: insert into aforo_registros (business_id,fecha_hora,tipo,id) values (?,?,?,default)
Hibernate: insert into aforo_registros (business_id,fecha_hora,tipo,id) values (?,?,?,default)
Hibernate: insert into aforo_registros (business_id,fecha_hora,tipo,id) values (?,?,?,default)
Hibernate: insert into aforo_registros (business_id,fecha_hora,tipo,id) values (?,?,?,default)
Hibernate: insert into aforo_registros (business_id,fecha_hora,tipo,id) values (?,?,?,default)
Hibernate: insert into aforo_registros (business_id,fecha_hora,tipo,id) values (?,?,?,default)
Hibernate: insert into aforo_registros (business_id,fecha_hora,tipo,id) values (?,?,?,default)
Hibernate: insert into aforo_registros (business_id,fecha_hora,tipo,id) values (?,?,?,default)
Hibernate: insert into aforo_registros (business_id,fecha_hora,tipo,id) values (?,?,?,default)
Hibernate: insert into aforo_registros (business_id,fecha_hora,tipo,id) values (?,?,?,default)
Hibernate: insert into aforo_registros (business_id,fecha_hora,tipo,id) values (?,?,?,default)
Hibernate: insert into aforo_registros (business_id,fecha_hora,tipo,id) values (?,?,?,default)
Hibernate: insert into aforo_registros (business_id,fecha_hora,tipo,id) values (?,?,?,default)
Hibernate: insert into aforo_registros (business_id,fecha_hora,tipo,id) values (?,?,?,default)
Hibernate: insert into aforo_registros (business_id,fecha_hora,tipo,id) values (?,?,?,default)
Hibernate: insert into aforo_registros (business_id,fecha_hora,tipo,id) values (?,?,?,default)
Hibernate: insert into aforo_registros (business_id,fecha_hora,tipo,id) values (?,?,?,default)
Hibernate: insert into aforo_registros (business_id,fecha_hora,tipo,id) values (?,?,?,default)
Hibernate: insert into aforo_registros (business_id,fecha_hora,tipo,id) values (?,?,?,default)
Hibernate: insert into aforo_registros (business_id,fecha_hora,tipo,id) values (?,?,?,default)
Hibernate: insert into aforo_registros (business_id,fecha_hora,tipo,id) values (?,?,?,default)
Hibernate: insert into aforo_registros (business_id,fecha_hora,tipo,id) values (?,?,?,default)
Hibernate: insert into aforo_registros (business_id,fecha_hora,tipo,id) values (?,?,?,default)
Hibernate: insert into aforo_registros (business_id,fecha_hora,tipo,id) values (?,?,?,default)
Hibernate: insert into aforo_registros (business_id,fecha_hora,tipo,id) values (?,?,?,default)
Hibernate: insert into aforo_registros (business_id,fecha_hora,tipo,id) values (?,?,?,default)
Hibernate: insert into aforo_registros (business_id,fecha_hora,tipo,id) values (?,?,?,default)
Hibernate: insert into aforo_registros (business_id,fecha_hora,tipo,id) values (?,?,?,default)
Hibernate: insert into aforo_registros (business_id,fecha_hora,tipo,id) values (?,?,?,default)
Hibernate: insert into aforo_registros (business_id,fecha_hora,tipo,id) values (?,?,?,default)
Hibernate: insert into aforo_registros (business_id,fecha_hora,tipo,id) values (?,?,?,default)
Hibernate: insert into aforo_registros (business_id,fecha_hora,tipo,id) values (?,?,?,default)
Hibernate: insert into aforo_registros (business_id,fecha_hora,tipo,id) values (?,?,?,default)
Hibernate: insert into aforo_registros (business_id,fecha_hora,tipo,id) values (?,?,?,default)
Hibernate: insert into aforo_registros (business_id,fecha_hora,tipo,id) values (?,?,?,default)
Hibernate: insert into aforo_registros (business_id,fecha_hora,tipo,id) values (?,?,?,default)
Hibernate: insert into aforo_registros (business_id,fecha_hora,tipo,id) values (?,?,?,default)
Hibernate: insert into aforo_registros (business_id,fecha_hora,tipo,id) values (?,?,?,default)
Hibernate: insert into aforo_registros (business_id,fecha_hora,tipo,id) values (?,?,?,default)
Hibernate: insert into aforo_registros (business_id,fecha_hora,tipo,id) values (?,?,?,default)
Hibernate: insert into aforo_registros (business_id,fecha_hora,tipo,id) values (?,?,?,default)
Hibernate: insert into aforo_registros (business_id,fecha_hora,tipo,id) values (?,?,?,default)
Hibernate: insert into aforo_registros (business_id,fecha_hora,tipo,id) values (?,?,?,default)
Hibernate: insert into aforo_registros (business_id,fecha_hora,tipo,id) values (?,?,?,default)
Hibernate: insert into aforo_registros (business_id,fecha_hora,tipo,id) values (?,?,?,default)
Hibernate: insert into aforo_registros (business_id,fecha_hora,tipo,id) values (?,?,?,default)
Hibernate: insert into aforo_registros (business_id,fecha_hora,tipo,id) values (?,?,?,default)
Hibernate: insert into aforo_registros (business_id,fecha_hora,tipo,id) values (?,?,?,default)
Hibernate: insert into aforo_registros (business_id,fecha_hora,tipo,id) values (?,?,?,default)
Hibernate: insert into aforo_registros (business_id,fecha_hora,tipo,id) values (?,?,?,default)
Hibernate: insert into aforo_registros (business_id,fecha_hora,tipo,id) values (?,?,?,default)
Hibernate: insert into aforo_registros (business_id,fecha_hora,tipo,id) values (?,?,?,default)
Hibernate: insert into aforo_registros (business_id,fecha_hora,tipo,id) values (?,?,?,default)
Hibernate: insert into aforo_registros (business_id,fecha_hora,tipo,id) values (?,?,?,default)
Hibernate: insert into aforo_registros (business_id,fecha_hora,tipo,id) values (?,?,?,default)
Hibernate: insert into aforo_registros (business_id,fecha_hora,tipo,id) values (?,?,?,default)
Hibernate: insert into aforo_registros (business_id,fecha_hora,tipo,id) values (?,?,?,default)
Hibernate: insert into aforo_registros (business_id,fecha_hora,tipo,id) values (?,?,?,default)
Hibernate: insert into aforo_registros (business_id,fecha_hora,tipo,id) values (?,?,?,default)
Hibernate: insert into aforo_registros (business_id,fecha_hora,tipo,id) values (?,?,?,default)
Hibernate: insert into aforo_registros (business_id,fecha_hora,tipo,id) values (?,?,?,default)
Hibernate: insert into aforo_registros (business_id,fecha_hora,tipo,id) values (?,?,?,default)
Hibernate: insert into aforo_registros (business_id,fecha_hora,tipo,id) values (?,?,?,default)
Hibernate: insert into aforo_registros (business_id,fecha_hora,tipo,id) values (?,?,?,default)
Hibernate: insert into aforo_registros (business_id,fecha_hora,tipo,id) values (?,?,?,default)
Hibernate: insert into aforo_registros (business_id,fecha_hora,tipo,id) values (?,?,?,default)
Hibernate: insert into aforo_registros (business_id,fecha_hora,tipo,id) values (?,?,?,default)
Hibernate: insert into aforo_registros (business_id,fecha_hora,tipo,id) values (?,?,?,default)
Hibernate: insert into aforo_registros (business_id,fecha_hora,tipo,id) values (?,?,?,default)
Hibernate: insert into aforo_registros (business_id,fecha_hora,tipo,id) values (?,?,?,default)
Hibernate: insert into aforo_registros (business_id,fecha_hora,tipo,id) values (?,?,?,default)
Hibernate: insert into aforo_registros (business_id,fecha_hora,tipo,id) values (?,?,?,default)
Hibernate: insert into aforo_registros (business_id,fecha_hora,tipo,id) values (?,?,?,default)
Hibernate: insert into aforo_registros (business_id,fecha_hora,tipo,id) values (?,?,?,default)
Hibernate: insert into aforo_registros (business_id,fecha_hora,tipo,id) values (?,?,?,default)
Hibernate: insert into aforo_registros (business_id,fecha_hora,tipo,id) values (?,?,?,default)
Hibernate: insert into aforo_registros (business_id,fecha_hora,tipo,id) values (?,?,?,default)
Hibernate: insert into aforo_registros (business_id,fecha_hora,tipo,id) values (?,?,?,default)
Hibernate: insert into aforo_registros (business_id,fecha_hora,tipo,id) values (?,?,?,default)
Hibernate: insert into aforo_registros (business_id,fecha_hora,tipo,id) values (?,?,?,default)
Hibernate: insert into aforo_registros (business_id,fecha_hora,tipo,id) values (?,?,?,default)
Hibernate: insert into aforo_registros (business_id,fecha_hora,tipo,id) values (?,?,?,default)
Hibernate: insert into aforo_registros (business_id,fecha_hora,tipo,id) values (?,?,?,default)
Hibernate: insert into aforo_registros (business_id,fecha_hora,tipo,id) values (?,?,?,default)
Hibernate: insert into aforo_registros (business_id,fecha_hora,tipo,id) values (?,?,?,default)
Hibernate: insert into aforo_registros (business_id,fecha_hora,tipo,id) values (?,?,?,default)
Hibernate: insert into aforo_registros (business_id,fecha_hora,tipo,id) values (?,?,?,default)
Hibernate: insert into aforo_registros (business_id,fecha_hora,tipo,id) values (?,?,?,default)
Hibernate: insert into aforo_registros (business_id,fecha_hora,tipo,id) values (?,?,?,default)
Hibernate: insert into aforo_registros (business_id,fecha_hora,tipo,id) values (?,?,?,default)
Hibernate: insert into aforo_registros (business_id,fecha_hora,tipo,id) values (?,?,?,default)
Hibernate: insert into aforo_registros (business_id,fecha_hora,tipo,id) values (?,?,?,default)
Hibernate: insert into aforo_registros (business_id,fecha_hora,tipo,id) values (?,?,?,default)
Hibernate: insert into aforo_registros (business_id,fecha_hora,tipo,id) values (?,?,?,default)
Hibernate: insert into aforo_registros (business_id,fecha_hora,tipo,id) values (?,?,?,default)
Hibernate: insert into aforo_registros (business_id,fecha_hora,tipo,id) values (?,?,?,default)
Hibernate: insert into aforo_registros (business_id,fecha_hora,tipo,id) values (?,?,?,default)
Hibernate: insert into aforo_registros (business_id,fecha_hora,tipo,id) values (?,?,?,default)
Hibernate: insert into aforo_registros (business_id,fecha_hora,tipo,id) values (?,?,?,default)
Hibernate: insert into aforo_registros (business_id,fecha_hora,tipo,id) values (?,?,?,default)
Hibernate: insert into aforo_registros (business_id,fecha_hora,tipo,id) values (?,?,?,default)
Hibernate: insert into aforo_registros (business_id,fecha_hora,tipo,id) values (?,?,?,default)
Hibernate: insert into aforo_registros (business_id,fecha_hora,tipo,id) values (?,?,?,default)
Hibernate: insert into aforo_registros (business_id,fecha_hora,tipo,id) values (?,?,?,default)
Hibernate: insert into aforo_registros (business_id,fecha_hora,tipo,id) values (?,?,?,default)
Hibernate: insert into aforo_registros (business_id,fecha_hora,tipo,id) values (?,?,?,default)
Hibernate: insert into aforo_registros (business_id,fecha_hora,tipo,id) values (?,?,?,default)
Hibernate: insert into aforo_registros (business_id,fecha_hora,tipo,id) values (?,?,?,default)
Hibernate: insert into aforo_registros (business_id,fecha_hora,tipo,id) values (?,?,?,default)
Hibernate: insert into aforo_registros (business_id,fecha_hora,tipo,id) values (?,?,?,default)
Hibernate: insert into aforo_registros (business_id,fecha_hora,tipo,id) values (?,?,?,default)
Hibernate: insert into aforo_registros (business_id,fecha_hora,tipo,id) values (?,?,?,default)
Hibernate: insert into aforo_registros (business_id,fecha_hora,tipo,id) values (?,?,?,default)
Hibernate: insert into aforo_registros (business_id,fecha_hora,tipo,id) values (?,?,?,default)
Hibernate: insert into aforo_registros (business_id,fecha_hora,tipo,id) values (?,?,?,default)
Hibernate: insert into aforo_registros (business_id,fecha_hora,tipo,id) values (?,?,?,default)
Hibernate: insert into aforo_registros (business_id,fecha_hora,tipo,id) values (?,?,?,default)
Hibernate: insert into aforo_registros (business_id,fecha_hora,tipo,id) values (?,?,?,default)
Hibernate: insert into aforo_registros (business_id,fecha_hora,tipo,id) values (?,?,?,default)
Hibernate: insert into aforo_registros (business_id,fecha_hora,tipo,id) values (?,?,?,default)
Hibernate: insert into aforo_registros (business_id,fecha_hora,tipo,id) values (?,?,?,default)
Hibernate: insert into aforo_registros (business_id,fecha_hora,tipo,id) values (?,?,?,default)
Hibernate: insert into aforo_registros (business_id,fecha_hora,tipo,id) values (?,?,?,default)
Hibernate: insert into aforo_registros (business_id,fecha_hora,tipo,id) values (?,?,?,default)
Hibernate: insert into aforo_registros (business_id,fecha_hora,tipo,id) values (?,?,?,default)
Hibernate: insert into aforo_registros (business_id,fecha_hora,tipo,id) values (?,?,?,default)
Hibernate: insert into aforo_registros (business_id,fecha_hora,tipo,id) values (?,?,?,default)
Hibernate: insert into aforo_registros (business_id,fecha_hora,tipo,id) values (?,?,?,default)
Hibernate: insert into aforo_registros (business_id,fecha_hora,tipo,id) values (?,?,?,default)
Hibernate: insert into aforo_registros (business_id,fecha_hora,tipo,id) values (?,?,?,default)
Hibernate: insert into aforo_registros (business_id,fecha_hora,tipo,id) values (?,?,?,default)
Hibernate: insert into aforo_registros (business_id,fecha_hora,tipo,id) values (?,?,?,default)
Hibernate: insert into aforo_registros (business_id,fecha_hora,tipo,id) values (?,?,?,default)
Hibernate: insert into aforo_registros (business_id,fecha_hora,tipo,id) values (?,?,?,default)
Hibernate: insert into aforo_registros (business_id,fecha_hora,tipo,id) values (?,?,?,default)
Hibernate: insert into aforo_registros (business_id,fecha_hora,tipo,id) values (?,?,?,default)
Hibernate: insert into aforo_registros (business_id,fecha_hora,tipo,id) values (?,?,?,default)
Hibernate: insert into aforo_registros (business_id,fecha_hora,tipo,id) values (?,?,?,default)
Hibernate: insert into aforo_registros (business_id,fecha_hora,tipo,id) values (?,?,?,default)
Hibernate: insert into aforo_registros (business_id,fecha_hora,tipo,id) values (?,?,?,default)
Hibernate: insert into aforo_registros (business_id,fecha_hora,tipo,id) values (?,?,?,default)
Hibernate: insert into aforo_registros (business_id,fecha_hora,tipo,id) values (?,?,?,default)
Hibernate: insert into aforo_registros (business_id,fecha_hora,tipo,id) values (?,?,?,default)
Hibernate: insert into aforo_registros (business_id,fecha_hora,tipo,id) values (?,?,?,default)
Hibernate: insert into aforo_registros (business_id,fecha_hora,tipo,id) values (?,?,?,default)
Hibernate: insert into aforo_registros (business_id,fecha_hora,tipo,id) values (?,?,?,default)
Hibernate: insert into aforo_registros (business_id,fecha_hora,tipo,id) values (?,?,?,default)
Hibernate: insert into aforo_registros (business_id,fecha_hora,tipo,id) values (?,?,?,default)
Hibernate: insert into aforo_registros (business_id,fecha_hora,tipo,id) values (?,?,?,default)
Hibernate: insert into aforo_registros (business_id,fecha_hora,tipo,id) values (?,?,?,default)
Hibernate: insert into aforo_registros (business_id,fecha_hora,tipo,id) values (?,?,?,default)
Hibernate: insert into aforo_registros (business_id,fecha_hora,tipo,id) values (?,?,?,default)
Hibernate: insert into aforo_registros (business_id,fecha_hora,tipo,id) values (?,?,?,default)
Hibernate: insert into aforo_registros (business_id,fecha_hora,tipo,id) values (?,?,?,default)
Hibernate: insert into aforo_registros (business_id,fecha_hora,tipo,id) values (?,?,?,default)
Hibernate: insert into aforo_registros (business_id,fecha_hora,tipo,id) values (?,?,?,default)
Hibernate: insert into aforo_registros (business_id,fecha_hora,tipo,id) values (?,?,?,default)
Hibernate: insert into aforo_registros (business_id,fecha_hora,tipo,id) values (?,?,?,default)
Hibernate: insert into aforo_registros (business_id,fecha_hora,tipo,id) values (?,?,?,default)
Hibernate: insert into aforo_registros (business_id,fecha_hora,tipo,id) values (?,?,?,default)
Hibernate: insert into aforo_registros (business_id,fecha_hora,tipo,id) values (?,?,?,default)
Hibernate: insert into aforo_registros (business_id,fecha_hora,tipo,id) values (?,?,?,default)
Hibernate: insert into aforo_registros (business_id,fecha_hora,tipo,id) values (?,?,?,default)
Hibernate: insert into aforo_registros (business_id,fecha_hora,tipo,id) values (?,?,?,default)
Hibernate: insert into aforo_registros (business_id,fecha_hora,tipo,id) values (?,?,?,default)
Hibernate: insert into aforo_registros (business_id,fecha_hora,tipo,id) values (?,?,?,default)
Hibernate: insert into aforo_registros (business_id,fecha_hora,tipo,id) values (?,?,?,default)
Hibernate: insert into aforo_registros (business_id,fecha_hora,tipo,id) values (?,?,?,default)
Hibernate: insert into aforo_registros (business_id,fecha_hora,tipo,id) values (?,?,?,default)
Hibernate: insert into aforo_registros (business_id,fecha_hora,tipo,id) values (?,?,?,default)
Hibernate: insert into aforo_registros (business_id,fecha_hora,tipo,id) values (?,?,?,default)
Hibernate: insert into aforo_registros (business_id,fecha_hora,tipo,id) values (?,?,?,default)
Hibernate: insert into aforo_registros (business_id,fecha_hora,tipo,id) values (?,?,?,default)
Hibernate: insert into aforo_registros (business_id,fecha_hora,tipo,id) values (?,?,?,default)
Hibernate: insert into aforo_registros (business_id,fecha_hora,tipo,id) values (?,?,?,default)
Hibernate: insert into aforo_registros (business_id,fecha_hora,tipo,id) values (?,?,?,default)
Hibernate: insert into aforo_registros (business_id,fecha_hora,tipo,id) values (?,?,?,default)
Hibernate: insert into aforo_registros (business_id,fecha_hora,tipo,id) values (?,?,?,default)
Hibernate: insert into aforo_registros (business_id,fecha_hora,tipo,id) values (?,?,?,default)
Hibernate: insert into aforo_registros (business_id,fecha_hora,tipo,id) values (?,?,?,default)
Hibernate: insert into aforo_registros (business_id,fecha_hora,tipo,id) values (?,?,?,default)
Hibernate: insert into aforo_registros (business_id,fecha_hora,tipo,id) values (?,?,?,default)
Hibernate: insert into aforo_registros (business_id,fecha_hora,tipo,id) values (?,?,?,default)
Hibernate: insert into aforo_registros (business_id,fecha_hora,tipo,id) values (?,?,?,default)
Hibernate: insert into aforo_registros (business_id,fecha_hora,tipo,id) values (?,?,?,default)
Hibernate: insert into aforo_registros (business_id,fecha_hora,tipo,id) values (?,?,?,default)
Hibernate: insert into aforo_registros (business_id,fecha_hora,tipo,id) values (?,?,?,default)
Hibernate: insert into aforo_registros (business_id,fecha_hora,tipo,id) values (?,?,?,default)
Hibernate: insert into aforo_registros (business_id,fecha_hora,tipo,id) values (?,?,?,default)
Hibernate: insert into aforo_registros (business_id,fecha_hora,tipo,id) values (?,?,?,default)
Hibernate: insert into aforo_registros (business_id,fecha_hora,tipo,id) values (?,?,?,default)
Hibernate: insert into aforo_registros (business_id,fecha_hora,tipo,id) values (?,?,?,default)
Hibernate: insert into aforo_registros (business_id,fecha_hora,tipo,id) values (?,?,?,default)
Hibernate: insert into aforo_registros (business_id,fecha_hora,tipo,id) values (?,?,?,default)
Hibernate: insert into aforo_registros (business_id,fecha_hora,tipo,id) values (?,?,?,default)
Hibernate: insert into aforo_registros (business_id,fecha_hora,tipo,id) values (?,?,?,default)
Hibernate: insert into aforo_registros (business_id,fecha_hora,tipo,id) values (?,?,?,default)
Hibernate: insert into aforo_registros (business_id,fecha_hora,tipo,id) values (?,?,?,default)
Hibernate: insert into aforo_registros (business_id,fecha_hora,tipo,id) values (?,?,?,default)
Hibernate: insert into aforo_registros (business_id,fecha_hora,tipo,id) values (?,?,?,default)
Hibernate: insert into aforo_registros (business_id,fecha_hora,tipo,id) values (?,?,?,default)
Hibernate: insert into aforo_registros (business_id,fecha_hora,tipo,id) values (?,?,?,default)
Hibernate: insert into aforo_registros (business_id,fecha_hora,tipo,id) values (?,?,?,default)
Hibernate: insert into aforo_registros (business_id,fecha_hora,tipo,id) values (?,?,?,default)
Hibernate: insert into aforo_registros (business_id,fecha_hora,tipo,id) values (?,?,?,default)
Hibernate: insert into aforo_registros (business_id,fecha_hora,tipo,id) values (?,?,?,default)
Hibernate: insert into aforo_registros (business_id,fecha_hora,tipo,id) values (?,?,?,default)
Hibernate: insert into aforo_registros (business_id,fecha_hora,tipo,id) values (?,?,?,default)
Hibernate: insert into aforo_registros (business_id,fecha_hora,tipo,id) values (?,?,?,default)
Hibernate: insert into aforo_registros (business_id,fecha_hora,tipo,id) values (?,?,?,default)
Hibernate: insert into aforo_registros (business_id,fecha_hora,tipo,id) values (?,?,?,default)
Hibernate: insert into aforo_registros (business_id,fecha_hora,tipo,id) values (?,?,?,default)
Hibernate: insert into aforo_registros (business_id,fecha_hora,tipo,id) values (?,?,?,default)
Hibernate: insert into aforo_registros (business_id,fecha_hora,tipo,id) values (?,?,?,default)
Hibernate: insert into aforo_registros (business_id,fecha_hora,tipo,id) values (?,?,?,default)
Hibernate: insert into aforo_registros (business_id,fecha_hora,tipo,id) values (?,?,?,default)
Hibernate: insert into aforo_registros (business_id,fecha_hora,tipo,id) values (?,?,?,default)
Hibernate: insert into aforo_registros (business_id,fecha_hora,tipo,id) values (?,?,?,default)
Hibernate: insert into aforo_registros (business_id,fecha_hora,tipo,id) values (?,?,?,default)
Hibernate: insert into aforo_registros (business_id,fecha_hora,tipo,id) values (?,?,?,default)
Hibernate: insert into aforo_registros (business_id,fecha_hora,tipo,id) values (?,?,?,default)
Hibernate: insert into aforo_registros (business_id,fecha_hora,tipo,id) values (?,?,?,default)
Hibernate: insert into aforo_registros (business_id,fecha_hora,tipo,id) values (?,?,?,default)
Hibernate: insert into aforo_registros (business_id,fecha_hora,tipo,id) values (?,?,?,default)
Hibernate: insert into aforo_registros (business_id,fecha_hora,tipo,id) values (?,?,?,default)
Hibernate: insert into aforo_registros (business_id,fecha_hora,tipo,id) values (?,?,?,default)
Hibernate: insert into aforo_registros (business_id,fecha_hora,tipo,id) values (?,?,?,default)
Hibernate: insert into aforo_registros (business_id,fecha_hora,tipo,id) values (?,?,?,default)
Hibernate: insert into aforo_registros (business_id,fecha_hora,tipo,id) values (?,?,?,default)
Hibernate: insert into aforo_registros (business_id,fecha_hora,tipo,id) values (?,?,?,default)
Hibernate: insert into aforo_registros (business_id,fecha_hora,tipo,id) values (?,?,?,default)
Hibernate: insert into aforo_registros (business_id,fecha_hora,tipo,id) values (?,?,?,default)
Hibernate: insert into aforo_registros (business_id,fecha_hora,tipo,id) values (?,?,?,default)
Hibernate: insert into aforo_registros (business_id,fecha_hora,tipo,id) values (?,?,?,default)
Hibernate: insert into aforo_registros (business_id,fecha_hora,tipo,id) values (?,?,?,default)
Hibernate: insert into aforo_registros (business_id,fecha_hora,tipo,id) values (?,?,?,default)
Hibernate: insert into aforo_registros (business_id,fecha_hora,tipo,id) values (?,?,?,default)
Hibernate: insert into aforo_registros (business_id,fecha_hora,tipo,id) values (?,?,?,default)
Hibernate: insert into aforo_registros (business_id,fecha_hora,tipo,id) values (?,?,?,default)
Hibernate: insert into aforo_registros (business_id,fecha_hora,tipo,id) values (?,?,?,default)
Hibernate: insert into aforo_registros (business_id,fecha_hora,tipo,id) values (?,?,?,default)
Hibernate: insert into aforo_registros (business_id,fecha_hora,tipo,id) values (?,?,?,default)
Hibernate: insert into aforo_registros (business_id,fecha_hora,tipo,id) values (?,?,?,default)
Hibernate: insert into aforo_registros (business_id,fecha_hora,tipo,id) values (?,?,?,default)
Hibernate: insert into aforo_registros (business_id,fecha_hora,tipo,id) values (?,?,?,default)
Hibernate: insert into aforo_registros (business_id,fecha_hora,tipo,id) values (?,?,?,default)
Hibernate: insert into aforo_registros (business_id,fecha_hora,tipo,id) values (?,?,?,default)
Hibernate: insert into aforo_registros (business_id,fecha_hora,tipo,id) values (?,?,?,default)
Hibernate: insert into aforo_registros (business_id,fecha_hora,tipo,id) values (?,?,?,default)
Hibernate: insert into aforo_registros (business_id,fecha_hora,tipo,id) values (?,?,?,default)
Hibernate: insert into aforo_registros (business_id,fecha_hora,tipo,id) values (?,?,?,default)
Hibernate: insert into aforo_registros (business_id,fecha_hora,tipo,id) values (?,?,?,default)
Hibernate: insert into aforo_registros (business_id,fecha_hora,tipo,id) values (?,?,?,default)
Hibernate: insert into aforo_registros (business_id,fecha_hora,tipo,id) values (?,?,?,default)
Hibernate: insert into aforo_registros (business_id,fecha_hora,tipo,id) values (?,?,?,default)
Hibernate: insert into aforo_registros (business_id,fecha_hora,tipo,id) values (?,?,?,default)
Hibernate: insert into aforo_registros (business_id,fecha_hora,tipo,id) values (?,?,?,default)
Hibernate: insert into aforo_registros (business_id,fecha_hora,tipo,id) values (?,?,?,default)
Hibernate: insert into aforo_registros (business_id,fecha_hora,tipo,id) values (?,?,?,default)
Hibernate: insert into aforo_registros (business_id,fecha_hora,tipo,id) values (?,?,?,default)
Hibernate: insert into aforo_registros (business_id,fecha_hora,tipo,id) values (?,?,?,default)
Hibernate: insert into aforo_registros (business_id,fecha_hora,tipo,id) values (?,?,?,default)
Hibernate: insert into aforo_registros (business_id,fecha_hora,tipo,id) values (?,?,?,default)
Hibernate: insert into aforo_registros (business_id,fecha_hora,tipo,id) values (?,?,?,default)
Hibernate: insert into aforo_registros (business_id,fecha_hora,tipo,id) values (?,?,?,default)
Hibernate: insert into aforo_registros (business_id,fecha_hora,tipo,id) values (?,?,?,default)
Hibernate: insert into aforo_registros (business_id,fecha_hora,tipo,id) values (?,?,?,default)
Hibernate: insert into aforo_registros (business_id,fecha_hora,tipo,id) values (?,?,?,default)
Hibernate: insert into aforo_registros (business_id,fecha_hora,tipo,id) values (?,?,?,default)
Hibernate: insert into aforo_registros (business_id,fecha_hora,tipo,id) values (?,?,?,default)
Hibernate: insert into aforo_registros (business_id,fecha_hora,tipo,id) values (?,?,?,default)
Hibernate: insert into aforo_registros (business_id,fecha_hora,tipo,id) values (?,?,?,default)
Hibernate: insert into aforo_registros (business_id,fecha_hora,tipo,id) values (?,?,?,default)
Hibernate: insert into aforo_registros (business_id,fecha_hora,tipo,id) values (?,?,?,default)
Hibernate: insert into aforo_registros (business_id,fecha_hora,tipo,id) values (?,?,?,default)
Hibernate: insert into aforo_registros (business_id,fecha_hora,tipo,id) values (?,?,?,default)
Hibernate: insert into aforo_registros (business_id,fecha_hora,tipo,id) values (?,?,?,default)
Hibernate: insert into aforo_registros (business_id,fecha_hora,tipo,id) values (?,?,?,default)
Hibernate: insert into aforo_registros (business_id,fecha_hora,tipo,id) values (?,?,?,default)
Hibernate: insert into aforo_registros (business_id,fecha_hora,tipo,id) values (?,?,?,default)
Hibernate: insert into aforo_registros (business_id,fecha_hora,tipo,id) values (?,?,?,default)
Hibernate: insert into aforo_registros (business_id,fecha_hora,tipo,id) values (?,?,?,default)
Hibernate: insert into aforo_registros (business_id,fecha_hora,tipo,id) values (?,?,?,default)
Hibernate: insert into aforo_registros (business_id,fecha_hora,tipo,id) values (?,?,?,default)
Hibernate: insert into aforo_registros (business_id,fecha_hora,tipo,id) values (?,?,?,default)
Hibernate: insert into aforo_registros (business_id,fecha_hora,tipo,id) values (?,?,?,default)
Hibernate: insert into aforo_registros (business_id,fecha_hora,tipo,id) values (?,?,?,default)
Hibernate: insert into aforo_registros (business_id,fecha_hora,tipo,id) values (?,?,?,default)
Hibernate: insert into aforo_registros (business_id,fecha_hora,tipo,id) values (?,?,?,default)
Hibernate: insert into aforo_registros (business_id,fecha_hora,tipo,id) values (?,?,?,default)
Hibernate: insert into aforo_registros (business_id,fecha_hora,tipo,id) values (?,?,?,default)
Hibernate: insert into aforo_registros (business_id,fecha_hora,tipo,id) values (?,?,?,default)
Hibernate: insert into aforo_registros (business_id,fecha_hora,tipo,id) values (?,?,?,default)
Hibernate: insert into aforo_registros (business_id,fecha_hora,tipo,id) values (?,?,?,default)
Hibernate: insert into aforo_registros (business_id,fecha_hora,tipo,id) values (?,?,?,default)
Hibernate: insert into aforo_registros (business_id,fecha_hora,tipo,id) values (?,?,?,default)
Hibernate: insert into aforo_registros (business_id,fecha_hora,tipo,id) values (?,?,?,default)
Hibernate: insert into aforo_registros (business_id,fecha_hora,tipo,id) values (?,?,?,default)
Hibernate: insert into aforo_registros (business_id,fecha_hora,tipo,id) values (?,?,?,default)
Hibernate: insert into aforo_registros (business_id,fecha_hora,tipo,id) values (?,?,?,default)
Hibernate: insert into aforo_registros (business_id,fecha_hora,tipo,id) values (?,?,?,default)
Hibernate: insert into aforo_registros (business_id,fecha_hora,tipo,id) values (?,?,?,default)
Hibernate: insert into aforo_registros (business_id,fecha_hora,tipo,id) values (?,?,?,default)
Hibernate: insert into aforo_registros (business_id,fecha_hora,tipo,id) values (?,?,?,default)
Hibernate: insert into aforo_registros (business_id,fecha_hora,tipo,id) values (?,?,?,default)
Hibernate: insert into aforo_registros (business_id,fecha_hora,tipo,id) values (?,?,?,default)
Hibernate: insert into aforo_registros (business_id,fecha_hora,tipo,id) values (?,?,?,default)
Hibernate: insert into aforo_registros (business_id,fecha_hora,tipo,id) values (?,?,?,default)
Hibernate: insert into aforo_registros (business_id,fecha_hora,tipo,id) values (?,?,?,default)
Hibernate: insert into aforo_registros (business_id,fecha_hora,tipo,id) values (?,?,?,default)
Hibernate: insert into aforo_registros (business_id,fecha_hora,tipo,id) values (?,?,?,default)
Hibernate: insert into aforo_registros (business_id,fecha_hora,tipo,id) values (?,?,?,default)
Hibernate: insert into aforo_registros (business_id,fecha_hora,tipo,id) values (?,?,?,default)
Hibernate: insert into aforo_registros (business_id,fecha_hora,tipo,id) values (?,?,?,default)
Hibernate: insert into aforo_registros (business_id,fecha_hora,tipo,id) values (?,?,?,default)
Hibernate: insert into aforo_registros (business_id,fecha_hora,tipo,id) values (?,?,?,default)
Hibernate: insert into aforo_registros (business_id,fecha_hora,tipo,id) values (?,?,?,default)
Hibernate: insert into aforo_registros (business_id,fecha_hora,tipo,id) values (?,?,?,default)
Hibernate: insert into aforo_registros (business_id,fecha_hora,tipo,id) values (?,?,?,default)
Hibernate: insert into aforo_registros (business_id,fecha_hora,tipo,id) values (?,?,?,default)
Hibernate: insert into aforo_registros (business_id,fecha_hora,tipo,id) values (?,?,?,default)
Hibernate: insert into aforo_registros (business_id,fecha_hora,tipo,id) values (?,?,?,default)
Hibernate: insert into aforo_registros (business_id,fecha_hora,tipo,id) values (?,?,?,default)
Hibernate: insert into aforo_registros (business_id,fecha_hora,tipo,id) values (?,?,?,default)
Hibernate: insert into aforo_registros (business_id,fecha_hora,tipo,id) values (?,?,?,default)
Hibernate: insert into aforo_registros (business_id,fecha_hora,tipo,id) values (?,?,?,default)
Hibernate: insert into aforo_registros (business_id,fecha_hora,tipo,id) values (?,?,?,default)
Hibernate: insert into aforo_registros (business_id,fecha_hora,tipo,id) values (?,?,?,default)
Hibernate: insert into aforo_registros (business_id,fecha_hora,tipo,id) values (?,?,?,default)
Hibernate: insert into aforo_registros (business_id,fecha_hora,tipo,id) values (?,?,?,default)
Hibernate: insert into aforo_registros (business_id,fecha_hora,tipo,id) values (?,?,?,default)
Hibernate: insert into aforo_registros (business_id,fecha_hora,tipo,id) values (?,?,?,default)
Hibernate: insert into aforo_registros (business_id,fecha_hora,tipo,id) values (?,?,?,default)
Hibernate: insert into aforo_registros (business_id,fecha_hora,tipo,id) values (?,?,?,default)
Hibernate: insert into aforo_registros (business_id,fecha_hora,tipo,id) values (?,?,?,default)
Hibernate: insert into aforo_registros (business_id,fecha_hora,tipo,id) values (?,?,?,default)
Hibernate: insert into aforo_registros (business_id,fecha_hora,tipo,id) values (?,?,?,default)
Hibernate: insert into aforo_registros (business_id,fecha_hora,tipo,id) values (?,?,?,default)
Hibernate: insert into aforo_registros (business_id,fecha_hora,tipo,id) values (?,?,?,default)
Hibernate: insert into aforo_registros (business_id,fecha_hora,tipo,id) values (?,?,?,default)
Hibernate: insert into aforo_registros (business_id,fecha_hora,tipo,id) values (?,?,?,default)
Hibernate: insert into aforo_registros (business_id,fecha_hora,tipo,id) values (?,?,?,default)
Hibernate: insert into aforo_registros (business_id,fecha_hora,tipo,id) values (?,?,?,default)
Hibernate: insert into aforo_registros (business_id,fecha_hora,tipo,id) values (?,?,?,default)
Hibernate: insert into aforo_registros (business_id,fecha_hora,tipo,id) values (?,?,?,default)
Hibernate: insert into aforo_registros (business_id,fecha_hora,tipo,id) values (?,?,?,default)
Hibernate: insert into aforo_registros (business_id,fecha_hora,tipo,id) values (?,?,?,default)
Hibernate: insert into aforo_registros (business_id,fecha_hora,tipo,id) values (?,?,?,default)
Hibernate: insert into aforo_registros (business_id,fecha_hora,tipo,id) values (?,?,?,default)
Hibernate: insert into aforo_registros (business_id,fecha_hora,tipo,id) values (?,?,?,default)
Hibernate: insert into aforo_registros (business_id,fecha_hora,tipo,id) values (?,?,?,default)
Hibernate: insert into aforo_registros (business_id,fecha_hora,tipo,id) values (?,?,?,default)
Hibernate: insert into aforo_registros (business_id,fecha_hora,tipo,id) values (?,?,?,default)
Hibernate: insert into aforo_registros (business_id,fecha_hora,tipo,id) values (?,?,?,default)
Hibernate: insert into aforo_registros (business_id,fecha_hora,tipo,id) values (?,?,?,default)
Hibernate: insert into aforo_registros (business_id,fecha_hora,tipo,id) values (?,?,?,default)
Hibernate: insert into aforo_registros (business_id,fecha_hora,tipo,id) values (?,?,?,default)
Hibernate: insert into aforo_registros (business_id,fecha_hora,tipo,id) values (?,?,?,default)
Hibernate: insert into aforo_registros (business_id,fecha_hora,tipo,id) values (?,?,?,default)
Hibernate: insert into aforo_registros (business_id,fecha_hora,tipo,id) values (?,?,?,default)
Hibernate: insert into aforo_registros (business_id,fecha_hora,tipo,id) values (?,?,?,default)
Hibernate: insert into aforo_registros (business_id,fecha_hora,tipo,id) values (?,?,?,default)
Hibernate: insert into aforo_registros (business_id,fecha_hora,tipo,id) values (?,?,?,default)
Hibernate: insert into aforo_registros (business_id,fecha_hora,tipo,id) values (?,?,?,default)
Hibernate: insert into aforo_registros (business_id,fecha_hora,tipo,id) values (?,?,?,default)
Hibernate: insert into aforo_registros (business_id,fecha_hora,tipo,id) values (?,?,?,default)
Hibernate: insert into aforo_registros (business_id,fecha_hora,tipo,id) values (?,?,?,default)
Hibernate: insert into aforo_registros (business_id,fecha_hora,tipo,id) values (?,?,?,default)
Hibernate: insert into aforo_registros (business_id,fecha_hora,tipo,id) values (?,?,?,default)
Hibernate: insert into aforo_registros (business_id,fecha_hora,tipo,id) values (?,?,?,default)
Hibernate: insert into aforo_registros (business_id,fecha_hora,tipo,id) values (?,?,?,default)
Hibernate: insert into aforo_registros (business_id,fecha_hora,tipo,id) values (?,?,?,default)
Hibernate: insert into aforo_registros (business_id,fecha_hora,tipo,id) values (?,?,?,default)
Hibernate: insert into aforo_registros (business_id,fecha_hora,tipo,id) values (?,?,?,default)
Hibernate: insert into aforo_registros (business_id,fecha_hora,tipo,id) values (?,?,?,default)
Hibernate: insert into aforo_registros (business_id,fecha_hora,tipo,id) values (?,?,?,default)
Hibernate: insert into aforo_registros (business_id,fecha_hora,tipo,id) values (?,?,?,default)
Hibernate: insert into aforo_registros (business_id,fecha_hora,tipo,id) values (?,?,?,default)
Hibernate: insert into aforo_registros (business_id,fecha_hora,tipo,id) values (?,?,?,default)
Hibernate: insert into aforo_registros (business_id,fecha_hora,tipo,id) values (?,?,?,default)
Hibernate: insert into aforo_registros (business_id,fecha_hora,tipo,id) values (?,?,?,default)
Hibernate: insert into aforo_registros (business_id,fecha_hora,tipo,id) values (?,?,?,default)
Hibernate: insert into aforo_registros (business_id,fecha_hora,tipo,id) values (?,?,?,default)
Hibernate: insert into aforo_registros (business_id,fecha_hora,tipo,id) values (?,?,?,default)
Hibernate: insert into aforo_registros (business_id,fecha_hora,tipo,id) values (?,?,?,default)
Hibernate: insert into aforo_registros (business_id,fecha_hora,tipo,id) values (?,?,?,default)
Hibernate: insert into aforo_registros (business_id,fecha_hora,tipo,id) values (?,?,?,default)
Hibernate: insert into aforo_registros (business_id,fecha_hora,tipo,id) values (?,?,?,default)
Hibernate: insert into aforo_registros (business_id,fecha_hora,tipo,id) values (?,?,?,default)
Hibernate: insert into aforo_registros (business_id,fecha_hora,tipo,id) values (?,?,?,default)
Hibernate: insert into aforo_registros (business_id,fecha_hora,tipo,id) values (?,?,?,default)
Hibernate: insert into aforo_registros (business_id,fecha_hora,tipo,id) values (?,?,?,default)
Hibernate: insert into aforo_registros (business_id,fecha_hora,tipo,id) values (?,?,?,default)
Hibernate: insert into aforo_registros (business_id,fecha_hora,tipo,id) values (?,?,?,default)
Hibernate: insert into aforo_registros (business_id,fecha_hora,tipo,id) values (?,?,?,default)
Hibernate: insert into aforo_registros (business_id,fecha_hora,tipo,id) values (?,?,?,default)
Hibernate: insert into aforo_registros (business_id,fecha_hora,tipo,id) values (?,?,?,default)
Hibernate: insert into aforo_registros (business_id,fecha_hora,tipo,id) values (?,?,?,default)
Hibernate: insert into aforo_registros (business_id,fecha_hora,tipo,id) values (?,?,?,default)
Hibernate: insert into aforo_registros (business_id,fecha_hora,tipo,id) values (?,?,?,default)
Hibernate: insert into aforo_registros (business_id,fecha_hora,tipo,id) values (?,?,?,default)
Hibernate: insert into aforo_registros (business_id,fecha_hora,tipo,id) values (?,?,?,default)
Hibernate: insert into aforo_registros (business_id,fecha_hora,tipo,id) values (?,?,?,default)
Hibernate: insert into aforo_registros (business_id,fecha_hora,tipo,id) values (?,?,?,default)
Hibernate: insert into aforo_registros (business_id,fecha_hora,tipo,id) values (?,?,?,default)
Hibernate: insert into aforo_registros (business_id,fecha_hora,tipo,id) values (?,?,?,default)
Hibernate: insert into aforo_registros (business_id,fecha_hora,tipo,id) values (?,?,?,default)
Hibernate: insert into aforo_registros (business_id,fecha_hora,tipo,id) values (?,?,?,default)
Hibernate: insert into aforo_registros (business_id,fecha_hora,tipo,id) values (?,?,?,default)
Hibernate: insert into aforo_registros (business_id,fecha_hora,tipo,id) values (?,?,?,default)
Hibernate: insert into aforo_registros (business_id,fecha_hora,tipo,id) values (?,?,?,default)
Hibernate: insert into aforo_registros (business_id,fecha_hora,tipo,id) values (?,?,?,default)
Hibernate: insert into aforo_registros (business_id,fecha_hora,tipo,id) values (?,?,?,default)
Hibernate: insert into aforo_registros (business_id,fecha_hora,tipo,id) values (?,?,?,default)
Hibernate: insert into aforo_registros (business_id,fecha_hora,tipo,id) values (?,?,?,default)
Hibernate: insert into aforo_registros (business_id,fecha_hora,tipo,id) values (?,?,?,default)
>>> Sembrador: Historial de 3 meses generado para el negocio 1
Mockito is currently self-attaching to enable the inline-mock-maker. This will no longer work in future releases of the JDK. Please add Mockito as an agent to your build as described in Mockito's documentation: https://javadoc.io/doc/org.mockito/mockito-core/latest/org.mockito/org/mockito/Mockito.html#0.3
Java HotSpot(TM) 64-Bit Server VM warning: Sharing is only supported for boot loader classes because bootstrap classpath has been appended
WARNING: A Java agent has been loaded dynamically (C:\Users\ronyc\.m2\repository\net\bytebuddy\byte-buddy-agent\1.17.8\byte-buddy-agent-1.17.8.jar)
WARNING: If a serviceability tool is in use, please run with -XX:+EnableDynamicAgentLoading to hide this warning
WARNING: If a serviceability tool is not in use, please run with -Djdk.instrument.traceUsage for more information
WARNING: Dynamic loading of agents will be disallowed by default in a future release
[INFO] Tests run: 1, Failures: 0, Errors: 0, Skipped: 0, Time elapsed: 8.368 s -- in com.iot.aforo.AforoApplicationTests
[INFO] 
[INFO] Results:
[INFO] 
[INFO] Tests run: 1, Failures: 0, Errors: 0, Skipped: 0
[INFO] 
[INFO] ------------------------------------------------------------------------
[INFO] BUILD SUCCESS
[INFO] ------------------------------------------------------------------------
[INFO] Total time:  11.400 s
[INFO] Finished at: 2026-06-11T11:21:39-05:00
[INFO] ------------------------------------------------------------------------
